Archive member included to satisfy reference by file (symbol)

.\CortexM3\ARM_GCC_541\Debug\AY1920_II_FINAL_PROJECT.a(Pin_LED_ext.o)
                              .\CortexM3\ARM_GCC_541\Debug\InterruptRoutines.o (Pin_LED_ext_Write)
.\CortexM3\ARM_GCC_541\Debug\AY1920_II_FINAL_PROJECT.a(Timer_STREAM.o)
                              .\CortexM3\ARM_GCC_541\Debug\InterruptRoutines.o (Timer_STREAM_Stop)
.\CortexM3\ARM_GCC_541\Debug\AY1920_II_FINAL_PROJECT.a(PWM_BLINK.o)
                              .\CortexM3\ARM_GCC_541\Debug\InterruptRoutines.o (PWM_BLINK_WritePeriod)
.\CortexM3\ARM_GCC_541\Debug\AY1920_II_FINAL_PROJECT.a(CS_2.o)
                              .\CortexM3\ARM_GCC_541\Debug\SPI_Interface.o (CS_2_Write)
.\CortexM3\ARM_GCC_541\Debug\AY1920_II_FINAL_PROJECT.a(CS_1.o)
                              .\CortexM3\ARM_GCC_541\Debug\SPI_Interface.o (CS_1_Write)
.\CortexM3\ARM_GCC_541\Debug\AY1920_II_FINAL_PROJECT.a(AMux.o)
                              .\CortexM3\ARM_GCC_541\Debug\InterruptRoutines.o (AMux_Select)
.\CortexM3\ARM_GCC_541\Debug\AY1920_II_FINAL_PROJECT.a(UART.o)
                              .\CortexM3\ARM_GCC_541\Debug\InterruptRoutines.o (UART_GetChar)
.\CortexM3\ARM_GCC_541\Debug\AY1920_II_FINAL_PROJECT.a(SPIM_EEPROM.o)
                              .\CortexM3\ARM_GCC_541\Debug\SPI_Interface.o (SPIM_EEPROM_ReadTxStatus)
.\CortexM3\ARM_GCC_541\Debug\AY1920_II_FINAL_PROJECT.a(SPIM_EEPROM_INT.o)
                              .\CortexM3\ARM_GCC_541\Debug\AY1920_II_FINAL_PROJECT.a(SPIM_EEPROM.o) (SPIM_EEPROM_TX_ISR)
.\CortexM3\ARM_GCC_541\Debug\AY1920_II_FINAL_PROJECT.a(SPIM_LIS3DH.o)
                              .\CortexM3\ARM_GCC_541\Debug\SPI_Interface.o (SPIM_LIS3DH_ReadTxStatus)
.\CortexM3\ARM_GCC_541\Debug\AY1920_II_FINAL_PROJECT.a(SPIM_LIS3DH_INT.o)
                              .\CortexM3\ARM_GCC_541\Debug\AY1920_II_FINAL_PROJECT.a(SPIM_LIS3DH.o) (SPIM_LIS3DH_TX_ISR)
.\CortexM3\ARM_GCC_541\Debug\AY1920_II_FINAL_PROJECT.a(UART_IntClock.o)
                              .\CortexM3\ARM_GCC_541\Debug\AY1920_II_FINAL_PROJECT.a(UART.o) (UART_IntClock_Start)
.\CortexM3\ARM_GCC_541\Debug\AY1920_II_FINAL_PROJECT.a(SPIM_EEPROM_IntClock.o)
                              .\CortexM3\ARM_GCC_541\Debug\AY1920_II_FINAL_PROJECT.a(SPIM_EEPROM.o) (SPIM_EEPROM_IntClock_Start)
.\CortexM3\ARM_GCC_541\Debug\AY1920_II_FINAL_PROJECT.a(SPIM_LIS3DH_IntClock.o)
                              .\CortexM3\ARM_GCC_541\Debug\AY1920_II_FINAL_PROJECT.a(SPIM_LIS3DH.o) (SPIM_LIS3DH_IntClock_Start)
.\CortexM3\ARM_GCC_541\Debug\AY1920_II_FINAL_PROJECT.a(CyDmac.o)
                              .\CortexM3\ARM_GCC_541\Debug\Cm3Start.o (CyDmacConfigure)
.\CortexM3\ARM_GCC_541\Debug\AY1920_II_FINAL_PROJECT.a(CyLib.o)
                              .\CortexM3\ARM_GCC_541\Debug\Cm3Start.o (CyHalt)
.\CortexM3\ARM_GCC_541\Debug\AY1920_II_FINAL_PROJECT.a(cyPm.o)
                              .\CortexM3\ARM_GCC_541\Debug\AY1920_II_FINAL_PROJECT.a(CyLib.o) (CyPmReadStatus)
.\CortexM3\ARM_GCC_541\Debug\AY1920_II_FINAL_PROJECT.a(DMA_dma.o)
                              .\CortexM3\ARM_GCC_541\Debug\DMARoutines.o (DMA_DmaInitialize)
.\CortexM3\ARM_GCC_541\Debug\AY1920_II_FINAL_PROJECT.a(CyBootAsmGnu.o)
                              .\CortexM3\ARM_GCC_541\Debug\cyfitter_cfg.o (CyDelayCycles)
.\CortexM3\ARM_GCC_541\Debug\AY1920_II_FINAL_PROJECT.a(CyFlash.o)
                              .\CortexM3\ARM_GCC_541\Debug\AY1920_II_FINAL_PROJECT.a(cyPm.o) (CyFlash_SetWaitCycles)
.\CortexM3\ARM_GCC_541\Debug\AY1920_II_FINAL_PROJECT.a(CySpc.o)
                              .\CortexM3\ARM_GCC_541\Debug\AY1920_II_FINAL_PROJECT.a(CyFlash.o) (CySpcStart)
c:/program files (x86)/cypress/psoc creator/4.3/psoc creator/import/gnu/arm/5.4.1/bin/../lib/gcc/arm-none-eabi/5.4.1/../../../../arm-none-eabi/lib/armv7-m\libg_nano.a(lib_a-errno.o)
                              .\CortexM3\ARM_GCC_541\Debug\Cm3Start.o (__errno)
c:/program files (x86)/cypress/psoc creator/4.3/psoc creator/import/gnu/arm/5.4.1/bin/../lib/gcc/arm-none-eabi/5.4.1/../../../../arm-none-eabi/lib/armv7-m\libg_nano.a(lib_a-exit.o)
                              c:/program files (x86)/cypress/psoc creator/4.3/psoc creator/import/gnu/arm/5.4.1/bin/../lib/gcc/arm-none-eabi/5.4.1/../../../../arm-none-eabi/lib/armv7-m/crt0.o (exit)
c:/program files (x86)/cypress/psoc creator/4.3/psoc creator/import/gnu/arm/5.4.1/bin/../lib/gcc/arm-none-eabi/5.4.1/../../../../arm-none-eabi/lib/armv7-m\libg_nano.a(lib_a-impure.o)
                              c:/program files (x86)/cypress/psoc creator/4.3/psoc creator/import/gnu/arm/5.4.1/bin/../lib/gcc/arm-none-eabi/5.4.1/../../../../arm-none-eabi/lib/armv7-m\libg_nano.a(lib_a-exit.o) (_global_impure_ptr)
c:/program files (x86)/cypress/psoc creator/4.3/psoc creator/import/gnu/arm/5.4.1/bin/../lib/gcc/arm-none-eabi/5.4.1/../../../../arm-none-eabi/lib/armv7-m\libg_nano.a(lib_a-init.o)
[...]
Memory Configuration

Name             Origin             Length             Attributes
rom              0x00000000         0x00040000         xr
ram              0x1fff8000         0x00010000         xrw
*default*        0x00000000         0xffffffff

Linker script and memory map

LOAD c:/program files (x86)/cypress/psoc creator/4.3/psoc creator/import/gnu/arm/5.4.1/bin/../lib/gcc/arm-none-eabi/5.4.1/armv7-m/crti.o
LOAD c:/program files (x86)/cypress/psoc creator/4.3/psoc creator/import/gnu/arm/5.4.1/bin/../lib/gcc/arm-none-eabi/5.4.1/armv7-m/crtbegin.o
LOAD c:/program files (x86)/cypress/psoc creator/4.3/psoc creator/import/gnu/arm/5.4.1/bin/../lib/gcc/arm-none-eabi/5.4.1/../../../../arm-none-eabi/lib/armv7-m/crt0.o
START GROUP
LOAD .\CortexM3\ARM_GCC_541\Debug\main.o
LOAD .\CortexM3\ARM_GCC_541\Debug\25LC256.o
LOAD .\CortexM3\ARM_GCC_541\Debug\SPI_Interface.o
LOAD .\CortexM3\ARM_GCC_541\Debug\LIS3DH.o
LOAD .\CortexM3\ARM_GCC_541\Debug\InterruptRoutines.o
LOAD .\CortexM3\ARM_GCC_541\Debug\DMARoutines.o
LOAD .\CortexM3\ARM_GCC_541\Debug\cyfitter_cfg.o
LOAD .\CortexM3\ARM_GCC_541\Debug\cymetadata.o
LOAD .\CortexM3\ARM_GCC_541\Debug\Cm3Start.o
LOAD .\CortexM3\ARM_GCC_541\Debug\AY1920_II_FINAL_PROJECT.a
LOAD C:\Program Files (x86)\Cypress\PSoC Creator\4.3\PSoC Creator\psoc\content\cycomponentlibrary\CyComponentLibrary.cylib\CortexM3\ARM_GCC_541\Debug\CyComponentLibrary.a
END GROUP
START GROUP
LOAD c:/program files (x86)/cypress/psoc creator/4.3/psoc creator/import/gnu/arm/5.4.1/bin/../lib/gcc/arm-none-eabi/5.4.1/armv7-m\libgcc.a
LOAD c:/program files (x86)/cypress/psoc creator/4.3/psoc creator/import/gnu/arm/5.4.1/bin/../lib/gcc/arm-none-eabi/5.4.1/../../../../arm-none-eabi/lib/armv7-m\libg_nano.a
LOAD c:/program files (x86)/cypress/psoc creator/4.3/psoc creator/import/gnu/arm/5.4.1/bin/../lib/gcc/arm-none-eabi/5.4.1/../../../../arm-none-eabi/lib/armv7-m\libc_nano.a
END GROUP
START GROUP
LOAD c:/program files (x86)/cypress/psoc creator/4.3/psoc creator/import/gnu/arm/5.4.1/bin/../lib/gcc/arm-none-eabi/5.4.1/armv7-m\libgcc.a
LOAD c:/program files (x86)/cypress/psoc creator/4.3/psoc creator/import/gnu/arm/5.4.1/bin/../lib/gcc/arm-none-eabi/5.4.1/../../../../arm-none-eabi/lib/armv7-m\libc_nano.a
END GROUP
LOAD c:/program files (x86)/cypress/psoc creator/4.3/psoc creator/import/gnu/arm/5.4.1/bin/../lib/gcc/arm-none-eabi/5.4.1/armv7-m/crtend.o
LOAD c:/program files (x86)/cypress/psoc creator/4.3/psoc creator/import/gnu/arm/5.4.1/bin/../lib/gcc/arm-none-eabi/5.4.1/armv7-m/crtn.o
START GROUP
LOAD c:/program files (x86)/cypress/psoc creator/4.3/psoc creator/import/gnu/arm/5.4.1/bin/../lib/gcc/arm-none-eabi/5.4.1/armv7-m\libgcc.a
LOAD c:/program files (x86)/cypress/psoc creator/4.3/psoc creator/import/gnu/arm/5.4.1/bin/../lib/gcc/arm-none-eabi/5.4.1/../../../../arm-none-eabi/lib/armv7-m\libc.a
LOAD c:/program files (x86)/cypress/psoc creator/4.3/psoc creator/import/gnu/arm/5.4.1/bin/../lib/gcc/arm-none-eabi/5.4.1/../../../../arm-none-eabi/lib/armv7-m\libnosys.a
END GROUP
                0x00000000                CY_APPL_ORIGIN = 0x0
                0x00000100                CY_FLASH_ROW_SIZE = 0x100
                0x00000020                CY_ECC_ROW_SIZE = 0x20
                0x00000000                CY_EE_IN_BTLDR = 0x0
                0x00000000                CY_APPL_LOADABLE = 0x0
                0x00000800                CY_EE_SIZE = 0x800
                0x00000001                CY_APPL_NUM = 0x1
                0x00000001                CY_APPL_MAX = 0x1
                0x00000040                CY_METADATA_SIZE = 0x40
                0x00000000                CY_APPL_LOADABLE = 0x0
                0x00000000                CY_CHECKSUM_EXCLUDE_SIZE = ALIGN (0x0, CY_FLASH_ROW_SIZE)
                [!provide]                PROVIDE (__cy_heap_start, _end)
                0x00000001                PROVIDE (__cy_region_num, ((__cy_regions_end - __cy_regions) / 0x10))
                0x20008000                PROVIDE (__cy_stack, (ORIGIN (ram) + LENGTH (ram)))
                [!provide]                PROVIDE (__cy_heap_end, (__cy_stack - 0x800))

.cybootloader   0x00000000        0x0
 *(.cybootloader)
                0x00000000                appl1_start = CY_APPL_ORIGIN?CY_APPL_ORIGIN:ALIGN (CY_FLASH_ROW_SIZE)
                0x0001ff00                appl2_start = (appl1_start + ALIGN ((((LENGTH (rom) - appl1_start) - (0x2 * CY_FLASH_ROW_SIZE)) / 0x2), CY_FLASH_ROW_SIZE))
                0x00000000                appl_start = (CY_APPL_NUM == 0x1)?appl1_start:appl2_start
                0x00000000                ecc_offset = ((appl_start / CY_FLASH_ROW_SIZE) * CY_ECC_ROW_SIZE)
                0x00000000                ee_offset = (CY_APPL_LOADABLE && ! (CY_EE_IN_BTLDR))?((CY_EE_SIZE / CY_APPL_MAX) * (CY_APPL_NUM - 0x1)):0x0
                0x00000800                ee_size = (CY_APPL_LOADABLE && ! (CY_EE_IN_BTLDR))?(CY_EE_SIZE / CY_APPL_MAX):CY_EE_SIZE
                [!provide]                PROVIDE (CY_ECC_OFFSET, ecc_offset)

.text           0x00000000      0x51e
 CREATE_OBJECT_SYMBOLS
                0x00000000                PROVIDE (__cy_interrupt_vector, RomVectors)
 *(.romvectors)
 .romvectors    0x00000000       0x10 .\CortexM3\ARM_GCC_541\Debug\Cm3Start.o
                0x00000000                RomVectors
                0x00000001                ASSERT ((. != __cy_interrupt_vector), No interrupt vector)
                0x00000001                ASSERT (CY_APPL_ORIGIN?(SIZEOF (.cybootloader) <= CY_APPL_ORIGIN):0x1, Wrong image location)
                0x00000010                PROVIDE (__cy_reset, Reset)
 *(.text.Reset)
 .text.Reset    0x00000010       0x18 .\CortexM3\ARM_GCC_541\Debug\Cm3Start.o
                0x00000010                Reset
                0x00000001                ASSERT ((. != __cy_reset), No reset code)
 *(.dma_init)
                0x00000001                ASSERT ((((appl_start + .) <= 0x10000) || 0x1), DMA Init must be within the first 64k of flash)
 *(.text .text.* .gnu.linkonce.t.*)
 .text          0x00000028       0x5c c:/program files (x86)/cypress/psoc creator/4.3/psoc creator/import/gnu/arm/5.4.1/bin/../lib/gcc/arm-none-eabi/5.4.1/armv7-m/crtbegin.o
 .text.main     0x00000084        0x4 .\CortexM3\ARM_GCC_541\Debug\main.o
                0x00000084                main
 .text.CyClockStartupError
                0x00000088        0x4 .\CortexM3\ARM_GCC_541\Debug\cyfitter_cfg.o
 .text.cfg_write_bytes32
                0x0000008c       0x34 .\CortexM3\ARM_GCC_541\Debug\cyfitter_cfg.o
 .text.AnalogSetDefault
                0x000000c0       0x30 .\CortexM3\ARM_GCC_541\Debug\cyfitter_cfg.o
 .text.CYMEMZERO
                0x000000f0        0xc .\CortexM3\ARM_GCC_541\Debug\cyfitter_cfg.o
 .text.CYCONFIGCPY
                0x000000fc        0x8 .\CortexM3\ARM_GCC_541\Debug\cyfitter_cfg.o
 .text.ClockSetup
                0x00000104      0x130 .\CortexM3\ARM_GCC_541\Debug\cyfitter_cfg.o
 .text.cyfitter_cfg
                0x00000234      0x150 .\CortexM3\ARM_GCC_541\Debug\cyfitter_cfg.o
                0x00000234                cyfitter_cfg
 .text.IntDefaultHandler
                0x00000384       0x10 .\CortexM3\ARM_GCC_541\Debug\Cm3Start.o
                0x00000384                IntDefaultHandler
 .text.Start_c  0x00000394       0x4c .\CortexM3\ARM_GCC_541\Debug\Cm3Start.o
                0x00000394                Start_c
 .text.initialize_psoc
                0x000003e0       0x6c .\CortexM3\ARM_GCC_541\Debug\Cm3Start.o
                0x000003e0                initialize_psoc
 .text.CyDmacConfigure
                0x0000044c       0x34 .\CortexM3\ARM_GCC_541\Debug\AY1920_II_FINAL_PROJECT.a(CyDmac.o)
                0x0000044c                CyDmacConfigure
 .text          0x00000480       0x20 .\CortexM3\ARM_GCC_541\Debug\AY1920_II_FINAL_PROJECT.a(CyBootAsmGnu.o)
                0x00000480                CyDelayCycles
                0x00000490                CyEnterCriticalSection
                0x00000498                CyExitCriticalSection
 .text.__errno  0x000004a0        0xc c:/program files (x86)/cypress/psoc creator/4.3/psoc creator/import/gnu/arm/5.4.1/bin/../lib/gcc/arm-none-eabi/5.4.1/../../../../arm-none-eabi/lib/armv7-m\libg_nano.a(lib_a-errno.o)
                0x000004a0                __errno
 .text.__libc_init_array
                0x000004ac       0x4c c:/program files (x86)/cypress/psoc creator/4.3/psoc creator/import/gnu/arm/5.4.1/bin/../lib/gcc/arm-none-eabi/5.4.1/../../../../arm-none-eabi/lib/armv7-m\libg_nano.a(lib_a-init.o)
                0x000004ac                __libc_init_array
 .text.memcpy   0x000004f8       0x16 c:/program files (x86)/cypress/psoc creator/4.3/psoc creator/import/gnu/arm/5.4.1/bin/../lib/gcc/arm-none-eabi/5.4.1/../../../../arm-none-eabi/lib/armv7-m\libg_nano.a(lib_a-memcpy-stub.o)
                0x000004f8                memcpy
 .text.memset   0x0000050e       0x10 c:/program files (x86)/cypress/psoc creator/4.3/psoc creator/import/gnu/arm/5.4.1/bin/../lib/gcc/arm-none-eabi/5.4.1/../../../../arm-none-eabi/lib/armv7-m\libg_nano.a(lib_a-memset.o)
                0x0000050e                memset
 *(.plt)
 *(.gnu.warning)
 *(.glue_7t)
 .glue_7t       0x0000051e        0x0 linker stubs
 *(.glue_7)
 .glue_7        0x0000051e        0x0 linker stubs
 *(.vfp11_veneer)
 .vfp11_veneer  0x0000051e        0x0 linker stubs
 *(.bootloader)
 *(.ARM.extab* .gnu.linkonce.armextab.*)
 *(.gcc_except_table)

.v4_bx          0x00000520        0x0
 .v4_bx         0x00000520        0x0 linker stubs

.iplt           0x00000520        0x0
 .iplt          0x00000520        0x0 c:/program files (x86)/cypress/psoc creator/4.3/psoc creator/import/gnu/arm/5.4.1/bin/../lib/gcc/arm-none-eabi/5.4.1/armv7-m/crtbegin.o

.eh_frame_hdr
 *(.eh_frame_hdr)

.eh_frame       0x00000520        0x4
 *(.eh_frame)
 .eh_frame      0x00000520        0x0 c:/program files (x86)/cypress/psoc creator/4.3/psoc creator/import/gnu/arm/5.4.1/bin/../lib/gcc/arm-none-eabi/5.4.1/armv7-m/crtbegin.o
 .eh_frame      0x00000520        0x4 c:/program files (x86)/cypress/psoc creator/4.3/psoc creator/import/gnu/arm/5.4.1/bin/../lib/gcc/arm-none-eabi/5.4.1/armv7-m/crtend.o
                [!provide]                PROVIDE (__exidx_start, .)

.ARM.exidx
 *(.ARM.exidx* .gnu.linkonce.armexidx.*)
                0x00000524                __exidx_end = .

.rodata         0x00000524       0xb4
 *(.rodata .rodata.* .gnu.linkonce.r.*)
 .rodata        0x00000524       0x7a .\CortexM3\ARM_GCC_541\Debug\cyfitter_cfg.o
                0x00000524                AMux__addrTable
                0x00000534                AMux__maskTable
                0x00000538                ADC_DelSig_AMux__addrTable
                0x00000540                ADC_DelSig_AMux__maskTable
 .rodata.str1.1
                0x0000059e        0x2 c:/program files (x86)/cypress/psoc creator/4.3/psoc creator/import/gnu/arm/5.4.1/bin/../lib/gcc/arm-none-eabi/5.4.1/../../../../arm-none-eabi/lib/armv7-m\libg_nano.a(lib_a-impure.o)
                0x000005a0                . = ALIGN (0x4)
 *(.init)
 .init          0x000005a0        0x4 c:/program files (x86)/cypress/psoc creator/4.3/psoc creator/import/gnu/arm/5.4.1/bin/../lib/gcc/arm-none-eabi/5.4.1/armv7-m/crti.o
                0x000005a0                _init
 .init          0x000005a4        0x8 c:/program files (x86)/cypress/psoc creator/4.3/psoc creator/import/gnu/arm/5.4.1/bin/../lib/gcc/arm-none-eabi/5.4.1/armv7-m/crtn.o
                0x000005ac                . = ALIGN (0x4)
                0x000005ac                __preinit_array_start = .
 *(.preinit_array)
                0x000005ac                __preinit_array_end = .
                0x000005ac                . = ALIGN (0x4)
                0x000005ac                __init_array_start = .
 *(SORT(.init_array.*))
 *(.init_array)
 .init_array    0x000005ac        0x4 c:/program files (x86)/cypress/psoc creator/4.3/psoc creator/import/gnu/arm/5.4.1/bin/../lib/gcc/arm-none-eabi/5.4.1/armv7-m/crtbegin.o
 .init_array    0x000005b0        0x4 .\CortexM3\ARM_GCC_541\Debug\Cm3Start.o
                0x000005b4                __init_array_end = .
                0x000005b4                . = ALIGN (0x4)
 *(.fini)
 .fini          0x000005b4        0x4 c:/program files (x86)/cypress/psoc creator/4.3/psoc creator/import/gnu/arm/5.4.1/bin/../lib/gcc/arm-none-eabi/5.4.1/armv7-m/crti.o
                0x000005b4                _fini
 .fini          0x000005b8        0x8 c:/program files (x86)/cypress/psoc creator/4.3/psoc creator/import/gnu/arm/5.4.1/bin/../lib/gcc/arm-none-eabi/5.4.1/armv7-m/crtn.o
                0x000005c0                . = ALIGN (0x4)
                0x000005c0                __fini_array_start = .
 *(.fini_array)
 .fini_array    0x000005c0        0x4 c:/program files (x86)/cypress/psoc creator/4.3/psoc creator/import/gnu/arm/5.4.1/bin/../lib/gcc/arm-none-eabi/5.4.1/armv7-m/crtbegin.o
 *(SORT(.fini_array.*))
                0x000005c4                __fini_array_end = .
                0x000005c4                . = ALIGN (0x4)
 *crtbegin.o(.ctors)
 *(EXCLUDE_FILE(*crtend.o) .ctors)
 *(SORT(.ctors.*))
 *crtend.o(.ctors)
                0x000005c4                . = ALIGN (0x4)
 *crtbegin.o(.dtors)
 *(EXCLUDE_FILE(*crtend.o) .dtors)
 *(SORT(.dtors.*))
 *crtend.o(.dtors)
                0x000005c4                . = ALIGN (0x4)
                0x000005c4                __cy_regions = .
                0x000005c4        0x4 LONG 0x5d8 __cy_region_init_ram
                0x000005c8        0x4 LONG 0x1fff80c8 __cy_region_start_data
                0x000005cc        0x4 LONG 0x70 __cy_region_init_size_ram
                0x000005d0        0x4 LONG 0x20 __cy_region_zero_size_ram
                0x000005d4                __cy_regions_end = .
                0x000005d8                . = ALIGN (0x8)
 *fill*         0x000005d4        0x4 
                0x000005d8                _etext = .

.cy_checksum_exclude
                0x000005d8        0x0
 *(.cy_checksum_exclude)

.ramvectors     0x1fff8000       0xc0
                0x1fff8000                __cy_region_start_ram = .
 *(.ramvectors)
 .ramvectors    0x1fff8000       0xc0 .\CortexM3\ARM_GCC_541\Debug\Cm3Start.o
                0x1fff8000                CyRamVectors

.noinit         0x1fff80c0        0x1
 *(.noinit)
 .noinit        0x1fff80c0        0x1 .\CortexM3\ARM_GCC_541\Debug\AY1920_II_FINAL_PROJECT.a(CyLib.o)
                0x1fff80c0                CyResetStatus

.data           0x1fff80c8       0x70 load address 0x000005d8
                0x1fff80c8                __cy_region_start_data = .
 *(.jcr)
 .jcr           0x1fff80c8        0x0 c:/program files (x86)/cypress/psoc creator/4.3/psoc creator/import/gnu/arm/5.4.1/bin/../lib/gcc/arm-none-eabi/5.4.1/armv7-m/crtbegin.o
 .jcr           0x1fff80c8        0x4 c:/program files (x86)/cypress/psoc creator/4.3/psoc creator/import/gnu/arm/5.4.1/bin/../lib/gcc/arm-none-eabi/5.4.1/armv7-m/crtend.o
 *(.got.plt)
 *(.got)
 *(.shdata)
 *(.data .data.* .gnu.linkonce.d.*)
 .data          0x1fff80cc        0x8 .\CortexM3\ARM_GCC_541\Debug\AY1920_II_FINAL_PROJECT.a(CyDmac.o)
 .data.impure_data
                0x1fff80d4       0x60 c:/program files (x86)/cypress/psoc creator/4.3/psoc creator/import/gnu/arm/5.4.1/bin/../lib/gcc/arm-none-eabi/5.4.1/../../../../arm-none-eabi/lib/armv7-m\libg_nano.a(lib_a-impure.o)
 .data._impure_ptr
                0x1fff8134        0x4 c:/program files (x86)/cypress/psoc creator/4.3/psoc creator/import/gnu/arm/5.4.1/bin/../lib/gcc/arm-none-eabi/5.4.1/../../../../arm-none-eabi/lib/armv7-m\libg_nano.a(lib_a-impure.o)
                0x1fff8134                _impure_ptr
                0x1fff8138                . = ALIGN (0x8)
 *(.ram)
                0x1fff8138                _edata = .

.igot.plt       0x1fff8138        0x0 load address 0x00000648
 .igot.plt      0x1fff8138        0x0 c:/program files (x86)/cypress/psoc creator/4.3/psoc creator/import/gnu/arm/5.4.1/bin/../lib/gcc/arm-none-eabi/5.4.1/armv7-m/crtbegin.o

.bss            0x1fff8138       0x20 load address 0x00000648
                0x1fff8138                PROVIDE (__bss_start__, .)
 *(.shbss)
 *(.bss .bss.* .gnu.linkonce.b.*)
 .bss           0x1fff8138       0x1c c:/program files (x86)/cypress/psoc creator/4.3/psoc creator/import/gnu/arm/5.4.1/bin/../lib/gcc/arm-none-eabi/5.4.1/armv7-m/crtbegin.o
 *(COMMON)
                0x1fff8158                . = ALIGN (0x8)
 *fill*         0x1fff8154        0x4 
 *(.ram.b)
                0x1fff8158                _end = .
                0x1fff8158                __end = .
                0x1fff8158                PROVIDE (end, .)
                0x1fff8158                PROVIDE (__bss_end__, .)
                0x000005d8                __cy_region_init_ram = LOADADDR (.data)
                0x00000070                __cy_region_init_size_ram = (_edata - ADDR (.data))
                0x00000020                __cy_region_zero_size_ram = (_end - _edata)

.heap           0x1fff8158       0x80 load address 0x00000648
                0x1fff8158                . = _end
                0x1fff81d8                . = (. + 0x80)
 *fill*         0x1fff8158       0x80 
                0x1fff81d8                __cy_heap_limit = .

.stack          0x20007800      0x800
                0x20007800                __cy_stack_limit = .
                0x20008000                . = (. + 0x800)
 *fill*         0x20007800      0x800 
                0x00000001                ASSERT ((__cy_stack_limit >= __cy_heap_limit), region RAM overflowed with stack)
                0x00000000                cy_checksum_exclude_size = (CY_APPL_LOADABLE == 0x1)?SIZEOF (.cy_checksum_exclude):0x0
                0x00000001                ASSERT ((cy_checksum_exclude_size <= CY_CHECKSUM_EXCLUDE_SIZE), CY_BOOT: Section .cy_checksum_exclude size exceedes specified limit.)

.cyloadermeta
 *(.cyloadermeta)

.cyloadablemeta
 *(.cyloadablemeta)

.cyconfigecc    0x80000000      0x96c
 *(.cyconfigecc)
 .cyconfigecc   0x80000000      0x96c .\CortexM3\ARM_GCC_541\Debug\cymetadata.o
                0x80000000                cy_meta_configecc

.cycustnvl      0x90000000        0x4
 *(.cycustnvl)
 .cycustnvl     0x90000000        0x4 .\CortexM3\ARM_GCC_541\Debug\cymetadata.o
                0x90000000                cy_meta_custnvl

.cywolatch      0x90100000        0x4
 *(.cywolatch)
 .cywolatch     0x90100000        0x4 .\CortexM3\ARM_GCC_541\Debug\cymetadata.o
                0x90100000                cy_meta_wonvl

.cyeeprom       0x90200000        0x0
 *(.cyeeprom)
                0x00000001                ASSERT ((. <= ((0x90200000 + ee_offset) + ee_size)), .cyeeprom data will not fit in EEPROM)

.cyflashprotect
                0x90400000      0x100
 *(.cyflashprotect)
 .cyflashprotect
                0x90400000      0x100 .\CortexM3\ARM_GCC_541\Debug\cymetadata.o
                0x90400000                cy_meta_flashprotect

.cymeta         0x90500000        0xc
 *(.cymeta)
 .cymeta        0x90500000        0xc .\CortexM3\ARM_GCC_541\Debug\cymetadata.o
                0x90500000                cy_metadata

.rel.dyn        0x00000648        0x0 load address 0x9050000c
 .rel.iplt      0x00000648        0x0 c:/program files (x86)/cypress/psoc creator/4.3/psoc creator/import/gnu/arm/5.4.1/bin/../lib/gcc/arm-none-eabi/5.4.1/armv7-m/crtbegin.o

.stab
 *(.stab)

.stabstr
 *(.stabstr)

.debug
 *(.debug)

.line
 *(.line)

.debug_srcinfo
 *(.debug_srcinfo)

.debug_sfnames
 *(.debug_sfnames)

.debug_aranges  0x00000000      0xe08
 *(.debug_aranges)
 .debug_aranges
                0x00000000       0x20 .\CortexM3\ARM_GCC_541\Debug\main.o
 .debug_aranges
                0x00000020       0x60 .\CortexM3\ARM_GCC_541\Debug\25LC256.o
 .debug_aranges
                0x00000080       0x50 .\CortexM3\ARM_GCC_541\Debug\SPI_Interface.o
 .debug_aranges
                0x000000d0       0x68 .\CortexM3\ARM_GCC_541\Debug\LIS3DH.o
 .debug_aranges
                0x00000138       0x40 .\CortexM3\ARM_GCC_541\Debug\InterruptRoutines.o
 .debug_aranges
                0x00000178       0x20 .\CortexM3\ARM_GCC_541\Debug\DMARoutines.o
 .debug_aranges
                0x00000198       0x78 .\CortexM3\ARM_GCC_541\Debug\cyfitter_cfg.o
 .debug_aranges
                0x00000210       0x18 .\CortexM3\ARM_GCC_541\Debug\cymetadata.o
 .debug_aranges
                0x00000228       0x48 .\CortexM3\ARM_GCC_541\Debug\Cm3Start.o
 .debug_aranges
                0x00000270       0x38 .\CortexM3\ARM_GCC_541\Debug\AY1920_II_FINAL_PROJECT.a(Pin_LED_ext.o)
 .debug_aranges
                0x000002a8       0x88 .\CortexM3\ARM_GCC_541\Debug\AY1920_II_FINAL_PROJECT.a(Timer_STREAM.o)
 .debug_aranges
                0x00000330       0x98 .\CortexM3\ARM_GCC_541\Debug\AY1920_II_FINAL_PROJECT.a(PWM_BLINK.o)
 .debug_aranges
                0x000003c8       0x38 .\CortexM3\ARM_GCC_541\Debug\AY1920_II_FINAL_PROJECT.a(CS_2.o)
 .debug_aranges
                0x00000400       0x38 .\CortexM3\ARM_GCC_541\Debug\AY1920_II_FINAL_PROJECT.a(CS_1.o)
 .debug_aranges
                0x00000438       0x30 .\CortexM3\ARM_GCC_541\Debug\AY1920_II_FINAL_PROJECT.a(AMux.o)
 .debug_aranges
                0x00000468       0xf0 .\CortexM3\ARM_GCC_541\Debug\AY1920_II_FINAL_PROJECT.a(UART.o)
 .debug_aranges
                0x00000558       0xd8 .\CortexM3\ARM_GCC_541\Debug\AY1920_II_FINAL_PROJECT.a(SPIM_EEPROM.o)
 .debug_aranges
                0x00000630       0x28 .\CortexM3\ARM_GCC_541\Debug\AY1920_II_FINAL_PROJECT.a(SPIM_EEPROM_INT.o)
 .debug_aranges
                0x00000658       0xd8 .\CortexM3\ARM_GCC_541\Debug\AY1920_II_FINAL_PROJECT.a(SPIM_LIS3DH.o)
 .debug_aranges
                0x00000730       0x28 .\CortexM3\ARM_GCC_541\Debug\AY1920_II_FINAL_PROJECT.a(SPIM_LIS3DH_INT.o)
 .debug_aranges
                0x00000758       0x70 .\CortexM3\ARM_GCC_541\Debug\AY1920_II_FINAL_PROJECT.a(UART_IntClock.o)
 .debug_aranges
                0x000007c8       0x70 .\CortexM3\ARM_GCC_541\Debug\AY1920_II_FINAL_PROJECT.a(SPIM_EEPROM_IntClock.o)
 .debug_aranges
                0x00000838       0x70 .\CortexM3\ARM_GCC_541\Debug\AY1920_II_FINAL_PROJECT.a(SPIM_LIS3DH_IntClock.o)
 .debug_aranges
                0x000008a8       0xd8 .\CortexM3\ARM_GCC_541\Debug\AY1920_II_FINAL_PROJECT.a(CyDmac.o)
 .debug_aranges
                0x00000980      0x2a0 .\CortexM3\ARM_GCC_541\Debug\AY1920_II_FINAL_PROJECT.a(CyLib.o)
 .debug_aranges
                0x00000c20       0x98 .\CortexM3\ARM_GCC_541\Debug\AY1920_II_FINAL_PROJECT.a(cyPm.o)
 .debug_aranges
                0x00000cb8       0x28 .\CortexM3\ARM_GCC_541\Debug\AY1920_II_FINAL_PROJECT.a(DMA_dma.o)
 .debug_aranges
                0x00000ce0       0x20 .\CortexM3\ARM_GCC_541\Debug\AY1920_II_FINAL_PROJECT.a(CyBootAsmGnu.o)
 .debug_aranges
                0x00000d00       0x88 .\CortexM3\ARM_GCC_541\Debug\AY1920_II_FINAL_PROJECT.a(CyFlash.o)
 .debug_aranges
                0x00000d88       0x80 .\CortexM3\ARM_GCC_541\Debug\AY1920_II_FINAL_PROJECT.a(CySpc.o)

.debug_pubnames
 *(.debug_pubnames)

.debug_info     0x00000000     0x85ba
 *(.debug_info .gnu.linkonce.wi.*)
 .debug_info    0x00000000      0x145 .\CortexM3\ARM_GCC_541\Debug\main.o
 .debug_info    0x00000145      0x440 .\CortexM3\ARM_GCC_541\Debug\25LC256.o
 .debug_info    0x00000585      0x6d4 .\CortexM3\ARM_GCC_541\Debug\SPI_Interface.o
 .debug_info    0x00000c59      0x501 .\CortexM3\ARM_GCC_541\Debug\LIS3DH.o
 .debug_info    0x0000115a      0x738 .\CortexM3\ARM_GCC_541\Debug\InterruptRoutines.o
 .debug_info    0x00001892      0x24b .\CortexM3\ARM_GCC_541\Debug\DMARoutines.o
 .debug_info    0x00001add      0x788 .\CortexM3\ARM_GCC_541\Debug\cyfitter_cfg.o
 .debug_info    0x00002265      0x139 .\CortexM3\ARM_GCC_541\Debug\cymetadata.o
 .debug_info    0x0000239e      0x3cf .\CortexM3\ARM_GCC_541\Debug\Cm3Start.o
 .debug_info    0x0000276d      0x11f .\CortexM3\ARM_GCC_541\Debug\AY1920_II_FINAL_PROJECT.a(Pin_LED_ext.o)
 .debug_info    0x0000288c      0x295 .\CortexM3\ARM_GCC_541\Debug\AY1920_II_FINAL_PROJECT.a(Timer_STREAM.o)
 .debug_info    0x00002b21      0x34e .\CortexM3\ARM_GCC_541\Debug\AY1920_II_FINAL_PROJECT.a(PWM_BLINK.o)
 .debug_info    0x00002e6f      0x11f .\CortexM3\ARM_GCC_541\Debug\AY1920_II_FINAL_PROJECT.a(CS_2.o)
 .debug_info    0x00002f8e      0x11f .\CortexM3\ARM_GCC_541\Debug\AY1920_II_FINAL_PROJECT.a(CS_1.o)
 .debug_info    0x000030ad      0x165 .\CortexM3\ARM_GCC_541\Debug\AY1920_II_FINAL_PROJECT.a(AMux.o)
 .debug_info    0x00003212      0x60c .\CortexM3\ARM_GCC_541\Debug\AY1920_II_FINAL_PROJECT.a(UART.o)
 .debug_info    0x0000381e      0x709 .\CortexM3\ARM_GCC_541\Debug\AY1920_II_FINAL_PROJECT.a(SPIM_EEPROM.o)
 .debug_info    0x00003f27      0x18d .\CortexM3\ARM_GCC_541\Debug\AY1920_II_FINAL_PROJECT.a(SPIM_EEPROM_INT.o)
 .debug_info    0x000040b4      0x709 .\CortexM3\ARM_GCC_541\Debug\AY1920_II_FINAL_PROJECT.a(SPIM_LIS3DH.o)
 .debug_info    0x000047bd      0x18d .\CortexM3\ARM_GCC_541\Debug\AY1920_II_FINAL_PROJECT.a(SPIM_LIS3DH_INT.o)
 .debug_info    0x0000494a      0x283 .\CortexM3\ARM_GCC_541\Debug\AY1920_II_FINAL_PROJECT.a(UART_IntClock.o)
 .debug_info    0x00004bcd      0x283 .\CortexM3\ARM_GCC_541\Debug\AY1920_II_FINAL_PROJECT.a(SPIM_EEPROM_IntClock.o)
 .debug_info    0x00004e50      0x283 .\CortexM3\ARM_GCC_541\Debug\AY1920_II_FINAL_PROJECT.a(SPIM_LIS3DH_IntClock.o)
 .debug_info    0x000050d3      0x94e .\CortexM3\ARM_GCC_541\Debug\AY1920_II_FINAL_PROJECT.a(CyDmac.o)
 .debug_info    0x00005a21     0x1374 .\CortexM3\ARM_GCC_541\Debug\AY1920_II_FINAL_PROJECT.a(CyLib.o)
 .debug_info    0x00006d95      0xa2a .\CortexM3\ARM_GCC_541\Debug\AY1920_II_FINAL_PROJECT.a(cyPm.o)
 .debug_info    0x000077bf      0x1a8 .\CortexM3\ARM_GCC_541\Debug\AY1920_II_FINAL_PROJECT.a(DMA_dma.o)
 .debug_info    0x00007967       0xb6 .\CortexM3\ARM_GCC_541\Debug\AY1920_II_FINAL_PROJECT.a(CyBootAsmGnu.o)
 .debug_info    0x00007a1d      0x64d .\CortexM3\ARM_GCC_541\Debug\AY1920_II_FINAL_PROJECT.a(CyFlash.o)
 .debug_info    0x0000806a      0x550 .\CortexM3\ARM_GCC_541\Debug\AY1920_II_FINAL_PROJECT.a(CySpc.o)

.debug_abbrev   0x00000000     0x229d
 *(.debug_abbrev)
 .debug_abbrev  0x00000000       0x9c .\CortexM3\ARM_GCC_541\Debug\main.o
 .debug_abbrev  0x0000009c      0x11c .\CortexM3\ARM_GCC_541\Debug\25LC256.o
 .debug_abbrev  0x000001b8      0x13a .\CortexM3\ARM_GCC_541\Debug\SPI_Interface.o
 .debug_abbrev  0x000002f2      0x17c .\CortexM3\ARM_GCC_541\Debug\LIS3DH.o
 .debug_abbrev  0x0000046e      0x13b .\CortexM3\ARM_GCC_541\Debug\InterruptRoutines.o
 .debug_abbrev  0x000005a9       0xf5 .\CortexM3\ARM_GCC_541\Debug\DMARoutines.o
 .debug_abbrev  0x0000069e      0x22d .\CortexM3\ARM_GCC_541\Debug\cyfitter_cfg.o
 .debug_abbrev  0x000008cb       0x77 .\CortexM3\ARM_GCC_541\Debug\cymetadata.o
 .debug_abbrev  0x00000942      0x1e8 .\CortexM3\ARM_GCC_541\Debug\Cm3Start.o
 .debug_abbrev  0x00000b2a       0x90 .\CortexM3\ARM_GCC_541\Debug\AY1920_II_FINAL_PROJECT.a(Pin_LED_ext.o)
 .debug_abbrev  0x00000bba      0x11a .\CortexM3\ARM_GCC_541\Debug\AY1920_II_FINAL_PROJECT.a(Timer_STREAM.o)
 .debug_abbrev  0x00000cd4      0x133 .\CortexM3\ARM_GCC_541\Debug\AY1920_II_FINAL_PROJECT.a(PWM_BLINK.o)
 .debug_abbrev  0x00000e07       0x90 .\CortexM3\ARM_GCC_541\Debug\AY1920_II_FINAL_PROJECT.a(CS_2.o)
 .debug_abbrev  0x00000e97       0x90 .\CortexM3\ARM_GCC_541\Debug\AY1920_II_FINAL_PROJECT.a(CS_1.o)
 .debug_abbrev  0x00000f27       0xb1 .\CortexM3\ARM_GCC_541\Debug\AY1920_II_FINAL_PROJECT.a(AMux.o)
 .debug_abbrev  0x00000fd8      0x175 .\CortexM3\ARM_GCC_541\Debug\AY1920_II_FINAL_PROJECT.a(UART.o)
 .debug_abbrev  0x0000114d      0x162 .\CortexM3\ARM_GCC_541\Debug\AY1920_II_FINAL_PROJECT.a(SPIM_EEPROM.o)
 .debug_abbrev  0x000012af       0x8a .\CortexM3\ARM_GCC_541\Debug\AY1920_II_FINAL_PROJECT.a(SPIM_EEPROM_INT.o)
 .debug_abbrev  0x00001339      0x162 .\CortexM3\ARM_GCC_541\Debug\AY1920_II_FINAL_PROJECT.a(SPIM_LIS3DH.o)
 .debug_abbrev  0x0000149b       0x8a .\CortexM3\ARM_GCC_541\Debug\AY1920_II_FINAL_PROJECT.a(SPIM_LIS3DH_INT.o)
 .debug_abbrev  0x00001525      0x139 .\CortexM3\ARM_GCC_541\Debug\AY1920_II_FINAL_PROJECT.a(UART_IntClock.o)
 .debug_abbrev  0x0000165e      0x139 .\CortexM3\ARM_GCC_541\Debug\AY1920_II_FINAL_PROJECT.a(SPIM_EEPROM_IntClock.o)
 .debug_abbrev  0x00001797      0x139 .\CortexM3\ARM_GCC_541\Debug\AY1920_II_FINAL_PROJECT.a(SPIM_LIS3DH_IntClock.o)
 .debug_abbrev  0x000018d0      0x1b2 .\CortexM3\ARM_GCC_541\Debug\AY1920_II_FINAL_PROJECT.a(CyDmac.o)
 .debug_abbrev  0x00001a82      0x254 .\CortexM3\ARM_GCC_541\Debug\AY1920_II_FINAL_PROJECT.a(CyLib.o)
 .debug_abbrev  0x00001cd6      0x1ab .\CortexM3\ARM_GCC_541\Debug\AY1920_II_FINAL_PROJECT.a(cyPm.o)
 .debug_abbrev  0x00001e81       0xcd .\CortexM3\ARM_GCC_541\Debug\AY1920_II_FINAL_PROJECT.a(DMA_dma.o)
 .debug_abbrev  0x00001f4e       0x14 .\CortexM3\ARM_GCC_541\Debug\AY1920_II_FINAL_PROJECT.a(CyBootAsmGnu.o)
 .debug_abbrev  0x00001f62      0x1a7 .\CortexM3\ARM_GCC_541\Debug\AY1920_II_FINAL_PROJECT.a(CyFlash.o)
 .debug_abbrev  0x00002109      0x194 .\CortexM3\ARM_GCC_541\Debug\AY1920_II_FINAL_PROJECT.a(CySpc.o)

.debug_line     0x00000000     0x3a26
 *(.debug_line)
 .debug_line    0x00000000      0x18e .\CortexM3\ARM_GCC_541\Debug\main.o
 .debug_line    0x0000018e      0x20a .\CortexM3\ARM_GCC_541\Debug\25LC256.o
 .debug_line    0x00000398      0x29d .\CortexM3\ARM_GCC_541\Debug\SPI_Interface.o
 .debug_line    0x00000635      0x260 .\CortexM3\ARM_GCC_541\Debug\LIS3DH.o
 .debug_line    0x00000895      0x31a .\CortexM3\ARM_GCC_541\Debug\InterruptRoutines.o
 .debug_line    0x00000baf      0x19c .\CortexM3\ARM_GCC_541\Debug\DMARoutines.o
 .debug_line    0x00000d4b      0x25a .\CortexM3\ARM_GCC_541\Debug\cyfitter_cfg.o
 .debug_line    0x00000fa5      0x141 .\CortexM3\ARM_GCC_541\Debug\cymetadata.o
 .debug_line    0x000010e6      0x241 .\CortexM3\ARM_GCC_541\Debug\Cm3Start.o
 .debug_line    0x00001327       0x98 .\CortexM3\ARM_GCC_541\Debug\AY1920_II_FINAL_PROJECT.a(Pin_LED_ext.o)
 .debug_line    0x000013bf      0x15a .\CortexM3\ARM_GCC_541\Debug\AY1920_II_FINAL_PROJECT.a(Timer_STREAM.o)
 .debug_line    0x00001519      0x18c .\CortexM3\ARM_GCC_541\Debug\AY1920_II_FINAL_PROJECT.a(PWM_BLINK.o)
 .debug_line    0x000016a5       0x91 .\CortexM3\ARM_GCC_541\Debug\AY1920_II_FINAL_PROJECT.a(CS_2.o)
 .debug_line    0x00001736       0x91 .\CortexM3\ARM_GCC_541\Debug\AY1920_II_FINAL_PROJECT.a(CS_1.o)
 .debug_line    0x000017c7       0xa8 .\CortexM3\ARM_GCC_541\Debug\AY1920_II_FINAL_PROJECT.a(AMux.o)
 .debug_line    0x0000186f      0x2bc .\CortexM3\ARM_GCC_541\Debug\AY1920_II_FINAL_PROJECT.a(UART.o)
 .debug_line    0x00001b2b      0x2a8 .\CortexM3\ARM_GCC_541\Debug\AY1920_II_FINAL_PROJECT.a(SPIM_EEPROM.o)
 .debug_line    0x00001dd3       0xb4 .\CortexM3\ARM_GCC_541\Debug\AY1920_II_FINAL_PROJECT.a(SPIM_EEPROM_INT.o)
 .debug_line    0x00001e87      0x2a8 .\CortexM3\ARM_GCC_541\Debug\AY1920_II_FINAL_PROJECT.a(SPIM_LIS3DH.o)
 .debug_line    0x0000212f       0xb4 .\CortexM3\ARM_GCC_541\Debug\AY1920_II_FINAL_PROJECT.a(SPIM_LIS3DH_INT.o)
 .debug_line    0x000021e3      0x17c .\CortexM3\ARM_GCC_541\Debug\AY1920_II_FINAL_PROJECT.a(UART_IntClock.o)
 .debug_line    0x0000235f      0x183 .\CortexM3\ARM_GCC_541\Debug\AY1920_II_FINAL_PROJECT.a(SPIM_EEPROM_IntClock.o)
 .debug_line    0x000024e2      0x183 .\CortexM3\ARM_GCC_541\Debug\AY1920_II_FINAL_PROJECT.a(SPIM_LIS3DH_IntClock.o)
 .debug_line    0x00002665      0x2e4 .\CortexM3\ARM_GCC_541\Debug\AY1920_II_FINAL_PROJECT.a(CyDmac.o)
 .debug_line    0x00002949      0x816 .\CortexM3\ARM_GCC_541\Debug\AY1920_II_FINAL_PROJECT.a(CyLib.o)
 .debug_line    0x0000315f      0x367 .\CortexM3\ARM_GCC_541\Debug\AY1920_II_FINAL_PROJECT.a(cyPm.o)
 .debug_line    0x000034c6       0x80 .\CortexM3\ARM_GCC_541\Debug\AY1920_II_FINAL_PROJECT.a(DMA_dma.o)
 .debug_line    0x00003546       0x66 .\CortexM3\ARM_GCC_541\Debug\AY1920_II_FINAL_PROJECT.a(CyBootAsmGnu.o)
 .debug_line    0x000035ac      0x21a .\CortexM3\ARM_GCC_541\Debug\AY1920_II_FINAL_PROJECT.a(CyFlash.o)
 .debug_line    0x000037c6      0x260 .\CortexM3\ARM_GCC_541\Debug\AY1920_II_FINAL_PROJECT.a(CySpc.o)

.debug_frame    0x00000000     0x2624
 *(.debug_frame)
 .debug_frame   0x00000000       0x20 .\CortexM3\ARM_GCC_541\Debug\main.o
 .debug_frame   0x00000020      0x134 .\CortexM3\ARM_GCC_541\Debug\25LC256.o
 .debug_frame   0x00000154       0xfc .\CortexM3\ARM_GCC_541\Debug\SPI_Interface.o
 .debug_frame   0x00000250      0x11c .\CortexM3\ARM_GCC_541\Debug\LIS3DH.o
 .debug_frame   0x0000036c       0x7c .\CortexM3\ARM_GCC_541\Debug\InterruptRoutines.o
 .debug_frame   0x000003e8       0x30 .\CortexM3\ARM_GCC_541\Debug\DMARoutines.o
 .debug_frame   0x00000418      0x13c .\CortexM3\ARM_GCC_541\Debug\cyfitter_cfg.o
 .debug_frame   0x00000554       0xb8 .\CortexM3\ARM_GCC_541\Debug\Cm3Start.o
 .debug_frame   0x0000060c       0x50 .\CortexM3\ARM_GCC_541\Debug\AY1920_II_FINAL_PROJECT.a(Pin_LED_ext.o)
 .debug_frame   0x0000065c      0x108 .\CortexM3\ARM_GCC_541\Debug\AY1920_II_FINAL_PROJECT.a(Timer_STREAM.o)
 .debug_frame   0x00000764      0x134 .\CortexM3\ARM_GCC_541\Debug\AY1920_II_FINAL_PROJECT.a(PWM_BLINK.o)
 .debug_frame   0x00000898       0x50 .\CortexM3\ARM_GCC_541\Debug\AY1920_II_FINAL_PROJECT.a(CS_2.o)
 .debug_frame   0x000008e8       0x50 .\CortexM3\ARM_GCC_541\Debug\AY1920_II_FINAL_PROJECT.a(CS_1.o)
 .debug_frame   0x00000938       0x64 .\CortexM3\ARM_GCC_541\Debug\AY1920_II_FINAL_PROJECT.a(AMux.o)
 .debug_frame   0x0000099c      0x250 .\CortexM3\ARM_GCC_541\Debug\AY1920_II_FINAL_PROJECT.a(UART.o)
 .debug_frame   0x00000bec      0x260 .\CortexM3\ARM_GCC_541\Debug\AY1920_II_FINAL_PROJECT.a(SPIM_EEPROM.o)
 .debug_frame   0x00000e4c       0x30 .\CortexM3\ARM_GCC_541\Debug\AY1920_II_FINAL_PROJECT.a(SPIM_EEPROM_INT.o)
 .debug_frame   0x00000e7c      0x264 .\CortexM3\ARM_GCC_541\Debug\AY1920_II_FINAL_PROJECT.a(SPIM_LIS3DH.o)
 .debug_frame   0x000010e0       0x30 .\CortexM3\ARM_GCC_541\Debug\AY1920_II_FINAL_PROJECT.a(SPIM_LIS3DH_INT.o)
 .debug_frame   0x00001110       0xe0 .\CortexM3\ARM_GCC_541\Debug\AY1920_II_FINAL_PROJECT.a(UART_IntClock.o)
 .debug_frame   0x000011f0       0xe0 .\CortexM3\ARM_GCC_541\Debug\AY1920_II_FINAL_PROJECT.a(SPIM_EEPROM_IntClock.o)
 .debug_frame   0x000012d0       0xe0 .\CortexM3\ARM_GCC_541\Debug\AY1920_II_FINAL_PROJECT.a(SPIM_LIS3DH_IntClock.o)
 .debug_frame   0x000013b0      0x1f8 .\CortexM3\ARM_GCC_541\Debug\AY1920_II_FINAL_PROJECT.a(CyDmac.o)
 .debug_frame   0x000015a8      0x738 .\CortexM3\ARM_GCC_541\Debug\AY1920_II_FINAL_PROJECT.a(CyLib.o)
 .debug_frame   0x00001ce0      0x1f8 .\CortexM3\ARM_GCC_541\Debug\AY1920_II_FINAL_PROJECT.a(cyPm.o)
 .debug_frame   0x00001ed8       0x54 .\CortexM3\ARM_GCC_541\Debug\AY1920_II_FINAL_PROJECT.a(DMA_dma.o)
 .debug_frame   0x00001f2c      0x194 .\CortexM3\ARM_GCC_541\Debug\AY1920_II_FINAL_PROJECT.a(CyFlash.o)
 .debug_frame   0x000020c0      0x180 .\CortexM3\ARM_GCC_541\Debug\AY1920_II_FINAL_PROJECT.a(CySpc.o)
 .debug_frame   0x00002240       0x20 c:/program files (x86)/cypress/psoc creator/4.3/psoc creator/import/gnu/arm/5.4.1/bin/../lib/gcc/arm-none-eabi/5.4.1/../../../../arm-none-eabi/lib/armv7-m\libg_nano.a(lib_a-errno.o)
 .debug_frame   0x00002260       0x28 c:/program files (x86)/cypress/psoc creator/4.3/psoc creator/import/gnu/arm/5.4.1/bin/../lib/gcc/arm-none-eabi/5.4.1/../../../../arm-none-eabi/lib/armv7-m\libg_nano.a(lib_a-exit.o)
 .debug_frame   0x00002288       0x2c c:/program files (x86)/cypress/psoc creator/4.3/psoc creator/import/gnu/arm/5.4.1/bin/../lib/gcc/arm-none-eabi/5.4.1/../../../../arm-none-eabi/lib/armv7-m\libg_nano.a(lib_a-init.o)
 .debug_frame   0x000022b4       0x28 c:/program files (x86)/cypress/psoc creator/4.3/psoc creator/import/gnu/arm/5.4.1/bin/../lib/gcc/arm-none-eabi/5.4.1/../../../../arm-none-eabi/lib/armv7-m\libg_nano.a(lib_a-memcpy-stub.o)
 .debug_frame   0x000022dc       0x20 c:/program files (x86)/cypress/psoc creator/4.3/psoc creator/import/gnu/arm/5.4.1/bin/../lib/gcc/arm-none-eabi/5.4.1/../../../../arm-none-eabi/lib/armv7-m\libg_nano.a(lib_a-memset.o)
 .debug_frame   0x000022fc       0x70 c:/program files (x86)/cypress/psoc creator/4.3/psoc creator/import/gnu/arm/5.4.1/bin/../lib/gcc/arm-none-eabi/5.4.1/../../../../arm-none-eabi/lib/armv7-m\libg_nano.a(lib_a-sprintf.o)
 .debug_frame   0x0000236c       0x90 c:/program files (x86)/cypress/psoc creator/4.3/psoc creator/import/gnu/arm/5.4.1/bin/../lib/gcc/arm-none-eabi/5.4.1/../../../../arm-none-eabi/lib/armv7-m\libg_nano.a(lib_a-nano-svfprintf.o)
 .debug_frame   0x000023fc       0x60 c:/program files (x86)/cypress/psoc creator/4.3/psoc creator/import/gnu/arm/5.4.1/bin/../lib/gcc/arm-none-eabi/5.4.1/../../../../arm-none-eabi/lib/armv7-m\libg_nano.a(lib_a-nano-vfprintf_i.o)
 .debug_frame   0x0000245c       0x28 c:/program files (x86)/cypress/psoc creator/4.3/psoc creator/import/gnu/arm/5.4.1/bin/../lib/gcc/arm-none-eabi/5.4.1/../../../../arm-none-eabi/lib/armv7-m\libg_nano.a(lib_a-memchr-stub.o)
 .debug_frame   0x00002484       0x28 c:/program files (x86)/cypress/psoc creator/4.3/psoc creator/import/gnu/arm/5.4.1/bin/../lib/gcc/arm-none-eabi/5.4.1/../../../../arm-none-eabi/lib/armv7-m\libg_nano.a(lib_a-memmove.o)
 .debug_frame   0x000024ac       0x38 c:/program files (x86)/cypress/psoc creator/4.3/psoc creator/import/gnu/arm/5.4.1/bin/../lib/gcc/arm-none-eabi/5.4.1/../../../../arm-none-eabi/lib/armv7-m\libg_nano.a(lib_a-nano-freer.o)
 .debug_frame   0x000024e4       0x2c c:/program files (x86)/cypress/psoc creator/4.3/psoc creator/import/gnu/arm/5.4.1/bin/../lib/gcc/arm-none-eabi/5.4.1/../../../../arm-none-eabi/lib/armv7-m\libg_nano.a(lib_a-nano-mallocr.o)
 .debug_frame   0x00002510       0x3c c:/program files (x86)/cypress/psoc creator/4.3/psoc creator/import/gnu/arm/5.4.1/bin/../lib/gcc/arm-none-eabi/5.4.1/../../../../arm-none-eabi/lib/armv7-m\libg_nano.a(lib_a-nano-reallocr.o)
 .debug_frame   0x0000254c       0x2c c:/program files (x86)/cypress/psoc creator/4.3/psoc creator/import/gnu/arm/5.4.1/bin/../lib/gcc/arm-none-eabi/5.4.1/../../../../arm-none-eabi/lib/armv7-m\libg_nano.a(lib_a-sbrkr.o)
 .debug_frame   0x00002578       0x30 c:/program files (x86)/cypress/psoc creator/4.3/psoc creator/import/gnu/arm/5.4.1/bin/../lib/gcc/arm-none-eabi/5.4.1/../../../../arm-none-eabi/lib/armv7-m\libg_nano.a(lib_a-mlock.o)
 .debug_frame   0x000025a8       0x20 c:/program files (x86)/cypress/psoc creator/4.3/psoc creator/import/gnu/arm/5.4.1/bin/../lib/gcc/arm-none-eabi/5.4.1/../../../../arm-none-eabi/lib/armv7-m\libg_nano.a(lib_a-nano-msizer.o)
 .debug_frame   0x000025c8       0x5c c:/program files (x86)/cypress/psoc creator/4.3/psoc creator/import/gnu/arm/5.4.1/bin/../lib/gcc/arm-none-eabi/5.4.1/../../../../arm-none-eabi/lib/armv7-m\libg_nano.a(lib_a-reent.o)

.debug_str      0x00000000     0x2fd6
 *(.debug_str)
 .debug_str     0x00000000      0x1b9 .\CortexM3\ARM_GCC_541\Debug\main.o
                                0x209 (size before relaxing)
 .debug_str     0x000001b9      0x175 .\CortexM3\ARM_GCC_541\Debug\25LC256.o
                                0x33b (size before relaxing)
 .debug_str     0x0000032e      0x22e .\CortexM3\ARM_GCC_541\Debug\SPI_Interface.o
                                0x45c (size before relaxing)
 .debug_str     0x0000055c       0xbd .\CortexM3\ARM_GCC_541\Debug\LIS3DH.o
                                0x350 (size before relaxing)
 .debug_str     0x00000619      0x1a0 .\CortexM3\ARM_GCC_541\Debug\InterruptRoutines.o
                                0x40b (size before relaxing)
 .debug_str     0x000007b9       0xaa .\CortexM3\ARM_GCC_541\Debug\DMARoutines.o
                                0x28c (size before relaxing)
 .debug_str     0x00000863      0x1f8 .\CortexM3\ARM_GCC_541\Debug\cyfitter_cfg.o
                                0x406 (size before relaxing)
 .debug_str     0x00000a5b       0x75 .\CortexM3\ARM_GCC_541\Debug\cymetadata.o
                                0x20a (size before relaxing)
 .debug_str     0x00000ad0      0x154 .\CortexM3\ARM_GCC_541\Debug\Cm3Start.o
                                0x340 (size before relaxing)
 .debug_str     0x00000c24       0x77 .\CortexM3\ARM_GCC_541\Debug\AY1920_II_FINAL_PROJECT.a(Pin_LED_ext.o)
                                0x226 (size before relaxing)
 .debug_str     0x00000c9b      0x1c0 .\CortexM3\ARM_GCC_541\Debug\AY1920_II_FINAL_PROJECT.a(Timer_STREAM.o)
                                0x38b (size before relaxing)
 .debug_str     0x00000e5b      0x1c5 .\CortexM3\ARM_GCC_541\Debug\AY1920_II_FINAL_PROJECT.a(PWM_BLINK.o)
                                0x3d0 (size before relaxing)
 .debug_str     0x00001020       0x4b .\CortexM3\ARM_GCC_541\Debug\AY1920_II_FINAL_PROJECT.a(CS_2.o)
                                0x203 (size before relaxing)
 .debug_str     0x0000106b       0x4b .\CortexM3\ARM_GCC_541\Debug\AY1920_II_FINAL_PROJECT.a(CS_1.o)
                                0x203 (size before relaxing)
 .debug_str     0x000010b6       0x4f .\CortexM3\ARM_GCC_541\Debug\AY1920_II_FINAL_PROJECT.a(AMux.o)
                                0x209 (size before relaxing)
 .debug_str     0x00001105      0x283 .\CortexM3\ARM_GCC_541\Debug\AY1920_II_FINAL_PROJECT.a(UART.o)
                                0x49b (size before relaxing)
 .debug_str     0x00001388      0x34a .\CortexM3\ARM_GCC_541\Debug\AY1920_II_FINAL_PROJECT.a(SPIM_EEPROM.o)
                                0x60e (size before relaxing)
 .debug_str     0x000016d2       0x4f .\CortexM3\ARM_GCC_541\Debug\AY1920_II_FINAL_PROJECT.a(SPIM_EEPROM_INT.o)
                                0x2fc (size before relaxing)
 .debug_str     0x00001721      0x2f7 .\CortexM3\ARM_GCC_541\Debug\AY1920_II_FINAL_PROJECT.a(SPIM_LIS3DH.o)
                                0x60e (size before relaxing)
 .debug_str     0x00001a18       0x4f .\CortexM3\ARM_GCC_541\Debug\AY1920_II_FINAL_PROJECT.a(SPIM_LIS3DH_INT.o)
                                0x2fc (size before relaxing)
 .debug_str     0x00001a67      0x189 .\CortexM3\ARM_GCC_541\Debug\AY1920_II_FINAL_PROJECT.a(UART_IntClock.o)
                                0x35c (size before relaxing)
 .debug_str     0x00001bf0      0x17e .\CortexM3\ARM_GCC_541\Debug\AY1920_II_FINAL_PROJECT.a(SPIM_EEPROM_IntClock.o)
                                0x3b0 (size before relaxing)
 .debug_str     0x00001d6e      0x17e .\CortexM3\ARM_GCC_541\Debug\AY1920_II_FINAL_PROJECT.a(SPIM_LIS3DH_IntClock.o)
                                0x3b0 (size before relaxing)
 .debug_str     0x00001eec      0x2ec .\CortexM3\ARM_GCC_541\Debug\AY1920_II_FINAL_PROJECT.a(CyDmac.o)
                                0x570 (size before relaxing)
 .debug_str     0x000021d8      0x7c0 .\CortexM3\ARM_GCC_541\Debug\AY1920_II_FINAL_PROJECT.a(CyLib.o)
                                0xa6d (size before relaxing)
 .debug_str     0x00002998      0x365 .\CortexM3\ARM_GCC_541\Debug\AY1920_II_FINAL_PROJECT.a(cyPm.o)
                                0x759 (size before relaxing)
 .debug_str     0x00002cfd       0x79 .\CortexM3\ARM_GCC_541\Debug\AY1920_II_FINAL_PROJECT.a(DMA_dma.o)
                                0x28a (size before relaxing)
 .debug_str     0x00002d76      0x1b4 .\CortexM3\ARM_GCC_541\Debug\AY1920_II_FINAL_PROJECT.a(CyFlash.o)
                                0x3e6 (size before relaxing)
 .debug_str     0x00002f2a       0xac .\CortexM3\ARM_GCC_541\Debug\AY1920_II_FINAL_PROJECT.a(CySpc.o)
                                0x35e (size before relaxing)

.debug_loc      0x00000000     0x3a99
 *(.debug_loc)
 .debug_loc     0x00000000      0x196 .\CortexM3\ARM_GCC_541\Debug\25LC256.o
 .debug_loc     0x00000196      0x2f6 .\CortexM3\ARM_GCC_541\Debug\SPI_Interface.o
 .debug_loc     0x0000048c      0x255 .\CortexM3\ARM_GCC_541\Debug\LIS3DH.o
 .debug_loc     0x000006e1       0x13 .\CortexM3\ARM_GCC_541\Debug\DMARoutines.o
 .debug_loc     0x000006f4      0x379 .\CortexM3\ARM_GCC_541\Debug\cyfitter_cfg.o
 .debug_loc     0x00000a6d      0x144 .\CortexM3\ARM_GCC_541\Debug\Cm3Start.o
 .debug_loc     0x00000bb1       0x42 .\CortexM3\ARM_GCC_541\Debug\AY1920_II_FINAL_PROJECT.a(Pin_LED_ext.o)
 .debug_loc     0x00000bf3       0x26 .\CortexM3\ARM_GCC_541\Debug\AY1920_II_FINAL_PROJECT.a(PWM_BLINK.o)
 .debug_loc     0x00000c19       0x42 .\CortexM3\ARM_GCC_541\Debug\AY1920_II_FINAL_PROJECT.a(CS_2.o)
 .debug_loc     0x00000c5b       0x42 .\CortexM3\ARM_GCC_541\Debug\AY1920_II_FINAL_PROJECT.a(CS_1.o)
 .debug_loc     0x00000c9d       0x6c .\CortexM3\ARM_GCC_541\Debug\AY1920_II_FINAL_PROJECT.a(AMux.o)
 .debug_loc     0x00000d09      0x258 .\CortexM3\ARM_GCC_541\Debug\AY1920_II_FINAL_PROJECT.a(UART.o)
 .debug_loc     0x00000f61      0x20d .\CortexM3\ARM_GCC_541\Debug\AY1920_II_FINAL_PROJECT.a(SPIM_EEPROM.o)
 .debug_loc     0x0000116e       0x74 .\CortexM3\ARM_GCC_541\Debug\AY1920_II_FINAL_PROJECT.a(SPIM_EEPROM_INT.o)
 .debug_loc     0x000011e2      0x20d .\CortexM3\ARM_GCC_541\Debug\AY1920_II_FINAL_PROJECT.a(SPIM_LIS3DH.o)
 .debug_loc     0x000013ef       0x74 .\CortexM3\ARM_GCC_541\Debug\AY1920_II_FINAL_PROJECT.a(SPIM_LIS3DH_INT.o)
 .debug_loc     0x00001463      0x128 .\CortexM3\ARM_GCC_541\Debug\AY1920_II_FINAL_PROJECT.a(UART_IntClock.o)
 .debug_loc     0x0000158b      0x128 .\CortexM3\ARM_GCC_541\Debug\AY1920_II_FINAL_PROJECT.a(SPIM_EEPROM_IntClock.o)
 .debug_loc     0x000016b3      0x128 .\CortexM3\ARM_GCC_541\Debug\AY1920_II_FINAL_PROJECT.a(SPIM_LIS3DH_IntClock.o)
 .debug_loc     0x000017db      0xb8e .\CortexM3\ARM_GCC_541\Debug\AY1920_II_FINAL_PROJECT.a(CyDmac.o)
 .debug_loc     0x00002369      0xa11 .\CortexM3\ARM_GCC_541\Debug\AY1920_II_FINAL_PROJECT.a(CyLib.o)
 .debug_loc     0x00002d7a      0x1e4 .\CortexM3\ARM_GCC_541\Debug\AY1920_II_FINAL_PROJECT.a(cyPm.o)
 .debug_loc     0x00002f5e       0x84 .\CortexM3\ARM_GCC_541\Debug\AY1920_II_FINAL_PROJECT.a(DMA_dma.o)
 .debug_loc     0x00002fe2      0x3b2 .\CortexM3\ARM_GCC_541\Debug\AY1920_II_FINAL_PROJECT.a(CyFlash.o)
 .debug_loc     0x00003394      0x705 .\CortexM3\ARM_GCC_541\Debug\AY1920_II_FINAL_PROJECT.a(CySpc.o)

.debug_macinfo
 *(.debug_macinfo)

.debug_ranges   0x00000000      0xc10
 *(.debug_ranges)
 .debug_ranges  0x00000000       0x10 .\CortexM3\ARM_GCC_541\Debug\main.o
 .debug_ranges  0x00000010       0x50 .\CortexM3\ARM_GCC_541\Debug\25LC256.o
 .debug_ranges  0x00000060       0x40 .\CortexM3\ARM_GCC_541\Debug\SPI_Interface.o
 .debug_ranges  0x000000a0       0x58 .\CortexM3\ARM_GCC_541\Debug\LIS3DH.o
 .debug_ranges  0x000000f8       0x30 .\CortexM3\ARM_GCC_541\Debug\InterruptRoutines.o
 .debug_ranges  0x00000128       0x10 .\CortexM3\ARM_GCC_541\Debug\DMARoutines.o
 .debug_ranges  0x00000138       0x68 .\CortexM3\ARM_GCC_541\Debug\cyfitter_cfg.o
 .debug_ranges  0x000001a0       0x38 .\CortexM3\ARM_GCC_541\Debug\Cm3Start.o
 .debug_ranges  0x000001d8       0x28 .\CortexM3\ARM_GCC_541\Debug\AY1920_II_FINAL_PROJECT.a(Pin_LED_ext.o)
 .debug_ranges  0x00000200       0x78 .\CortexM3\ARM_GCC_541\Debug\AY1920_II_FINAL_PROJECT.a(Timer_STREAM.o)
 .debug_ranges  0x00000278       0x88 .\CortexM3\ARM_GCC_541\Debug\AY1920_II_FINAL_PROJECT.a(PWM_BLINK.o)
 .debug_ranges  0x00000300       0x28 .\CortexM3\ARM_GCC_541\Debug\AY1920_II_FINAL_PROJECT.a(CS_2.o)
 .debug_ranges  0x00000328       0x28 .\CortexM3\ARM_GCC_541\Debug\AY1920_II_FINAL_PROJECT.a(CS_1.o)
 .debug_ranges  0x00000350       0x20 .\CortexM3\ARM_GCC_541\Debug\AY1920_II_FINAL_PROJECT.a(AMux.o)
 .debug_ranges  0x00000370       0xe0 .\CortexM3\ARM_GCC_541\Debug\AY1920_II_FINAL_PROJECT.a(UART.o)
 .debug_ranges  0x00000450       0xc8 .\CortexM3\ARM_GCC_541\Debug\AY1920_II_FINAL_PROJECT.a(SPIM_EEPROM.o)
 .debug_ranges  0x00000518       0x18 .\CortexM3\ARM_GCC_541\Debug\AY1920_II_FINAL_PROJECT.a(SPIM_EEPROM_INT.o)
 .debug_ranges  0x00000530       0xc8 .\CortexM3\ARM_GCC_541\Debug\AY1920_II_FINAL_PROJECT.a(SPIM_LIS3DH.o)
 .debug_ranges  0x000005f8       0x18 .\CortexM3\ARM_GCC_541\Debug\AY1920_II_FINAL_PROJECT.a(SPIM_LIS3DH_INT.o)
 .debug_ranges  0x00000610       0x60 .\CortexM3\ARM_GCC_541\Debug\AY1920_II_FINAL_PROJECT.a(UART_IntClock.o)
 .debug_ranges  0x00000670       0x60 .\CortexM3\ARM_GCC_541\Debug\AY1920_II_FINAL_PROJECT.a(SPIM_EEPROM_IntClock.o)
 .debug_ranges  0x000006d0       0x60 .\CortexM3\ARM_GCC_541\Debug\AY1920_II_FINAL_PROJECT.a(SPIM_LIS3DH_IntClock.o)
 .debug_ranges  0x00000730       0xc8 .\CortexM3\ARM_GCC_541\Debug\AY1920_II_FINAL_PROJECT.a(CyDmac.o)
 .debug_ranges  0x000007f8      0x290 .\CortexM3\ARM_GCC_541\Debug\AY1920_II_FINAL_PROJECT.a(CyLib.o)
 .debug_ranges  0x00000a88       0x88 .\CortexM3\ARM_GCC_541\Debug\AY1920_II_FINAL_PROJECT.a(cyPm.o)
 .debug_ranges  0x00000b10       0x18 .\CortexM3\ARM_GCC_541\Debug\AY1920_II_FINAL_PROJECT.a(DMA_dma.o)
 .debug_ranges  0x00000b28       0x78 .\CortexM3\ARM_GCC_541\Debug\AY1920_II_FINAL_PROJECT.a(CyFlash.o)
 .debug_ranges  0x00000ba0       0x70 .\CortexM3\ARM_GCC_541\Debug\AY1920_II_FINAL_PROJECT.a(CySpc.o)

.comment        0x00000000       0x6e
 .comment       0x00000000       0x6e .\CortexM3\ARM_GCC_541\Debug\main.o
                                 0x6f (size before relaxing)
 .comment       0x0000006e       0x6f .\CortexM3\ARM_GCC_541\Debug\25LC256.o
 .comment       0x0000006e       0x6f .\CortexM3\ARM_GCC_541\Debug\SPI_Interface.o
 .comment       0x0000006e       0x6f .\CortexM3\ARM_GCC_541\Debug\LIS3DH.o
 .comment       0x0000006e       0x6f .\CortexM3\ARM_GCC_541\Debug\InterruptRoutines.o
 .comment       0x0000006e       0x6f .\CortexM3\ARM_GCC_541\Debug\DMARoutines.o
 .comment       0x0000006e       0x6f .\CortexM3\ARM_GCC_541\Debug\cyfitter_cfg.o
 .comment       0x0000006e       0x6f .\CortexM3\ARM_GCC_541\Debug\cymetadata.o
 .comment       0x0000006e       0x6f .\CortexM3\ARM_GCC_541\Debug\Cm3Start.o
 .comment       0x0000006e       0x6f .\CortexM3\ARM_GCC_541\Debug\AY1920_II_FINAL_PROJECT.a(Pin_LED_ext.o)
 .comment       0x0000006e       0x6f .\CortexM3\ARM_GCC_541\Debug\AY1920_II_FINAL_PROJECT.a(Timer_STREAM.o)
 .comment       0x0000006e       0x6f .\CortexM3\ARM_GCC_541\Debug\AY1920_II_FINAL_PROJECT.a(PWM_BLINK.o)
 .comment       0x0000006e       0x6f .\CortexM3\ARM_GCC_541\Debug\AY1920_II_FINAL_PROJECT.a(CS_2.o)
 .comment       0x0000006e       0x6f .\CortexM3\ARM_GCC_541\Debug\AY1920_II_FINAL_PROJECT.a(CS_1.o)
 .comment       0x0000006e       0x6f .\CortexM3\ARM_GCC_541\Debug\AY1920_II_FINAL_PROJECT.a(AMux.o)
 .comment       0x0000006e       0x6f .\CortexM3\ARM_GCC_541\Debug\AY1920_II_FINAL_PROJECT.a(UART.o)
 .comment       0x0000006e       0x6f .\CortexM3\ARM_GCC_541\Debug\AY1920_II_FINAL_PROJECT.a(SPIM_EEPROM.o)
 .comment       0x0000006e       0x6f .\CortexM3\ARM_GCC_541\Debug\AY1920_II_FINAL_PROJECT.a(SPIM_EEPROM_INT.o)
 .comment       0x0000006e       0x6f .\CortexM3\ARM_GCC_541\Debug\AY1920_II_FINAL_PROJECT.a(SPIM_LIS3DH.o)
 .comment       0x0000006e       0x6f .\CortexM3\ARM_GCC_541\Debug\AY1920_II_FINAL_PROJECT.a(SPIM_LIS3DH_INT.o)
 .comment       0x0000006e       0x6f .\CortexM3\ARM_GCC_541\Debug\AY1920_II_FINAL_PROJECT.a(UART_IntClock.o)
 .comment       0x0000006e       0x6f .\CortexM3\ARM_GCC_541\Debug\AY1920_II_FINAL_PROJECT.a(SPIM_EEPROM_IntClock.o)
 .comment       0x0000006e       0x6f .\CortexM3\ARM_GCC_541\Debug\AY1920_II_FINAL_PROJECT.a(SPIM_LIS3DH_IntClock.o)
 .comment       0x0000006e       0x6f .\CortexM3\ARM_GCC_541\Debug\AY1920_II_FINAL_PROJECT.a(CyDmac.o)
 .comment       0x0000006e       0x6f .\CortexM3\ARM_GCC_541\Debug\AY1920_II_FINAL_PROJECT.a(CyLib.o)
 .comment       0x0000006e       0x6f .\CortexM3\ARM_GCC_541\Debug\AY1920_II_FINAL_PROJECT.a(cyPm.o)
 .comment       0x0000006e       0x6f .\CortexM3\ARM_GCC_541\Debug\AY1920_II_FINAL_PROJECT.a(DMA_dma.o)
 .comment       0x0000006e       0x6f .\CortexM3\ARM_GCC_541\Debug\AY1920_II_FINAL_PROJECT.a(CyFlash.o)
 .comment       0x0000006e       0x6f .\CortexM3\ARM_GCC_541\Debug\AY1920_II_FINAL_PROJECT.a(CySpc.o)

.debug_weaknames
 *(.debug_weaknames)

.debug_funcnames
 *(.debug_funcnames)

.debug_typenames
 *(.debug_typenames)

.debug_varnames
 *(.debug_varnames)

.note.gnu.arm.ident
 *(.note.gnu.arm.ident)

.ARM.attributes
                0x00000000       0x29
 *(.ARM.attributes)
 .ARM.attributes
                0x00000000       0x1d c:/program files (x86)/cypress/psoc creator/4.3/psoc creator/import/gnu/arm/5.4.1/bin/../lib/gcc/arm-none-eabi/5.4.1/armv7-m/crti.o
 .ARM.attributes
                0x0000001d       0x2d c:/program files (x86)/cypress/psoc creator/4.3/psoc creator/import/gnu/arm/5.4.1/bin/../lib/gcc/arm-none-eabi/5.4.1/armv7-m/crtbegin.o
 .ARM.attributes
                0x0000004a       0x1b c:/program files (x86)/cypress/psoc creator/4.3/psoc creator/import/gnu/arm/5.4.1/bin/../lib/gcc/arm-none-eabi/5.4.1/../../../../arm-none-eabi/lib/armv7-m/crt0.o
 .ARM.attributes
                0x00000065       0x33 .\CortexM3\ARM_GCC_541\Debug\main.o
 .ARM.attributes
                0x00000098       0x33 .\CortexM3\ARM_GCC_541\Debug\25LC256.o
 .ARM.attributes
                0x000000cb       0x33 .\CortexM3\ARM_GCC_541\Debug\SPI_Interface.o
 .ARM.attributes
                0x000000fe       0x33 .\CortexM3\ARM_GCC_541\Debug\LIS3DH.o
 .ARM.attributes
                0x00000131       0x33 .\CortexM3\ARM_GCC_541\Debug\InterruptRoutines.o
 .ARM.attributes
                0x00000164       0x33 .\CortexM3\ARM_GCC_541\Debug\DMARoutines.o
 .ARM.attributes
                0x00000197       0x33 .\CortexM3\ARM_GCC_541\Debug\cyfitter_cfg.o
 .ARM.attributes
                0x000001ca       0x33 .\CortexM3\ARM_GCC_541\Debug\cymetadata.o
 .ARM.attributes
                0x000001fd       0x33 .\CortexM3\ARM_GCC_541\Debug\Cm3Start.o
 .ARM.attributes
                0x00000230       0x33 .\CortexM3\ARM_GCC_541\Debug\AY1920_II_FINAL_PROJECT.a(Pin_LED_ext.o)
 .ARM.attributes
                0x00000263       0x33 .\CortexM3\ARM_GCC_541\Debug\AY1920_II_FINAL_PROJECT.a(Timer_STREAM.o)
 .ARM.attributes
                0x00000296       0x33 .\CortexM3\ARM_GCC_541\Debug\AY1920_II_FINAL_PROJECT.a(PWM_BLINK.o)
 .ARM.attributes
                0x000002c9       0x33 .\CortexM3\ARM_GCC_541\Debug\AY1920_II_FINAL_PROJECT.a(CS_2.o)
 .ARM.attributes
                0x000002fc       0x33 .\CortexM3\ARM_GCC_541\Debug\AY1920_II_FINAL_PROJECT.a(CS_1.o)
 .ARM.attributes
                0x0000032f       0x33 .\CortexM3\ARM_GCC_541\Debug\AY1920_II_FINAL_PROJECT.a(AMux.o)
 .ARM.attributes
                0x00000362       0x33 .\CortexM3\ARM_GCC_541\Debug\AY1920_II_FINAL_PROJECT.a(UART.o)
 .ARM.attributes
                0x00000395       0x33 .\CortexM3\ARM_GCC_541\Debug\AY1920_II_FINAL_PROJECT.a(SPIM_EEPROM.o)
 .ARM.attributes
                0x000003c8       0x33 .\CortexM3\ARM_GCC_541\Debug\AY1920_II_FINAL_PROJECT.a(SPIM_EEPROM_INT.o)
 .ARM.attributes
                0x000003fb       0x33 .\CortexM3\ARM_GCC_541\Debug\AY1920_II_FINAL_PROJECT.a(SPIM_LIS3DH.o)
 .ARM.attributes
                0x0000042e       0x33 .\CortexM3\ARM_GCC_541\Debug\AY1920_II_FINAL_PROJECT.a(SPIM_LIS3DH_INT.o)
 .ARM.attributes
                0x00000461       0x33 .\CortexM3\ARM_GCC_541\Debug\AY1920_II_FINAL_PROJECT.a(UART_IntClock.o)
 .ARM.attributes
                0x00000494       0x33 .\CortexM3\ARM_GCC_541\Debug\AY1920_II_FINAL_PROJECT.a(SPIM_EEPROM_IntClock.o)
 .ARM.attributes
                0x000004c7       0x33 .\CortexM3\ARM_GCC_541\Debug\AY1920_II_FINAL_PROJECT.a(SPIM_LIS3DH_IntClock.o)
 .ARM.attributes
                0x000004fa       0x33 .\CortexM3\ARM_GCC_541\Debug\AY1920_II_FINAL_PROJECT.a(CyDmac.o)
 .ARM.attributes
                0x0000052d       0x33 .\CortexM3\ARM_GCC_541\Debug\AY1920_II_FINAL_PROJECT.a(CyLib.o)
 .ARM.attributes
                0x00000560       0x33 .\CortexM3\ARM_GCC_541\Debug\AY1920_II_FINAL_PROJECT.a(cyPm.o)
 .ARM.attributes
                0x00000593       0x33 .\CortexM3\ARM_GCC_541\Debug\AY1920_II_FINAL_PROJECT.a(DMA_dma.o)
 .ARM.attributes
                0x000005c6       0x21 .\CortexM3\ARM_GCC_541\Debug\AY1920_II_FINAL_PROJECT.a(CyBootAsmGnu.o)
 .ARM.attributes
                0x000005e7       0x33 .\CortexM3\ARM_GCC_541\Debug\AY1920_II_FINAL_PROJECT.a(CyFlash.o)
 .ARM.attributes
                0x0000061a       0x33 .\CortexM3\ARM_GCC_541\Debug\AY1920_II_FINAL_PROJECT.a(CySpc.o)
 .ARM.attributes
                0x0000064d       0x2d c:/program files (x86)/cypress/psoc creator/4.3/psoc creator/import/gnu/arm/5.4.1/bin/../lib/gcc/arm-none-eabi/5.4.1/../../../../arm-none-eabi/lib/armv7-m\libg_nano.a(lib_a-errno.o)
 .ARM.attributes
                0x0000067a       0x2d c:/program files (x86)/cypress/psoc creator/4.3/psoc creator/import/gnu/arm/5.4.1/bin/../lib/gcc/arm-none-eabi/5.4.1/../../../../arm-none-eabi/lib/armv7-m\libg_nano.a(lib_a-exit.o)
 .ARM.attributes
                0x000006a7       0x2d c:/program files (x86)/cypress/psoc creator/4.3/psoc creator/import/gnu/arm/5.4.1/bin/../lib/gcc/arm-none-eabi/5.4.1/../../../../arm-none-eabi/lib/armv7-m\libg_nano.a(lib_a-impure.o)
 .ARM.attributes
                0x000006d4       0x2d c:/program files (x86)/cypress/psoc creator/4.3/psoc creator/import/gnu/arm/5.4.1/bin/../lib/gcc/arm-none-eabi/5.4.1/../../../../arm-none-eabi/lib/armv7-m\libg_nano.a(lib_a-init.o)
 .ARM.attributes
                0x00000701       0x2d c:/program files (x86)/cypress/psoc creator/4.3/psoc creator/import/gnu/arm/5.4.1/bin/../lib/gcc/arm-none-eabi/5.4.1/../../../../arm-none-eabi/lib/armv7-m\libg_nano.a(lib_a-memcpy-stub.o)
 .ARM.attributes
                0x0000072e       0x2d c:/program files (x86)/cypress/psoc creator/4.3/psoc creator/import/gnu/arm/5.4.1/bin/../lib/gcc/arm-none-eabi/5.4.1/../../../../arm-none-eabi/lib/armv7-m\libg_nano.a(lib_a-memset.o)
 .ARM.attributes
                0x0000075b       0x2d c:/program files (x86)/cypress/psoc creator/4.3/psoc creator/import/gnu/arm/5.4.1/bin/../lib/gcc/arm-none-eabi/5.4.1/../../../../arm-none-eabi/lib/armv7-m\libg_nano.a(lib_a-sprintf.o)
 .ARM.attributes
                0x00000788       0x2d c:/program files (x86)/cypress/psoc creator/4.3/psoc creator/import/gnu/arm/5.4.1/bin/../lib/gcc/arm-none-eabi/5.4.1/../../../../arm-none-eabi/lib/armv7-m\libg_nano.a(lib_a-nano-svfprintf.o)
 .ARM.attributes
                0x000007b5       0x2d c:/program files (x86)/cypress/psoc creator/4.3/psoc creator/import/gnu/arm/5.4.1/bin/../lib/gcc/arm-none-eabi/5.4.1/../../../../arm-none-eabi/lib/armv7-m\libg_nano.a(lib_a-nano-vfprintf_i.o)
 .ARM.attributes
                0x000007e2       0x2d c:/program files (x86)/cypress/psoc creator/4.3/psoc creator/import/gnu/arm/5.4.1/bin/../lib/gcc/arm-none-eabi/5.4.1/../../../../arm-none-eabi/lib/armv7-m\libg_nano.a(lib_a-memchr-stub.o)
 .ARM.attributes
                0x0000080f       0x2d c:/program files (x86)/cypress/psoc creator/4.3/psoc creator/import/gnu/arm/5.4.1/bin/../lib/gcc/arm-none-eabi/5.4.1/../../../../arm-none-eabi/lib/armv7-m\libg_nano.a(lib_a-memmove.o)
 .ARM.attributes
                0x0000083c       0x2d c:/program files (x86)/cypress/psoc creator/4.3/psoc creator/import/gnu/arm/5.4.1/bin/../lib/gcc/arm-none-eabi/5.4.1/../../../../arm-none-eabi/lib/armv7-m\libg_nano.a(lib_a-nano-freer.o)
 .ARM.attributes
                0x00000869       0x2d c:/program files (x86)/cypress/psoc creator/4.3/psoc creator/import/gnu/arm/5.4.1/bin/../lib/gcc/arm-none-eabi/5.4.1/../../../../arm-none-eabi/lib/armv7-m\libg_nano.a(lib_a-nano-mallocr.o)
 .ARM.attributes
                0x00000896       0x2d c:/program files (x86)/cypress/psoc creator/4.3/psoc creator/import/gnu/arm/5.4.1/bin/../lib/gcc/arm-none-eabi/5.4.1/../../../../arm-none-eabi/lib/armv7-m\libg_nano.a(lib_a-nano-reallocr.o)
 .ARM.attributes
                0x000008c3       0x2d c:/program files (x86)/cypress/psoc creator/4.3/psoc creator/import/gnu/arm/5.4.1/bin/../lib/gcc/arm-none-eabi/5.4.1/../../../../arm-none-eabi/lib/armv7-m\libg_nano.a(lib_a-sbrkr.o)
 .ARM.attributes
                0x000008f0       0x2d c:/program files (x86)/cypress/psoc creator/4.3/psoc creator/import/gnu/arm/5.4.1/bin/../lib/gcc/arm-none-eabi/5.4.1/../../../../arm-none-eabi/lib/armv7-m\libg_nano.a(lib_a-mlock.o)
 .ARM.attributes
                0x0000091d       0x2d c:/program files (x86)/cypress/psoc creator/4.3/psoc creator/import/gnu/arm/5.4.1/bin/../lib/gcc/arm-none-eabi/5.4.1/../../../../arm-none-eabi/lib/armv7-m\libg_nano.a(lib_a-nano-msizer.o)
 .ARM.attributes
                0x0000094a       0x2d c:/program files (x86)/cypress/psoc creator/4.3/psoc creator/import/gnu/arm/5.4.1/bin/../lib/gcc/arm-none-eabi/5.4.1/../../../../arm-none-eabi/lib/armv7-m\libg_nano.a(lib_a-reent.o)
 .ARM.attributes
                0x00000977       0x2d c:/program files (x86)/cypress/psoc creator/4.3/psoc creator/import/gnu/arm/5.4.1/bin/../lib/gcc/arm-none-eabi/5.4.1/armv7-m/crtend.o
 .ARM.attributes
                0x000009a4       0x1d c:/program files (x86)/cypress/psoc creator/4.3/psoc creator/import/gnu/arm/5.4.1/bin/../lib/gcc/arm-none-eabi/5.4.1/armv7-m/crtn.o

/DISCARD/
 *(.note.GNU-stack)
OUTPUT(C:\Users\aless\Documents\PSoC_Creator\AY1920_II_02_RATTI_SINATRA_QUARANTA\AY1920_II_FINAL_PROJECT.cydsn\CortexM3\ARM_GCC_541\Debug\AY1920_II_FINAL_PROJECT.elf elf32-littlearm)
