Archive member included to satisfy reference by file (symbol)

.\CortexM3\ARM_GCC_541\Debug\AY1920_II_FINAL_PROJECT.a(Timer_ADC.o)
                              .\CortexM3\ARM_GCC_541\Debug\main.o (Timer_ADC_Stop)
.\CortexM3\ARM_GCC_541\Debug\AY1920_II_FINAL_PROJECT.a(Pin_LED_ext.o)
                              .\CortexM3\ARM_GCC_541\Debug\main.o (Pin_LED_ext_Write)
.\CortexM3\ARM_GCC_541\Debug\AY1920_II_FINAL_PROJECT.a(isr_STREAM.o)
                              .\CortexM3\ARM_GCC_541\Debug\main.o (isr_STREAM_StartEx)
.\CortexM3\ARM_GCC_541\Debug\AY1920_II_FINAL_PROJECT.a(Timer_STREAM.o)
                              .\CortexM3\ARM_GCC_541\Debug\main.o (Timer_STREAM_Stop)
.\CortexM3\ARM_GCC_541\Debug\AY1920_II_FINAL_PROJECT.a(isr_INT.o)
                              .\CortexM3\ARM_GCC_541\Debug\main.o (isr_INT_StartEx)
.\CortexM3\ARM_GCC_541\Debug\AY1920_II_FINAL_PROJECT.a(PWM_BLINK.o)
                              .\CortexM3\ARM_GCC_541\Debug\main.o (PWM_BLINK_WritePeriod)
.\CortexM3\ARM_GCC_541\Debug\AY1920_II_FINAL_PROJECT.a(blink_clock.o)
                              .\CortexM3\ARM_GCC_541\Debug\main.o (blink_clock_Start)
.\CortexM3\ARM_GCC_541\Debug\AY1920_II_FINAL_PROJECT.a(SW1_ISR.o)
                              .\CortexM3\ARM_GCC_541\Debug\main.o (SW1_ISR_StartEx)
.\CortexM3\ARM_GCC_541\Debug\AY1920_II_FINAL_PROJECT.a(CS_2.o)
                              .\CortexM3\ARM_GCC_541\Debug\SPI_Interface.o (CS_2_Write)
.\CortexM3\ARM_GCC_541\Debug\AY1920_II_FINAL_PROJECT.a(CS_1.o)
                              .\CortexM3\ARM_GCC_541\Debug\SPI_Interface.o (CS_1_Write)
.\CortexM3\ARM_GCC_541\Debug\AY1920_II_FINAL_PROJECT.a(isr_RX.o)
                              .\CortexM3\ARM_GCC_541\Debug\main.o (isr_RX_StartEx)
.\CortexM3\ARM_GCC_541\Debug\AY1920_II_FINAL_PROJECT.a(ADC_DelSig.o)
                              .\CortexM3\ARM_GCC_541\Debug\main.o (ADC_DelSig_Start)
.\CortexM3\ARM_GCC_541\Debug\AY1920_II_FINAL_PROJECT.a(ADC_DelSig_INT.o)
                              .\CortexM3\ARM_GCC_541\Debug\AY1920_II_FINAL_PROJECT.a(ADC_DelSig.o) (ADC_DelSig_ISR1)
.\CortexM3\ARM_GCC_541\Debug\AY1920_II_FINAL_PROJECT.a(AMux.o)
                              .\CortexM3\ARM_GCC_541\Debug\main.o (AMux_Start)
.\CortexM3\ARM_GCC_541\Debug\AY1920_II_FINAL_PROJECT.a(UART.o)
                              .\CortexM3\ARM_GCC_541\Debug\main.o (UART_Start)
.\CortexM3\ARM_GCC_541\Debug\AY1920_II_FINAL_PROJECT.a(SPIM_EEPROM.o)
                              .\CortexM3\ARM_GCC_541\Debug\SPI_Interface.o (SPIM_EEPROM_ReadTxStatus)
.\CortexM3\ARM_GCC_541\Debug\AY1920_II_FINAL_PROJECT.a(SPIM_EEPROM_INT.o)
                              .\CortexM3\ARM_GCC_541\Debug\AY1920_II_FINAL_PROJECT.a(SPIM_EEPROM.o) (SPIM_EEPROM_TX_ISR)
.\CortexM3\ARM_GCC_541\Debug\AY1920_II_FINAL_PROJECT.a(SPIM_LIS3DH.o)
                              .\CortexM3\ARM_GCC_541\Debug\SPI_Interface.o (SPIM_LIS3DH_ReadTxStatus)
.\CortexM3\ARM_GCC_541\Debug\AY1920_II_FINAL_PROJECT.a(SPIM_LIS3DH_INT.o)
                              .\CortexM3\ARM_GCC_541\Debug\AY1920_II_FINAL_PROJECT.a(SPIM_LIS3DH.o) (SPIM_LIS3DH_TX_ISR)
.\CortexM3\ARM_GCC_541\Debug\AY1920_II_FINAL_PROJECT.a(ADC_DelSig_AMux.o)
                              .\CortexM3\ARM_GCC_541\Debug\AY1920_II_FINAL_PROJECT.a(ADC_DelSig.o) (ADC_DelSig_AMux_Select)
.\CortexM3\ARM_GCC_541\Debug\AY1920_II_FINAL_PROJECT.a(ADC_DelSig_Ext_CP_Clk.o)
                              .\CortexM3\ARM_GCC_541\Debug\AY1920_II_FINAL_PROJECT.a(ADC_DelSig.o) (ADC_DelSig_Ext_CP_Clk_SetModeRegister)
.\CortexM3\ARM_GCC_541\Debug\AY1920_II_FINAL_PROJECT.a(ADC_DelSig_IRQ.o)
                              .\CortexM3\ARM_GCC_541\Debug\main.o (ADC_DelSig_IRQ_Start)
.\CortexM3\ARM_GCC_541\Debug\AY1920_II_FINAL_PROJECT.a(ADC_DelSig_theACLK.o)
                              .\CortexM3\ARM_GCC_541\Debug\AY1920_II_FINAL_PROJECT.a(ADC_DelSig.o) (ADC_DelSig_theACLK_SetModeRegister)
.\CortexM3\ARM_GCC_541\Debug\AY1920_II_FINAL_PROJECT.a(UART_IntClock.o)
                              .\CortexM3\ARM_GCC_541\Debug\AY1920_II_FINAL_PROJECT.a(UART.o) (UART_IntClock_Start)
.\CortexM3\ARM_GCC_541\Debug\AY1920_II_FINAL_PROJECT.a(SPIM_EEPROM_IntClock.o)
                              .\CortexM3\ARM_GCC_541\Debug\AY1920_II_FINAL_PROJECT.a(SPIM_EEPROM.o) (SPIM_EEPROM_IntClock_Start)
.\CortexM3\ARM_GCC_541\Debug\AY1920_II_FINAL_PROJECT.a(SPIM_LIS3DH_IntClock.o)
                              .\CortexM3\ARM_GCC_541\Debug\AY1920_II_FINAL_PROJECT.a(SPIM_LIS3DH.o) (SPIM_LIS3DH_IntClock_Start)
.\CortexM3\ARM_GCC_541\Debug\AY1920_II_FINAL_PROJECT.a(CyDmac.o)
                              .\CortexM3\ARM_GCC_541\Debug\Cm3Start.o (CyDmacConfigure)
.\CortexM3\ARM_GCC_541\Debug\AY1920_II_FINAL_PROJECT.a(CyLib.o)
                              .\CortexM3\ARM_GCC_541\Debug\Cm3Start.o (CyHalt)
.\CortexM3\ARM_GCC_541\Debug\AY1920_II_FINAL_PROJECT.a(cyPm.o)
                              .\CortexM3\ARM_GCC_541\Debug\AY1920_II_FINAL_PROJECT.a(CyLib.o) (CyPmReadStatus)
[...]
Memory Configuration

Name             Origin             Length             Attributes
rom              0x00000000         0x00040000         xr
ram              0x1fff8000         0x00010000         xrw
*default*        0x00000000         0xffffffff

Linker script and memory map

LOAD c:/program files (x86)/cypress/psoc creator/4.3/psoc creator/import/gnu/arm/5.4.1/bin/../lib/gcc/arm-none-eabi/5.4.1/armv7-m/crti.o
LOAD c:/program files (x86)/cypress/psoc creator/4.3/psoc creator/import/gnu/arm/5.4.1/bin/../lib/gcc/arm-none-eabi/5.4.1/armv7-m/crtbegin.o
LOAD c:/program files (x86)/cypress/psoc creator/4.3/psoc creator/import/gnu/arm/5.4.1/bin/../lib/gcc/arm-none-eabi/5.4.1/../../../../arm-none-eabi/lib/armv7-m/crt0.o
START GROUP
LOAD .\CortexM3\ARM_GCC_541\Debug\main.o
LOAD .\CortexM3\ARM_GCC_541\Debug\25LC256.o
LOAD .\CortexM3\ARM_GCC_541\Debug\SPI_Interface.o
LOAD .\CortexM3\ARM_GCC_541\Debug\LIS3DH.o
LOAD .\CortexM3\ARM_GCC_541\Debug\InterruptRoutines.o
LOAD .\CortexM3\ARM_GCC_541\Debug\DMARoutines.o
LOAD .\CortexM3\ARM_GCC_541\Debug\cyfitter_cfg.o
LOAD .\CortexM3\ARM_GCC_541\Debug\cymetadata.o
LOAD .\CortexM3\ARM_GCC_541\Debug\Cm3Start.o
LOAD .\CortexM3\ARM_GCC_541\Debug\AY1920_II_FINAL_PROJECT.a
LOAD C:\Program Files (x86)\Cypress\PSoC Creator\4.3\PSoC Creator\psoc\content\cycomponentlibrary\CyComponentLibrary.cylib\CortexM3\ARM_GCC_541\Debug\CyComponentLibrary.a
END GROUP
START GROUP
LOAD c:/program files (x86)/cypress/psoc creator/4.3/psoc creator/import/gnu/arm/5.4.1/bin/../lib/gcc/arm-none-eabi/5.4.1/armv7-m\libgcc.a
LOAD c:/program files (x86)/cypress/psoc creator/4.3/psoc creator/import/gnu/arm/5.4.1/bin/../lib/gcc/arm-none-eabi/5.4.1/../../../../arm-none-eabi/lib/armv7-m\libg_nano.a
LOAD c:/program files (x86)/cypress/psoc creator/4.3/psoc creator/import/gnu/arm/5.4.1/bin/../lib/gcc/arm-none-eabi/5.4.1/../../../../arm-none-eabi/lib/armv7-m\libc_nano.a
END GROUP
START GROUP
LOAD c:/program files (x86)/cypress/psoc creator/4.3/psoc creator/import/gnu/arm/5.4.1/bin/../lib/gcc/arm-none-eabi/5.4.1/armv7-m\libgcc.a
LOAD c:/program files (x86)/cypress/psoc creator/4.3/psoc creator/import/gnu/arm/5.4.1/bin/../lib/gcc/arm-none-eabi/5.4.1/../../../../arm-none-eabi/lib/armv7-m\libc_nano.a
END GROUP
LOAD c:/program files (x86)/cypress/psoc creator/4.3/psoc creator/import/gnu/arm/5.4.1/bin/../lib/gcc/arm-none-eabi/5.4.1/armv7-m/crtend.o
LOAD c:/program files (x86)/cypress/psoc creator/4.3/psoc creator/import/gnu/arm/5.4.1/bin/../lib/gcc/arm-none-eabi/5.4.1/armv7-m/crtn.o
START GROUP
LOAD c:/program files (x86)/cypress/psoc creator/4.3/psoc creator/import/gnu/arm/5.4.1/bin/../lib/gcc/arm-none-eabi/5.4.1/armv7-m\libgcc.a
LOAD c:/program files (x86)/cypress/psoc creator/4.3/psoc creator/import/gnu/arm/5.4.1/bin/../lib/gcc/arm-none-eabi/5.4.1/../../../../arm-none-eabi/lib/armv7-m\libc.a
LOAD c:/program files (x86)/cypress/psoc creator/4.3/psoc creator/import/gnu/arm/5.4.1/bin/../lib/gcc/arm-none-eabi/5.4.1/../../../../arm-none-eabi/lib/armv7-m\libnosys.a
END GROUP
                0x00000000                CY_APPL_ORIGIN = 0x0
                0x00000100                CY_FLASH_ROW_SIZE = 0x100
                0x00000020                CY_ECC_ROW_SIZE = 0x20
                0x00000000                CY_EE_IN_BTLDR = 0x0
                0x00000000                CY_APPL_LOADABLE = 0x0
                0x00000800                CY_EE_SIZE = 0x800
                0x00000001                CY_APPL_NUM = 0x1
                0x00000001                CY_APPL_MAX = 0x1
                0x00000040                CY_METADATA_SIZE = 0x40
                0x00000000                CY_APPL_LOADABLE = 0x0
                0x00000000                CY_CHECKSUM_EXCLUDE_SIZE = ALIGN (0x0, CY_FLASH_ROW_SIZE)
                [!provide]                PROVIDE (__cy_heap_start, _end)
                0x00000001                PROVIDE (__cy_region_num, ((__cy_regions_end - __cy_regions) / 0x10))
                0x20008000                PROVIDE (__cy_stack, (ORIGIN (ram) + LENGTH (ram)))
                [!provide]                PROVIDE (__cy_heap_end, (__cy_stack - 0x800))

.cybootloader   0x00000000        0x0
 *(.cybootloader)
                0x00000000                appl1_start = CY_APPL_ORIGIN?CY_APPL_ORIGIN:ALIGN (CY_FLASH_ROW_SIZE)
                0x0001ff00                appl2_start = (appl1_start + ALIGN ((((LENGTH (rom) - appl1_start) - (0x2 * CY_FLASH_ROW_SIZE)) / 0x2), CY_FLASH_ROW_SIZE))
                0x00000000                appl_start = (CY_APPL_NUM == 0x1)?appl1_start:appl2_start
                0x00000000                ecc_offset = ((appl_start / CY_FLASH_ROW_SIZE) * CY_ECC_ROW_SIZE)
                0x00000000                ee_offset = (CY_APPL_LOADABLE && ! (CY_EE_IN_BTLDR))?((CY_EE_SIZE / CY_APPL_MAX) * (CY_APPL_NUM - 0x1)):0x0
                0x00000800                ee_size = (CY_APPL_LOADABLE && ! (CY_EE_IN_BTLDR))?(CY_EE_SIZE / CY_APPL_MAX):CY_EE_SIZE
                [!provide]                PROVIDE (CY_ECC_OFFSET, ecc_offset)

.text           0x00000000     0x4360
 CREATE_OBJECT_SYMBOLS
                0x00000000                PROVIDE (__cy_interrupt_vector, RomVectors)
 *(.romvectors)
 .romvectors    0x00000000       0x10 .\CortexM3\ARM_GCC_541\Debug\Cm3Start.o
                0x00000000                RomVectors
                0x00000001                ASSERT ((. != __cy_interrupt_vector), No interrupt vector)
                0x00000001                ASSERT (CY_APPL_ORIGIN?(SIZEOF (.cybootloader) <= CY_APPL_ORIGIN):0x1, Wrong image location)
                0x00000010                PROVIDE (__cy_reset, Reset)
 *(.text.Reset)
 .text.Reset    0x00000010       0x18 .\CortexM3\ARM_GCC_541\Debug\Cm3Start.o
                0x00000010                Reset
                0x00000001                ASSERT ((. != __cy_reset), No reset code)
 *(.dma_init)
                0x00000001                ASSERT ((((appl_start + .) <= 0x10000) || 0x1), DMA Init must be within the first 64k of flash)
 *(.text .text.* .gnu.linkonce.t.*)
 .text          0x00000028       0x5c c:/program files (x86)/cypress/psoc creator/4.3/psoc creator/import/gnu/arm/5.4.1/bin/../lib/gcc/arm-none-eabi/5.4.1/armv7-m/crtbegin.o
 .text.CompressData
                0x00000084       0x74 .\CortexM3\ARM_GCC_541\Debug\main.o
                0x00000084                CompressData
 .text.DeCompressData
                0x000000f8       0x48 .\CortexM3\ARM_GCC_541\Debug\main.o
                0x000000f8                DeCompressData
 .text.SampledToBridge
                0x00000140      0x114 .\CortexM3\ARM_GCC_541\Debug\main.o
                0x00000140                SampledToBridge
 .text.UART_Debug_BCP
                0x00000254       0x34 .\CortexM3\ARM_GCC_541\Debug\main.o
                0x00000254                UART_Debug_BCP
 .text.main     0x00000288      0x624 .\CortexM3\ARM_GCC_541\Debug\main.o
                0x00000288                main
 .text.EEPROM_readStatus
                0x000008ac        0xc .\CortexM3\ARM_GCC_541\Debug\25LC256.o
                0x000008ac                EEPROM_readStatus
 .text.EEPROM_writeEnable
                0x000008b8        0xc .\CortexM3\ARM_GCC_541\Debug\25LC256.o
                0x000008b8                EEPROM_writeEnable
 .text.EEPROM_readByte
                0x000008c4       0x30 .\CortexM3\ARM_GCC_541\Debug\25LC256.o
                0x000008c4                EEPROM_readByte
 .text.EEPROM_writeByte
                0x000008f4       0x38 .\CortexM3\ARM_GCC_541\Debug\25LC256.o
                0x000008f4                EEPROM_writeByte
 .text.EEPROM_readPage
                0x0000092c       0x24 .\CortexM3\ARM_GCC_541\Debug\25LC256.o
                0x0000092c                EEPROM_readPage
 .text.EEPROM_loadSettings
                0x00000950       0x1c .\CortexM3\ARM_GCC_541\Debug\25LC256.o
                0x00000950                EEPROM_loadSettings
 .text.EEPROM_writePage
                0x0000096c       0x6c .\CortexM3\ARM_GCC_541\Debug\25LC256.o
                0x0000096c                EEPROM_writePage
 .text.EEPROM_waitForWriteComplete
                0x000009d8       0x10 .\CortexM3\ARM_GCC_541\Debug\25LC256.o
                0x000009d8                EEPROM_waitForWriteComplete
 .text.SPI_Interface_tradeByte_EEPROM
                0x000009e8       0x2c .\CortexM3\ARM_GCC_541\Debug\SPI_Interface.o
                0x000009e8                SPI_Interface_tradeByte_EEPROM
 .text.SPI_Interface_ReadByte_LIS3DH
                0x00000a14       0x34 .\CortexM3\ARM_GCC_541\Debug\SPI_Interface.o
                0x00000a14                SPI_Interface_ReadByte_LIS3DH
 .text.SPI_Interface_ReadByte_EEPROM
                0x00000a48       0x34 .\CortexM3\ARM_GCC_541\Debug\SPI_Interface.o
                0x00000a48                SPI_Interface_ReadByte_EEPROM
 .text.SPI_Interface_WriteByte_LIS3DH
                0x00000a7c       0x34 .\CortexM3\ARM_GCC_541\Debug\SPI_Interface.o
                0x00000a7c                SPI_Interface_WriteByte_LIS3DH
 .text.SPI_Interface_Multi_RW_LIS3DH
                0x00000ab0       0xb8 .\CortexM3\ARM_GCC_541\Debug\SPI_Interface.o
                0x00000ab0                SPI_Interface_Multi_RW_LIS3DH
 .text.SPI_Interface_Multi_RW_EEPROM
                0x00000b68       0xb8 .\CortexM3\ARM_GCC_541\Debug\SPI_Interface.o
                0x00000b68                SPI_Interface_Multi_RW_EEPROM
 .text.LIS3DH_unzipConfig
                0x00000c20       0x78 .\CortexM3\ARM_GCC_541\Debug\LIS3DH.o
                0x00000c20                LIS3DH_unzipConfig
 .text.LIS3DH_zipConfig
                0x00000c98       0x5c .\CortexM3\ARM_GCC_541\Debug\LIS3DH.o
                0x00000c98                LIS3DH_zipConfig
 .text.LIS3DH_readStatus
                0x00000cf4        0xc .\CortexM3\ARM_GCC_541\Debug\LIS3DH.o
                0x00000cf4                LIS3DH_readStatus
 .text.LIS3DH_readByte
                0x00000d00        0xc .\CortexM3\ARM_GCC_541\Debug\LIS3DH.o
                0x00000d00                LIS3DH_readByte
 .text.LIS3DH_writeByte
                0x00000d0c       0x18 .\CortexM3\ARM_GCC_541\Debug\LIS3DH.o
                0x00000d0c                LIS3DH_writeByte
 .text.LIS3DH_Init
                0x00000d24       0x30 .\CortexM3\ARM_GCC_541\Debug\LIS3DH.o
                0x00000d24                LIS3DH_Init
 .text.LIS3DH_setConfig
                0x00000d54       0x28 .\CortexM3\ARM_GCC_541\Debug\LIS3DH.o
                0x00000d54                LIS3DH_setConfig
 .text.LIS3DH_readPage
                0x00000d7c       0x20 .\CortexM3\ARM_GCC_541\Debug\LIS3DH.o
                0x00000d7c                LIS3DH_readPage
 .text.Custom_ISR_OVRN
                0x00000d9c        0xc .\CortexM3\ARM_GCC_541\Debug\InterruptRoutines.o
                0x00000d9c                Custom_ISR_OVRN
 .text.Custom_ISR_STREAM
                0x00000da8        0xc .\CortexM3\ARM_GCC_541\Debug\InterruptRoutines.o
                0x00000da8                Custom_ISR_STREAM
 .text.ShowMenu
                0x00000db4       0x30 .\CortexM3\ARM_GCC_541\Debug\InterruptRoutines.o
                0x00000db4                ShowMenu
 .text.Custom_ISR_RX
                0x00000de4      0x41c .\CortexM3\ARM_GCC_541\Debug\InterruptRoutines.o
                0x00000de4                Custom_ISR_RX
 .text.Custom_ISR_DMA
                0x00001200        0xc .\CortexM3\ARM_GCC_541\Debug\InterruptRoutines.o
                0x00001200                Custom_ISR_DMA
 .text.Custom_ISR_TIMER
                0x0000120c        0x8 .\CortexM3\ARM_GCC_541\Debug\InterruptRoutines.o
                0x0000120c                Custom_ISR_TIMER
 .text.Custome_ISR_DEBOUNCE
                0x00001214       0x18 .\CortexM3\ARM_GCC_541\Debug\InterruptRoutines.o
                0x00001214                Custome_ISR_DEBOUNCE
 .text.DMA_Config
                0x0000122c       0x48 .\CortexM3\ARM_GCC_541\Debug\DMARoutines.o
                0x0000122c                DMA_Config
 .text.CyClockStartupError
                0x00001274        0x4 .\CortexM3\ARM_GCC_541\Debug\cyfitter_cfg.o
 .text.cfg_write_bytes32
                0x00001278       0x34 .\CortexM3\ARM_GCC_541\Debug\cyfitter_cfg.o
 .text.AnalogSetDefault
                0x000012ac       0x30 .\CortexM3\ARM_GCC_541\Debug\cyfitter_cfg.o
 .text.CYMEMZERO
                0x000012dc        0xc .\CortexM3\ARM_GCC_541\Debug\cyfitter_cfg.o
 .text.CYCONFIGCPY
                0x000012e8        0x8 .\CortexM3\ARM_GCC_541\Debug\cyfitter_cfg.o
 .text.ClockSetup
                0x000012f0      0x130 .\CortexM3\ARM_GCC_541\Debug\cyfitter_cfg.o
 .text.AMux_Set
                0x00001420       0x34 .\CortexM3\ARM_GCC_541\Debug\cyfitter_cfg.o
                0x00001420                AMux_Set
 .text.AMux_Unset
                0x00001454       0x38 .\CortexM3\ARM_GCC_541\Debug\cyfitter_cfg.o
                0x00001454                AMux_Unset
 .text.ADC_DelSig_AMux_Set
                0x0000148c       0x1c .\CortexM3\ARM_GCC_541\Debug\cyfitter_cfg.o
                0x0000148c                ADC_DelSig_AMux_Set
 .text.ADC_DelSig_AMux_Unset
                0x000014a8       0x20 .\CortexM3\ARM_GCC_541\Debug\cyfitter_cfg.o
                0x000014a8                ADC_DelSig_AMux_Unset
 .text.cyfitter_cfg
                0x000014c8      0x150 .\CortexM3\ARM_GCC_541\Debug\cyfitter_cfg.o
                0x000014c8                cyfitter_cfg
 .text.IntDefaultHandler
                0x00001618       0x10 .\CortexM3\ARM_GCC_541\Debug\Cm3Start.o
                0x00001618                IntDefaultHandler
 .text._sbrk    0x00001628       0x30 .\CortexM3\ARM_GCC_541\Debug\Cm3Start.o
                0x00001628                _sbrk
 .text.Start_c  0x00001658       0x4c .\CortexM3\ARM_GCC_541\Debug\Cm3Start.o
                0x00001658                Start_c
 .text.initialize_psoc
                0x000016a4       0x6c .\CortexM3\ARM_GCC_541\Debug\Cm3Start.o
                0x000016a4                initialize_psoc
 .text.Timer_ADC_Enable
                0x00001710       0x28 .\CortexM3\ARM_GCC_541\Debug\AY1920_II_FINAL_PROJECT.a(Timer_ADC.o)
                0x00001710                Timer_ADC_Enable
 .text.Timer_ADC_Stop
                0x00001738       0x28 .\CortexM3\ARM_GCC_541\Debug\AY1920_II_FINAL_PROJECT.a(Timer_ADC.o)
                0x00001738                Timer_ADC_Stop
 .text.Timer_ADC_SetInterruptMode
                0x00001760        0xc .\CortexM3\ARM_GCC_541\Debug\AY1920_II_FINAL_PROJECT.a(Timer_ADC.o)
                0x00001760                Timer_ADC_SetInterruptMode
 .text.Timer_ADC_ReadStatusRegister
                0x0000176c        0xc .\CortexM3\ARM_GCC_541\Debug\AY1920_II_FINAL_PROJECT.a(Timer_ADC.o)
                0x0000176c                Timer_ADC_ReadStatusRegister
 .text.Timer_ADC_WritePeriod
                0x00001778        0xc .\CortexM3\ARM_GCC_541\Debug\AY1920_II_FINAL_PROJECT.a(Timer_ADC.o)
                0x00001778                Timer_ADC_WritePeriod
 .text.Timer_ADC_WriteCounter
                0x00001784        0xc .\CortexM3\ARM_GCC_541\Debug\AY1920_II_FINAL_PROJECT.a(Timer_ADC.o)
                0x00001784                Timer_ADC_WriteCounter
 .text.Timer_ADC_Init
                0x00001790       0x68 .\CortexM3\ARM_GCC_541\Debug\AY1920_II_FINAL_PROJECT.a(Timer_ADC.o)
                0x00001790                Timer_ADC_Init
 .text.Timer_ADC_Start
                0x000017f8       0x1c .\CortexM3\ARM_GCC_541\Debug\AY1920_II_FINAL_PROJECT.a(Timer_ADC.o)
                0x000017f8                Timer_ADC_Start
 .text.Pin_LED_ext_Write
                0x00001814       0x18 .\CortexM3\ARM_GCC_541\Debug\AY1920_II_FINAL_PROJECT.a(Pin_LED_ext.o)
                0x00001814                Pin_LED_ext_Write
 .text.isr_STREAM_SetVector
                0x0000182c        0xc .\CortexM3\ARM_GCC_541\Debug\AY1920_II_FINAL_PROJECT.a(isr_STREAM.o)
                0x0000182c                isr_STREAM_SetVector
 .text.isr_STREAM_SetPriority
                0x00001838       0x10 .\CortexM3\ARM_GCC_541\Debug\AY1920_II_FINAL_PROJECT.a(isr_STREAM.o)
                0x00001838                isr_STREAM_SetPriority
 .text.isr_STREAM_Enable
                0x00001848       0x10 .\CortexM3\ARM_GCC_541\Debug\AY1920_II_FINAL_PROJECT.a(isr_STREAM.o)
                0x00001848                isr_STREAM_Enable
 .text.isr_STREAM_Disable
                0x00001858       0x10 .\CortexM3\ARM_GCC_541\Debug\AY1920_II_FINAL_PROJECT.a(isr_STREAM.o)
                0x00001858                isr_STREAM_Disable
 .text.isr_STREAM_StartEx
                0x00001868       0x1c .\CortexM3\ARM_GCC_541\Debug\AY1920_II_FINAL_PROJECT.a(isr_STREAM.o)
                0x00001868                isr_STREAM_StartEx
 .text.Timer_STREAM_Enable
                0x00001884       0x28 .\CortexM3\ARM_GCC_541\Debug\AY1920_II_FINAL_PROJECT.a(Timer_STREAM.o)
                0x00001884                Timer_STREAM_Enable
 .text.Timer_STREAM_Stop
                0x000018ac       0x28 .\CortexM3\ARM_GCC_541\Debug\AY1920_II_FINAL_PROJECT.a(Timer_STREAM.o)
                0x000018ac                Timer_STREAM_Stop
 .text.Timer_STREAM_SetInterruptMode
                0x000018d4        0xc .\CortexM3\ARM_GCC_541\Debug\AY1920_II_FINAL_PROJECT.a(Timer_STREAM.o)
                0x000018d4                Timer_STREAM_SetInterruptMode
 .text.Timer_STREAM_WritePeriod
                0x000018e0        0xc .\CortexM3\ARM_GCC_541\Debug\AY1920_II_FINAL_PROJECT.a(Timer_STREAM.o)
                0x000018e0                Timer_STREAM_WritePeriod
 .text.Timer_STREAM_WriteCounter
                0x000018ec        0xc .\CortexM3\ARM_GCC_541\Debug\AY1920_II_FINAL_PROJECT.a(Timer_STREAM.o)
                0x000018ec                Timer_STREAM_WriteCounter
 .text.Timer_STREAM_Init
                0x000018f8       0x68 .\CortexM3\ARM_GCC_541\Debug\AY1920_II_FINAL_PROJECT.a(Timer_STREAM.o)
                0x000018f8                Timer_STREAM_Init
 .text.Timer_STREAM_Start
                0x00001960       0x1c .\CortexM3\ARM_GCC_541\Debug\AY1920_II_FINAL_PROJECT.a(Timer_STREAM.o)
                0x00001960                Timer_STREAM_Start
 .text.isr_INT_SetVector
                0x0000197c        0xc .\CortexM3\ARM_GCC_541\Debug\AY1920_II_FINAL_PROJECT.a(isr_INT.o)
                0x0000197c                isr_INT_SetVector
 .text.isr_INT_SetPriority
                0x00001988       0x10 .\CortexM3\ARM_GCC_541\Debug\AY1920_II_FINAL_PROJECT.a(isr_INT.o)
                0x00001988                isr_INT_SetPriority
 .text.isr_INT_Enable
                0x00001998        0xc .\CortexM3\ARM_GCC_541\Debug\AY1920_II_FINAL_PROJECT.a(isr_INT.o)
                0x00001998                isr_INT_Enable
 .text.isr_INT_Disable
                0x000019a4        0xc .\CortexM3\ARM_GCC_541\Debug\AY1920_II_FINAL_PROJECT.a(isr_INT.o)
                0x000019a4                isr_INT_Disable
 .text.isr_INT_StartEx
                0x000019b0       0x1c .\CortexM3\ARM_GCC_541\Debug\AY1920_II_FINAL_PROJECT.a(isr_INT.o)
                0x000019b0                isr_INT_StartEx
 .text.PWM_BLINK_Enable
                0x000019cc       0x10 .\CortexM3\ARM_GCC_541\Debug\AY1920_II_FINAL_PROJECT.a(PWM_BLINK.o)
                0x000019cc                PWM_BLINK_Enable
 .text.PWM_BLINK_WriteCounter
                0x000019dc        0xc .\CortexM3\ARM_GCC_541\Debug\AY1920_II_FINAL_PROJECT.a(PWM_BLINK.o)
                0x000019dc                PWM_BLINK_WriteCounter
 .text.PWM_BLINK_WritePeriod
                0x000019e8        0xc .\CortexM3\ARM_GCC_541\Debug\AY1920_II_FINAL_PROJECT.a(PWM_BLINK.o)
                0x000019e8                PWM_BLINK_WritePeriod
 .text.PWM_BLINK_WriteCompare
                0x000019f4        0xc .\CortexM3\ARM_GCC_541\Debug\AY1920_II_FINAL_PROJECT.a(PWM_BLINK.o)
                0x000019f4                PWM_BLINK_WriteCompare
 .text.PWM_BLINK_SetInterruptMode
                0x00001a00        0xc .\CortexM3\ARM_GCC_541\Debug\AY1920_II_FINAL_PROJECT.a(PWM_BLINK.o)
                0x00001a00                PWM_BLINK_SetInterruptMode
 .text.PWM_BLINK_ReadStatusRegister
                0x00001a0c        0xc .\CortexM3\ARM_GCC_541\Debug\AY1920_II_FINAL_PROJECT.a(PWM_BLINK.o)
                0x00001a0c                PWM_BLINK_ReadStatusRegister
 .text.PWM_BLINK_ReadCapture
                0x00001a18        0xc .\CortexM3\ARM_GCC_541\Debug\AY1920_II_FINAL_PROJECT.a(PWM_BLINK.o)
                0x00001a18                PWM_BLINK_ReadCapture
 .text.PWM_BLINK_ClearFIFO
                0x00001a24       0x14 .\CortexM3\ARM_GCC_541\Debug\AY1920_II_FINAL_PROJECT.a(PWM_BLINK.o)
                0x00001a24                PWM_BLINK_ClearFIFO
 .text.PWM_BLINK_Init
                0x00001a38       0x60 .\CortexM3\ARM_GCC_541\Debug\AY1920_II_FINAL_PROJECT.a(PWM_BLINK.o)
                0x00001a38                PWM_BLINK_Init
 .text.PWM_BLINK_Start
                0x00001a98       0x1c .\CortexM3\ARM_GCC_541\Debug\AY1920_II_FINAL_PROJECT.a(PWM_BLINK.o)
                0x00001a98                PWM_BLINK_Start
 .text.blink_clock_Start
                0x00001ab4       0x1c .\CortexM3\ARM_GCC_541\Debug\AY1920_II_FINAL_PROJECT.a(blink_clock.o)
                0x00001ab4                blink_clock_Start
 .text.SW1_ISR_SetVector
                0x00001ad0        0xc .\CortexM3\ARM_GCC_541\Debug\AY1920_II_FINAL_PROJECT.a(SW1_ISR.o)
                0x00001ad0                SW1_ISR_SetVector
 .text.SW1_ISR_SetPriority
                0x00001adc       0x10 .\CortexM3\ARM_GCC_541\Debug\AY1920_II_FINAL_PROJECT.a(SW1_ISR.o)
                0x00001adc                SW1_ISR_SetPriority
 .text.SW1_ISR_Enable
                0x00001aec        0xc .\CortexM3\ARM_GCC_541\Debug\AY1920_II_FINAL_PROJECT.a(SW1_ISR.o)
                0x00001aec                SW1_ISR_Enable
 .text.SW1_ISR_Disable
                0x00001af8        0xc .\CortexM3\ARM_GCC_541\Debug\AY1920_II_FINAL_PROJECT.a(SW1_ISR.o)
                0x00001af8                SW1_ISR_Disable
 .text.SW1_ISR_StartEx
                0x00001b04       0x1c .\CortexM3\ARM_GCC_541\Debug\AY1920_II_FINAL_PROJECT.a(SW1_ISR.o)
                0x00001b04                SW1_ISR_StartEx
 .text.CS_2_Write
                0x00001b20       0x18 .\CortexM3\ARM_GCC_541\Debug\AY1920_II_FINAL_PROJECT.a(CS_2.o)
                0x00001b20                CS_2_Write
 .text.CS_1_Write
                0x00001b38       0x18 .\CortexM3\ARM_GCC_541\Debug\AY1920_II_FINAL_PROJECT.a(CS_1.o)
                0x00001b38                CS_1_Write
 .text.isr_RX_SetVector
                0x00001b50        0xc .\CortexM3\ARM_GCC_541\Debug\AY1920_II_FINAL_PROJECT.a(isr_RX.o)
                0x00001b50                isr_RX_SetVector
 .text.isr_RX_SetPriority
                0x00001b5c       0x10 .\CortexM3\ARM_GCC_541\Debug\AY1920_II_FINAL_PROJECT.a(isr_RX.o)
                0x00001b5c                isr_RX_SetPriority
 .text.isr_RX_Enable
                0x00001b6c       0x10 .\CortexM3\ARM_GCC_541\Debug\AY1920_II_FINAL_PROJECT.a(isr_RX.o)
                0x00001b6c                isr_RX_Enable
 .text.isr_RX_Disable
                0x00001b7c       0x10 .\CortexM3\ARM_GCC_541\Debug\AY1920_II_FINAL_PROJECT.a(isr_RX.o)
                0x00001b7c                isr_RX_Disable
 .text.isr_RX_StartEx
                0x00001b8c       0x1c .\CortexM3\ARM_GCC_541\Debug\AY1920_II_FINAL_PROJECT.a(isr_RX.o)
                0x00001b8c                isr_RX_StartEx
 .text.ADC_DelSig_GainCompensation
                0x00001ba8       0xdc .\CortexM3\ARM_GCC_541\Debug\AY1920_II_FINAL_PROJECT.a(ADC_DelSig.o)
 .text.ADC_DelSig_SetDSMRef0Reg
                0x00001c84       0x4c .\CortexM3\ARM_GCC_541\Debug\AY1920_II_FINAL_PROJECT.a(ADC_DelSig.o)
 .text.ADC_DelSig_InitConfig
                0x00001cd0       0xec .\CortexM3\ARM_GCC_541\Debug\AY1920_II_FINAL_PROJECT.a(ADC_DelSig.o)
 .text.ADC_DelSig_Init
                0x00001dbc       0xc4 .\CortexM3\ARM_GCC_541\Debug\AY1920_II_FINAL_PROJECT.a(ADC_DelSig.o)
                0x00001dbc                ADC_DelSig_Init
 .text.ADC_DelSig_Enable
                0x00001e80       0xd8 .\CortexM3\ARM_GCC_541\Debug\AY1920_II_FINAL_PROJECT.a(ADC_DelSig.o)
                0x00001e80                ADC_DelSig_Enable
 .text.ADC_DelSig_Start
                0x00001f58       0x28 .\CortexM3\ARM_GCC_541\Debug\AY1920_II_FINAL_PROJECT.a(ADC_DelSig.o)
                0x00001f58                ADC_DelSig_Start
 .text.ADC_DelSig_CountsTo_mVolts
                0x00001f80       0x24 .\CortexM3\ARM_GCC_541\Debug\AY1920_II_FINAL_PROJECT.a(ADC_DelSig.o)
                0x00001f80                ADC_DelSig_CountsTo_mVolts
 .text.ADC_DelSig_ISR1
                0x00001fa4        0x4 .\CortexM3\ARM_GCC_541\Debug\AY1920_II_FINAL_PROJECT.a(ADC_DelSig_INT.o)
                0x00001fa4                ADC_DelSig_ISR1
 .text.AMux_Start
                0x00001fa8       0x20 .\CortexM3\ARM_GCC_541\Debug\AY1920_II_FINAL_PROJECT.a(AMux.o)
                0x00001fa8                AMux_Start
 .text.AMux_Select
                0x00001fc8       0x18 .\CortexM3\ARM_GCC_541\Debug\AY1920_II_FINAL_PROJECT.a(AMux.o)
                0x00001fc8                AMux_Select
 .text.UART_Init
                0x00001fe0       0x24 .\CortexM3\ARM_GCC_541\Debug\AY1920_II_FINAL_PROJECT.a(UART.o)
                0x00001fe0                UART_Init
 .text.UART_Enable
                0x00002004       0x38 .\CortexM3\ARM_GCC_541\Debug\AY1920_II_FINAL_PROJECT.a(UART.o)
                0x00002004                UART_Enable
 .text.UART_Start
                0x0000203c       0x1c .\CortexM3\ARM_GCC_541\Debug\AY1920_II_FINAL_PROJECT.a(UART.o)
                0x0000203c                UART_Start
 .text.UART_GetChar
                0x00002058       0x2c .\CortexM3\ARM_GCC_541\Debug\AY1920_II_FINAL_PROJECT.a(UART.o)
                0x00002058                UART_GetChar
 .text.UART_PutChar
                0x00002084       0x18 .\CortexM3\ARM_GCC_541\Debug\AY1920_II_FINAL_PROJECT.a(UART.o)
                0x00002084                UART_PutChar
 .text.UART_PutString
                0x0000209c       0x24 .\CortexM3\ARM_GCC_541\Debug\AY1920_II_FINAL_PROJECT.a(UART.o)
                0x0000209c                UART_PutString
 .text.SPIM_EEPROM_EnableTxInt
                0x000020c0        0xc .\CortexM3\ARM_GCC_541\Debug\AY1920_II_FINAL_PROJECT.a(SPIM_EEPROM.o)
                0x000020c0                SPIM_EEPROM_EnableTxInt
 .text.SPIM_EEPROM_EnableRxInt
                0x000020cc        0xc .\CortexM3\ARM_GCC_541\Debug\AY1920_II_FINAL_PROJECT.a(SPIM_EEPROM.o)
                0x000020cc                SPIM_EEPROM_EnableRxInt
 .text.SPIM_EEPROM_Enable
                0x000020d8       0x3c .\CortexM3\ARM_GCC_541\Debug\AY1920_II_FINAL_PROJECT.a(SPIM_EEPROM.o)
                0x000020d8                SPIM_EEPROM_Enable
 .text.SPIM_EEPROM_DisableTxInt
                0x00002114        0xc .\CortexM3\ARM_GCC_541\Debug\AY1920_II_FINAL_PROJECT.a(SPIM_EEPROM.o)
                0x00002114                SPIM_EEPROM_DisableTxInt
 .text.SPIM_EEPROM_DisableRxInt
                0x00002120        0xc .\CortexM3\ARM_GCC_541\Debug\AY1920_II_FINAL_PROJECT.a(SPIM_EEPROM.o)
                0x00002120                SPIM_EEPROM_DisableRxInt
 .text.SPIM_EEPROM_ReadTxStatus
                0x0000212c       0x28 .\CortexM3\ARM_GCC_541\Debug\AY1920_II_FINAL_PROJECT.a(SPIM_EEPROM.o)
                0x0000212c                SPIM_EEPROM_ReadTxStatus
 .text.SPIM_EEPROM_ReadRxStatus
                0x00002154       0x28 .\CortexM3\ARM_GCC_541\Debug\AY1920_II_FINAL_PROJECT.a(SPIM_EEPROM.o)
                0x00002154                SPIM_EEPROM_ReadRxStatus
 .text.SPIM_EEPROM_WriteTxData
                0x0000217c       0xd4 .\CortexM3\ARM_GCC_541\Debug\AY1920_II_FINAL_PROJECT.a(SPIM_EEPROM.o)
                0x0000217c                SPIM_EEPROM_WriteTxData
 .text.SPIM_EEPROM_ReadRxData
                0x00002250       0x64 .\CortexM3\ARM_GCC_541\Debug\AY1920_II_FINAL_PROJECT.a(SPIM_EEPROM.o)
                0x00002250                SPIM_EEPROM_ReadRxData
 .text.SPIM_EEPROM_ClearRxBuffer
                0x000022b4       0x40 .\CortexM3\ARM_GCC_541\Debug\AY1920_II_FINAL_PROJECT.a(SPIM_EEPROM.o)
                0x000022b4                SPIM_EEPROM_ClearRxBuffer
 .text.SPIM_EEPROM_ClearTxBuffer
                0x000022f4       0x54 .\CortexM3\ARM_GCC_541\Debug\AY1920_II_FINAL_PROJECT.a(SPIM_EEPROM.o)
                0x000022f4                SPIM_EEPROM_ClearTxBuffer
 .text.SPIM_EEPROM_PutArray
                0x00002348       0x20 .\CortexM3\ARM_GCC_541\Debug\AY1920_II_FINAL_PROJECT.a(SPIM_EEPROM.o)
                0x00002348                SPIM_EEPROM_PutArray
 .text.SPIM_EEPROM_ClearFIFO
                0x00002368       0x3c .\CortexM3\ARM_GCC_541\Debug\AY1920_II_FINAL_PROJECT.a(SPIM_EEPROM.o)
                0x00002368                SPIM_EEPROM_ClearFIFO
 .text.SPIM_EEPROM_Init
                0x000023a4       0x90 .\CortexM3\ARM_GCC_541\Debug\AY1920_II_FINAL_PROJECT.a(SPIM_EEPROM.o)
                0x000023a4                SPIM_EEPROM_Init
 .text.SPIM_EEPROM_Start
                0x00002434       0x1c .\CortexM3\ARM_GCC_541\Debug\AY1920_II_FINAL_PROJECT.a(SPIM_EEPROM.o)
                0x00002434                SPIM_EEPROM_Start
 .text.SPIM_EEPROM_TX_ISR
                0x00002450       0xa0 .\CortexM3\ARM_GCC_541\Debug\AY1920_II_FINAL_PROJECT.a(SPIM_EEPROM_INT.o)
                0x00002450                SPIM_EEPROM_TX_ISR
 .text.SPIM_EEPROM_RX_ISR
                0x000024f0       0xa0 .\CortexM3\ARM_GCC_541\Debug\AY1920_II_FINAL_PROJECT.a(SPIM_EEPROM_INT.o)
                0x000024f0                SPIM_EEPROM_RX_ISR
 .text.SPIM_LIS3DH_EnableTxInt
                0x00002590        0xc .\CortexM3\ARM_GCC_541\Debug\AY1920_II_FINAL_PROJECT.a(SPIM_LIS3DH.o)
                0x00002590                SPIM_LIS3DH_EnableTxInt
 .text.SPIM_LIS3DH_EnableRxInt
                0x0000259c        0xc .\CortexM3\ARM_GCC_541\Debug\AY1920_II_FINAL_PROJECT.a(SPIM_LIS3DH.o)
                0x0000259c                SPIM_LIS3DH_EnableRxInt
 .text.SPIM_LIS3DH_Enable
                0x000025a8       0x3c .\CortexM3\ARM_GCC_541\Debug\AY1920_II_FINAL_PROJECT.a(SPIM_LIS3DH.o)
                0x000025a8                SPIM_LIS3DH_Enable
 .text.SPIM_LIS3DH_DisableTxInt
                0x000025e4        0xc .\CortexM3\ARM_GCC_541\Debug\AY1920_II_FINAL_PROJECT.a(SPIM_LIS3DH.o)
                0x000025e4                SPIM_LIS3DH_DisableTxInt
 .text.SPIM_LIS3DH_DisableRxInt
                0x000025f0        0xc .\CortexM3\ARM_GCC_541\Debug\AY1920_II_FINAL_PROJECT.a(SPIM_LIS3DH.o)
                0x000025f0                SPIM_LIS3DH_DisableRxInt
 .text.SPIM_LIS3DH_ReadTxStatus
                0x000025fc       0x28 .\CortexM3\ARM_GCC_541\Debug\AY1920_II_FINAL_PROJECT.a(SPIM_LIS3DH.o)
                0x000025fc                SPIM_LIS3DH_ReadTxStatus
 .text.SPIM_LIS3DH_ReadRxStatus
                0x00002624       0x28 .\CortexM3\ARM_GCC_541\Debug\AY1920_II_FINAL_PROJECT.a(SPIM_LIS3DH.o)
                0x00002624                SPIM_LIS3DH_ReadRxStatus
 .text.SPIM_LIS3DH_WriteTxData
                0x0000264c       0xd4 .\CortexM3\ARM_GCC_541\Debug\AY1920_II_FINAL_PROJECT.a(SPIM_LIS3DH.o)
                0x0000264c                SPIM_LIS3DH_WriteTxData
 .text.SPIM_LIS3DH_ReadRxData
                0x00002720       0x64 .\CortexM3\ARM_GCC_541\Debug\AY1920_II_FINAL_PROJECT.a(SPIM_LIS3DH.o)
                0x00002720                SPIM_LIS3DH_ReadRxData
 .text.SPIM_LIS3DH_ClearRxBuffer
                0x00002784       0x40 .\CortexM3\ARM_GCC_541\Debug\AY1920_II_FINAL_PROJECT.a(SPIM_LIS3DH.o)
                0x00002784                SPIM_LIS3DH_ClearRxBuffer
 .text.SPIM_LIS3DH_ClearTxBuffer
                0x000027c4       0x54 .\CortexM3\ARM_GCC_541\Debug\AY1920_II_FINAL_PROJECT.a(SPIM_LIS3DH.o)
                0x000027c4                SPIM_LIS3DH_ClearTxBuffer
 .text.SPIM_LIS3DH_PutArray
                0x00002818       0x20 .\CortexM3\ARM_GCC_541\Debug\AY1920_II_FINAL_PROJECT.a(SPIM_LIS3DH.o)
                0x00002818                SPIM_LIS3DH_PutArray
 .text.SPIM_LIS3DH_ClearFIFO
                0x00002838       0x3c .\CortexM3\ARM_GCC_541\Debug\AY1920_II_FINAL_PROJECT.a(SPIM_LIS3DH.o)
                0x00002838                SPIM_LIS3DH_ClearFIFO
 .text.SPIM_LIS3DH_Init
                0x00002874       0x90 .\CortexM3\ARM_GCC_541\Debug\AY1920_II_FINAL_PROJECT.a(SPIM_LIS3DH.o)
                0x00002874                SPIM_LIS3DH_Init
 .text.SPIM_LIS3DH_Start
                0x00002904       0x1c .\CortexM3\ARM_GCC_541\Debug\AY1920_II_FINAL_PROJECT.a(SPIM_LIS3DH.o)
                0x00002904                SPIM_LIS3DH_Start
 .text.SPIM_LIS3DH_TX_ISR
                0x00002920       0xa0 .\CortexM3\ARM_GCC_541\Debug\AY1920_II_FINAL_PROJECT.a(SPIM_LIS3DH_INT.o)
                0x00002920                SPIM_LIS3DH_TX_ISR
 .text.SPIM_LIS3DH_RX_ISR
                0x000029c0       0xa0 .\CortexM3\ARM_GCC_541\Debug\AY1920_II_FINAL_PROJECT.a(SPIM_LIS3DH_INT.o)
                0x000029c0                SPIM_LIS3DH_RX_ISR
 .text.ADC_DelSig_AMux_Start
                0x00002a60       0x20 .\CortexM3\ARM_GCC_541\Debug\AY1920_II_FINAL_PROJECT.a(ADC_DelSig_AMux.o)
                0x00002a60                ADC_DelSig_AMux_Start
 .text.ADC_DelSig_AMux_Select
                0x00002a80       0x18 .\CortexM3\ARM_GCC_541\Debug\AY1920_II_FINAL_PROJECT.a(ADC_DelSig_AMux.o)
                0x00002a80                ADC_DelSig_AMux_Select
 .text.ADC_DelSig_Ext_CP_Clk_GetDividerRegister
                0x00002a98        0xc .\CortexM3\ARM_GCC_541\Debug\AY1920_II_FINAL_PROJECT.a(ADC_DelSig_Ext_CP_Clk.o)
                0x00002a98                ADC_DelSig_Ext_CP_Clk_GetDividerRegister
 .text.ADC_DelSig_Ext_CP_Clk_SetModeRegister
                0x00002aa4       0x14 .\CortexM3\ARM_GCC_541\Debug\AY1920_II_FINAL_PROJECT.a(ADC_DelSig_Ext_CP_Clk.o)
                0x00002aa4                ADC_DelSig_Ext_CP_Clk_SetModeRegister
 .text.ADC_DelSig_Ext_CP_Clk_GetSourceRegister
                0x00002ab8       0x10 .\CortexM3\ARM_GCC_541\Debug\AY1920_II_FINAL_PROJECT.a(ADC_DelSig_Ext_CP_Clk.o)
                0x00002ab8                ADC_DelSig_Ext_CP_Clk_GetSourceRegister
 .text.ADC_DelSig_Ext_CP_Clk_SetDividerRegister
                0x00002ac8       0xd8 .\CortexM3\ARM_GCC_541\Debug\AY1920_II_FINAL_PROJECT.a(ADC_DelSig_Ext_CP_Clk.o)
                0x00002ac8                ADC_DelSig_Ext_CP_Clk_SetDividerRegister
 .text.ADC_DelSig_IRQ_Interrupt
                0x00002ba0        0x4 .\CortexM3\ARM_GCC_541\Debug\AY1920_II_FINAL_PROJECT.a(ADC_DelSig_IRQ.o)
                0x00002ba0                ADC_DelSig_IRQ_Interrupt
 .text.ADC_DelSig_IRQ_SetVector
                0x00002ba4       0x10 .\CortexM3\ARM_GCC_541\Debug\AY1920_II_FINAL_PROJECT.a(ADC_DelSig_IRQ.o)
                0x00002ba4                ADC_DelSig_IRQ_SetVector
 .text.ADC_DelSig_IRQ_SetPriority
                0x00002bb4       0x10 .\CortexM3\ARM_GCC_541\Debug\AY1920_II_FINAL_PROJECT.a(ADC_DelSig_IRQ.o)
                0x00002bb4                ADC_DelSig_IRQ_SetPriority
 .text.ADC_DelSig_IRQ_Enable
                0x00002bc4       0x10 .\CortexM3\ARM_GCC_541\Debug\AY1920_II_FINAL_PROJECT.a(ADC_DelSig_IRQ.o)
                0x00002bc4                ADC_DelSig_IRQ_Enable
 .text.ADC_DelSig_IRQ_Disable
                0x00002bd4       0x10 .\CortexM3\ARM_GCC_541\Debug\AY1920_II_FINAL_PROJECT.a(ADC_DelSig_IRQ.o)
                0x00002bd4                ADC_DelSig_IRQ_Disable
 .text.ADC_DelSig_IRQ_Start
                0x00002be4       0x1c .\CortexM3\ARM_GCC_541\Debug\AY1920_II_FINAL_PROJECT.a(ADC_DelSig_IRQ.o)
                0x00002be4                ADC_DelSig_IRQ_Start
 .text.ADC_DelSig_theACLK_GetDividerRegister
                0x00002c00        0xc .\CortexM3\ARM_GCC_541\Debug\AY1920_II_FINAL_PROJECT.a(ADC_DelSig_theACLK.o)
                0x00002c00                ADC_DelSig_theACLK_GetDividerRegister
 .text.ADC_DelSig_theACLK_SetModeRegister
                0x00002c0c       0x14 .\CortexM3\ARM_GCC_541\Debug\AY1920_II_FINAL_PROJECT.a(ADC_DelSig_theACLK.o)
                0x00002c0c                ADC_DelSig_theACLK_SetModeRegister
 .text.ADC_DelSig_theACLK_GetSourceRegister
                0x00002c20       0x10 .\CortexM3\ARM_GCC_541\Debug\AY1920_II_FINAL_PROJECT.a(ADC_DelSig_theACLK.o)
                0x00002c20                ADC_DelSig_theACLK_GetSourceRegister
 .text.ADC_DelSig_theACLK_SetDividerRegister
                0x00002c30       0xd8 .\CortexM3\ARM_GCC_541\Debug\AY1920_II_FINAL_PROJECT.a(ADC_DelSig_theACLK.o)
                0x00002c30                ADC_DelSig_theACLK_SetDividerRegister
 .text.UART_IntClock_Start
                0x00002d08       0x1c .\CortexM3\ARM_GCC_541\Debug\AY1920_II_FINAL_PROJECT.a(UART_IntClock.o)
                0x00002d08                UART_IntClock_Start
 .text.SPIM_EEPROM_IntClock_Start
                0x00002d24       0x1c .\CortexM3\ARM_GCC_541\Debug\AY1920_II_FINAL_PROJECT.a(SPIM_EEPROM_IntClock.o)
                0x00002d24                SPIM_EEPROM_IntClock_Start
 .text.SPIM_LIS3DH_IntClock_Start
                0x00002d40       0x1c .\CortexM3\ARM_GCC_541\Debug\AY1920_II_FINAL_PROJECT.a(SPIM_LIS3DH_IntClock.o)
                0x00002d40                SPIM_LIS3DH_IntClock_Start
 .text.CyDmacConfigure
                0x00002d5c       0x34 .\CortexM3\ARM_GCC_541\Debug\AY1920_II_FINAL_PROJECT.a(CyDmac.o)
                0x00002d5c                CyDmacConfigure
 .text.CyDmaChEnable
                0x00002d90       0x38 .\CortexM3\ARM_GCC_541\Debug\AY1920_II_FINAL_PROJECT.a(CyDmac.o)
                0x00002d90                CyDmaChEnable
 .text.CyDmaChPriority
                0x00002dc8       0x24 .\CortexM3\ARM_GCC_541\Debug\AY1920_II_FINAL_PROJECT.a(CyDmac.o)
                0x00002dc8                CyDmaChPriority
 .text.CyDmaChSetExtendedAddress
                0x00002dec       0x34 .\CortexM3\ARM_GCC_541\Debug\AY1920_II_FINAL_PROJECT.a(CyDmac.o)
                0x00002dec                CyDmaChSetExtendedAddress
 .text.CyDmaChSetInitialTd
                0x00002e20       0x18 .\CortexM3\ARM_GCC_541\Debug\AY1920_II_FINAL_PROJECT.a(CyDmac.o)
                0x00002e20                CyDmaChSetInitialTd
 .text.CyDmaChSetConfiguration
                0x00002e38       0x44 .\CortexM3\ARM_GCC_541\Debug\AY1920_II_FINAL_PROJECT.a(CyDmac.o)
                0x00002e38                CyDmaChSetConfiguration
 .text.CyDmaTdAllocate
                0x00002e7c       0x34 .\CortexM3\ARM_GCC_541\Debug\AY1920_II_FINAL_PROJECT.a(CyDmac.o)
                0x00002e7c                CyDmaTdAllocate
 .text.CyDmaTdSetConfiguration
                0x00002eb0       0x28 .\CortexM3\ARM_GCC_541\Debug\AY1920_II_FINAL_PROJECT.a(CyDmac.o)
                0x00002eb0                CyDmaTdSetConfiguration
 .text.CyDmaTdSetAddress
                0x00002ed8       0x1c .\CortexM3\ARM_GCC_541\Debug\AY1920_II_FINAL_PROJECT.a(CyDmac.o)
                0x00002ed8                CyDmaTdSetAddress
 .text.CyHalt   0x00002ef4        0x4 .\CortexM3\ARM_GCC_541\Debug\AY1920_II_FINAL_PROJECT.a(CyLib.o)
                0x00002ef4                CyHalt
 .text.CyDelay  0x00002ef8       0x2c .\CortexM3\ARM_GCC_541\Debug\AY1920_II_FINAL_PROJECT.a(CyLib.o)
                0x00002ef8                CyDelay
 .text.CyDelayUs
                0x00002f24       0x14 .\CortexM3\ARM_GCC_541\Debug\AY1920_II_FINAL_PROJECT.a(CyLib.o)
                0x00002f24                CyDelayUs
 .text.CyIntSetVector
                0x00002f38       0x28 .\CortexM3\ARM_GCC_541\Debug\AY1920_II_FINAL_PROJECT.a(CyLib.o)
                0x00002f38                CyIntSetVector
 .text.CyIntSetPriority
                0x00002f60       0x30 .\CortexM3\ARM_GCC_541\Debug\AY1920_II_FINAL_PROJECT.a(CyLib.o)
                0x00002f60                CyIntSetPriority
 .text.isr_TIMER_ADC_SetVector
                0x00002f90        0xc .\CortexM3\ARM_GCC_541\Debug\AY1920_II_FINAL_PROJECT.a(isr_TIMER_ADC.o)
                0x00002f90                isr_TIMER_ADC_SetVector
 .text.isr_TIMER_ADC_SetPriority
                0x00002f9c       0x10 .\CortexM3\ARM_GCC_541\Debug\AY1920_II_FINAL_PROJECT.a(isr_TIMER_ADC.o)
                0x00002f9c                isr_TIMER_ADC_SetPriority
 .text.isr_TIMER_ADC_Enable
                0x00002fac       0x10 .\CortexM3\ARM_GCC_541\Debug\AY1920_II_FINAL_PROJECT.a(isr_TIMER_ADC.o)
                0x00002fac                isr_TIMER_ADC_Enable
 .text.isr_TIMER_ADC_Disable
                0x00002fbc       0x10 .\CortexM3\ARM_GCC_541\Debug\AY1920_II_FINAL_PROJECT.a(isr_TIMER_ADC.o)
                0x00002fbc                isr_TIMER_ADC_Disable
 .text.isr_TIMER_ADC_StartEx
                0x00002fcc       0x1c .\CortexM3\ARM_GCC_541\Debug\AY1920_II_FINAL_PROJECT.a(isr_TIMER_ADC.o)
                0x00002fcc                isr_TIMER_ADC_StartEx
 .text.DMA_DmaInitialize
                0x00002fe8       0x3c .\CortexM3\ARM_GCC_541\Debug\AY1920_II_FINAL_PROJECT.a(DMA_dma.o)
                0x00002fe8                DMA_DmaInitialize
 .text.isr_DMA_SetVector
                0x00003024        0xc .\CortexM3\ARM_GCC_541\Debug\AY1920_II_FINAL_PROJECT.a(isr_DMA.o)
                0x00003024                isr_DMA_SetVector
 .text.isr_DMA_SetPriority
                0x00003030       0x10 .\CortexM3\ARM_GCC_541\Debug\AY1920_II_FINAL_PROJECT.a(isr_DMA.o)
                0x00003030                isr_DMA_SetPriority
 .text.isr_DMA_Enable
                0x00003040        0xc .\CortexM3\ARM_GCC_541\Debug\AY1920_II_FINAL_PROJECT.a(isr_DMA.o)
                0x00003040                isr_DMA_Enable
 .text.isr_DMA_Disable
                0x0000304c        0xc .\CortexM3\ARM_GCC_541\Debug\AY1920_II_FINAL_PROJECT.a(isr_DMA.o)
                0x0000304c                isr_DMA_Disable
 .text.isr_DMA_StartEx
                0x00003058       0x1c .\CortexM3\ARM_GCC_541\Debug\AY1920_II_FINAL_PROJECT.a(isr_DMA.o)
                0x00003058                isr_DMA_StartEx
 *fill*         0x00003074        0x4 
 .text          0x00003078       0x20 .\CortexM3\ARM_GCC_541\Debug\AY1920_II_FINAL_PROJECT.a(CyBootAsmGnu.o)
                0x00003078                CyDelayCycles
                0x00003088                CyEnterCriticalSection
                0x00003090                CyExitCriticalSection
 .text          0x00003098      0x370 c:/program files (x86)/cypress/psoc creator/4.3/psoc creator/import/gnu/arm/5.4.1/bin/../lib/gcc/arm-none-eabi/5.4.1/armv7-m\libgcc.a(_arm_addsubdf3.o)
                0x00003098                __aeabi_drsub
                0x000030a0                __aeabi_dsub
                0x000030a0                __subdf3
                0x000030a4                __aeabi_dadd
                0x000030a4                __adddf3
                0x0000331c                __floatunsidf
                0x0000331c                __aeabi_ui2d
                0x0000333c                __floatsidf
                0x0000333c                __aeabi_i2d
                0x00003360                __aeabi_f2d
                0x00003360                __extendsfdf2
                0x0000339c                __floatundidf
                0x0000339c                __aeabi_ul2d
                0x000033ac                __floatdidf
                0x000033ac                __aeabi_l2d
 .text          0x00003408      0x424 c:/program files (x86)/cypress/psoc creator/4.3/psoc creator/import/gnu/arm/5.4.1/bin/../lib/gcc/arm-none-eabi/5.4.1/armv7-m\libgcc.a(_arm_muldivdf3.o)
                0x00003408                __aeabi_dmul
                0x00003408                __muldf3
                0x0000365c                __divdf3
                0x0000365c                __aeabi_ddiv
 .text          0x0000382c       0x50 c:/program files (x86)/cypress/psoc creator/4.3/psoc creator/import/gnu/arm/5.4.1/bin/../lib/gcc/arm-none-eabi/5.4.1/armv7-m\libgcc.a(_arm_fixdfsi.o)
                0x0000382c                __aeabi_d2iz
                0x0000382c                __fixdfsi
 .text          0x0000387c      0x21c c:/program files (x86)/cypress/psoc creator/4.3/psoc creator/import/gnu/arm/5.4.1/bin/../lib/gcc/arm-none-eabi/5.4.1/armv7-m\libgcc.a(_arm_addsubsf3.o)
                0x0000387c                __aeabi_frsub
                0x00003884                __subsf3
                0x00003884                __aeabi_fsub
                0x00003888                __aeabi_fadd
                0x00003888                __addsf3
                0x000039e8                __aeabi_ui2f
                0x000039e8                __floatunsisf
                0x000039f0                __aeabi_i2f
                0x000039f0                __floatsisf
                0x00003a0c                __aeabi_ul2f
                0x00003a0c                __floatundisf
                0x00003a1c                __aeabi_l2f
                0x00003a1c                __floatdisf
 .text.__errno  0x00003a98        0xc c:/program files (x86)/cypress/psoc creator/4.3/psoc creator/import/gnu/arm/5.4.1/bin/../lib/gcc/arm-none-eabi/5.4.1/../../../../arm-none-eabi/lib/armv7-m\libg_nano.a(lib_a-errno.o)
                0x00003a98                __errno
 .text.__libc_init_array
                0x00003aa4       0x4c c:/program files (x86)/cypress/psoc creator/4.3/psoc creator/import/gnu/arm/5.4.1/bin/../lib/gcc/arm-none-eabi/5.4.1/../../../../arm-none-eabi/lib/armv7-m\libg_nano.a(lib_a-init.o)
                0x00003aa4                __libc_init_array
 .text.memcpy   0x00003af0       0x16 c:/program files (x86)/cypress/psoc creator/4.3/psoc creator/import/gnu/arm/5.4.1/bin/../lib/gcc/arm-none-eabi/5.4.1/../../../../arm-none-eabi/lib/armv7-m\libg_nano.a(lib_a-memcpy-stub.o)
                0x00003af0                memcpy
 .text.memset   0x00003b06       0x10 c:/program files (x86)/cypress/psoc creator/4.3/psoc creator/import/gnu/arm/5.4.1/bin/../lib/gcc/arm-none-eabi/5.4.1/../../../../arm-none-eabi/lib/armv7-m\libg_nano.a(lib_a-memset.o)
                0x00003b06                memset
 *fill*         0x00003b16        0x2 
 .text.sprintf  0x00003b18       0x48 c:/program files (x86)/cypress/psoc creator/4.3/psoc creator/import/gnu/arm/5.4.1/bin/../lib/gcc/arm-none-eabi/5.4.1/../../../../arm-none-eabi/lib/armv7-m\libg_nano.a(lib_a-sprintf.o)
                0x00003b18                siprintf
                0x00003b18                sprintf
 .text.__ssputs_r
                0x00003b60       0xb2 c:/program files (x86)/cypress/psoc creator/4.3/psoc creator/import/gnu/arm/5.4.1/bin/../lib/gcc/arm-none-eabi/5.4.1/../../../../arm-none-eabi/lib/armv7-m\libg_nano.a(lib_a-nano-svfprintf.o)
                0x00003b60                __ssputs_r
 *fill*         0x00003c12        0x2 
 .text._svfprintf_r
                0x00003c14      0x1e8 c:/program files (x86)/cypress/psoc creator/4.3/psoc creator/import/gnu/arm/5.4.1/bin/../lib/gcc/arm-none-eabi/5.4.1/../../../../arm-none-eabi/lib/armv7-m\libg_nano.a(lib_a-nano-svfprintf.o)
                0x00003c14                _svfiprintf_r
                0x00003c14                _svfprintf_r
 .text._printf_common
                0x00003dfc       0xec c:/program files (x86)/cypress/psoc creator/4.3/psoc creator/import/gnu/arm/5.4.1/bin/../lib/gcc/arm-none-eabi/5.4.1/../../../../arm-none-eabi/lib/armv7-m\libg_nano.a(lib_a-nano-vfprintf_i.o)
                0x00003dfc                _printf_common
 .text._printf_i
                0x00003ee8      0x24c c:/program files (x86)/cypress/psoc creator/4.3/psoc creator/import/gnu/arm/5.4.1/bin/../lib/gcc/arm-none-eabi/5.4.1/../../../../arm-none-eabi/lib/armv7-m\libg_nano.a(lib_a-nano-vfprintf_i.o)
                0x00003ee8                _printf_i
 .text.memchr   0x00004134       0x1c c:/program files (x86)/cypress/psoc creator/4.3/psoc creator/import/gnu/arm/5.4.1/bin/../lib/gcc/arm-none-eabi/5.4.1/../../../../arm-none-eabi/lib/armv7-m\libg_nano.a(lib_a-memchr-stub.o)
                0x00004134                memchr
 .text.memmove  0x00004150       0x36 c:/program files (x86)/cypress/psoc creator/4.3/psoc creator/import/gnu/arm/5.4.1/bin/../lib/gcc/arm-none-eabi/5.4.1/../../../../arm-none-eabi/lib/armv7-m\libg_nano.a(lib_a-memmove.o)
                0x00004150                memmove
 *fill*         0x00004186        0x2 
 .text._free_r  0x00004188       0x98 c:/program files (x86)/cypress/psoc creator/4.3/psoc creator/import/gnu/arm/5.4.1/bin/../lib/gcc/arm-none-eabi/5.4.1/../../../../arm-none-eabi/lib/armv7-m\libg_nano.a(lib_a-nano-freer.o)
                0x00004188                _free_r
 .text._malloc_r
                0x00004220       0xbc c:/program files (x86)/cypress/psoc creator/4.3/psoc creator/import/gnu/arm/5.4.1/bin/../lib/gcc/arm-none-eabi/5.4.1/../../../../arm-none-eabi/lib/armv7-m\libg_nano.a(lib_a-nano-mallocr.o)
                0x00004220                _malloc_r
 .text._realloc_r
                0x000042dc       0x4c c:/program files (x86)/cypress/psoc creator/4.3/psoc creator/import/gnu/arm/5.4.1/bin/../lib/gcc/arm-none-eabi/5.4.1/../../../../arm-none-eabi/lib/armv7-m\libg_nano.a(lib_a-nano-reallocr.o)
                0x000042dc                _realloc_r
 .text._sbrk_r  0x00004328       0x20 c:/program files (x86)/cypress/psoc creator/4.3/psoc creator/import/gnu/arm/5.4.1/bin/../lib/gcc/arm-none-eabi/5.4.1/../../../../arm-none-eabi/lib/armv7-m\libg_nano.a(lib_a-sbrkr.o)
                0x00004328                _sbrk_r
 .text.__malloc_lock
                0x00004348        0x2 c:/program files (x86)/cypress/psoc creator/4.3/psoc creator/import/gnu/arm/5.4.1/bin/../lib/gcc/arm-none-eabi/5.4.1/../../../../arm-none-eabi/lib/armv7-m\libg_nano.a(lib_a-mlock.o)
                0x00004348                __malloc_lock
 .text.__malloc_unlock
                0x0000434a        0x2 c:/program files (x86)/cypress/psoc creator/4.3/psoc creator/import/gnu/arm/5.4.1/bin/../lib/gcc/arm-none-eabi/5.4.1/../../../../arm-none-eabi/lib/armv7-m\libg_nano.a(lib_a-mlock.o)
                0x0000434a                __malloc_unlock
 .text._malloc_usable_size_r
                0x0000434c       0x14 c:/program files (x86)/cypress/psoc creator/4.3/psoc creator/import/gnu/arm/5.4.1/bin/../lib/gcc/arm-none-eabi/5.4.1/../../../../arm-none-eabi/lib/armv7-m\libg_nano.a(lib_a-nano-msizer.o)
                0x0000434c                _malloc_usable_size_r
 *(.plt)
 *(.gnu.warning)
 *(.glue_7t)
 .glue_7t       0x00004360        0x0 linker stubs
 *(.glue_7)
 .glue_7        0x00004360        0x0 linker stubs
 *(.vfp11_veneer)
 .vfp11_veneer  0x00004360        0x0 linker stubs
 *(.bootloader)
 *(.ARM.extab* .gnu.linkonce.armextab.*)
 *(.gcc_except_table)

.v4_bx          0x00004360        0x0
 .v4_bx         0x00004360        0x0 linker stubs

.iplt           0x00004360        0x0
 .iplt          0x00004360        0x0 c:/program files (x86)/cypress/psoc creator/4.3/psoc creator/import/gnu/arm/5.4.1/bin/../lib/gcc/arm-none-eabi/5.4.1/armv7-m/crtbegin.o

.eh_frame_hdr
 *(.eh_frame_hdr)

.eh_frame       0x00004360        0x4
 *(.eh_frame)
 .eh_frame      0x00004360        0x0 c:/program files (x86)/cypress/psoc creator/4.3/psoc creator/import/gnu/arm/5.4.1/bin/../lib/gcc/arm-none-eabi/5.4.1/armv7-m/crtbegin.o
 .eh_frame      0x00004360        0x4 c:/program files (x86)/cypress/psoc creator/4.3/psoc creator/import/gnu/arm/5.4.1/bin/../lib/gcc/arm-none-eabi/5.4.1/armv7-m/crtend.o
                [!provide]                PROVIDE (__exidx_start, .)

.ARM.exidx
 *(.ARM.exidx* .gnu.linkonce.armexidx.*)
                0x00004364                __exidx_end = .

.rodata         0x00004364      0x704
 *(.rodata .rodata.* .gnu.linkonce.r.*)
 .rodata        0x00004364        0xc .\CortexM3\ARM_GCC_541\Debug\main.o
                0x00004368                Timer_Period
 .rodata.str1.4
                0x00004370      0x213 .\CortexM3\ARM_GCC_541\Debug\main.o
                                0x22b (size before relaxing)
 *fill*         0x00004583        0x1 
 .rodata        0x00004584        0x8 .\CortexM3\ARM_GCC_541\Debug\LIS3DH.o
                0x00004584                lis3dh_dataRange_t
                0x00004588                lis3dh_dataRate_t
 .rodata.str1.4
                0x0000458c       0x15 .\CortexM3\ARM_GCC_541\Debug\LIS3DH.o
 *fill*         0x000045a1        0x3 
 .rodata.str1.4
                0x000045a4      0x3e0 .\CortexM3\ARM_GCC_541\Debug\InterruptRoutines.o
                                0x3f7 (size before relaxing)
 .rodata        0x00004984       0x7a .\CortexM3\ARM_GCC_541\Debug\cyfitter_cfg.o
                0x00004984                AMux__addrTable
                0x00004994                AMux__maskTable
                0x00004998                ADC_DelSig_AMux__addrTable
                0x000049a0                ADC_DelSig_AMux__maskTable
 .rodata.str1.1
                0x000049fe        0x2 c:/program files (x86)/cypress/psoc creator/4.3/psoc creator/import/gnu/arm/5.4.1/bin/../lib/gcc/arm-none-eabi/5.4.1/../../../../arm-none-eabi/lib/armv7-m\libg_nano.a(lib_a-impure.o)
 .rodata.str1.1
                0x00004a00       0x11 c:/program files (x86)/cypress/psoc creator/4.3/psoc creator/import/gnu/arm/5.4.1/bin/../lib/gcc/arm-none-eabi/5.4.1/../../../../arm-none-eabi/lib/armv7-m\libg_nano.a(lib_a-nano-svfprintf.o)
 .rodata.str1.1
                0x00004a11       0x22 c:/program files (x86)/cypress/psoc creator/4.3/psoc creator/import/gnu/arm/5.4.1/bin/../lib/gcc/arm-none-eabi/5.4.1/../../../../arm-none-eabi/lib/armv7-m\libg_nano.a(lib_a-nano-vfprintf_i.o)
                0x00004a34                . = ALIGN (0x4)
 *fill*         0x00004a33        0x1 
 *(.init)
 .init          0x00004a34        0x4 c:/program files (x86)/cypress/psoc creator/4.3/psoc creator/import/gnu/arm/5.4.1/bin/../lib/gcc/arm-none-eabi/5.4.1/armv7-m/crti.o
                0x00004a34                _init
 .init          0x00004a38        0x8 c:/program files (x86)/cypress/psoc creator/4.3/psoc creator/import/gnu/arm/5.4.1/bin/../lib/gcc/arm-none-eabi/5.4.1/armv7-m/crtn.o
                0x00004a40                . = ALIGN (0x4)
                0x00004a40                __preinit_array_start = .
 *(.preinit_array)
                0x00004a40                __preinit_array_end = .
                0x00004a40                . = ALIGN (0x4)
                0x00004a40                __init_array_start = .
 *(SORT(.init_array.*))
 *(.init_array)
 .init_array    0x00004a40        0x4 c:/program files (x86)/cypress/psoc creator/4.3/psoc creator/import/gnu/arm/5.4.1/bin/../lib/gcc/arm-none-eabi/5.4.1/armv7-m/crtbegin.o
 .init_array    0x00004a44        0x4 .\CortexM3\ARM_GCC_541\Debug\Cm3Start.o
                0x00004a48                __init_array_end = .
                0x00004a48                . = ALIGN (0x4)
 *(.fini)
 .fini          0x00004a48        0x4 c:/program files (x86)/cypress/psoc creator/4.3/psoc creator/import/gnu/arm/5.4.1/bin/../lib/gcc/arm-none-eabi/5.4.1/armv7-m/crti.o
                0x00004a48                _fini
 .fini          0x00004a4c        0x8 c:/program files (x86)/cypress/psoc creator/4.3/psoc creator/import/gnu/arm/5.4.1/bin/../lib/gcc/arm-none-eabi/5.4.1/armv7-m/crtn.o
                0x00004a54                . = ALIGN (0x4)
                0x00004a54                __fini_array_start = .
 *(.fini_array)
 .fini_array    0x00004a54        0x4 c:/program files (x86)/cypress/psoc creator/4.3/psoc creator/import/gnu/arm/5.4.1/bin/../lib/gcc/arm-none-eabi/5.4.1/armv7-m/crtbegin.o
 *(SORT(.fini_array.*))
                0x00004a58                __fini_array_end = .
                0x00004a58                . = ALIGN (0x4)
 *crtbegin.o(.ctors)
 *(EXCLUDE_FILE(*crtend.o) .ctors)
 *(SORT(.ctors.*))
 *crtend.o(.ctors)
                0x00004a58                . = ALIGN (0x4)
 *crtbegin.o(.dtors)
 *(EXCLUDE_FILE(*crtend.o) .dtors)
 *(SORT(.dtors.*))
 *crtend.o(.dtors)
                0x00004a58                . = ALIGN (0x4)
                0x00004a58                __cy_regions = .
                0x00004a58        0x4 LONG 0x4a68 __cy_region_init_ram
                0x00004a5c        0x4 LONG 0x1fff80c8 __cy_region_start_data
                0x00004a60        0x4 LONG 0x98 __cy_region_init_size_ram
                0x00004a64        0x4 LONG 0x270 __cy_region_zero_size_ram
                0x00004a68                __cy_regions_end = .
                0x00004a68                . = ALIGN (0x8)
                0x00004a68                _etext = .

.cy_checksum_exclude
                0x00004a68        0x0
 *(.cy_checksum_exclude)

.ramvectors     0x1fff8000       0xc0
                0x1fff8000                __cy_region_start_ram = .
 *(.ramvectors)
 .ramvectors    0x1fff8000       0xc0 .\CortexM3\ARM_GCC_541\Debug\Cm3Start.o
                0x1fff8000                CyRamVectors

.noinit         0x1fff80c0        0x1
 *(.noinit)
 .noinit        0x1fff80c0        0x1 .\CortexM3\ARM_GCC_541\Debug\AY1920_II_FINAL_PROJECT.a(CyLib.o)
                0x1fff80c0                CyResetStatus

.data           0x1fff80c8       0x98 load address 0x00004a68
                0x1fff80c8                __cy_region_start_data = .
 *(.jcr)
 .jcr           0x1fff80c8        0x0 c:/program files (x86)/cypress/psoc creator/4.3/psoc creator/import/gnu/arm/5.4.1/bin/../lib/gcc/arm-none-eabi/5.4.1/armv7-m/crtbegin.o
 .jcr           0x1fff80c8        0x4 c:/program files (x86)/cypress/psoc creator/4.3/psoc creator/import/gnu/arm/5.4.1/bin/../lib/gcc/arm-none-eabi/5.4.1/armv7-m/crtend.o
 *(.got.plt)
 *(.got)
 *(.shdata)
 *(.data .data.* .gnu.linkonce.d.*)
 .data          0x1fff80cc        0x2 .\CortexM3\ARM_GCC_541\Debug\main.o
                0x1fff80cc                indexSTREAM
 *fill*         0x1fff80ce        0x2 
 .data          0x1fff80d0        0x2 .\CortexM3\ARM_GCC_541\Debug\InterruptRoutines.o
                0x1fff80d0                configSets
 *fill*         0x1fff80d2        0x2 
 .data          0x1fff80d4        0x4 .\CortexM3\ARM_GCC_541\Debug\Cm3Start.o
 .data          0x1fff80d8        0x1 .\CortexM3\ARM_GCC_541\Debug\AY1920_II_FINAL_PROJECT.a(ADC_DelSig.o)
                0x1fff80d8                ADC_DelSig_Config
 .data          0x1fff80d9        0x1 .\CortexM3\ARM_GCC_541\Debug\AY1920_II_FINAL_PROJECT.a(AMux.o)
 .data          0x1fff80da        0x1 .\CortexM3\ARM_GCC_541\Debug\AY1920_II_FINAL_PROJECT.a(ADC_DelSig_AMux.o)
 *fill*         0x1fff80db        0x1 
 .data          0x1fff80dc        0x8 .\CortexM3\ARM_GCC_541\Debug\AY1920_II_FINAL_PROJECT.a(CyDmac.o)
 .data          0x1fff80e4       0x10 .\CortexM3\ARM_GCC_541\Debug\AY1920_II_FINAL_PROJECT.a(CyLib.o)
                0x1fff80e4                cydelay_32k_ms
                0x1fff80e8                cydelay_freq_khz
                0x1fff80ec                cydelay_freq_mhz
                0x1fff80f0                cydelay_freq_hz
 .data          0x1fff80f4        0x1 .\CortexM3\ARM_GCC_541\Debug\AY1920_II_FINAL_PROJECT.a(DMA_dma.o)
                0x1fff80f4                DMA_DmaHandle
 *fill*         0x1fff80f5        0x3 
 .data.impure_data
                0x1fff80f8       0x60 c:/program files (x86)/cypress/psoc creator/4.3/psoc creator/import/gnu/arm/5.4.1/bin/../lib/gcc/arm-none-eabi/5.4.1/../../../../arm-none-eabi/lib/armv7-m\libg_nano.a(lib_a-impure.o)
 .data._impure_ptr
                0x1fff8158        0x4 c:/program files (x86)/cypress/psoc creator/4.3/psoc creator/import/gnu/arm/5.4.1/bin/../lib/gcc/arm-none-eabi/5.4.1/../../../../arm-none-eabi/lib/armv7-m\libg_nano.a(lib_a-impure.o)
                0x1fff8158                _impure_ptr
                0x1fff8160                . = ALIGN (0x8)
 *fill*         0x1fff815c        0x4 
 *(.ram)
                0x1fff8160                _edata = .

.igot.plt       0x1fff8160        0x0 load address 0x00004b00
 .igot.plt      0x1fff8160        0x0 c:/program files (x86)/cypress/psoc creator/4.3/psoc creator/import/gnu/arm/5.4.1/bin/../lib/gcc/arm-none-eabi/5.4.1/armv7-m/crtbegin.o

.bss            0x1fff8160      0x270 load address 0x00004b00
                0x1fff8160                PROVIDE (__bss_start__, .)
 *(.shbss)
 *(.bss .bss.* .gnu.linkonce.b.*)
 .bss           0x1fff8160       0x1c c:/program files (x86)/cypress/psoc creator/4.3/psoc creator/import/gnu/arm/5.4.1/bin/../lib/gcc/arm-none-eabi/5.4.1/armv7-m/crtbegin.o
 .bss           0x1fff817c        0x2 .\CortexM3\ARM_GCC_541\Debug\main.o
                0x1fff817c                memoryFull
                0x1fff817d                dataReady_DMA
 .bss           0x1fff817e        0x3 .\CortexM3\ARM_GCC_541\Debug\InterruptRoutines.o
                0x1fff817e                dataReady_FIFO
                0x1fff817f                dataReady_STREAM
                0x1fff8180                FlagFSR
 .bss           0x1fff8181        0x1 .\CortexM3\ARM_GCC_541\Debug\AY1920_II_FINAL_PROJECT.a(Timer_ADC.o)
                0x1fff8181                Timer_ADC_initVar
 .bss           0x1fff8182        0x1 .\CortexM3\ARM_GCC_541\Debug\AY1920_II_FINAL_PROJECT.a(Timer_STREAM.o)
                0x1fff8182                Timer_STREAM_initVar
 .bss           0x1fff8183        0x1 .\CortexM3\ARM_GCC_541\Debug\AY1920_II_FINAL_PROJECT.a(PWM_BLINK.o)
                0x1fff8183                PWM_BLINK_initVar
 .bss           0x1fff8184        0xc .\CortexM3\ARM_GCC_541\Debug\AY1920_II_FINAL_PROJECT.a(ADC_DelSig.o)
                0x1fff8188                ADC_DelSig_stopConversion
                0x1fff8189                ADC_DelSig_convDone
                0x1fff818a                ADC_DelSig_initVar
                0x1fff818b                ADC_DelSig_started
                0x1fff818c                ADC_DelSig_Offset
 .bss           0x1fff8190        0x2 .\CortexM3\ARM_GCC_541\Debug\AY1920_II_FINAL_PROJECT.a(UART.o)
                0x1fff8190                UART_initVar
 .bss           0x1fff8192        0x1 .\CortexM3\ARM_GCC_541\Debug\AY1920_II_FINAL_PROJECT.a(SPIM_EEPROM.o)
                0x1fff8192                SPIM_EEPROM_initVar
 .bss           0x1fff8193        0x1 .\CortexM3\ARM_GCC_541\Debug\AY1920_II_FINAL_PROJECT.a(SPIM_LIS3DH.o)
                0x1fff8193                SPIM_LIS3DH_initVar
 .bss.__malloc_sbrk_start
                0x1fff8194        0x4 c:/program files (x86)/cypress/psoc creator/4.3/psoc creator/import/gnu/arm/5.4.1/bin/../lib/gcc/arm-none-eabi/5.4.1/../../../../arm-none-eabi/lib/armv7-m\libg_nano.a(lib_a-nano-mallocr.o)
                0x1fff8194                __malloc_sbrk_start
 .bss.__malloc_free_list
                0x1fff8198        0x4 c:/program files (x86)/cypress/psoc creator/4.3/psoc creator/import/gnu/arm/5.4.1/bin/../lib/gcc/arm-none-eabi/5.4.1/../../../../arm-none-eabi/lib/armv7-m\libg_nano.a(lib_a-nano-mallocr.o)
                0x1fff8198                __malloc_free_list
 *(COMMON)
 COMMON         0x1fff819c      0x1d7 .\CortexM3\ARM_GCC_541\Debug\main.o
                0x1fff819c                frequency
                0x1fff81a0                DataBuffer
                0x1fff81a8                dataFIFO
                0x1fff8268                ADCBuffer
                0x1fff82a8                bufferUART
                0x1fff8370                PacketReadyFlag
                0x1fff8371                reg_value
                0x1fff8372                ResetButton
 *fill*         0x1fff8373        0x1 
 COMMON         0x1fff8374       0x12 .\CortexM3\ARM_GCC_541\Debug\InterruptRoutines.o
                0x1fff8374                cfg_reg_old
                0x1fff8378                data_config
                0x1fff837c                indexEEPROM
                0x1fff837e                cfg_reg
                0x1fff837f                ch_receveid
                0x1fff8380                value_digit_analog
                0x1fff8382                Stopstream
                0x1fff8383                ControlFlag
                0x1fff8384                update_cfg_reg
                0x1fff8385                Startstream
 *fill*         0x1fff8386        0x2 
 COMMON         0x1fff8388        0x4 .\CortexM3\ARM_GCC_541\Debug\AY1920_II_FINAL_PROJECT.a(ADC_DelSig.o)
                0x1fff8388                ADC_DelSig_CountsPerVolt
 COMMON         0x1fff838c       0x1d .\CortexM3\ARM_GCC_541\Debug\AY1920_II_FINAL_PROJECT.a(SPIM_EEPROM.o)
                0x1fff838c                SPIM_EEPROM_swStatusTx
                0x1fff838d                SPIM_EEPROM_rxBufferRead
                0x1fff8390                SPIM_EEPROM_txBuffer
                0x1fff8398                SPIM_EEPROM_txBufferFull
                0x1fff839c                SPIM_EEPROM_rxBuffer
                0x1fff83a4                SPIM_EEPROM_rxBufferFull
                0x1fff83a5                SPIM_EEPROM_txBufferRead
                0x1fff83a6                SPIM_EEPROM_txBufferWrite
                0x1fff83a7                SPIM_EEPROM_rxBufferWrite
                0x1fff83a8                SPIM_EEPROM_swStatusRx
 *fill*         0x1fff83a9        0x3 
 COMMON         0x1fff83ac       0x1e .\CortexM3\ARM_GCC_541\Debug\AY1920_II_FINAL_PROJECT.a(SPIM_LIS3DH.o)
                0x1fff83ac                SPIM_LIS3DH_rxBufferWrite
                0x1fff83ad                SPIM_LIS3DH_rxBufferFull
                0x1fff83ae                SPIM_LIS3DH_rxBufferRead
                0x1fff83af                SPIM_LIS3DH_swStatusRx
                0x1fff83b0                SPIM_LIS3DH_txBufferWrite
                0x1fff83b4                SPIM_LIS3DH_txBuffer
                0x1fff83bc                SPIM_LIS3DH_txBufferFull
                0x1fff83c0                SPIM_LIS3DH_rxBuffer
                0x1fff83c8                SPIM_LIS3DH_swStatusTx
                0x1fff83c9                SPIM_LIS3DH_txBufferRead
 *fill*         0x1fff83ca        0x2 
 COMMON         0x1fff83cc        0x4 c:/program files (x86)/cypress/psoc creator/4.3/psoc creator/import/gnu/arm/5.4.1/bin/../lib/gcc/arm-none-eabi/5.4.1/../../../../arm-none-eabi/lib/armv7-m\libg_nano.a(lib_a-reent.o)
                0x1fff83cc                errno
                0x1fff83d0                . = ALIGN (0x8)
 *(.ram.b)
                0x1fff83d0                _end = .
                0x1fff83d0                __end = .
                0x1fff83d0                PROVIDE (end, .)
                0x1fff83d0                PROVIDE (__bss_end__, .)
                0x00004a68                __cy_region_init_ram = LOADADDR (.data)
                0x00000098                __cy_region_init_size_ram = (_edata - ADDR (.data))
                0x00000270                __cy_region_zero_size_ram = (_end - _edata)

.heap           0x1fff83d0       0x80 load address 0x00004b00
                0x1fff83d0                . = _end
                0x1fff8450                . = (. + 0x80)
 *fill*         0x1fff83d0       0x80 
                0x1fff8450                __cy_heap_limit = .

.stack          0x20007800      0x800
                0x20007800                __cy_stack_limit = .
                0x20008000                . = (. + 0x800)
 *fill*         0x20007800      0x800 
                0x00000001                ASSERT ((__cy_stack_limit >= __cy_heap_limit), region RAM overflowed with stack)
                0x00000000                cy_checksum_exclude_size = (CY_APPL_LOADABLE == 0x1)?SIZEOF (.cy_checksum_exclude):0x0
                0x00000001                ASSERT ((cy_checksum_exclude_size <= CY_CHECKSUM_EXCLUDE_SIZE), CY_BOOT: Section .cy_checksum_exclude size exceedes specified limit.)

.cyloadermeta
 *(.cyloadermeta)

.cyloadablemeta
 *(.cyloadablemeta)

.cyconfigecc    0x80000000      0x96c
 *(.cyconfigecc)
 .cyconfigecc   0x80000000      0x96c .\CortexM3\ARM_GCC_541\Debug\cymetadata.o
                0x80000000                cy_meta_configecc

.cycustnvl      0x90000000        0x4
 *(.cycustnvl)
 .cycustnvl     0x90000000        0x4 .\CortexM3\ARM_GCC_541\Debug\cymetadata.o
                0x90000000                cy_meta_custnvl

.cywolatch      0x90100000        0x4
 *(.cywolatch)
 .cywolatch     0x90100000        0x4 .\CortexM3\ARM_GCC_541\Debug\cymetadata.o
                0x90100000                cy_meta_wonvl

.cyeeprom       0x90200000        0x0
 *(.cyeeprom)
                0x00000001                ASSERT ((. <= ((0x90200000 + ee_offset) + ee_size)), .cyeeprom data will not fit in EEPROM)

.cyflashprotect
                0x90400000      0x100
 *(.cyflashprotect)
 .cyflashprotect
                0x90400000      0x100 .\CortexM3\ARM_GCC_541\Debug\cymetadata.o
                0x90400000                cy_meta_flashprotect

.cymeta         0x90500000        0xc
 *(.cymeta)
 .cymeta        0x90500000        0xc .\CortexM3\ARM_GCC_541\Debug\cymetadata.o
                0x90500000                cy_metadata

.rel.dyn        0x00004b00        0x0 load address 0x9050000c
 .rel.iplt      0x00004b00        0x0 c:/program files (x86)/cypress/psoc creator/4.3/psoc creator/import/gnu/arm/5.4.1/bin/../lib/gcc/arm-none-eabi/5.4.1/armv7-m/crtbegin.o

.stab
 *(.stab)

.stabstr
 *(.stabstr)

.debug
 *(.debug)

.line
 *(.line)

.debug_srcinfo
 *(.debug_srcinfo)

.debug_sfnames
 *(.debug_sfnames)

.debug_aranges  0x00000000     0x14f8
 *(.debug_aranges)
 .debug_aranges
                0x00000000       0x40 .\CortexM3\ARM_GCC_541\Debug\main.o
 .debug_aranges
                0x00000040       0x60 .\CortexM3\ARM_GCC_541\Debug\25LC256.o
 .debug_aranges
                0x000000a0       0x50 .\CortexM3\ARM_GCC_541\Debug\SPI_Interface.o
 .debug_aranges
                0x000000f0       0x68 .\CortexM3\ARM_GCC_541\Debug\LIS3DH.o
 .debug_aranges
                0x00000158       0x58 .\CortexM3\ARM_GCC_541\Debug\InterruptRoutines.o
 .debug_aranges
                0x000001b0       0x20 .\CortexM3\ARM_GCC_541\Debug\DMARoutines.o
 .debug_aranges
                0x000001d0       0x78 .\CortexM3\ARM_GCC_541\Debug\cyfitter_cfg.o
 .debug_aranges
                0x00000248       0x18 .\CortexM3\ARM_GCC_541\Debug\cymetadata.o
 .debug_aranges
                0x00000260       0x48 .\CortexM3\ARM_GCC_541\Debug\Cm3Start.o
 .debug_aranges
                0x000002a8       0x88 .\CortexM3\ARM_GCC_541\Debug\AY1920_II_FINAL_PROJECT.a(Timer_ADC.o)
 .debug_aranges
                0x00000330       0x38 .\CortexM3\ARM_GCC_541\Debug\AY1920_II_FINAL_PROJECT.a(Pin_LED_ext.o)
 .debug_aranges
                0x00000368       0x80 .\CortexM3\ARM_GCC_541\Debug\AY1920_II_FINAL_PROJECT.a(isr_STREAM.o)
 .debug_aranges
                0x000003e8       0x88 .\CortexM3\ARM_GCC_541\Debug\AY1920_II_FINAL_PROJECT.a(Timer_STREAM.o)
 .debug_aranges
                0x00000470       0x80 .\CortexM3\ARM_GCC_541\Debug\AY1920_II_FINAL_PROJECT.a(isr_INT.o)
 .debug_aranges
                0x000004f0       0x98 .\CortexM3\ARM_GCC_541\Debug\AY1920_II_FINAL_PROJECT.a(PWM_BLINK.o)
 .debug_aranges
                0x00000588       0x70 .\CortexM3\ARM_GCC_541\Debug\AY1920_II_FINAL_PROJECT.a(blink_clock.o)
 .debug_aranges
                0x000005f8       0x80 .\CortexM3\ARM_GCC_541\Debug\AY1920_II_FINAL_PROJECT.a(SW1_ISR.o)
 .debug_aranges
                0x00000678       0x38 .\CortexM3\ARM_GCC_541\Debug\AY1920_II_FINAL_PROJECT.a(CS_2.o)
 .debug_aranges
                0x000006b0       0x38 .\CortexM3\ARM_GCC_541\Debug\AY1920_II_FINAL_PROJECT.a(CS_1.o)
 .debug_aranges
                0x000006e8       0x80 .\CortexM3\ARM_GCC_541\Debug\AY1920_II_FINAL_PROJECT.a(isr_RX.o)
 .debug_aranges
                0x00000768       0xe8 .\CortexM3\ARM_GCC_541\Debug\AY1920_II_FINAL_PROJECT.a(ADC_DelSig.o)
 .debug_aranges
                0x00000850       0x38 .\CortexM3\ARM_GCC_541\Debug\AY1920_II_FINAL_PROJECT.a(ADC_DelSig_INT.o)
 .debug_aranges
                0x00000888       0x30 .\CortexM3\ARM_GCC_541\Debug\AY1920_II_FINAL_PROJECT.a(AMux.o)
 .debug_aranges
                0x000008b8       0xf0 .\CortexM3\ARM_GCC_541\Debug\AY1920_II_FINAL_PROJECT.a(UART.o)
 .debug_aranges
                0x000009a8       0xd8 .\CortexM3\ARM_GCC_541\Debug\AY1920_II_FINAL_PROJECT.a(SPIM_EEPROM.o)
 .debug_aranges
                0x00000a80       0x28 .\CortexM3\ARM_GCC_541\Debug\AY1920_II_FINAL_PROJECT.a(SPIM_EEPROM_INT.o)
 .debug_aranges
                0x00000aa8       0xd8 .\CortexM3\ARM_GCC_541\Debug\AY1920_II_FINAL_PROJECT.a(SPIM_LIS3DH.o)
 .debug_aranges
                0x00000b80       0x28 .\CortexM3\ARM_GCC_541\Debug\AY1920_II_FINAL_PROJECT.a(SPIM_LIS3DH_INT.o)
 .debug_aranges
                0x00000ba8       0x30 .\CortexM3\ARM_GCC_541\Debug\AY1920_II_FINAL_PROJECT.a(ADC_DelSig_AMux.o)
 .debug_aranges
                0x00000bd8       0x70 .\CortexM3\ARM_GCC_541\Debug\AY1920_II_FINAL_PROJECT.a(ADC_DelSig_Ext_CP_Clk.o)
 .debug_aranges
                0x00000c48       0x80 .\CortexM3\ARM_GCC_541\Debug\AY1920_II_FINAL_PROJECT.a(ADC_DelSig_IRQ.o)
 .debug_aranges
                0x00000cc8       0x80 .\CortexM3\ARM_GCC_541\Debug\AY1920_II_FINAL_PROJECT.a(ADC_DelSig_theACLK.o)
 .debug_aranges
                0x00000d48       0x70 .\CortexM3\ARM_GCC_541\Debug\AY1920_II_FINAL_PROJECT.a(UART_IntClock.o)
 .debug_aranges
                0x00000db8       0x70 .\CortexM3\ARM_GCC_541\Debug\AY1920_II_FINAL_PROJECT.a(SPIM_EEPROM_IntClock.o)
 .debug_aranges
                0x00000e28       0x70 .\CortexM3\ARM_GCC_541\Debug\AY1920_II_FINAL_PROJECT.a(SPIM_LIS3DH_IntClock.o)
 .debug_aranges
                0x00000e98       0xd8 .\CortexM3\ARM_GCC_541\Debug\AY1920_II_FINAL_PROJECT.a(CyDmac.o)
 .debug_aranges
                0x00000f70      0x2a0 .\CortexM3\ARM_GCC_541\Debug\AY1920_II_FINAL_PROJECT.a(CyLib.o)
 .debug_aranges
                0x00001210       0x98 .\CortexM3\ARM_GCC_541\Debug\AY1920_II_FINAL_PROJECT.a(cyPm.o)
 .debug_aranges
                0x000012a8       0x80 .\CortexM3\ARM_GCC_541\Debug\AY1920_II_FINAL_PROJECT.a(isr_TIMER_ADC.o)
 .debug_aranges
                0x00001328       0x28 .\CortexM3\ARM_GCC_541\Debug\AY1920_II_FINAL_PROJECT.a(DMA_dma.o)
 .debug_aranges
                0x00001350       0x80 .\CortexM3\ARM_GCC_541\Debug\AY1920_II_FINAL_PROJECT.a(isr_DMA.o)
 .debug_aranges
                0x000013d0       0x20 .\CortexM3\ARM_GCC_541\Debug\AY1920_II_FINAL_PROJECT.a(CyBootAsmGnu.o)
 .debug_aranges
                0x000013f0       0x88 .\CortexM3\ARM_GCC_541\Debug\AY1920_II_FINAL_PROJECT.a(CyFlash.o)
 .debug_aranges
                0x00001478       0x80 .\CortexM3\ARM_GCC_541\Debug\AY1920_II_FINAL_PROJECT.a(CySpc.o)

.debug_pubnames
 *(.debug_pubnames)

.debug_info     0x00000000     0xbfd0
 *(.debug_info .gnu.linkonce.wi.*)
 .debug_info    0x00000000     0x101d .\CortexM3\ARM_GCC_541\Debug\main.o
 .debug_info    0x0000101d      0x48c .\CortexM3\ARM_GCC_541\Debug\25LC256.o
 .debug_info    0x000014a9      0x6d4 .\CortexM3\ARM_GCC_541\Debug\SPI_Interface.o
 .debug_info    0x00001b7d      0x501 .\CortexM3\ARM_GCC_541\Debug\LIS3DH.o
 .debug_info    0x0000207e      0x7bb .\CortexM3\ARM_GCC_541\Debug\InterruptRoutines.o
 .debug_info    0x00002839      0x24b .\CortexM3\ARM_GCC_541\Debug\DMARoutines.o
 .debug_info    0x00002a84      0x788 .\CortexM3\ARM_GCC_541\Debug\cyfitter_cfg.o
 .debug_info    0x0000320c      0x139 .\CortexM3\ARM_GCC_541\Debug\cymetadata.o
 .debug_info    0x00003345      0x3cf .\CortexM3\ARM_GCC_541\Debug\Cm3Start.o
 .debug_info    0x00003714      0x295 .\CortexM3\ARM_GCC_541\Debug\AY1920_II_FINAL_PROJECT.a(Timer_ADC.o)
 .debug_info    0x000039a9      0x11f .\CortexM3\ARM_GCC_541\Debug\AY1920_II_FINAL_PROJECT.a(Pin_LED_ext.o)
 .debug_info    0x00003ac8      0x2d2 .\CortexM3\ARM_GCC_541\Debug\AY1920_II_FINAL_PROJECT.a(isr_STREAM.o)
 .debug_info    0x00003d9a      0x295 .\CortexM3\ARM_GCC_541\Debug\AY1920_II_FINAL_PROJECT.a(Timer_STREAM.o)
 .debug_info    0x0000402f      0x2d2 .\CortexM3\ARM_GCC_541\Debug\AY1920_II_FINAL_PROJECT.a(isr_INT.o)
 .debug_info    0x00004301      0x34e .\CortexM3\ARM_GCC_541\Debug\AY1920_II_FINAL_PROJECT.a(PWM_BLINK.o)
 .debug_info    0x0000464f      0x283 .\CortexM3\ARM_GCC_541\Debug\AY1920_II_FINAL_PROJECT.a(blink_clock.o)
 .debug_info    0x000048d2      0x2d2 .\CortexM3\ARM_GCC_541\Debug\AY1920_II_FINAL_PROJECT.a(SW1_ISR.o)
 .debug_info    0x00004ba4      0x11f .\CortexM3\ARM_GCC_541\Debug\AY1920_II_FINAL_PROJECT.a(CS_2.o)
 .debug_info    0x00004cc3      0x11f .\CortexM3\ARM_GCC_541\Debug\AY1920_II_FINAL_PROJECT.a(CS_1.o)
 .debug_info    0x00004de2      0x2d2 .\CortexM3\ARM_GCC_541\Debug\AY1920_II_FINAL_PROJECT.a(isr_RX.o)
 .debug_info    0x000050b4      0xa1b .\CortexM3\ARM_GCC_541\Debug\AY1920_II_FINAL_PROJECT.a(ADC_DelSig.o)
 .debug_info    0x00005acf       0xd3 .\CortexM3\ARM_GCC_541\Debug\AY1920_II_FINAL_PROJECT.a(ADC_DelSig_INT.o)
 .debug_info    0x00005ba2      0x165 .\CortexM3\ARM_GCC_541\Debug\AY1920_II_FINAL_PROJECT.a(AMux.o)
 .debug_info    0x00005d07      0x60c .\CortexM3\ARM_GCC_541\Debug\AY1920_II_FINAL_PROJECT.a(UART.o)
 .debug_info    0x00006313      0x709 .\CortexM3\ARM_GCC_541\Debug\AY1920_II_FINAL_PROJECT.a(SPIM_EEPROM.o)
 .debug_info    0x00006a1c      0x18d .\CortexM3\ARM_GCC_541\Debug\AY1920_II_FINAL_PROJECT.a(SPIM_EEPROM_INT.o)
 .debug_info    0x00006ba9      0x709 .\CortexM3\ARM_GCC_541\Debug\AY1920_II_FINAL_PROJECT.a(SPIM_LIS3DH.o)
 .debug_info    0x000072b2      0x18d .\CortexM3\ARM_GCC_541\Debug\AY1920_II_FINAL_PROJECT.a(SPIM_LIS3DH_INT.o)
 .debug_info    0x0000743f      0x165 .\CortexM3\ARM_GCC_541\Debug\AY1920_II_FINAL_PROJECT.a(ADC_DelSig_AMux.o)
 .debug_info    0x000075a4      0x283 .\CortexM3\ARM_GCC_541\Debug\AY1920_II_FINAL_PROJECT.a(ADC_DelSig_Ext_CP_Clk.o)
 .debug_info    0x00007827      0x2d2 .\CortexM3\ARM_GCC_541\Debug\AY1920_II_FINAL_PROJECT.a(ADC_DelSig_IRQ.o)
 .debug_info    0x00007af9      0x2c4 .\CortexM3\ARM_GCC_541\Debug\AY1920_II_FINAL_PROJECT.a(ADC_DelSig_theACLK.o)
 .debug_info    0x00007dbd      0x283 .\CortexM3\ARM_GCC_541\Debug\AY1920_II_FINAL_PROJECT.a(UART_IntClock.o)
 .debug_info    0x00008040      0x283 .\CortexM3\ARM_GCC_541\Debug\AY1920_II_FINAL_PROJECT.a(SPIM_EEPROM_IntClock.o)
 .debug_info    0x000082c3      0x283 .\CortexM3\ARM_GCC_541\Debug\AY1920_II_FINAL_PROJECT.a(SPIM_LIS3DH_IntClock.o)
 .debug_info    0x00008546      0x94e .\CortexM3\ARM_GCC_541\Debug\AY1920_II_FINAL_PROJECT.a(CyDmac.o)
 .debug_info    0x00008e94     0x1374 .\CortexM3\ARM_GCC_541\Debug\AY1920_II_FINAL_PROJECT.a(CyLib.o)
 .debug_info    0x0000a208      0xa2a .\CortexM3\ARM_GCC_541\Debug\AY1920_II_FINAL_PROJECT.a(cyPm.o)
 .debug_info    0x0000ac32      0x2d2 .\CortexM3\ARM_GCC_541\Debug\AY1920_II_FINAL_PROJECT.a(isr_TIMER_ADC.o)
 .debug_info    0x0000af04      0x1a8 .\CortexM3\ARM_GCC_541\Debug\AY1920_II_FINAL_PROJECT.a(DMA_dma.o)
 .debug_info    0x0000b0ac      0x2d2 .\CortexM3\ARM_GCC_541\Debug\AY1920_II_FINAL_PROJECT.a(isr_DMA.o)
 .debug_info    0x0000b37e       0xb5 .\CortexM3\ARM_GCC_541\Debug\AY1920_II_FINAL_PROJECT.a(CyBootAsmGnu.o)
 .debug_info    0x0000b433      0x64d .\CortexM3\ARM_GCC_541\Debug\AY1920_II_FINAL_PROJECT.a(CyFlash.o)
 .debug_info    0x0000ba80      0x550 .\CortexM3\ARM_GCC_541\Debug\AY1920_II_FINAL_PROJECT.a(CySpc.o)

.debug_abbrev   0x00000000     0x3561
 *(.debug_abbrev)
 .debug_abbrev  0x00000000      0x1c1 .\CortexM3\ARM_GCC_541\Debug\main.o
 .debug_abbrev  0x000001c1      0x129 .\CortexM3\ARM_GCC_541\Debug\25LC256.o
 .debug_abbrev  0x000002ea      0x13a .\CortexM3\ARM_GCC_541\Debug\SPI_Interface.o
 .debug_abbrev  0x00000424      0x17c .\CortexM3\ARM_GCC_541\Debug\LIS3DH.o
 .debug_abbrev  0x000005a0      0x13b .\CortexM3\ARM_GCC_541\Debug\InterruptRoutines.o
 .debug_abbrev  0x000006db       0xf5 .\CortexM3\ARM_GCC_541\Debug\DMARoutines.o
 .debug_abbrev  0x000007d0      0x22d .\CortexM3\ARM_GCC_541\Debug\cyfitter_cfg.o
 .debug_abbrev  0x000009fd       0x77 .\CortexM3\ARM_GCC_541\Debug\cymetadata.o
 .debug_abbrev  0x00000a74      0x1e8 .\CortexM3\ARM_GCC_541\Debug\Cm3Start.o
 .debug_abbrev  0x00000c5c      0x11a .\CortexM3\ARM_GCC_541\Debug\AY1920_II_FINAL_PROJECT.a(Timer_ADC.o)
 .debug_abbrev  0x00000d76       0x90 .\CortexM3\ARM_GCC_541\Debug\AY1920_II_FINAL_PROJECT.a(Pin_LED_ext.o)
 .debug_abbrev  0x00000e06      0x173 .\CortexM3\ARM_GCC_541\Debug\AY1920_II_FINAL_PROJECT.a(isr_STREAM.o)
 .debug_abbrev  0x00000f79      0x11a .\CortexM3\ARM_GCC_541\Debug\AY1920_II_FINAL_PROJECT.a(Timer_STREAM.o)
 .debug_abbrev  0x00001093      0x173 .\CortexM3\ARM_GCC_541\Debug\AY1920_II_FINAL_PROJECT.a(isr_INT.o)
 .debug_abbrev  0x00001206      0x133 .\CortexM3\ARM_GCC_541\Debug\AY1920_II_FINAL_PROJECT.a(PWM_BLINK.o)
 .debug_abbrev  0x00001339      0x139 .\CortexM3\ARM_GCC_541\Debug\AY1920_II_FINAL_PROJECT.a(blink_clock.o)
 .debug_abbrev  0x00001472      0x173 .\CortexM3\ARM_GCC_541\Debug\AY1920_II_FINAL_PROJECT.a(SW1_ISR.o)
 .debug_abbrev  0x000015e5       0x90 .\CortexM3\ARM_GCC_541\Debug\AY1920_II_FINAL_PROJECT.a(CS_2.o)
 .debug_abbrev  0x00001675       0x90 .\CortexM3\ARM_GCC_541\Debug\AY1920_II_FINAL_PROJECT.a(CS_1.o)
 .debug_abbrev  0x00001705      0x173 .\CortexM3\ARM_GCC_541\Debug\AY1920_II_FINAL_PROJECT.a(isr_RX.o)
 .debug_abbrev  0x00001878      0x1cd .\CortexM3\ARM_GCC_541\Debug\AY1920_II_FINAL_PROJECT.a(ADC_DelSig.o)
 .debug_abbrev  0x00001a45       0x42 .\CortexM3\ARM_GCC_541\Debug\AY1920_II_FINAL_PROJECT.a(ADC_DelSig_INT.o)
 .debug_abbrev  0x00001a87       0xb1 .\CortexM3\ARM_GCC_541\Debug\AY1920_II_FINAL_PROJECT.a(AMux.o)
 .debug_abbrev  0x00001b38      0x175 .\CortexM3\ARM_GCC_541\Debug\AY1920_II_FINAL_PROJECT.a(UART.o)
 .debug_abbrev  0x00001cad      0x162 .\CortexM3\ARM_GCC_541\Debug\AY1920_II_FINAL_PROJECT.a(SPIM_EEPROM.o)
 .debug_abbrev  0x00001e0f       0x8a .\CortexM3\ARM_GCC_541\Debug\AY1920_II_FINAL_PROJECT.a(SPIM_EEPROM_INT.o)
 .debug_abbrev  0x00001e99      0x162 .\CortexM3\ARM_GCC_541\Debug\AY1920_II_FINAL_PROJECT.a(SPIM_LIS3DH.o)
 .debug_abbrev  0x00001ffb       0x8a .\CortexM3\ARM_GCC_541\Debug\AY1920_II_FINAL_PROJECT.a(SPIM_LIS3DH_INT.o)
 .debug_abbrev  0x00002085       0xb1 .\CortexM3\ARM_GCC_541\Debug\AY1920_II_FINAL_PROJECT.a(ADC_DelSig_AMux.o)
 .debug_abbrev  0x00002136      0x139 .\CortexM3\ARM_GCC_541\Debug\AY1920_II_FINAL_PROJECT.a(ADC_DelSig_Ext_CP_Clk.o)
 .debug_abbrev  0x0000226f      0x173 .\CortexM3\ARM_GCC_541\Debug\AY1920_II_FINAL_PROJECT.a(ADC_DelSig_IRQ.o)
 .debug_abbrev  0x000023e2      0x121 .\CortexM3\ARM_GCC_541\Debug\AY1920_II_FINAL_PROJECT.a(ADC_DelSig_theACLK.o)
 .debug_abbrev  0x00002503      0x139 .\CortexM3\ARM_GCC_541\Debug\AY1920_II_FINAL_PROJECT.a(UART_IntClock.o)
 .debug_abbrev  0x0000263c      0x139 .\CortexM3\ARM_GCC_541\Debug\AY1920_II_FINAL_PROJECT.a(SPIM_EEPROM_IntClock.o)
 .debug_abbrev  0x00002775      0x139 .\CortexM3\ARM_GCC_541\Debug\AY1920_II_FINAL_PROJECT.a(SPIM_LIS3DH_IntClock.o)
 .debug_abbrev  0x000028ae      0x1b2 .\CortexM3\ARM_GCC_541\Debug\AY1920_II_FINAL_PROJECT.a(CyDmac.o)
 .debug_abbrev  0x00002a60      0x254 .\CortexM3\ARM_GCC_541\Debug\AY1920_II_FINAL_PROJECT.a(CyLib.o)
 .debug_abbrev  0x00002cb4      0x1ab .\CortexM3\ARM_GCC_541\Debug\AY1920_II_FINAL_PROJECT.a(cyPm.o)
 .debug_abbrev  0x00002e5f      0x173 .\CortexM3\ARM_GCC_541\Debug\AY1920_II_FINAL_PROJECT.a(isr_TIMER_ADC.o)
 .debug_abbrev  0x00002fd2       0xcd .\CortexM3\ARM_GCC_541\Debug\AY1920_II_FINAL_PROJECT.a(DMA_dma.o)
 .debug_abbrev  0x0000309f      0x173 .\CortexM3\ARM_GCC_541\Debug\AY1920_II_FINAL_PROJECT.a(isr_DMA.o)
 .debug_abbrev  0x00003212       0x14 .\CortexM3\ARM_GCC_541\Debug\AY1920_II_FINAL_PROJECT.a(CyBootAsmGnu.o)
 .debug_abbrev  0x00003226      0x1a7 .\CortexM3\ARM_GCC_541\Debug\AY1920_II_FINAL_PROJECT.a(CyFlash.o)
 .debug_abbrev  0x000033cd      0x194 .\CortexM3\ARM_GCC_541\Debug\AY1920_II_FINAL_PROJECT.a(CySpc.o)

.debug_line     0x00000000     0x50ab
 *(.debug_line)
 .debug_line    0x00000000      0x496 .\CortexM3\ARM_GCC_541\Debug\main.o
 .debug_line    0x00000496      0x217 .\CortexM3\ARM_GCC_541\Debug\25LC256.o
 .debug_line    0x000006ad      0x29d .\CortexM3\ARM_GCC_541\Debug\SPI_Interface.o
 .debug_line    0x0000094a      0x260 .\CortexM3\ARM_GCC_541\Debug\LIS3DH.o
 .debug_line    0x00000baa      0x35d .\CortexM3\ARM_GCC_541\Debug\InterruptRoutines.o
 .debug_line    0x00000f07      0x19c .\CortexM3\ARM_GCC_541\Debug\DMARoutines.o
 .debug_line    0x000010a3      0x25a .\CortexM3\ARM_GCC_541\Debug\cyfitter_cfg.o
 .debug_line    0x000012fd      0x141 .\CortexM3\ARM_GCC_541\Debug\cymetadata.o
 .debug_line    0x0000143e      0x241 .\CortexM3\ARM_GCC_541\Debug\Cm3Start.o
 .debug_line    0x0000167f      0x157 .\CortexM3\ARM_GCC_541\Debug\AY1920_II_FINAL_PROJECT.a(Timer_ADC.o)
 .debug_line    0x000017d6       0x98 .\CortexM3\ARM_GCC_541\Debug\AY1920_II_FINAL_PROJECT.a(Pin_LED_ext.o)
 .debug_line    0x0000186e      0x137 .\CortexM3\ARM_GCC_541\Debug\AY1920_II_FINAL_PROJECT.a(isr_STREAM.o)
 .debug_line    0x000019a5      0x15a .\CortexM3\ARM_GCC_541\Debug\AY1920_II_FINAL_PROJECT.a(Timer_STREAM.o)
 .debug_line    0x00001aff      0x134 .\CortexM3\ARM_GCC_541\Debug\AY1920_II_FINAL_PROJECT.a(isr_INT.o)
 .debug_line    0x00001c33      0x18c .\CortexM3\ARM_GCC_541\Debug\AY1920_II_FINAL_PROJECT.a(PWM_BLINK.o)
 .debug_line    0x00001dbf      0x17a .\CortexM3\ARM_GCC_541\Debug\AY1920_II_FINAL_PROJECT.a(blink_clock.o)
 .debug_line    0x00001f39      0x134 .\CortexM3\ARM_GCC_541\Debug\AY1920_II_FINAL_PROJECT.a(SW1_ISR.o)
 .debug_line    0x0000206d       0x91 .\CortexM3\ARM_GCC_541\Debug\AY1920_II_FINAL_PROJECT.a(CS_2.o)
 .debug_line    0x000020fe       0x91 .\CortexM3\ARM_GCC_541\Debug\AY1920_II_FINAL_PROJECT.a(CS_1.o)
 .debug_line    0x0000218f      0x133 .\CortexM3\ARM_GCC_541\Debug\AY1920_II_FINAL_PROJECT.a(isr_RX.o)
 .debug_line    0x000022c2      0x37f .\CortexM3\ARM_GCC_541\Debug\AY1920_II_FINAL_PROJECT.a(ADC_DelSig.o)
 .debug_line    0x00002641       0x87 .\CortexM3\ARM_GCC_541\Debug\AY1920_II_FINAL_PROJECT.a(ADC_DelSig_INT.o)
 .debug_line    0x000026c8       0xa8 .\CortexM3\ARM_GCC_541\Debug\AY1920_II_FINAL_PROJECT.a(AMux.o)
 .debug_line    0x00002770      0x2bc .\CortexM3\ARM_GCC_541\Debug\AY1920_II_FINAL_PROJECT.a(UART.o)
 .debug_line    0x00002a2c      0x2a8 .\CortexM3\ARM_GCC_541\Debug\AY1920_II_FINAL_PROJECT.a(SPIM_EEPROM.o)
 .debug_line    0x00002cd4       0xb4 .\CortexM3\ARM_GCC_541\Debug\AY1920_II_FINAL_PROJECT.a(SPIM_EEPROM_INT.o)
 .debug_line    0x00002d88      0x2a8 .\CortexM3\ARM_GCC_541\Debug\AY1920_II_FINAL_PROJECT.a(SPIM_LIS3DH.o)
 .debug_line    0x00003030       0xb4 .\CortexM3\ARM_GCC_541\Debug\AY1920_II_FINAL_PROJECT.a(SPIM_LIS3DH_INT.o)
 .debug_line    0x000030e4       0xb3 .\CortexM3\ARM_GCC_541\Debug\AY1920_II_FINAL_PROJECT.a(ADC_DelSig_AMux.o)
 .debug_line    0x00003197      0x184 .\CortexM3\ARM_GCC_541\Debug\AY1920_II_FINAL_PROJECT.a(ADC_DelSig_Ext_CP_Clk.o)
 .debug_line    0x0000331b      0x13b .\CortexM3\ARM_GCC_541\Debug\AY1920_II_FINAL_PROJECT.a(ADC_DelSig_IRQ.o)
 .debug_line    0x00003456      0x1a4 .\CortexM3\ARM_GCC_541\Debug\AY1920_II_FINAL_PROJECT.a(ADC_DelSig_theACLK.o)
 .debug_line    0x000035fa      0x17c .\CortexM3\ARM_GCC_541\Debug\AY1920_II_FINAL_PROJECT.a(UART_IntClock.o)
 .debug_line    0x00003776      0x183 .\CortexM3\ARM_GCC_541\Debug\AY1920_II_FINAL_PROJECT.a(SPIM_EEPROM_IntClock.o)
 .debug_line    0x000038f9      0x183 .\CortexM3\ARM_GCC_541\Debug\AY1920_II_FINAL_PROJECT.a(SPIM_LIS3DH_IntClock.o)
 .debug_line    0x00003a7c      0x2e4 .\CortexM3\ARM_GCC_541\Debug\AY1920_II_FINAL_PROJECT.a(CyDmac.o)
 .debug_line    0x00003d60      0x816 .\CortexM3\ARM_GCC_541\Debug\AY1920_II_FINAL_PROJECT.a(CyLib.o)
 .debug_line    0x00004576      0x367 .\CortexM3\ARM_GCC_541\Debug\AY1920_II_FINAL_PROJECT.a(cyPm.o)
 .debug_line    0x000048dd      0x13a .\CortexM3\ARM_GCC_541\Debug\AY1920_II_FINAL_PROJECT.a(isr_TIMER_ADC.o)
 .debug_line    0x00004a17       0x80 .\CortexM3\ARM_GCC_541\Debug\AY1920_II_FINAL_PROJECT.a(DMA_dma.o)
 .debug_line    0x00004a97      0x134 .\CortexM3\ARM_GCC_541\Debug\AY1920_II_FINAL_PROJECT.a(isr_DMA.o)
 .debug_line    0x00004bcb       0x66 .\CortexM3\ARM_GCC_541\Debug\AY1920_II_FINAL_PROJECT.a(CyBootAsmGnu.o)
 .debug_line    0x00004c31      0x21a .\CortexM3\ARM_GCC_541\Debug\AY1920_II_FINAL_PROJECT.a(CyFlash.o)
 .debug_line    0x00004e4b      0x260 .\CortexM3\ARM_GCC_541\Debug\AY1920_II_FINAL_PROJECT.a(CySpc.o)

.debug_frame    0x00000000     0x3540
 *(.debug_frame)
 .debug_frame   0x00000000       0xcc .\CortexM3\ARM_GCC_541\Debug\main.o
 .debug_frame   0x000000cc      0x134 .\CortexM3\ARM_GCC_541\Debug\25LC256.o
 .debug_frame   0x00000200       0xfc .\CortexM3\ARM_GCC_541\Debug\SPI_Interface.o
 .debug_frame   0x000002fc      0x11c .\CortexM3\ARM_GCC_541\Debug\LIS3DH.o
 .debug_frame   0x00000418       0xc4 .\CortexM3\ARM_GCC_541\Debug\InterruptRoutines.o
 .debug_frame   0x000004dc       0x30 .\CortexM3\ARM_GCC_541\Debug\DMARoutines.o
 .debug_frame   0x0000050c      0x13c .\CortexM3\ARM_GCC_541\Debug\cyfitter_cfg.o
 .debug_frame   0x00000648       0xb8 .\CortexM3\ARM_GCC_541\Debug\Cm3Start.o
 .debug_frame   0x00000700      0x108 .\CortexM3\ARM_GCC_541\Debug\AY1920_II_FINAL_PROJECT.a(Timer_ADC.o)
 .debug_frame   0x00000808       0x50 .\CortexM3\ARM_GCC_541\Debug\AY1920_II_FINAL_PROJECT.a(Pin_LED_ext.o)
 .debug_frame   0x00000858      0x104 .\CortexM3\ARM_GCC_541\Debug\AY1920_II_FINAL_PROJECT.a(isr_STREAM.o)
 .debug_frame   0x0000095c      0x108 .\CortexM3\ARM_GCC_541\Debug\AY1920_II_FINAL_PROJECT.a(Timer_STREAM.o)
 .debug_frame   0x00000a64      0x104 .\CortexM3\ARM_GCC_541\Debug\AY1920_II_FINAL_PROJECT.a(isr_INT.o)
 .debug_frame   0x00000b68      0x134 .\CortexM3\ARM_GCC_541\Debug\AY1920_II_FINAL_PROJECT.a(PWM_BLINK.o)
 .debug_frame   0x00000c9c       0xe0 .\CortexM3\ARM_GCC_541\Debug\AY1920_II_FINAL_PROJECT.a(blink_clock.o)
 .debug_frame   0x00000d7c      0x104 .\CortexM3\ARM_GCC_541\Debug\AY1920_II_FINAL_PROJECT.a(SW1_ISR.o)
 .debug_frame   0x00000e80       0x50 .\CortexM3\ARM_GCC_541\Debug\AY1920_II_FINAL_PROJECT.a(CS_2.o)
 .debug_frame   0x00000ed0       0x50 .\CortexM3\ARM_GCC_541\Debug\AY1920_II_FINAL_PROJECT.a(CS_1.o)
 .debug_frame   0x00000f20      0x104 .\CortexM3\ARM_GCC_541\Debug\AY1920_II_FINAL_PROJECT.a(isr_RX.o)
 .debug_frame   0x00001024      0x290 .\CortexM3\ARM_GCC_541\Debug\AY1920_II_FINAL_PROJECT.a(ADC_DelSig.o)
 .debug_frame   0x000012b4       0x50 .\CortexM3\ARM_GCC_541\Debug\AY1920_II_FINAL_PROJECT.a(ADC_DelSig_INT.o)
 .debug_frame   0x00001304       0x64 .\CortexM3\ARM_GCC_541\Debug\AY1920_II_FINAL_PROJECT.a(AMux.o)
 .debug_frame   0x00001368      0x250 .\CortexM3\ARM_GCC_541\Debug\AY1920_II_FINAL_PROJECT.a(UART.o)
 .debug_frame   0x000015b8      0x260 .\CortexM3\ARM_GCC_541\Debug\AY1920_II_FINAL_PROJECT.a(SPIM_EEPROM.o)
 .debug_frame   0x00001818       0x30 .\CortexM3\ARM_GCC_541\Debug\AY1920_II_FINAL_PROJECT.a(SPIM_EEPROM_INT.o)
 .debug_frame   0x00001848      0x264 .\CortexM3\ARM_GCC_541\Debug\AY1920_II_FINAL_PROJECT.a(SPIM_LIS3DH.o)
 .debug_frame   0x00001aac       0x30 .\CortexM3\ARM_GCC_541\Debug\AY1920_II_FINAL_PROJECT.a(SPIM_LIS3DH_INT.o)
 .debug_frame   0x00001adc       0x64 .\CortexM3\ARM_GCC_541\Debug\AY1920_II_FINAL_PROJECT.a(ADC_DelSig_AMux.o)
 .debug_frame   0x00001b40       0xe0 .\CortexM3\ARM_GCC_541\Debug\AY1920_II_FINAL_PROJECT.a(ADC_DelSig_Ext_CP_Clk.o)
 .debug_frame   0x00001c20      0x104 .\CortexM3\ARM_GCC_541\Debug\AY1920_II_FINAL_PROJECT.a(ADC_DelSig_IRQ.o)
 .debug_frame   0x00001d24      0x100 .\CortexM3\ARM_GCC_541\Debug\AY1920_II_FINAL_PROJECT.a(ADC_DelSig_theACLK.o)
 .debug_frame   0x00001e24       0xe0 .\CortexM3\ARM_GCC_541\Debug\AY1920_II_FINAL_PROJECT.a(UART_IntClock.o)
 .debug_frame   0x00001f04       0xe0 .\CortexM3\ARM_GCC_541\Debug\AY1920_II_FINAL_PROJECT.a(SPIM_EEPROM_IntClock.o)
 .debug_frame   0x00001fe4       0xe0 .\CortexM3\ARM_GCC_541\Debug\AY1920_II_FINAL_PROJECT.a(SPIM_LIS3DH_IntClock.o)
 .debug_frame   0x000020c4      0x1f8 .\CortexM3\ARM_GCC_541\Debug\AY1920_II_FINAL_PROJECT.a(CyDmac.o)
 .debug_frame   0x000022bc      0x738 .\CortexM3\ARM_GCC_541\Debug\AY1920_II_FINAL_PROJECT.a(CyLib.o)
 .debug_frame   0x000029f4      0x1f8 .\CortexM3\ARM_GCC_541\Debug\AY1920_II_FINAL_PROJECT.a(cyPm.o)
 .debug_frame   0x00002bec      0x104 .\CortexM3\ARM_GCC_541\Debug\AY1920_II_FINAL_PROJECT.a(isr_TIMER_ADC.o)
 .debug_frame   0x00002cf0       0x54 .\CortexM3\ARM_GCC_541\Debug\AY1920_II_FINAL_PROJECT.a(DMA_dma.o)
 .debug_frame   0x00002d44      0x104 .\CortexM3\ARM_GCC_541\Debug\AY1920_II_FINAL_PROJECT.a(isr_DMA.o)
 .debug_frame   0x00002e48      0x194 .\CortexM3\ARM_GCC_541\Debug\AY1920_II_FINAL_PROJECT.a(CyFlash.o)
 .debug_frame   0x00002fdc      0x180 .\CortexM3\ARM_GCC_541\Debug\AY1920_II_FINAL_PROJECT.a(CySpc.o)
 .debug_frame   0x0000315c       0x20 c:/program files (x86)/cypress/psoc creator/4.3/psoc creator/import/gnu/arm/5.4.1/bin/../lib/gcc/arm-none-eabi/5.4.1/../../../../arm-none-eabi/lib/armv7-m\libg_nano.a(lib_a-errno.o)
 .debug_frame   0x0000317c       0x28 c:/program files (x86)/cypress/psoc creator/4.3/psoc creator/import/gnu/arm/5.4.1/bin/../lib/gcc/arm-none-eabi/5.4.1/../../../../arm-none-eabi/lib/armv7-m\libg_nano.a(lib_a-exit.o)
 .debug_frame   0x000031a4       0x2c c:/program files (x86)/cypress/psoc creator/4.3/psoc creator/import/gnu/arm/5.4.1/bin/../lib/gcc/arm-none-eabi/5.4.1/../../../../arm-none-eabi/lib/armv7-m\libg_nano.a(lib_a-init.o)
 .debug_frame   0x000031d0       0x28 c:/program files (x86)/cypress/psoc creator/4.3/psoc creator/import/gnu/arm/5.4.1/bin/../lib/gcc/arm-none-eabi/5.4.1/../../../../arm-none-eabi/lib/armv7-m\libg_nano.a(lib_a-memcpy-stub.o)
 .debug_frame   0x000031f8       0x20 c:/program files (x86)/cypress/psoc creator/4.3/psoc creator/import/gnu/arm/5.4.1/bin/../lib/gcc/arm-none-eabi/5.4.1/../../../../arm-none-eabi/lib/armv7-m\libg_nano.a(lib_a-memset.o)
 .debug_frame   0x00003218       0x70 c:/program files (x86)/cypress/psoc creator/4.3/psoc creator/import/gnu/arm/5.4.1/bin/../lib/gcc/arm-none-eabi/5.4.1/../../../../arm-none-eabi/lib/armv7-m\libg_nano.a(lib_a-sprintf.o)
 .debug_frame   0x00003288       0x90 c:/program files (x86)/cypress/psoc creator/4.3/psoc creator/import/gnu/arm/5.4.1/bin/../lib/gcc/arm-none-eabi/5.4.1/../../../../arm-none-eabi/lib/armv7-m\libg_nano.a(lib_a-nano-svfprintf.o)
 .debug_frame   0x00003318       0x60 c:/program files (x86)/cypress/psoc creator/4.3/psoc creator/import/gnu/arm/5.4.1/bin/../lib/gcc/arm-none-eabi/5.4.1/../../../../arm-none-eabi/lib/armv7-m\libg_nano.a(lib_a-nano-vfprintf_i.o)
 .debug_frame   0x00003378       0x28 c:/program files (x86)/cypress/psoc creator/4.3/psoc creator/import/gnu/arm/5.4.1/bin/../lib/gcc/arm-none-eabi/5.4.1/../../../../arm-none-eabi/lib/armv7-m\libg_nano.a(lib_a-memchr-stub.o)
 .debug_frame   0x000033a0       0x28 c:/program files (x86)/cypress/psoc creator/4.3/psoc creator/import/gnu/arm/5.4.1/bin/../lib/gcc/arm-none-eabi/5.4.1/../../../../arm-none-eabi/lib/armv7-m\libg_nano.a(lib_a-memmove.o)
 .debug_frame   0x000033c8       0x38 c:/program files (x86)/cypress/psoc creator/4.3/psoc creator/import/gnu/arm/5.4.1/bin/../lib/gcc/arm-none-eabi/5.4.1/../../../../arm-none-eabi/lib/armv7-m\libg_nano.a(lib_a-nano-freer.o)