Archive member included to satisfy reference by file (symbol)

.\CortexM3\ARM_GCC_541\Debug\AY1920_II_FINAL_PROJECT.a(CS_2.o)
                              .\CortexM3\ARM_GCC_541\Debug\SPI_Interface.o (CS_2_Write)
.\CortexM3\ARM_GCC_541\Debug\AY1920_II_FINAL_PROJECT.a(CS_1.o)
                              .\CortexM3\ARM_GCC_541\Debug\SPI_Interface.o (CS_1_Write)
.\CortexM3\ARM_GCC_541\Debug\AY1920_II_FINAL_PROJECT.a(SPIM_EEPROM.o)
                              .\CortexM3\ARM_GCC_541\Debug\SPI_Interface.o (SPIM_EEPROM_ReadTxStatus)
.\CortexM3\ARM_GCC_541\Debug\AY1920_II_FINAL_PROJECT.a(SPIM_EEPROM_INT.o)
                              .\CortexM3\ARM_GCC_541\Debug\AY1920_II_FINAL_PROJECT.a(SPIM_EEPROM.o) (SPIM_EEPROM_TX_ISR)
.\CortexM3\ARM_GCC_541\Debug\AY1920_II_FINAL_PROJECT.a(SPIM_LIS3DH.o)
                              .\CortexM3\ARM_GCC_541\Debug\SPI_Interface.o (SPIM_LIS3DH_ReadTxStatus)
.\CortexM3\ARM_GCC_541\Debug\AY1920_II_FINAL_PROJECT.a(SPIM_LIS3DH_INT.o)
                              .\CortexM3\ARM_GCC_541\Debug\AY1920_II_FINAL_PROJECT.a(SPIM_LIS3DH.o) (SPIM_LIS3DH_TX_ISR)
.\CortexM3\ARM_GCC_541\Debug\AY1920_II_FINAL_PROJECT.a(SPIM_EEPROM_IntClock.o)
                              .\CortexM3\ARM_GCC_541\Debug\AY1920_II_FINAL_PROJECT.a(SPIM_EEPROM.o) (SPIM_EEPROM_IntClock_Start)
.\CortexM3\ARM_GCC_541\Debug\AY1920_II_FINAL_PROJECT.a(SPIM_LIS3DH_IntClock.o)
                              .\CortexM3\ARM_GCC_541\Debug\AY1920_II_FINAL_PROJECT.a(SPIM_LIS3DH.o) (SPIM_LIS3DH_IntClock_Start)
.\CortexM3\ARM_GCC_541\Debug\AY1920_II_FINAL_PROJECT.a(CyLib.o)
                              .\CortexM3\ARM_GCC_541\Debug\Cm3Start.o (CyHalt)
.\CortexM3\ARM_GCC_541\Debug\AY1920_II_FINAL_PROJECT.a(cyPm.o)
                              .\CortexM3\ARM_GCC_541\Debug\AY1920_II_FINAL_PROJECT.a(CyLib.o) (CyPmReadStatus)
.\CortexM3\ARM_GCC_541\Debug\AY1920_II_FINAL_PROJECT.a(CyBootAsmGnu.o)
                              .\CortexM3\ARM_GCC_541\Debug\cyfitter_cfg.o (CyDelayCycles)
.\CortexM3\ARM_GCC_541\Debug\AY1920_II_FINAL_PROJECT.a(CyFlash.o)
                              .\CortexM3\ARM_GCC_541\Debug\AY1920_II_FINAL_PROJECT.a(cyPm.o) (CyFlash_SetWaitCycles)
.\CortexM3\ARM_GCC_541\Debug\AY1920_II_FINAL_PROJECT.a(CySpc.o)
                              .\CortexM3\ARM_GCC_541\Debug\AY1920_II_FINAL_PROJECT.a(CyFlash.o) (CySpcStart)
c:/program files (x86)/cypress/psoc creator/4.3/psoc creator/import/gnu/arm/5.4.1/bin/../lib/gcc/arm-none-eabi/5.4.1/../../../../arm-none-eabi/lib/armv7-m\libg_nano.a(lib_a-errno.o)
                              .\CortexM3\ARM_GCC_541\Debug\Cm3Start.o (__errno)
c:/program files (x86)/cypress/psoc creator/4.3/psoc creator/import/gnu/arm/5.4.1/bin/../lib/gcc/arm-none-eabi/5.4.1/../../../../arm-none-eabi/lib/armv7-m\libg_nano.a(lib_a-exit.o)
                              c:/program files (x86)/cypress/psoc creator/4.3/psoc creator/import/gnu/arm/5.4.1/bin/../lib/gcc/arm-none-eabi/5.4.1/../../../../arm-none-eabi/lib/armv7-m/crt0.o (exit)
c:/program files (x86)/cypress/psoc creator/4.3/psoc creator/import/gnu/arm/5.4.1/bin/../lib/gcc/arm-none-eabi/5.4.1/../../../../arm-none-eabi/lib/armv7-m\libg_nano.a(lib_a-impure.o)
                              c:/program files (x86)/cypress/psoc creator/4.3/psoc creator/import/gnu/arm/5.4.1/bin/../lib/gcc/arm-none-eabi/5.4.1/../../../../arm-none-eabi/lib/armv7-m\libg_nano.a(lib_a-exit.o) (_global_impure_ptr)
c:/program files (x86)/cypress/psoc creator/4.3/psoc creator/import/gnu/arm/5.4.1/bin/../lib/gcc/arm-none-eabi/5.4.1/../../../../arm-none-eabi/lib/armv7-m\libg_nano.a(lib_a-init.o)
                              c:/program files (x86)/cypress/psoc creator/4.3/psoc creator/import/gnu/arm/5.4.1/bin/../lib/gcc/arm-none-eabi/5.4.1/../../../../arm-none-eabi/lib/armv7-m/crt0.o (__libc_init_array)
c:/program files (x86)/cypress/psoc creator/4.3/psoc creator/import/gnu/arm/5.4.1/bin/../lib/gcc/arm-none-eabi/5.4.1/../../../../arm-none-eabi/lib/armv7-m\libg_nano.a(lib_a-memcpy-stub.o)
                              .\CortexM3\ARM_GCC_541\Debug\25LC256.o (memcpy)
c:/program files (x86)/cypress/psoc creator/4.3/psoc creator/import/gnu/arm/5.4.1/bin/../lib/gcc/arm-none-eabi/5.4.1/../../../../arm-none-eabi/lib/armv7-m\libg_nano.a(lib_a-memset.o)
                              c:/program files (x86)/cypress/psoc creator/4.3/psoc creator/import/gnu/arm/5.4.1/bin/../lib/gcc/arm-none-eabi/5.4.1/../../../../arm-none-eabi/lib/armv7-m/crt0.o (memset)

Allocating common symbols
Common symbol       size              file

SPIM_LIS3DH_rxBufferWrite
                    0x1               .\CortexM3\ARM_GCC_541\Debug\AY1920_II_FINAL_PROJECT.a(SPIM_LIS3DH.o)
SPIM_EEPROM_swStatusTx
                    0x1               .\CortexM3\ARM_GCC_541\Debug\AY1920_II_FINAL_PROJECT.a(SPIM_EEPROM.o)
SPIM_EEPROM_rxBufferRead
                    0x1               .\CortexM3\ARM_GCC_541\Debug\AY1920_II_FINAL_PROJECT.a(SPIM_EEPROM.o)
SPIM_EEPROM_txBuffer
                    0x8               .\CortexM3\ARM_GCC_541\Debug\AY1920_II_FINAL_PROJECT.a(SPIM_EEPROM.o)
SPIM_LIS3DH_rxBufferFull
                    0x1               .\CortexM3\ARM_GCC_541\Debug\AY1920_II_FINAL_PROJECT.a(SPIM_LIS3DH.o)
SPIM_EEPROM_txBufferFull
                    0x1               .\CortexM3\ARM_GCC_541\Debug\AY1920_II_FINAL_PROJECT.a(SPIM_EEPROM.o)
SPIM_EEPROM_rxBuffer
                    0x8               .\CortexM3\ARM_GCC_541\Debug\AY1920_II_FINAL_PROJECT.a(SPIM_EEPROM.o)
SPIM_LIS3DH_rxBufferRead
                    0x1               .\CortexM3\ARM_GCC_541\Debug\AY1920_II_FINAL_PROJECT.a(SPIM_LIS3DH.o)
SPIM_LIS3DH_swStatusRx
                    0x1               .\CortexM3\ARM_GCC_541\Debug\AY1920_II_FINAL_PROJECT.a(SPIM_LIS3DH.o)
SPIM_EEPROM_rxBufferFull
                    0x1               .\CortexM3\ARM_GCC_541\Debug\AY1920_II_FINAL_PROJECT.a(SPIM_EEPROM.o)
eeprom_Status       0x1               .\CortexM3\ARM_GCC_541\Debug\25LC256.o
SPIM_LIS3DH_txBufferWrite
                    0x1               .\CortexM3\ARM_GCC_541\Debug\AY1920_II_FINAL_PROJECT.a(SPIM_LIS3DH.o)
SPIM_LIS3DH_txBuffer
                    0x8               .\CortexM3\ARM_GCC_541\Debug\AY1920_II_FINAL_PROJECT.a(SPIM_LIS3DH.o)
SPIM_EEPROM_txBufferRead
                    0x1               .\CortexM3\ARM_GCC_541\Debug\AY1920_II_FINAL_PROJECT.a(SPIM_EEPROM.o)
SPIM_EEPROM_txBufferWrite
                    0x1               .\CortexM3\ARM_GCC_541\Debug\AY1920_II_FINAL_PROJECT.a(SPIM_EEPROM.o)
SPIM_LIS3DH_txBufferFull
                    0x1               .\CortexM3\ARM_GCC_541\Debug\AY1920_II_FINAL_PROJECT.a(SPIM_LIS3DH.o)
SPIM_LIS3DH_rxBuffer
                    0x8               .\CortexM3\ARM_GCC_541\Debug\AY1920_II_FINAL_PROJECT.a(SPIM_LIS3DH.o)
SPIM_LIS3DH_swStatusTx
                    0x1               .\CortexM3\ARM_GCC_541\Debug\AY1920_II_FINAL_PROJECT.a(SPIM_LIS3DH.o)
SPIM_EEPROM_rxBufferWrite
                    0x1               .\CortexM3\ARM_GCC_541\Debug\AY1920_II_FINAL_PROJECT.a(SPIM_EEPROM.o)
SPIM_LIS3DH_txBufferRead
                    0x1               .\CortexM3\ARM_GCC_541\Debug\AY1920_II_FINAL_PROJECT.a(SPIM_LIS3DH.o)
dieTemperature      0x2               .\CortexM3\ARM_GCC_541\Debug\AY1920_II_FINAL_PROJECT.a(CyFlash.o)
SPIM_EEPROM_swStatusRx
                    0x1               .\CortexM3\ARM_GCC_541\Debug\AY1920_II_FINAL_PROJECT.a(SPIM_EEPROM.o)

Discarded input sections

 .text          0x00000000        0x0 c:/program files (x86)/cypress/psoc creator/4.3/psoc creator/import/gnu/arm/5.4.1/bin/../lib/gcc/arm-none-eabi/5.4.1/armv7-m/crti.o
 .data          0x00000000        0x0 c:/program files (x86)/cypress/psoc creator/4.3/psoc creator/import/gnu/arm/5.4.1/bin/../lib/gcc/arm-none-eabi/5.4.1/armv7-m/crti.o
 .bss           0x00000000        0x0 c:/program files (x86)/cypress/psoc creator/4.3/psoc creator/import/gnu/arm/5.4.1/bin/../lib/gcc/arm-none-eabi/5.4.1/armv7-m/crti.o
 .data          0x00000000        0x4 c:/program files (x86)/cypress/psoc creator/4.3/psoc creator/import/gnu/arm/5.4.1/bin/../lib/gcc/arm-none-eabi/5.4.1/armv7-m/crtbegin.o
 .text          0x00000000       0x74 c:/program files (x86)/cypress/psoc creator/4.3/psoc creator/import/gnu/arm/5.4.1/bin/../lib/gcc/arm-none-eabi/5.4.1/../../../../arm-none-eabi/lib/armv7-m/crt0.o
 .data          0x00000000        0x0 c:/program files (x86)/cypress/psoc creator/4.3/psoc creator/import/gnu/arm/5.4.1/bin/../lib/gcc/arm-none-eabi/5.4.1/../../../../arm-none-eabi/lib/armv7-m/crt0.o
 .bss           0x00000000        0x0 c:/program files (x86)/cypress/psoc creator/4.3/psoc creator/import/gnu/arm/5.4.1/bin/../lib/gcc/arm-none-eabi/5.4.1/../../../../arm-none-eabi/lib/armv7-m/crt0.o
 .ARM.extab     0x00000000        0x0 c:/program files (x86)/cypress/psoc creator/4.3/psoc creator/import/gnu/arm/5.4.1/bin/../lib/gcc/arm-none-eabi/5.4.1/../../../../arm-none-eabi/lib/armv7-m/crt0.o
 .ARM.exidx     0x00000000        0x8 c:/program files (x86)/cypress/psoc creator/4.3/psoc creator/import/gnu/arm/5.4.1/bin/../lib/gcc/arm-none-eabi/5.4.1/../../../../arm-none-eabi/lib/armv7-m/crt0.o
 .text          0x00000000        0x0 .\CortexM3\ARM_GCC_541\Debug\main.o
 .data          0x00000000        0x0 .\CortexM3\ARM_GCC_541\Debug\main.o
 .bss           0x00000000        0x0 .\CortexM3\ARM_GCC_541\Debug\main.o
 .text          0x00000000        0x0 .\CortexM3\ARM_GCC_541\Debug\25LC256.o
 .data          0x00000000        0x0 .\CortexM3\ARM_GCC_541\Debug\25LC256.o
 .bss           0x00000000        0x0 .\CortexM3\ARM_GCC_541\Debug\25LC256.o
 .text.EEPROM_readStatus
                0x00000000        0xc .\CortexM3\ARM_GCC_541\Debug\25LC256.o
 .text.EEPROM_writeEnable
                0x00000000        0xc .\CortexM3\ARM_GCC_541\Debug\25LC256.o
 .text.EEPROM_writeDisable
                0x00000000        0xc .\CortexM3\ARM_GCC_541\Debug\25LC256.o
 .text.EEPROM_readByte
                0x00000000       0x30 .\CortexM3\ARM_GCC_541\Debug\25LC256.o
 .text.EEPROM_writeByte
                0x00000000       0x38 .\CortexM3\ARM_GCC_541\Debug\25LC256.o
 .text.EEPROM_readPage
                0x00000000       0x24 .\CortexM3\ARM_GCC_541\Debug\25LC256.o
 .text.EEPROM_loadSettings
                0x00000000       0x1c .\CortexM3\ARM_GCC_541\Debug\25LC256.o
 .text.EEPROM_writePage
                0x00000000       0x60 .\CortexM3\ARM_GCC_541\Debug\25LC256.o
 .text.EEPROM_waitForWriteComplete
                0x00000000       0x10 .\CortexM3\ARM_GCC_541\Debug\25LC256.o
 COMMON         0x00000000        0x1 .\CortexM3\ARM_GCC_541\Debug\25LC256.o
 .text          0x00000000        0x0 .\CortexM3\ARM_GCC_541\Debug\SPI_Interface.o
 .data          0x00000000        0x0 .\CortexM3\ARM_GCC_541\Debug\SPI_Interface.o
 .bss           0x00000000        0x0 .\CortexM3\ARM_GCC_541\Debug\SPI_Interface.o
 .text.SPI_Interface_tradeByte_LIS3DH
                0x00000000       0x2c .\CortexM3\ARM_GCC_541\Debug\SPI_Interface.o
 .text.SPI_Interface_tradeByte_EEPROM
                0x00000000       0x2c .\CortexM3\ARM_GCC_541\Debug\SPI_Interface.o
 .text.SPI_Interface_ReadByte_LIS3DH
                0x00000000       0x34 .\CortexM3\ARM_GCC_541\Debug\SPI_Interface.o
 .text.SPI_Interface_ReadByte_EEPROM
                0x00000000       0x34 .\CortexM3\ARM_GCC_541\Debug\SPI_Interface.o
 .text.SPI_Interface_WriteByte_LIS3DH
                0x00000000       0x34 .\CortexM3\ARM_GCC_541\Debug\SPI_Interface.o
 .text.SPI_Interface_Multi_RW_LIS3DH
                0x00000000       0xb8 .\CortexM3\ARM_GCC_541\Debug\SPI_Interface.o
 .text.SPI_Interface_Multi_RW_EEPROM
                0x00000000       0xb8 .\CortexM3\ARM_GCC_541\Debug\SPI_Interface.o
 .text          0x00000000        0x0 .\CortexM3\ARM_GCC_541\Debug\cyfitter_cfg.o
 .data          0x00000000        0x0 .\CortexM3\ARM_GCC_541\Debug\cyfitter_cfg.o
 .bss           0x00000000        0x0 .\CortexM3\ARM_GCC_541\Debug\cyfitter_cfg.o
 .text.SetAnalogRoutingPumps
                0x00000000       0x1c .\CortexM3\ARM_GCC_541\Debug\cyfitter_cfg.o
 .text.AMux_Set
                0x00000000       0x34 .\CortexM3\ARM_GCC_541\Debug\cyfitter_cfg.o
 .text.AMux_Unset
                0x00000000       0x38 .\CortexM3\ARM_GCC_541\Debug\cyfitter_cfg.o
 .text.ADC_DelSig_AMux_Set
                0x00000000       0x1c .\CortexM3\ARM_GCC_541\Debug\cyfitter_cfg.o
 .text.ADC_DelSig_AMux_Unset
                0x00000000       0x20 .\CortexM3\ARM_GCC_541\Debug\cyfitter_cfg.o
 .text          0x00000000        0x0 .\CortexM3\ARM_GCC_541\Debug\cymetadata.o
 .data          0x00000000        0x0 .\CortexM3\ARM_GCC_541\Debug\cymetadata.o
 .bss           0x00000000        0x0 .\CortexM3\ARM_GCC_541\Debug\cymetadata.o
 .text          0x00000000        0x0 .\CortexM3\ARM_GCC_541\Debug\Cm3Start.o
 .data          0x00000000        0x4 .\CortexM3\ARM_GCC_541\Debug\Cm3Start.o
 .bss           0x00000000        0x0 .\CortexM3\ARM_GCC_541\Debug\Cm3Start.o
 .text._exit    0x00000000        0xc .\CortexM3\ARM_GCC_541\Debug\Cm3Start.o
 .text._sbrk    0x00000000       0x30 .\CortexM3\ARM_GCC_541\Debug\Cm3Start.o
 .text          0x00000000        0x0 .\CortexM3\ARM_GCC_541\Debug\AY1920_II_FINAL_PROJECT.a(CS_2.o)
 .data          0x00000000        0x0 .\CortexM3\ARM_GCC_541\Debug\AY1920_II_FINAL_PROJECT.a(CS_2.o)
 .bss           0x00000000        0x0 .\CortexM3\ARM_GCC_541\Debug\AY1920_II_FINAL_PROJECT.a(CS_2.o)
 .text.CS_2_Write
                0x00000000       0x18 .\CortexM3\ARM_GCC_541\Debug\AY1920_II_FINAL_PROJECT.a(CS_2.o)
 .text.CS_2_SetDriveMode
                0x00000000       0x18 .\CortexM3\ARM_GCC_541\Debug\AY1920_II_FINAL_PROJECT.a(CS_2.o)
 .text.CS_2_Read
                0x00000000       0x10 .\CortexM3\ARM_GCC_541\Debug\AY1920_II_FINAL_PROJECT.a(CS_2.o)
 .text.CS_2_ReadDataReg
                0x00000000       0x10 .\CortexM3\ARM_GCC_541\Debug\AY1920_II_FINAL_PROJECT.a(CS_2.o)
 .text          0x00000000        0x0 .\CortexM3\ARM_GCC_541\Debug\AY1920_II_FINAL_PROJECT.a(CS_1.o)
 .data          0x00000000        0x0 .\CortexM3\ARM_GCC_541\Debug\AY1920_II_FINAL_PROJECT.a(CS_1.o)
 .bss           0x00000000        0x0 .\CortexM3\ARM_GCC_541\Debug\AY1920_II_FINAL_PROJECT.a(CS_1.o)
 .text.CS_1_Write
                0x00000000       0x18 .\CortexM3\ARM_GCC_541\Debug\AY1920_II_FINAL_PROJECT.a(CS_1.o)
 .text.CS_1_SetDriveMode
                0x00000000       0x18 .\CortexM3\ARM_GCC_541\Debug\AY1920_II_FINAL_PROJECT.a(CS_1.o)
 .text.CS_1_Read
                0x00000000        0xc .\CortexM3\ARM_GCC_541\Debug\AY1920_II_FINAL_PROJECT.a(CS_1.o)
 .text.CS_1_ReadDataReg
                0x00000000        0xc .\CortexM3\ARM_GCC_541\Debug\AY1920_II_FINAL_PROJECT.a(CS_1.o)
 .text          0x00000000        0x0 .\CortexM3\ARM_GCC_541\Debug\AY1920_II_FINAL_PROJECT.a(SPIM_EEPROM.o)
 .data          0x00000000        0x0 .\CortexM3\ARM_GCC_541\Debug\AY1920_II_FINAL_PROJECT.a(SPIM_EEPROM.o)
 .bss           0x00000000        0x1 .\CortexM3\ARM_GCC_541\Debug\AY1920_II_FINAL_PROJECT.a(SPIM_EEPROM.o)
 .text.SPIM_EEPROM_EnableTxInt
                0x00000000        0xc .\CortexM3\ARM_GCC_541\Debug\AY1920_II_FINAL_PROJECT.a(SPIM_EEPROM.o)
 .text.SPIM_EEPROM_EnableRxInt
                0x00000000        0xc .\CortexM3\ARM_GCC_541\Debug\AY1920_II_FINAL_PROJECT.a(SPIM_EEPROM.o)
 .text.SPIM_EEPROM_Enable
                0x00000000       0x3c .\CortexM3\ARM_GCC_541\Debug\AY1920_II_FINAL_PROJECT.a(SPIM_EEPROM.o)
 .text.SPIM_EEPROM_DisableTxInt
                0x00000000        0xc .\CortexM3\ARM_GCC_541\Debug\AY1920_II_FINAL_PROJECT.a(SPIM_EEPROM.o)
 .text.SPIM_EEPROM_DisableRxInt
                0x00000000        0xc .\CortexM3\ARM_GCC_541\Debug\AY1920_II_FINAL_PROJECT.a(SPIM_EEPROM.o)
 .text.SPIM_EEPROM_Stop
                0x00000000       0x30 .\CortexM3\ARM_GCC_541\Debug\AY1920_II_FINAL_PROJECT.a(SPIM_EEPROM.o)
 .text.SPIM_EEPROM_SetTxInterruptMode
                0x00000000        0xc .\CortexM3\ARM_GCC_541\Debug\AY1920_II_FINAL_PROJECT.a(SPIM_EEPROM.o)
 .text.SPIM_EEPROM_SetRxInterruptMode
                0x00000000        0xc .\CortexM3\ARM_GCC_541\Debug\AY1920_II_FINAL_PROJECT.a(SPIM_EEPROM.o)
 .text.SPIM_EEPROM_ReadTxStatus
                0x00000000       0x28 .\CortexM3\ARM_GCC_541\Debug\AY1920_II_FINAL_PROJECT.a(SPIM_EEPROM.o)
 .text.SPIM_EEPROM_ReadRxStatus
                0x00000000       0x28 .\CortexM3\ARM_GCC_541\Debug\AY1920_II_FINAL_PROJECT.a(SPIM_EEPROM.o)
 .text.SPIM_EEPROM_WriteTxData
                0x00000000       0xd4 .\CortexM3\ARM_GCC_541\Debug\AY1920_II_FINAL_PROJECT.a(SPIM_EEPROM.o)
 .text.SPIM_EEPROM_ReadRxData
                0x00000000       0x64 .\CortexM3\ARM_GCC_541\Debug\AY1920_II_FINAL_PROJECT.a(SPIM_EEPROM.o)
 .text.SPIM_EEPROM_GetRxBufferSize
                0x00000000       0x58 .\CortexM3\ARM_GCC_541\Debug\AY1920_II_FINAL_PROJECT.a(SPIM_EEPROM.o)
 .text.SPIM_EEPROM_GetTxBufferSize
                0x00000000       0x58 .\CortexM3\ARM_GCC_541\Debug\AY1920_II_FINAL_PROJECT.a(SPIM_EEPROM.o)
 .text.SPIM_EEPROM_ClearRxBuffer
                0x00000000       0x40 .\CortexM3\ARM_GCC_541\Debug\AY1920_II_FINAL_PROJECT.a(SPIM_EEPROM.o)
 .text.SPIM_EEPROM_ClearTxBuffer
                0x00000000       0x54 .\CortexM3\ARM_GCC_541\Debug\AY1920_II_FINAL_PROJECT.a(SPIM_EEPROM.o)
 .text.SPIM_EEPROM_PutArray
                0x00000000       0x20 .\CortexM3\ARM_GCC_541\Debug\AY1920_II_FINAL_PROJECT.a(SPIM_EEPROM.o)
 .text.SPIM_EEPROM_ClearFIFO
                0x00000000       0x3c .\CortexM3\ARM_GCC_541\Debug\AY1920_II_FINAL_PROJECT.a(SPIM_EEPROM.o)
 .text.SPIM_EEPROM_Init
                0x00000000       0x90 .\CortexM3\ARM_GCC_541\Debug\AY1920_II_FINAL_PROJECT.a(SPIM_EEPROM.o)
 .text.SPIM_EEPROM_Start
                0x00000000       0x1c .\CortexM3\ARM_GCC_541\Debug\AY1920_II_FINAL_PROJECT.a(SPIM_EEPROM.o)
 .text.SPIM_EEPROM_EnableInt
                0x00000000        0xc .\CortexM3\ARM_GCC_541\Debug\AY1920_II_FINAL_PROJECT.a(SPIM_EEPROM.o)
 .text.SPIM_EEPROM_DisableInt
                0x00000000        0xc .\CortexM3\ARM_GCC_541\Debug\AY1920_II_FINAL_PROJECT.a(SPIM_EEPROM.o)
 .text.SPIM_EEPROM_SetInterruptMode
                0x00000000       0x14 .\CortexM3\ARM_GCC_541\Debug\AY1920_II_FINAL_PROJECT.a(SPIM_EEPROM.o)
 .text.SPIM_EEPROM_ReadStatus
                0x00000000       0x48 .\CortexM3\ARM_GCC_541\Debug\AY1920_II_FINAL_PROJECT.a(SPIM_EEPROM.o)
 COMMON         0x00000000       0x1d .\CortexM3\ARM_GCC_541\Debug\AY1920_II_FINAL_PROJECT.a(SPIM_EEPROM.o)
 .text          0x00000000        0x0 .\CortexM3\ARM_GCC_541\Debug\AY1920_II_FINAL_PROJECT.a(SPIM_EEPROM_INT.o)
 .data          0x00000000        0x0 .\CortexM3\ARM_GCC_541\Debug\AY1920_II_FINAL_PROJECT.a(SPIM_EEPROM_INT.o)
 .bss           0x00000000        0x0 .\CortexM3\ARM_GCC_541\Debug\AY1920_II_FINAL_PROJECT.a(SPIM_EEPROM_INT.o)
 .text.SPIM_EEPROM_TX_ISR
                0x00000000       0xa0 .\CortexM3\ARM_GCC_541\Debug\AY1920_II_FINAL_PROJECT.a(SPIM_EEPROM_INT.o)
 .text.SPIM_EEPROM_RX_ISR
                0x00000000       0xa0 .\CortexM3\ARM_GCC_541\Debug\AY1920_II_FINAL_PROJECT.a(SPIM_EEPROM_INT.o)
 .text          0x00000000        0x0 .\CortexM3\ARM_GCC_541\Debug\AY1920_II_FINAL_PROJECT.a(SPIM_LIS3DH.o)
 .data          0x00000000        0x0 .\CortexM3\ARM_GCC_541\Debug\AY1920_II_FINAL_PROJECT.a(SPIM_LIS3DH.o)
 .bss           0x00000000        0x1 .\CortexM3\ARM_GCC_541\Debug\AY1920_II_FINAL_PROJECT.a(SPIM_LIS3DH.o)
 .text.SPIM_LIS3DH_EnableTxInt
                0x00000000        0xc .\CortexM3\ARM_GCC_541\Debug\AY1920_II_FINAL_PROJECT.a(SPIM_LIS3DH.o)
 .text.SPIM_LIS3DH_EnableRxInt
                0x00000000        0xc .\CortexM3\ARM_GCC_541\Debug\AY1920_II_FINAL_PROJECT.a(SPIM_LIS3DH.o)
 .text.SPIM_LIS3DH_Enable
                0x00000000       0x3c .\CortexM3\ARM_GCC_541\Debug\AY1920_II_FINAL_PROJECT.a(SPIM_LIS3DH.o)
 .text.SPIM_LIS3DH_DisableTxInt
                0x00000000        0xc .\CortexM3\ARM_GCC_541\Debug\AY1920_II_FINAL_PROJECT.a(SPIM_LIS3DH.o)
 .text.SPIM_LIS3DH_DisableRxInt
                0x00000000        0xc .\CortexM3\ARM_GCC_541\Debug\AY1920_II_FINAL_PROJECT.a(SPIM_LIS3DH.o)
 .text.SPIM_LIS3DH_Stop
                0x00000000       0x30 .\CortexM3\ARM_GCC_541\Debug\AY1920_II_FINAL_PROJECT.a(SPIM_LIS3DH.o)
 .text.SPIM_LIS3DH_SetTxInterruptMode
                0x00000000        0xc .\CortexM3\ARM_GCC_541\Debug\AY1920_II_FINAL_PROJECT.a(SPIM_LIS3DH.o)
 .text.SPIM_LIS3DH_SetRxInterruptMode
                0x00000000        0xc .\CortexM3\ARM_GCC_541\Debug\AY1920_II_FINAL_PROJECT.a(SPIM_LIS3DH.o)
 .text.SPIM_LIS3DH_ReadTxStatus
                0x00000000       0x28 .\CortexM3\ARM_GCC_541\Debug\AY1920_II_FINAL_PROJECT.a(SPIM_LIS3DH.o)
 .text.SPIM_LIS3DH_ReadRxStatus
                0x00000000       0x28 .\CortexM3\ARM_GCC_541\Debug\AY1920_II_FINAL_PROJECT.a(SPIM_LIS3DH.o)
 .text.SPIM_LIS3DH_WriteTxData
                0x00000000       0xd4 .\CortexM3\ARM_GCC_541\Debug\AY1920_II_FINAL_PROJECT.a(SPIM_LIS3DH.o)
 .text.SPIM_LIS3DH_ReadRxData
                0x00000000       0x64 .\CortexM3\ARM_GCC_541\Debug\AY1920_II_FINAL_PROJECT.a(SPIM_LIS3DH.o)
 .text.SPIM_LIS3DH_GetRxBufferSize
                0x00000000       0x58 .\CortexM3\ARM_GCC_541\Debug\AY1920_II_FINAL_PROJECT.a(SPIM_LIS3DH.o)
 .text.SPIM_LIS3DH_GetTxBufferSize
                0x00000000       0x58 .\CortexM3\ARM_GCC_541\Debug\AY1920_II_FINAL_PROJECT.a(SPIM_LIS3DH.o)
 .text.SPIM_LIS3DH_ClearRxBuffer
                0x00000000       0x40 .\CortexM3\ARM_GCC_541\Debug\AY1920_II_FINAL_PROJECT.a(SPIM_LIS3DH.o)
 .text.SPIM_LIS3DH_ClearTxBuffer
                0x00000000       0x54 .\CortexM3\ARM_GCC_541\Debug\AY1920_II_FINAL_PROJECT.a(SPIM_LIS3DH.o)
 .text.SPIM_LIS3DH_PutArray
                0x00000000       0x20 .\CortexM3\ARM_GCC_541\Debug\AY1920_II_FINAL_PROJECT.a(SPIM_LIS3DH.o)
 .text.SPIM_LIS3DH_ClearFIFO
                0x00000000       0x3c .\CortexM3\ARM_GCC_541\Debug\AY1920_II_FINAL_PROJECT.a(SPIM_LIS3DH.o)
 .text.SPIM_LIS3DH_Init
                0x00000000       0x90 .\CortexM3\ARM_GCC_541\Debug\AY1920_II_FINAL_PROJECT.a(SPIM_LIS3DH.o)
 .text.SPIM_LIS3DH_Start
                0x00000000       0x1c .\CortexM3\ARM_GCC_541\Debug\AY1920_II_FINAL_PROJECT.a(SPIM_LIS3DH.o)
 .text.SPIM_LIS3DH_EnableInt
                0x00000000        0xc .\CortexM3\ARM_GCC_541\Debug\AY1920_II_FINAL_PROJECT.a(SPIM_LIS3DH.o)
 .text.SPIM_LIS3DH_DisableInt
                0x00000000        0xc .\CortexM3\ARM_GCC_541\Debug\AY1920_II_FINAL_PROJECT.a(SPIM_LIS3DH.o)
 .text.SPIM_LIS3DH_SetInterruptMode
                0x00000000       0x14 .\CortexM3\ARM_GCC_541\Debug\AY1920_II_FINAL_PROJECT.a(SPIM_LIS3DH.o)
 .text.SPIM_LIS3DH_ReadStatus
                0x00000000       0x48 .\CortexM3\ARM_GCC_541\Debug\AY1920_II_FINAL_PROJECT.a(SPIM_LIS3DH.o)
 COMMON         0x00000000       0x1e .\CortexM3\ARM_GCC_541\Debug\AY1920_II_FINAL_PROJECT.a(SPIM_LIS3DH.o)
 .text          0x00000000        0x0 .\CortexM3\ARM_GCC_541\Debug\AY1920_II_FINAL_PROJECT.a(SPIM_LIS3DH_INT.o)
 .data          0x00000000        0x0 .\CortexM3\ARM_GCC_541\Debug\AY1920_II_FINAL_PROJECT.a(SPIM_LIS3DH_INT.o)
 .bss           0x00000000        0x0 .\CortexM3\ARM_GCC_541\Debug\AY1920_II_FINAL_PROJECT.a(SPIM_LIS3DH_INT.o)
 .text.SPIM_LIS3DH_TX_ISR
                0x00000000       0xa0 .\CortexM3\ARM_GCC_541\Debug\AY1920_II_FINAL_PROJECT.a(SPIM_LIS3DH_INT.o)
 .text.SPIM_LIS3DH_RX_ISR
                0x00000000       0xa0 .\CortexM3\ARM_GCC_541\Debug\AY1920_II_FINAL_PROJECT.a(SPIM_LIS3DH_INT.o)
 .text          0x00000000        0x0 .\CortexM3\ARM_GCC_541\Debug\AY1920_II_FINAL_PROJECT.a(SPIM_EEPROM_IntClock.o)
 .data          0x00000000        0x0 .\CortexM3\ARM_GCC_541\Debug\AY1920_II_FINAL_PROJECT.a(SPIM_EEPROM_IntClock.o)
 .bss           0x00000000        0x0 .\CortexM3\ARM_GCC_541\Debug\AY1920_II_FINAL_PROJECT.a(SPIM_EEPROM_IntClock.o)
 .text.SPIM_EEPROM_IntClock_Start
                0x00000000       0x1c .\CortexM3\ARM_GCC_541\Debug\AY1920_II_FINAL_PROJECT.a(SPIM_EEPROM_IntClock.o)
 .text.SPIM_EEPROM_IntClock_Stop
                0x00000000       0x1c .\CortexM3\ARM_GCC_541\Debug\AY1920_II_FINAL_PROJECT.a(SPIM_EEPROM_IntClock.o)
 .text.SPIM_EEPROM_IntClock_StopBlock
                0x00000000       0x6c .\CortexM3\ARM_GCC_541\Debug\AY1920_II_FINAL_PROJECT.a(SPIM_EEPROM_IntClock.o)
 .text.SPIM_EEPROM_IntClock_StandbyPower
                0x00000000       0x20 .\CortexM3\ARM_GCC_541\Debug\AY1920_II_FINAL_PROJECT.a(SPIM_EEPROM_IntClock.o)
 .text.SPIM_EEPROM_IntClock_GetDividerRegister
                0x00000000        0xc .\CortexM3\ARM_GCC_541\Debug\AY1920_II_FINAL_PROJECT.a(SPIM_EEPROM_IntClock.o)
 .text.SPIM_EEPROM_IntClock_SetModeRegister
                0x00000000       0x14 .\CortexM3\ARM_GCC_541\Debug\AY1920_II_FINAL_PROJECT.a(SPIM_EEPROM_IntClock.o)
 .text.SPIM_EEPROM_IntClock_ClearModeRegister
                0x00000000       0x18 .\CortexM3\ARM_GCC_541\Debug\AY1920_II_FINAL_PROJECT.a(SPIM_EEPROM_IntClock.o)
 .text.SPIM_EEPROM_IntClock_GetModeRegister
                0x00000000       0x10 .\CortexM3\ARM_GCC_541\Debug\AY1920_II_FINAL_PROJECT.a(SPIM_EEPROM_IntClock.o)
 .text.SPIM_EEPROM_IntClock_GetSourceRegister
                0x00000000       0x10 .\CortexM3\ARM_GCC_541\Debug\AY1920_II_FINAL_PROJECT.a(SPIM_EEPROM_IntClock.o)
 .text.SPIM_EEPROM_IntClock_SetDividerRegister
                0x00000000       0xdc .\CortexM3\ARM_GCC_541\Debug\AY1920_II_FINAL_PROJECT.a(SPIM_EEPROM_IntClock.o)
 .text.SPIM_EEPROM_IntClock_SetSourceRegister
                0x00000000       0x5c .\CortexM3\ARM_GCC_541\Debug\AY1920_II_FINAL_PROJECT.a(SPIM_EEPROM_IntClock.o)
 .text          0x00000000        0x0 .\CortexM3\ARM_GCC_541\Debug\AY1920_II_FINAL_PROJECT.a(SPIM_LIS3DH_IntClock.o)
 .data          0x00000000        0x0 .\CortexM3\ARM_GCC_541\Debug\AY1920_II_FINAL_PROJECT.a(SPIM_LIS3DH_IntClock.o)
 .bss           0x00000000        0x0 .\CortexM3\ARM_GCC_541\Debug\AY1920_II_FINAL_PROJECT.a(SPIM_LIS3DH_IntClock.o)
 .text.SPIM_LIS3DH_IntClock_Start
                0x00000000       0x1c .\CortexM3\ARM_GCC_541\Debug\AY1920_II_FINAL_PROJECT.a(SPIM_LIS3DH_IntClock.o)
 .text.SPIM_LIS3DH_IntClock_Stop
                0x00000000       0x1c .\CortexM3\ARM_GCC_541\Debug\AY1920_II_FINAL_PROJECT.a(SPIM_LIS3DH_IntClock.o)
 .text.SPIM_LIS3DH_IntClock_StopBlock
                0x00000000       0x6c .\CortexM3\ARM_GCC_541\Debug\AY1920_II_FINAL_PROJECT.a(SPIM_LIS3DH_IntClock.o)
 .text.SPIM_LIS3DH_IntClock_StandbyPower
                0x00000000       0x20 .\CortexM3\ARM_GCC_541\Debug\AY1920_II_FINAL_PROJECT.a(SPIM_LIS3DH_IntClock.o)
 .text.SPIM_LIS3DH_IntClock_GetDividerRegister
                0x00000000        0xc .\CortexM3\ARM_GCC_541\Debug\AY1920_II_FINAL_PROJECT.a(SPIM_LIS3DH_IntClock.o)
 .text.SPIM_LIS3DH_IntClock_SetModeRegister
                0x00000000       0x14 .\CortexM3\ARM_GCC_541\Debug\AY1920_II_FINAL_PROJECT.a(SPIM_LIS3DH_IntClock.o)
 .text.SPIM_LIS3DH_IntClock_ClearModeRegister
                0x00000000       0x18 .\CortexM3\ARM_GCC_541\Debug\AY1920_II_FINAL_PROJECT.a(SPIM_LIS3DH_IntClock.o)
 .text.SPIM_LIS3DH_IntClock_GetModeRegister
                0x00000000       0x10 .\CortexM3\ARM_GCC_541\Debug\AY1920_II_FINAL_PROJECT.a(SPIM_LIS3DH_IntClock.o)
 .text.SPIM_LIS3DH_IntClock_GetSourceRegister
                0x00000000       0x10 .\CortexM3\ARM_GCC_541\Debug\AY1920_II_FINAL_PROJECT.a(SPIM_LIS3DH_IntClock.o)
 .text.SPIM_LIS3DH_IntClock_SetDividerRegister
                0x00000000       0xdc .\CortexM3\ARM_GCC_541\Debug\AY1920_II_FINAL_PROJECT.a(SPIM_LIS3DH_IntClock.o)
 .text.SPIM_LIS3DH_IntClock_SetSourceRegister
                0x00000000       0x5c .\CortexM3\ARM_GCC_541\Debug\AY1920_II_FINAL_PROJECT.a(SPIM_LIS3DH_IntClock.o)
 .text          0x00000000        0x0 .\CortexM3\ARM_GCC_541\Debug\AY1920_II_FINAL_PROJECT.a(CyLib.o)
 .data          0x00000000       0x10 .\CortexM3\ARM_GCC_541\Debug\AY1920_II_FINAL_PROJECT.a(CyLib.o)
 .bss           0x00000000       0x1c .\CortexM3\ARM_GCC_541\Debug\AY1920_II_FINAL_PROJECT.a(CyLib.o)
 .text.CyUSB_PowerOnCheck
                0x00000000       0x48 .\CortexM3\ARM_GCC_541\Debug\AY1920_II_FINAL_PROJECT.a(CyLib.o)
 .text.CyBusClk_Internal_SetDivider
                0x00000000       0x48 .\CortexM3\ARM_GCC_541\Debug\AY1920_II_FINAL_PROJECT.a(CyLib.o)
 .text.CyPLL_OUT_Stop
                0x00000000       0x10 .\CortexM3\ARM_GCC_541\Debug\AY1920_II_FINAL_PROJECT.a(CyLib.o)
 .text.CyIMO_Stop
                0x00000000       0x1c .\CortexM3\ARM_GCC_541\Debug\AY1920_II_FINAL_PROJECT.a(CyLib.o)
 .text.CyIMO_EnableDoubler
                0x00000000       0x10 .\CortexM3\ARM_GCC_541\Debug\AY1920_II_FINAL_PROJECT.a(CyLib.o)
 .text.CyIMO_DisableDoubler
                0x00000000       0x10 .\CortexM3\ARM_GCC_541\Debug\AY1920_II_FINAL_PROJECT.a(CyLib.o)
 .text.CyMasterClk_SetSource
                0x00000000       0x18 .\CortexM3\ARM_GCC_541\Debug\AY1920_II_FINAL_PROJECT.a(CyLib.o)
 .text.CyMasterClk_SetDivider
                0x00000000        0xc .\CortexM3\ARM_GCC_541\Debug\AY1920_II_FINAL_PROJECT.a(CyLib.o)
 .text.CyBusClk_SetDivider
                0x00000000       0x70 .\CortexM3\ARM_GCC_541\Debug\AY1920_II_FINAL_PROJECT.a(CyLib.o)
 .text.CyUsbClk_SetSource
                0x00000000       0x18 .\CortexM3\ARM_GCC_541\Debug\AY1920_II_FINAL_PROJECT.a(CyLib.o)
 .text.CyILO_Start1K
                0x00000000       0x10 .\CortexM3\ARM_GCC_541\Debug\AY1920_II_FINAL_PROJECT.a(CyLib.o)
 .text.CyILO_Stop1K
                0x00000000       0x10 .\CortexM3\ARM_GCC_541\Debug\AY1920_II_FINAL_PROJECT.a(CyLib.o)
 .text.CyILO_Start100K
                0x00000000       0x10 .\CortexM3\ARM_GCC_541\Debug\AY1920_II_FINAL_PROJECT.a(CyLib.o)
 .text.CyILO_Stop100K
                0x00000000       0x10 .\CortexM3\ARM_GCC_541\Debug\AY1920_II_FINAL_PROJECT.a(CyLib.o)
 .text.CyPLL_OUT_Start
                0x00000000       0x78 .\CortexM3\ARM_GCC_541\Debug\AY1920_II_FINAL_PROJECT.a(CyLib.o)
 .text.CyIMO_Start
                0x00000000       0x60 .\CortexM3\ARM_GCC_541\Debug\AY1920_II_FINAL_PROJECT.a(CyLib.o)
 .text.CyILO_Enable33K
                0x00000000       0x10 .\CortexM3\ARM_GCC_541\Debug\AY1920_II_FINAL_PROJECT.a(CyLib.o)
 .text.CyILO_Disable33K
                0x00000000       0x10 .\CortexM3\ARM_GCC_541\Debug\AY1920_II_FINAL_PROJECT.a(CyLib.o)
 .text.CyILO_SetSource
                0x00000000       0x18 .\CortexM3\ARM_GCC_541\Debug\AY1920_II_FINAL_PROJECT.a(CyLib.o)
 .text.CyILO_SetPowerMode
                0x00000000       0x24 .\CortexM3\ARM_GCC_541\Debug\AY1920_II_FINAL_PROJECT.a(CyLib.o)
 .text.CyXTAL_32KHZ_Stop
                0x00000000       0x30 .\CortexM3\ARM_GCC_541\Debug\AY1920_II_FINAL_PROJECT.a(CyLib.o)
 .text.CyXTAL_32KHZ_ReadStatus
                0x00000000       0x10 .\CortexM3\ARM_GCC_541\Debug\AY1920_II_FINAL_PROJECT.a(CyLib.o)
 .text.CyXTAL_Start
                0x00000000       0xac .\CortexM3\ARM_GCC_541\Debug\AY1920_II_FINAL_PROJECT.a(CyLib.o)
 .text.CyXTAL_Stop
                0x00000000       0x10 .\CortexM3\ARM_GCC_541\Debug\AY1920_II_FINAL_PROJECT.a(CyLib.o)
 .text.CyXTAL_EnableErrStatus
                0x00000000       0x10 .\CortexM3\ARM_GCC_541\Debug\AY1920_II_FINAL_PROJECT.a(CyLib.o)
 .text.CyXTAL_DisableErrStatus
                0x00000000       0x10 .\CortexM3\ARM_GCC_541\Debug\AY1920_II_FINAL_PROJECT.a(CyLib.o)
 .text.CyXTAL_ReadStatus
                0x00000000       0x18 .\CortexM3\ARM_GCC_541\Debug\AY1920_II_FINAL_PROJECT.a(CyLib.o)
 .text.CyXTAL_EnableFaultRecovery
                0x00000000       0x10 .\CortexM3\ARM_GCC_541\Debug\AY1920_II_FINAL_PROJECT.a(CyLib.o)
 .text.CyXTAL_DisableFaultRecovery
                0x00000000       0x10 .\CortexM3\ARM_GCC_541\Debug\AY1920_II_FINAL_PROJECT.a(CyLib.o)
 .text.CyXTAL_SetStartup
                0x00000000       0x18 .\CortexM3\ARM_GCC_541\Debug\AY1920_II_FINAL_PROJECT.a(CyLib.o)
 .text.CyXTAL_SetFbVoltage
                0x00000000       0x18 .\CortexM3\ARM_GCC_541\Debug\AY1920_II_FINAL_PROJECT.a(CyLib.o)
 .text.CyXTAL_SetWdVoltage
                0x00000000       0x18 .\CortexM3\ARM_GCC_541\Debug\AY1920_II_FINAL_PROJECT.a(CyLib.o)
 .text.CyHalt   0x00000000        0x4 .\CortexM3\ARM_GCC_541\Debug\AY1920_II_FINAL_PROJECT.a(CyLib.o)
 .text.CyPLL_OUT_SetPQ
                0x00000000       0x60 .\CortexM3\ARM_GCC_541\Debug\AY1920_II_FINAL_PROJECT.a(CyLib.o)
 .text.CyPLL_OUT_SetSource
                0x00000000       0x34 .\CortexM3\ARM_GCC_541\Debug\AY1920_II_FINAL_PROJECT.a(CyLib.o)
 .text.CyIMO_SetTrimValue
                0x00000000       0xcc .\CortexM3\ARM_GCC_541\Debug\AY1920_II_FINAL_PROJECT.a(CyLib.o)
 .text.CyIMO_SetFreq
                0x00000000       0xf4 .\CortexM3\ARM_GCC_541\Debug\AY1920_II_FINAL_PROJECT.a(CyLib.o)
 .text.CyIMO_SetSource
                0x00000000       0x58 .\CortexM3\ARM_GCC_541\Debug\AY1920_II_FINAL_PROJECT.a(CyLib.o)
 .text.CySoftwareReset
                0x00000000       0x10 .\CortexM3\ARM_GCC_541\Debug\AY1920_II_FINAL_PROJECT.a(CyLib.o)
 .text.CyDelay  0x00000000       0x2c .\CortexM3\ARM_GCC_541\Debug\AY1920_II_FINAL_PROJECT.a(CyLib.o)
 .text.CyDelayUs
                0x00000000       0x14 .\CortexM3\ARM_GCC_541\Debug\AY1920_II_FINAL_PROJECT.a(CyLib.o)
 .text.CyXTAL_32KHZ_SetPowerMode
                0x00000000       0x84 .\CortexM3\ARM_GCC_541\Debug\AY1920_II_FINAL_PROJECT.a(CyLib.o)
 .text.CyXTAL_32KHZ_Start
                0x00000000       0x74 .\CortexM3\ARM_GCC_541\Debug\AY1920_II_FINAL_PROJECT.a(CyLib.o)
 .text.CyDelayFreq
                0x00000000       0x4c .\CortexM3\ARM_GCC_541\Debug\AY1920_II_FINAL_PROJECT.a(CyLib.o)
 .text.CyWdtStart
                0x00000000       0x40 .\CortexM3\ARM_GCC_541\Debug\AY1920_II_FINAL_PROJECT.a(CyLib.o)
 .text.CyWdtClear
                0x00000000        0xc .\CortexM3\ARM_GCC_541\Debug\AY1920_II_FINAL_PROJECT.a(CyLib.o)
 .text.CyVdStickyStatus
                0x00000000       0x2c .\CortexM3\ARM_GCC_541\Debug\AY1920_II_FINAL_PROJECT.a(CyLib.o)
 .text.CyVdLvDigitEnable
                0x00000000       0x84 .\CortexM3\ARM_GCC_541\Debug\AY1920_II_FINAL_PROJECT.a(CyLib.o)
 .text.CyVdLvAnalogEnable
                0x00000000       0x80 .\CortexM3\ARM_GCC_541\Debug\AY1920_II_FINAL_PROJECT.a(CyLib.o)
 .text.CyVdLvDigitDisable
                0x00000000       0x30 .\CortexM3\ARM_GCC_541\Debug\AY1920_II_FINAL_PROJECT.a(CyLib.o)
 .text.CyVdLvAnalogDisable
                0x00000000       0x28 .\CortexM3\ARM_GCC_541\Debug\AY1920_II_FINAL_PROJECT.a(CyLib.o)
 .text.CyVdHvAnalogEnable
                0x00000000       0x54 .\CortexM3\ARM_GCC_541\Debug\AY1920_II_FINAL_PROJECT.a(CyLib.o)
 .text.CyVdHvAnalogDisable
                0x00000000       0x20 .\CortexM3\ARM_GCC_541\Debug\AY1920_II_FINAL_PROJECT.a(CyLib.o)
 .text.CyVdRealTimeStatus
                0x00000000       0x1c .\CortexM3\ARM_GCC_541\Debug\AY1920_II_FINAL_PROJECT.a(CyLib.o)
 .text.CyDisableInts
                0x00000000       0x1c .\CortexM3\ARM_GCC_541\Debug\AY1920_II_FINAL_PROJECT.a(CyLib.o)
 .text.CyEnableInts
                0x00000000       0x18 .\CortexM3\ARM_GCC_541\Debug\AY1920_II_FINAL_PROJECT.a(CyLib.o)
 .text.CyFlushCache
                0x00000000       0x44 .\CortexM3\ARM_GCC_541\Debug\AY1920_II_FINAL_PROJECT.a(CyLib.o)
 .text.CyIntSetSysVector
                0x00000000       0x28 .\CortexM3\ARM_GCC_541\Debug\AY1920_II_FINAL_PROJECT.a(CyLib.o)
 .text.CyIntGetSysVector
                0x00000000       0x20 .\CortexM3\ARM_GCC_541\Debug\AY1920_II_FINAL_PROJECT.a(CyLib.o)
 .text.CyIntSetVector
                0x00000000       0x28 .\CortexM3\ARM_GCC_541\Debug\AY1920_II_FINAL_PROJECT.a(CyLib.o)
 .text.CyIntGetVector
                0x00000000       0x24 .\CortexM3\ARM_GCC_541\Debug\AY1920_II_FINAL_PROJECT.a(CyLib.o)
 .text.CyIntSetPriority
                0x00000000       0x30 .\CortexM3\ARM_GCC_541\Debug\AY1920_II_FINAL_PROJECT.a(CyLib.o)
 .text.CyIntGetPriority
                0x00000000       0x20 .\CortexM3\ARM_GCC_541\Debug\AY1920_II_FINAL_PROJECT.a(CyLib.o)
 .text.CyIntGetState
                0x00000000       0x24 .\CortexM3\ARM_GCC_541\Debug\AY1920_II_FINAL_PROJECT.a(CyLib.o)
 .text.CySysTickStop
                0x00000000       0x10 .\CortexM3\ARM_GCC_541\Debug\AY1920_II_FINAL_PROJECT.a(CyLib.o)
 .text.CySysTickEnableInterrupt
                0x00000000       0x10 .\CortexM3\ARM_GCC_541\Debug\AY1920_II_FINAL_PROJECT.a(CyLib.o)
 .text.CySysTickEnable
                0x00000000       0x18 .\CortexM3\ARM_GCC_541\Debug\AY1920_II_FINAL_PROJECT.a(CyLib.o)
 .text.CySysTickDisableInterrupt
                0x00000000       0x10 .\CortexM3\ARM_GCC_541\Debug\AY1920_II_FINAL_PROJECT.a(CyLib.o)
 .text.CySysTickSetReload
                0x00000000       0x10 .\CortexM3\ARM_GCC_541\Debug\AY1920_II_FINAL_PROJECT.a(CyLib.o)
 .text.CySysTickGetReload
                0x00000000       0x10 .\CortexM3\ARM_GCC_541\Debug\AY1920_II_FINAL_PROJECT.a(CyLib.o)
 .text.CySysTickGetValue
                0x00000000       0x10 .\CortexM3\ARM_GCC_541\Debug\AY1920_II_FINAL_PROJECT.a(CyLib.o)
 .text.CySysTickSetClockSource
                0x00000000       0x20 .\CortexM3\ARM_GCC_541\Debug\AY1920_II_FINAL_PROJECT.a(CyLib.o)
 .text.CySysTickGetClockSource
                0x00000000       0x10 .\CortexM3\ARM_GCC_541\Debug\AY1920_II_FINAL_PROJECT.a(CyLib.o)
 .text.CySysTickGetCountFlag
                0x00000000       0x10 .\CortexM3\ARM_GCC_541\Debug\AY1920_II_FINAL_PROJECT.a(CyLib.o)
 .text.CySysTickServiceCallbacks
                0x00000000       0x28 .\CortexM3\ARM_GCC_541\Debug\AY1920_II_FINAL_PROJECT.a(CyLib.o)
 .text.CySysTickClear
                0x00000000        0xc .\CortexM3\ARM_GCC_541\Debug\AY1920_II_FINAL_PROJECT.a(CyLib.o)
 .text.CySysTickInit
                0x00000000       0x58 .\CortexM3\ARM_GCC_541\Debug\AY1920_II_FINAL_PROJECT.a(CyLib.o)
 .text.CySysTickStart
                0x00000000       0x1c .\CortexM3\ARM_GCC_541\Debug\AY1920_II_FINAL_PROJECT.a(CyLib.o)
 .text.CySysTickSetCallback
                0x00000000       0x10 .\CortexM3\ARM_GCC_541\Debug\AY1920_II_FINAL_PROJECT.a(CyLib.o)
 .text.CySysTickGetCallback
                0x00000000       0x10 .\CortexM3\ARM_GCC_541\Debug\AY1920_II_FINAL_PROJECT.a(CyLib.o)
 .text.CyGetUniqueId
                0x00000000       0x70 .\CortexM3\ARM_GCC_541\Debug\AY1920_II_FINAL_PROJECT.a(CyLib.o)
 .text          0x00000000        0x0 .\CortexM3\ARM_GCC_541\Debug\AY1920_II_FINAL_PROJECT.a(cyPm.o)
 .data          0x00000000        0x0 .\CortexM3\ARM_GCC_541\Debug\AY1920_II_FINAL_PROJECT.a(cyPm.o)
 .bss           0x00000000       0x43 .\CortexM3\ARM_GCC_541\Debug\AY1920_II_FINAL_PROJECT.a(cyPm.o)
 .text.CyPmHibSlpSaveSet
                0x00000000      0x1dc .\CortexM3\ARM_GCC_541\Debug\AY1920_II_FINAL_PROJECT.a(cyPm.o)
 .text.CyPmHibSlpRestore
                0x00000000       0xd8 .\CortexM3\ARM_GCC_541\Debug\AY1920_II_FINAL_PROJECT.a(cyPm.o)
 .text.CyPmHviLviSaveDisable
                0x00000000       0xa0 .\CortexM3\ARM_GCC_541\Debug\AY1920_II_FINAL_PROJECT.a(cyPm.o)
 .text.CyPmHibSaveSet
                0x00000000       0x98 .\CortexM3\ARM_GCC_541\Debug\AY1920_II_FINAL_PROJECT.a(cyPm.o)
 .text.CyPmHviLviRestore
                0x00000000       0x48 .\CortexM3\ARM_GCC_541\Debug\AY1920_II_FINAL_PROJECT.a(cyPm.o)
 .text.CyPmHibRestore
                0x00000000       0x60 .\CortexM3\ARM_GCC_541\Debug\AY1920_II_FINAL_PROJECT.a(cyPm.o)
 .text.CyPmSaveClocks
                0x00000000      0x218 .\CortexM3\ARM_GCC_541\Debug\AY1920_II_FINAL_PROJECT.a(cyPm.o)
 .text.CyPmRestoreClocks
                0x00000000      0x24c .\CortexM3\ARM_GCC_541\Debug\AY1920_II_FINAL_PROJECT.a(cyPm.o)
 .text.CyPmAltAct
                0x00000000       0x6c .\CortexM3\ARM_GCC_541\Debug\AY1920_II_FINAL_PROJECT.a(cyPm.o)
 .text.CyPmSleep
                0x00000000       0xf4 .\CortexM3\ARM_GCC_541\Debug\AY1920_II_FINAL_PROJECT.a(cyPm.o)
 .text.CyPmHibernateEx
                0x00000000       0xf4 .\CortexM3\ARM_GCC_541\Debug\AY1920_II_FINAL_PROJECT.a(cyPm.o)
 .text.CyPmHibernate
                0x00000000        0xc .\CortexM3\ARM_GCC_541\Debug\AY1920_II_FINAL_PROJECT.a(cyPm.o)
 .text.CyPmReadStatus
                0x00000000       0x30 .\CortexM3\ARM_GCC_541\Debug\AY1920_II_FINAL_PROJECT.a(cyPm.o)
 .text.CyPmCtwSetInterval
                0x00000000       0x5c .\CortexM3\ARM_GCC_541\Debug\AY1920_II_FINAL_PROJECT.a(cyPm.o)
 .text.CyPmOppsSet
                0x00000000       0x2c .\CortexM3\ARM_GCC_541\Debug\AY1920_II_FINAL_PROJECT.a(cyPm.o)
 .text.CyPmFtwSetInterval
                0x00000000       0x5c .\CortexM3\ARM_GCC_541\Debug\AY1920_II_FINAL_PROJECT.a(cyPm.o)
 .rodata        0x00000000        0xf .\CortexM3\ARM_GCC_541\Debug\AY1920_II_FINAL_PROJECT.a(cyPm.o)
 .data          0x00000000        0x0 .\CortexM3\ARM_GCC_541\Debug\AY1920_II_FINAL_PROJECT.a(CyBootAsmGnu.o)
 .bss           0x00000000        0x0 .\CortexM3\ARM_GCC_541\Debug\AY1920_II_FINAL_PROJECT.a(CyBootAsmGnu.o)
 .text          0x00000000        0x0 .\CortexM3\ARM_GCC_541\Debug\AY1920_II_FINAL_PROJECT.a(CyFlash.o)
 .data          0x00000000        0x0 .\CortexM3\ARM_GCC_541\Debug\AY1920_II_FINAL_PROJECT.a(CyFlash.o)
 .bss           0x00000000        0x0 .\CortexM3\ARM_GCC_541\Debug\AY1920_II_FINAL_PROJECT.a(CyFlash.o)
 .text.CySetTempInt
                0x00000000       0x60 .\CortexM3\ARM_GCC_541\Debug\AY1920_II_FINAL_PROJECT.a(CyFlash.o)
 .text.CyFlash_Start
                0x00000000       0x54 .\CortexM3\ARM_GCC_541\Debug\AY1920_II_FINAL_PROJECT.a(CyFlash.o)
 .text.CyFlash_Stop
                0x00000000       0x24 .\CortexM3\ARM_GCC_541\Debug\AY1920_II_FINAL_PROJECT.a(CyFlash.o)
 .text.CyFlash_EraseRow
                0x00000000       0x78 .\CortexM3\ARM_GCC_541\Debug\AY1920_II_FINAL_PROJECT.a(CyFlash.o)
 .text.CyFlashGetSpcAlgorithm
                0x00000000       0x4c .\CortexM3\ARM_GCC_541\Debug\AY1920_II_FINAL_PROJECT.a(CyFlash.o)
 .text.CySetTemp
                0x00000000       0x14 .\CortexM3\ARM_GCC_541\Debug\AY1920_II_FINAL_PROJECT.a(CyFlash.o)
 .text.CySetFlashEEBuffer
                0x00000000       0x20 .\CortexM3\ARM_GCC_541\Debug\AY1920_II_FINAL_PROJECT.a(CyFlash.o)
 .text.CyWriteRowFull
                0x00000000       0xf8 .\CortexM3\ARM_GCC_541\Debug\AY1920_II_FINAL_PROJECT.a(CyFlash.o)
 .text.CyWriteRowData
                0x00000000       0x14 .\CortexM3\ARM_GCC_541\Debug\AY1920_II_FINAL_PROJECT.a(CyFlash.o)
 .text.CyFlash_SetWaitCycles
                0x00000000       0x7c .\CortexM3\ARM_GCC_541\Debug\AY1920_II_FINAL_PROJECT.a(CyFlash.o)
 .text.CyEEPROM_Start
                0x00000000       0x54 .\CortexM3\ARM_GCC_541\Debug\AY1920_II_FINAL_PROJECT.a(CyFlash.o)
 .text.CyEEPROM_Stop
                0x00000000       0x24 .\CortexM3\ARM_GCC_541\Debug\AY1920_II_FINAL_PROJECT.a(CyFlash.o)
 .text.CyEEPROM_ReadReserve
                0x00000000       0x1c .\CortexM3\ARM_GCC_541\Debug\AY1920_II_FINAL_PROJECT.a(CyFlash.o)
 .text.CyEEPROM_ReadRelease
                0x00000000       0x10 .\CortexM3\ARM_GCC_541\Debug\AY1920_II_FINAL_PROJECT.a(CyFlash.o)
 COMMON         0x00000000        0x2 .\CortexM3\ARM_GCC_541\Debug\AY1920_II_FINAL_PROJECT.a(CyFlash.o)
 .text          0x00000000        0x0 .\CortexM3\ARM_GCC_541\Debug\AY1920_II_FINAL_PROJECT.a(CySpc.o)
 .data          0x00000000        0x0 .\CortexM3\ARM_GCC_541\Debug\AY1920_II_FINAL_PROJECT.a(CySpc.o)
 .bss           0x00000000        0x8 .\CortexM3\ARM_GCC_541\Debug\AY1920_II_FINAL_PROJECT.a(CySpc.o)
 .text.CySpcStart
                0x00000000       0x24 .\CortexM3\ARM_GCC_541\Debug\AY1920_II_FINAL_PROJECT.a(CySpc.o)
 .text.CySpcStop
                0x00000000       0x24 .\CortexM3\ARM_GCC_541\Debug\AY1920_II_FINAL_PROJECT.a(CySpc.o)
 .text.CySpcReadData
                0x00000000       0x34 .\CortexM3\ARM_GCC_541\Debug\AY1920_II_FINAL_PROJECT.a(CySpc.o)
 .text.CySpcLoadMultiByte
                0x00000000       0x78 .\CortexM3\ARM_GCC_541\Debug\AY1920_II_FINAL_PROJECT.a(CySpc.o)
 .text.CySpcLoadRow
                0x00000000       0x50 .\CortexM3\ARM_GCC_541\Debug\AY1920_II_FINAL_PROJECT.a(CySpc.o)
 .text.CySpcLoadRowFull
                0x00000000       0x80 .\CortexM3\ARM_GCC_541\Debug\AY1920_II_FINAL_PROJECT.a(CySpc.o)
 .text.CySpcWriteRow
                0x00000000       0x4c .\CortexM3\ARM_GCC_541\Debug\AY1920_II_FINAL_PROJECT.a(CySpc.o)
 .text.CySpcEraseSector
                0x00000000       0x3c .\CortexM3\ARM_GCC_541\Debug\AY1920_II_FINAL_PROJECT.a(CySpc.o)
 .text.CySpcEraseRow
                0x00000000       0x4c .\CortexM3\ARM_GCC_541\Debug\AY1920_II_FINAL_PROJECT.a(CySpc.o)
 .text.CySpcGetTemp
                0x00000000       0x3c .\CortexM3\ARM_GCC_541\Debug\AY1920_II_FINAL_PROJECT.a(CySpc.o)
 .text.CySpcLock
                0x00000000       0x4c .\CortexM3\ARM_GCC_541\Debug\AY1920_II_FINAL_PROJECT.a(CySpc.o)
 .text.CySpcUnlock
                0x00000000       0x38 .\CortexM3\ARM_GCC_541\Debug\AY1920_II_FINAL_PROJECT.a(CySpc.o)
 .text.CySpcGetAlgorithm
                0x00000000       0x28 .\CortexM3\ARM_GCC_541\Debug\AY1920_II_FINAL_PROJECT.a(CySpc.o)
 .text          0x00000000        0x0 c:/program files (x86)/cypress/psoc creator/4.3/psoc creator/import/gnu/arm/5.4.1/bin/../lib/gcc/arm-none-eabi/5.4.1/../../../../arm-none-eabi/lib/armv7-m\libg_nano.a(lib_a-errno.o)
 .data          0x00000000        0x0 c:/program files (x86)/cypress/psoc creator/4.3/psoc creator/import/gnu/arm/5.4.1/bin/../lib/gcc/arm-none-eabi/5.4.1/../../../../arm-none-eabi/lib/armv7-m\libg_nano.a(lib_a-errno.o)
 .bss           0x00000000        0x0 c:/program files (x86)/cypress/psoc creator/4.3/psoc creator/import/gnu/arm/5.4.1/bin/../lib/gcc/arm-none-eabi/5.4.1/../../../../arm-none-eabi/lib/armv7-m\libg_nano.a(lib_a-errno.o)
 .text          0x00000000        0x0 c:/program files (x86)/cypress/psoc creator/4.3/psoc creator/import/gnu/arm/5.4.1/bin/../lib/gcc/arm-none-eabi/5.4.1/../../../../arm-none-eabi/lib/armv7-m\libg_nano.a(lib_a-exit.o)
 .data          0x00000000        0x0 c:/program files (x86)/cypress/psoc creator/4.3/psoc creator/import/gnu/arm/5.4.1/bin/../lib/gcc/arm-none-eabi/5.4.1/../../../../arm-none-eabi/lib/armv7-m\libg_nano.a(lib_a-exit.o)
 .bss           0x00000000        0x0 c:/program files (x86)/cypress/psoc creator/4.3/psoc creator/import/gnu/arm/5.4.1/bin/../lib/gcc/arm-none-eabi/5.4.1/../../../../arm-none-eabi/lib/armv7-m\libg_nano.a(lib_a-exit.o)
 .text.exit     0x00000000       0x28 c:/program files (x86)/cypress/psoc creator/4.3/psoc creator/import/gnu/arm/5.4.1/bin/../lib/gcc/arm-none-eabi/5.4.1/../../../../arm-none-eabi/lib/armv7-m\libg_nano.a(lib_a-exit.o)
 .text          0x00000000        0x0 c:/program files (x86)/cypress/psoc creator/4.3/psoc creator/import/gnu/arm/5.4.1/bin/../lib/gcc/arm-none-eabi/5.4.1/../../../../arm-none-eabi/lib/armv7-m\libg_nano.a(lib_a-impure.o)
 .data          0x00000000        0x0 c:/program files (x86)/cypress/psoc creator/4.3/psoc creator/import/gnu/arm/5.4.1/bin/../lib/gcc/arm-none-eabi/5.4.1/../../../../arm-none-eabi/lib/armv7-m\libg_nano.a(lib_a-impure.o)
 .bss           0x00000000        0x0 c:/program files (x86)/cypress/psoc creator/4.3/psoc creator/import/gnu/arm/5.4.1/bin/../lib/gcc/arm-none-eabi/5.4.1/../../../../arm-none-eabi/lib/armv7-m\libg_nano.a(lib_a-impure.o)
 .rodata._global_impure_ptr
                0x00000000        0x4 c:/program files (x86)/cypress/psoc creator/4.3/psoc creator/import/gnu/arm/5.4.1/bin/../lib/gcc/arm-none-eabi/5.4.1/../../../../arm-none-eabi/lib/armv7-m\libg_nano.a(lib_a-impure.o)
 .text          0x00000000        0x0 c:/program files (x86)/cypress/psoc creator/4.3/psoc creator/import/gnu/arm/5.4.1/bin/../lib/gcc/arm-none-eabi/5.4.1/../../../../arm-none-eabi/lib/armv7-m\libg_nano.a(lib_a-init.o)
 .data          0x00000000        0x0 c:/program files (x86)/cypress/psoc creator/4.3/psoc creator/import/gnu/arm/5.4.1/bin/../lib/gcc/arm-none-eabi/5.4.1/../../../../arm-none-eabi/lib/armv7-m\libg_nano.a(lib_a-init.o)
 .bss           0x00000000        0x0 c:/program files (x86)/cypress/psoc creator/4.3/psoc creator/import/gnu/arm/5.4.1/bin/../lib/gcc/arm-none-eabi/5.4.1/../../../../arm-none-eabi/lib/armv7-m\libg_nano.a(lib_a-init.o)
 .text          0x00000000        0x0 c:/program files (x86)/cypress/psoc creator/4.3/psoc creator/import/gnu/arm/5.4.1/bin/../lib/gcc/arm-none-eabi/5.4.1/../../../../arm-none-eabi/lib/armv7-m\libg_nano.a(lib_a-memcpy-stub.o)
 .data          0x00000000        0x0 c:/program files (x86)/cypress/psoc creator/4.3/psoc creator/import/gnu/arm/5.4.1/bin/../lib/gcc/arm-none-eabi/5.4.1/../../../../arm-none-eabi/lib/armv7-m\libg_nano.a(lib_a-memcpy-stub.o)
 .bss           0x00000000        0x0 c:/program files (x86)/cypress/psoc creator/4.3/psoc creator/import/gnu/arm/5.4.1/bin/../lib/gcc/arm-none-eabi/5.4.1/../../../../arm-none-eabi/lib/armv7-m\libg_nano.a(lib_a-memcpy-stub.o)
 .text          0x00000000        0x0 c:/program files (x86)/cypress/psoc creator/4.3/psoc creator/import/gnu/arm/5.4.1/bin/../lib/gcc/arm-none-eabi/5.4.1/../../../../arm-none-eabi/lib/armv7-m\libg_nano.a(lib_a-memset.o)
 .data          0x00000000        0x0 c:/program files (x86)/cypress/psoc creator/4.3/psoc creator/import/gnu/arm/5.4.1/bin/../lib/gcc/arm-none-eabi/5.4.1/../../../../arm-none-eabi/lib/armv7-m\libg_nano.a(lib_a-memset.o)
 .bss           0x00000000        0x0 c:/program files (x86)/cypress/psoc creator/4.3/psoc creator/import/gnu/arm/5.4.1/bin/../lib/gcc/arm-none-eabi/5.4.1/../../../../arm-none-eabi/lib/armv7-m\libg_nano.a(lib_a-memset.o)
 .text          0x00000000        0x0 c:/program files (x86)/cypress/psoc creator/4.3/psoc creator/import/gnu/arm/5.4.1/bin/../lib/gcc/arm-none-eabi/5.4.1/armv7-m/crtend.o
 .data          0x00000000        0x0 c:/program files (x86)/cypress/psoc creator/4.3/psoc creator/import/gnu/arm/5.4.1/bin/../lib/gcc/arm-none-eabi/5.4.1/armv7-m/crtend.o
 .bss           0x00000000        0x0 c:/program files (x86)/cypress/psoc creator/4.3/psoc creator/import/gnu/arm/5.4.1/bin/../lib/gcc/arm-none-eabi/5.4.1/armv7-m/crtend.o
 .text          0x00000000        0x0 c:/program files (x86)/cypress/psoc creator/4.3/psoc creator/import/gnu/arm/5.4.1/bin/../lib/gcc/arm-none-eabi/5.4.1/armv7-m/crtn.o
 .data          0x00000000        0x0 c:/program files (x86)/cypress/psoc creator/4.3/psoc creator/import/gnu/arm/5.4.1/bin/../lib/gcc/arm-none-eabi/5.4.1/armv7-m/crtn.o
 .bss           0x00000000        0x0 c:/program files (x86)/cypress/psoc creator/4.3/psoc creator/import/gnu/arm/5.4.1/bin/../lib/gcc/arm-none-eabi/5.4.1/armv7-m/crtn.o

Memory Configuration

Name             Origin             Length             Attributes
rom              0x00000000         0x00040000         xr
ram              0x1fff8000         0x00010000         xrw
*default*        0x00000000         0xffffffff

Linker script and memory map

LOAD c:/program files (x86)/cypress/psoc creator/4.3/psoc creator/import/gnu/arm/5.4.1/bin/../lib/gcc/arm-none-eabi/5.4.1/armv7-m/crti.o
LOAD c:/program files (x86)/cypress/psoc creator/4.3/psoc creator/import/gnu/arm/5.4.1/bin/../lib/gcc/arm-none-eabi/5.4.1/armv7-m/crtbegin.o
LOAD c:/program files (x86)/cypress/psoc creator/4.3/psoc creator/import/gnu/arm/5.4.1/bin/../lib/gcc/arm-none-eabi/5.4.1/../../../../arm-none-eabi/lib/armv7-m/crt0.o
START GROUP
LOAD .\CortexM3\ARM_GCC_541\Debug\main.o
LOAD .\CortexM3\ARM_GCC_541\Debug\25LC256.o
LOAD .\CortexM3\ARM_GCC_541\Debug\SPI_Interface.o
LOAD .\CortexM3\ARM_GCC_541\Debug\cyfitter_cfg.o
LOAD .\CortexM3\ARM_GCC_541\Debug\cymetadata.o
LOAD .\CortexM3\ARM_GCC_541\Debug\Cm3Start.o
LOAD .\CortexM3\ARM_GCC_541\Debug\AY1920_II_FINAL_PROJECT.a
LOAD C:\Program Files (x86)\Cypress\PSoC Creator\4.3\PSoC Creator\psoc\content\cycomponentlibrary\CyComponentLibrary.cylib\CortexM3\ARM_GCC_541\Debug\CyComponentLibrary.a
END GROUP
START GROUP
LOAD c:/program files (x86)/cypress/psoc creator/4.3/psoc creator/import/gnu/arm/5.4.1/bin/../lib/gcc/arm-none-eabi/5.4.1/armv7-m\libgcc.a
LOAD c:/program files (x86)/cypress/psoc creator/4.3/psoc creator/import/gnu/arm/5.4.1/bin/../lib/gcc/arm-none-eabi/5.4.1/../../../../arm-none-eabi/lib/armv7-m\libg_nano.a
LOAD c:/program files (x86)/cypress/psoc creator/4.3/psoc creator/import/gnu/arm/5.4.1/bin/../lib/gcc/arm-none-eabi/5.4.1/../../../../arm-none-eabi/lib/armv7-m\libc_nano.a
END GROUP
START GROUP
LOAD c:/program files (x86)/cypress/psoc creator/4.3/psoc creator/import/gnu/arm/5.4.1/bin/../lib/gcc/arm-none-eabi/5.4.1/armv7-m\libgcc.a
LOAD c:/program files (x86)/cypress/psoc creator/4.3/psoc creator/import/gnu/arm/5.4.1/bin/../lib/gcc/arm-none-eabi/5.4.1/../../../../arm-none-eabi/lib/armv7-m\libc_nano.a
END GROUP
LOAD c:/program files (x86)/cypress/psoc creator/4.3/psoc creator/import/gnu/arm/5.4.1/bin/../lib/gcc/arm-none-eabi/5.4.1/armv7-m/crtend.o
LOAD c:/program files (x86)/cypress/psoc creator/4.3/psoc creator/import/gnu/arm/5.4.1/bin/../lib/gcc/arm-none-eabi/5.4.1/armv7-m/crtn.o
START GROUP
LOAD c:/program files (x86)/cypress/psoc creator/4.3/psoc creator/import/gnu/arm/5.4.1/bin/../lib/gcc/arm-none-eabi/5.4.1/armv7-m\libgcc.a
LOAD c:/program files (x86)/cypress/psoc creator/4.3/psoc creator/import/gnu/arm/5.4.1/bin/../lib/gcc/arm-none-eabi/5.4.1/../../../../arm-none-eabi/lib/armv7-m\libc.a
LOAD c:/program files (x86)/cypress/psoc creator/4.3/psoc creator/import/gnu/arm/5.4.1/bin/../lib/gcc/arm-none-eabi/5.4.1/../../../../arm-none-eabi/lib/armv7-m\libnosys.a
END GROUP
                0x00000000                CY_APPL_ORIGIN = 0x0
                0x00000100                CY_FLASH_ROW_SIZE = 0x100
                0x00000020                CY_ECC_ROW_SIZE = 0x20
                0x00000000                CY_EE_IN_BTLDR = 0x0
                0x00000000                CY_APPL_LOADABLE = 0x0
                0x00000800                CY_EE_SIZE = 0x800
                0x00000001                CY_APPL_NUM = 0x1
                0x00000001                CY_APPL_MAX = 0x1
                0x00000040                CY_METADATA_SIZE = 0x40
                0x00000000                CY_APPL_LOADABLE = 0x0
                0x00000000                CY_CHECKSUM_EXCLUDE_SIZE = ALIGN (0x0, CY_FLASH_ROW_SIZE)
                [!provide]                PROVIDE (__cy_heap_start, _end)
                0x00000001                PROVIDE (__cy_region_num, ((__cy_regions_end - __cy_regions) / 0x10))
                0x20008000                PROVIDE (__cy_stack, (ORIGIN (ram) + LENGTH (ram)))
                [!provide]                PROVIDE (__cy_heap_end, (__cy_stack - 0x800))

.cybootloader   0x00000000        0x0
 *(.cybootloader)
                0x00000000                appl1_start = CY_APPL_ORIGIN?CY_APPL_ORIGIN:ALIGN (CY_FLASH_ROW_SIZE)
                0x0001ff00                appl2_start = (appl1_start + ALIGN ((((LENGTH (rom) - appl1_start) - (0x2 * CY_FLASH_ROW_SIZE)) / 0x2), CY_FLASH_ROW_SIZE))
                0x00000000                appl_start = (CY_APPL_NUM == 0x1)?appl1_start:appl2_start
                0x00000000                ecc_offset = ((appl_start / CY_FLASH_ROW_SIZE) * CY_ECC_ROW_SIZE)
                0x00000000                ee_offset = (CY_APPL_LOADABLE && ! (CY_EE_IN_BTLDR))?((CY_EE_SIZE / CY_APPL_MAX) * (CY_APPL_NUM - 0x1)):0x0
                0x00000800                ee_size = (CY_APPL_LOADABLE && ! (CY_EE_IN_BTLDR))?(CY_EE_SIZE / CY_APPL_MAX):CY_EE_SIZE
                [!provide]                PROVIDE (CY_ECC_OFFSET, ecc_offset)

.text           0x00000000      0x4d6
 CREATE_OBJECT_SYMBOLS
                0x00000000                PROVIDE (__cy_interrupt_vector, RomVectors)
 *(.romvectors)
 .romvectors    0x00000000       0x10 .\CortexM3\ARM_GCC_541\Debug\Cm3Start.o
                0x00000000                RomVectors
                0x00000001                ASSERT ((. != __cy_interrupt_vector), No interrupt vector)
                0x00000001                ASSERT (CY_APPL_ORIGIN?(SIZEOF (.cybootloader) <= CY_APPL_ORIGIN):0x1, Wrong image location)
                0x00000010                PROVIDE (__cy_reset, Reset)
 *(.text.Reset)
 .text.Reset    0x00000010       0x18 .\CortexM3\ARM_GCC_541\Debug\Cm3Start.o
                0x00000010                Reset
                0x00000001                ASSERT ((. != __cy_reset), No reset code)
 *(.dma_init)
                0x00000001                ASSERT ((((appl_start + .) <= 0x10000) || 0x1), DMA Init must be within the first 64k of flash)
 *(.text .text.* .gnu.linkonce.t.*)
 .text          0x00000028       0x5c c:/program files (x86)/cypress/psoc creator/4.3/psoc creator/import/gnu/arm/5.4.1/bin/../lib/gcc/arm-none-eabi/5.4.1/armv7-m/crtbegin.o
 .text.main     0x00000084        0x4 .\CortexM3\ARM_GCC_541\Debug\main.o
                0x00000084                main
 .text.CyClockStartupError
                0x00000088        0x4 .\CortexM3\ARM_GCC_541\Debug\cyfitter_cfg.o
 .text.cfg_write_bytes32
                0x0000008c       0x34 .\CortexM3\ARM_GCC_541\Debug\cyfitter_cfg.o
 .text.AnalogSetDefault
                0x000000c0       0x30 .\CortexM3\ARM_GCC_541\Debug\cyfitter_cfg.o
 .text.CYMEMZERO
                0x000000f0        0xc .\CortexM3\ARM_GCC_541\Debug\cyfitter_cfg.o
 .text.CYCONFIGCPY
                0x000000fc        0x8 .\CortexM3\ARM_GCC_541\Debug\cyfitter_cfg.o
 .text.ClockSetup
                0x00000104      0x130 .\CortexM3\ARM_GCC_541\Debug\cyfitter_cfg.o
 .text.cyfitter_cfg
                0x00000234      0x13c .\CortexM3\ARM_GCC_541\Debug\cyfitter_cfg.o
                0x00000234                cyfitter_cfg
 .text.IntDefaultHandler
                0x00000370       0x10 .\CortexM3\ARM_GCC_541\Debug\Cm3Start.o
                0x00000370                IntDefaultHandler
 .text.Start_c  0x00000380       0x4c .\CortexM3\ARM_GCC_541\Debug\Cm3Start.o
                0x00000380                Start_c
 .text.initialize_psoc
                0x000003cc       0x68 .\CortexM3\ARM_GCC_541\Debug\Cm3Start.o
                0x000003cc                initialize_psoc
 *fill*         0x00000434        0x4 
 .text          0x00000438       0x20 .\CortexM3\ARM_GCC_541\Debug\AY1920_II_FINAL_PROJECT.a(CyBootAsmGnu.o)
                0x00000438                CyDelayCycles
                0x00000448                CyEnterCriticalSection
                0x00000450                CyExitCriticalSection
 .text.__errno  0x00000458        0xc c:/program files (x86)/cypress/psoc creator/4.3/psoc creator/import/gnu/arm/5.4.1/bin/../lib/gcc/arm-none-eabi/5.4.1/../../../../arm-none-eabi/lib/armv7-m\libg_nano.a(lib_a-errno.o)
                0x00000458                __errno
 .text.__libc_init_array
                0x00000464       0x4c c:/program files (x86)/cypress/psoc creator/4.3/psoc creator/import/gnu/arm/5.4.1/bin/../lib/gcc/arm-none-eabi/5.4.1/../../../../arm-none-eabi/lib/armv7-m\libg_nano.a(lib_a-init.o)
                0x00000464                __libc_init_array
 .text.memcpy   0x000004b0       0x16 c:/program files (x86)/cypress/psoc creator/4.3/psoc creator/import/gnu/arm/5.4.1/bin/../lib/gcc/arm-none-eabi/5.4.1/../../../../arm-none-eabi/lib/armv7-m\libg_nano.a(lib_a-memcpy-stub.o)
                0x000004b0                memcpy
 .text.memset   0x000004c6       0x10 c:/program files (x86)/cypress/psoc creator/4.3/psoc creator/import/gnu/arm/5.4.1/bin/../lib/gcc/arm-none-eabi/5.4.1/../../../../arm-none-eabi/lib/armv7-m\libg_nano.a(lib_a-memset.o)
                0x000004c6                memset
 *(.plt)
 *(.gnu.warning)
 *(.glue_7t)
 .glue_7t       0x000004d6        0x0 linker stubs
 *(.glue_7)
 .glue_7        0x000004d6        0x0 linker stubs
 *(.vfp11_veneer)
 .vfp11_veneer  0x000004d6        0x0 linker stubs
 *(.bootloader)
 *(.ARM.extab* .gnu.linkonce.armextab.*)
 *(.gcc_except_table)

.v4_bx          0x000004d8        0x0
 .v4_bx         0x000004d8        0x0 linker stubs

.iplt           0x000004d8        0x0
 .iplt          0x000004d8        0x0 c:/program files (x86)/cypress/psoc creator/4.3/psoc creator/import/gnu/arm/5.4.1/bin/../lib/gcc/arm-none-eabi/5.4.1/armv7-m/crtbegin.o

.eh_frame_hdr
 *(.eh_frame_hdr)

.eh_frame       0x000004d8        0x4
 *(.eh_frame)
 .eh_frame      0x000004d8        0x0 c:/program files (x86)/cypress/psoc creator/4.3/psoc creator/import/gnu/arm/5.4.1/bin/../lib/gcc/arm-none-eabi/5.4.1/armv7-m/crtbegin.o
 .eh_frame      0x000004d8        0x4 c:/program files (x86)/cypress/psoc creator/4.3/psoc creator/import/gnu/arm/5.4.1/bin/../lib/gcc/arm-none-eabi/5.4.1/armv7-m/crtend.o
                [!provide]                PROVIDE (__exidx_start, .)

.ARM.exidx
 *(.ARM.exidx* .gnu.linkonce.armexidx.*)
                0x000004dc                __exidx_end = .

.rodata         0x000004dc       0xa4
 *(.rodata .rodata.* .gnu.linkonce.r.*)
 .rodata        0x000004dc       0x6c .\CortexM3\ARM_GCC_541\Debug\cyfitter_cfg.o
                0x000004dc                AMux__addrTable
                0x000004ec                AMux__maskTable
                0x000004f0                ADC_DelSig_AMux__addrTable
                0x000004f8                ADC_DelSig_AMux__maskTable
 .rodata.str1.1
                0x00000548        0x2 c:/program files (x86)/cypress/psoc creator/4.3/psoc creator/import/gnu/arm/5.4.1/bin/../lib/gcc/arm-none-eabi/5.4.1/../../../../arm-none-eabi/lib/armv7-m\libg_nano.a(lib_a-impure.o)
                0x0000054c                . = ALIGN (0x4)
 *fill*         0x0000054a        0x2 
 *(.init)
 .init          0x0000054c        0x4 c:/program files (x86)/cypress/psoc creator/4.3/psoc creator/import/gnu/arm/5.4.1/bin/../lib/gcc/arm-none-eabi/5.4.1/armv7-m/crti.o
                0x0000054c                _init
 .init          0x00000550        0x8 c:/program files (x86)/cypress/psoc creator/4.3/psoc creator/import/gnu/arm/5.4.1/bin/../lib/gcc/arm-none-eabi/5.4.1/armv7-m/crtn.o
                0x00000558                . = ALIGN (0x4)
                0x00000558                __preinit_array_start = .
 *(.preinit_array)
                0x00000558                __preinit_array_end = .
                0x00000558                . = ALIGN (0x4)
                0x00000558                __init_array_start = .
 *(SORT(.init_array.*))
 *(.init_array)
 .init_array    0x00000558        0x4 c:/program files (x86)/cypress/psoc creator/4.3/psoc creator/import/gnu/arm/5.4.1/bin/../lib/gcc/arm-none-eabi/5.4.1/armv7-m/crtbegin.o
 .init_array    0x0000055c        0x4 .\CortexM3\ARM_GCC_541\Debug\Cm3Start.o
                0x00000560                __init_array_end = .
                0x00000560                . = ALIGN (0x4)
 *(.fini)
 .fini          0x00000560        0x4 c:/program files (x86)/cypress/psoc creator/4.3/psoc creator/import/gnu/arm/5.4.1/bin/../lib/gcc/arm-none-eabi/5.4.1/armv7-m/crti.o
                0x00000560                _fini
 .fini          0x00000564        0x8 c:/program files (x86)/cypress/psoc creator/4.3/psoc creator/import/gnu/arm/5.4.1/bin/../lib/gcc/arm-none-eabi/5.4.1/armv7-m/crtn.o
                0x0000056c                . = ALIGN (0x4)
                0x0000056c                __fini_array_start = .
 *(.fini_array)
 .fini_array    0x0000056c        0x4 c:/program files (x86)/cypress/psoc creator/4.3/psoc creator/import/gnu/arm/5.4.1/bin/../lib/gcc/arm-none-eabi/5.4.1/armv7-m/crtbegin.o
 *(SORT(.fini_array.*))
                0x00000570                __fini_array_end = .
                0x00000570                . = ALIGN (0x4)
 *crtbegin.o(.ctors)
 *(EXCLUDE_FILE(*crtend.o) .ctors)
 *(SORT(.ctors.*))
 *crtend.o(.ctors)
                0x00000570                . = ALIGN (0x4)
 *crtbegin.o(.dtors)
 *(EXCLUDE_FILE(*crtend.o) .dtors)
 *(SORT(.dtors.*))
 *crtend.o(.dtors)
                0x00000570                . = ALIGN (0x4)
                0x00000570                __cy_regions = .
                0x00000570        0x4 LONG 0x580 __cy_region_init_ram
                0x00000574        0x4 LONG 0x1fff80c8 __cy_region_start_data
                0x00000578        0x4 LONG 0x68 __cy_region_init_size_ram
                0x0000057c        0x4 LONG 0x20 __cy_region_zero_size_ram
                0x00000580                __cy_regions_end = .
                0x00000580                . = ALIGN (0x8)
                0x00000580                _etext = .

.cy_checksum_exclude
                0x00000580        0x0
 *(.cy_checksum_exclude)

.ramvectors     0x1fff8000       0xc0
                0x1fff8000                __cy_region_start_ram = .
 *(.ramvectors)
 .ramvectors    0x1fff8000       0xc0 .\CortexM3\ARM_GCC_541\Debug\Cm3Start.o
                0x1fff8000                CyRamVectors

.noinit         0x1fff80c0        0x1
 *(.noinit)
 .noinit        0x1fff80c0        0x1 .\CortexM3\ARM_GCC_541\Debug\AY1920_II_FINAL_PROJECT.a(CyLib.o)
                0x1fff80c0                CyResetStatus

.data           0x1fff80c8       0x68 load address 0x00000580
                0x1fff80c8                __cy_region_start_data = .
 *(.jcr)
 .jcr           0x1fff80c8        0x0 c:/program files (x86)/cypress/psoc creator/4.3/psoc creator/import/gnu/arm/5.4.1/bin/../lib/gcc/arm-none-eabi/5.4.1/armv7-m/crtbegin.o
 .jcr           0x1fff80c8        0x4 c:/program files (x86)/cypress/psoc creator/4.3/psoc creator/import/gnu/arm/5.4.1/bin/../lib/gcc/arm-none-eabi/5.4.1/armv7-m/crtend.o
 *(.got.plt)
 *(.got)
 *(.shdata)
 *(.data .data.* .gnu.linkonce.d.*)
 .data.impure_data
                0x1fff80cc       0x60 c:/program files (x86)/cypress/psoc creator/4.3/psoc creator/import/gnu/arm/5.4.1/bin/../lib/gcc/arm-none-eabi/5.4.1/../../../../arm-none-eabi/lib/armv7-m\libg_nano.a(lib_a-impure.o)
 .data._impure_ptr
                0x1fff812c        0x4 c:/program files (x86)/cypress/psoc creator/4.3/psoc creator/import/gnu/arm/5.4.1/bin/../lib/gcc/arm-none-eabi/5.4.1/../../../../arm-none-eabi/lib/armv7-m\libg_nano.a(lib_a-impure.o)
                0x1fff812c                _impure_ptr
                0x1fff8130                . = ALIGN (0x8)
 *(.ram)
                0x1fff8130                _edata = .

.igot.plt       0x1fff8130        0x0 load address 0x000005e8
 .igot.plt      0x1fff8130        0x0 c:/program files (x86)/cypress/psoc creator/4.3/psoc creator/import/gnu/arm/5.4.1/bin/../lib/gcc/arm-none-eabi/5.4.1/armv7-m/crtbegin.o

.bss            0x1fff8130       0x20 load address 0x000005e8
                0x1fff8130                PROVIDE (__bss_start__, .)
 *(.shbss)
 *(.bss .bss.* .gnu.linkonce.b.*)
 .bss           0x1fff8130       0x1c c:/program files (x86)/cypress/psoc creator/4.3/psoc creator/import/gnu/arm/5.4.1/bin/../lib/gcc/arm-none-eabi/5.4.1/armv7-m/crtbegin.o
 *(COMMON)
                0x1fff8150                . = ALIGN (0x8)
 *fill*         0x1fff814c        0x4 
 *(.ram.b)
                0x1fff8150                _end = .
                0x1fff8150                __end = .
                0x1fff8150                PROVIDE (end, .)
                0x1fff8150                PROVIDE (__bss_end__, .)
                0x00000580                __cy_region_init_ram = LOADADDR (.data)
                0x00000068                __cy_region_init_size_ram = (_edata - ADDR (.data))
                0x00000020                __cy_region_zero_size_ram = (_end - _edata)

.heap           0x1fff8150       0x80 load address 0x000005e8
                0x1fff8150                . = _end
                0x1fff81d0                . = (. + 0x80)
 *fill*         0x1fff8150       0x80 
                0x1fff81d0                __cy_heap_limit = .

.stack          0x20007800      0x800
                0x20007800                __cy_stack_limit = .
                0x20008000                . = (. + 0x800)
 *fill*         0x20007800      0x800 
                0x00000001                ASSERT ((__cy_stack_limit >= __cy_heap_limit), region RAM overflowed with stack)
                0x00000000                cy_checksum_exclude_size = (CY_APPL_LOADABLE == 0x1)?SIZEOF (.cy_checksum_exclude):0x0
                0x00000001                ASSERT ((cy_checksum_exclude_size <= CY_CHECKSUM_EXCLUDE_SIZE), CY_BOOT: Section .cy_checksum_exclude size exceedes specified limit.)

.cyloadermeta
 *(.cyloadermeta)

.cyloadablemeta
 *(.cyloadablemeta)

.cyconfigecc    0x80000000      0x9ac
 *(.cyconfigecc)
 .cyconfigecc   0x80000000      0x9ac .\CortexM3\ARM_GCC_541\Debug\cymetadata.o
                0x80000000                cy_meta_configecc

.cycustnvl      0x90000000        0x4
 *(.cycustnvl)
 .cycustnvl     0x90000000        0x4 .\CortexM3\ARM_GCC_541\Debug\cymetadata.o
                0x90000000                cy_meta_custnvl

.cywolatch      0x90100000        0x4
 *(.cywolatch)
 .cywolatch     0x90100000        0x4 .\CortexM3\ARM_GCC_541\Debug\cymetadata.o
                0x90100000                cy_meta_wonvl

.cyeeprom       0x90200000        0x0
 *(.cyeeprom)
                0x00000001                ASSERT ((. <= ((0x90200000 + ee_offset) + ee_size)), .cyeeprom data will not fit in EEPROM)

.cyflashprotect
                0x90400000      0x100
 *(.cyflashprotect)
 .cyflashprotect
                0x90400000      0x100 .\CortexM3\ARM_GCC_541\Debug\cymetadata.o
                0x90400000                cy_meta_flashprotect

.cymeta         0x90500000        0xc
 *(.cymeta)
 .cymeta        0x90500000        0xc .\CortexM3\ARM_GCC_541\Debug\cymetadata.o
                0x90500000                cy_metadata

.rel.dyn        0x000005e8        0x0 load address 0x9050000c
 .rel.iplt      0x000005e8        0x0 c:/program files (x86)/cypress/psoc creator/4.3/psoc creator/import/gnu/arm/5.4.1/bin/../lib/gcc/arm-none-eabi/5.4.1/armv7-m/crtbegin.o

.stab
 *(.stab)

.stabstr
 *(.stabstr)

.debug
 *(.debug)

.line
 *(.line)

.debug_srcinfo
 *(.debug_srcinfo)

.debug_sfnames
 *(.debug_sfnames)

.debug_aranges  0x00000000      0x958
 *(.debug_aranges)
 .debug_aranges
                0x00000000       0x20 .\CortexM3\ARM_GCC_541\Debug\main.o
 .debug_aranges
                0x00000020       0x60 .\CortexM3\ARM_GCC_541\Debug\25LC256.o
 .debug_aranges
                0x00000080       0x50 .\CortexM3\ARM_GCC_541\Debug\SPI_Interface.o
 .debug_aranges
                0x000000d0       0x78 .\CortexM3\ARM_GCC_541\Debug\cyfitter_cfg.o
 .debug_aranges
                0x00000148       0x18 .\CortexM3\ARM_GCC_541\Debug\cymetadata.o
 .debug_aranges
                0x00000160       0x48 .\CortexM3\ARM_GCC_541\Debug\Cm3Start.o
 .debug_aranges
                0x000001a8       0x38 .\CortexM3\ARM_GCC_541\Debug\AY1920_II_FINAL_PROJECT.a(CS_2.o)
 .debug_aranges
                0x000001e0       0x38 .\CortexM3\ARM_GCC_541\Debug\AY1920_II_FINAL_PROJECT.a(CS_1.o)
 .debug_aranges
                0x00000218       0xd8 .\CortexM3\ARM_GCC_541\Debug\AY1920_II_FINAL_PROJECT.a(SPIM_EEPROM.o)
 .debug_aranges
                0x000002f0       0x28 .\CortexM3\ARM_GCC_541\Debug\AY1920_II_FINAL_PROJECT.a(SPIM_EEPROM_INT.o)
 .debug_aranges
                0x00000318       0xd8 .\CortexM3\ARM_GCC_541\Debug\AY1920_II_FINAL_PROJECT.a(SPIM_LIS3DH.o)
 .debug_aranges
                0x000003f0       0x28 .\CortexM3\ARM_GCC_541\Debug\AY1920_II_FINAL_PROJECT.a(SPIM_LIS3DH_INT.o)
 .debug_aranges
                0x00000418       0x70 .\CortexM3\ARM_GCC_541\Debug\AY1920_II_FINAL_PROJECT.a(SPIM_EEPROM_IntClock.o)
 .debug_aranges
                0x00000488       0x70 .\CortexM3\ARM_GCC_541\Debug\AY1920_II_FINAL_PROJECT.a(SPIM_LIS3DH_IntClock.o)
 .debug_aranges
                0x000004f8      0x2a0 .\CortexM3\ARM_GCC_541\Debug\AY1920_II_FINAL_PROJECT.a(CyLib.o)
 .debug_aranges
                0x00000798       0x98 .\CortexM3\ARM_GCC_541\Debug\AY1920_II_FINAL_PROJECT.a(cyPm.o)
 .debug_aranges
                0x00000830       0x20 .\CortexM3\ARM_GCC_541\Debug\AY1920_II_FINAL_PROJECT.a(CyBootAsmGnu.o)
 .debug_aranges
                0x00000850       0x88 .\CortexM3\ARM_GCC_541\Debug\AY1920_II_FINAL_PROJECT.a(CyFlash.o)
 .debug_aranges
                0x000008d8       0x80 .\CortexM3\ARM_GCC_541\Debug\AY1920_II_FINAL_PROJECT.a(CySpc.o)

.debug_pubnames
 *(.debug_pubnames)

.debug_info     0x00000000     0x5a96
 *(.debug_info .gnu.linkonce.wi.*)
 .debug_info    0x00000000       0xcb .\CortexM3\ARM_GCC_541\Debug\main.o
 .debug_info    0x000000cb      0x440 .\CortexM3\ARM_GCC_541\Debug\25LC256.o
 .debug_info    0x0000050b      0x6d4 .\CortexM3\ARM_GCC_541\Debug\SPI_Interface.o
 .debug_info    0x00000bdf      0x763 .\CortexM3\ARM_GCC_541\Debug\cyfitter_cfg.o
 .debug_info    0x00001342      0x139 .\CortexM3\ARM_GCC_541\Debug\cymetadata.o
 .debug_info    0x0000147b      0x3bb .\CortexM3\ARM_GCC_541\Debug\Cm3Start.o
 .debug_info    0x00001836      0x11f .\CortexM3\ARM_GCC_541\Debug\AY1920_II_FINAL_PROJECT.a(CS_2.o)
 .debug_info    0x00001955      0x11f .\CortexM3\ARM_GCC_541\Debug\AY1920_II_FINAL_PROJECT.a(CS_1.o)
 .debug_info    0x00001a74      0x709 .\CortexM3\ARM_GCC_541\Debug\AY1920_II_FINAL_PROJECT.a(SPIM_EEPROM.o)
 .debug_info    0x0000217d      0x18d .\CortexM3\ARM_GCC_541\Debug\AY1920_II_FINAL_PROJECT.a(SPIM_EEPROM_INT.o)
 .debug_info    0x0000230a      0x709 .\CortexM3\ARM_GCC_541\Debug\AY1920_II_FINAL_PROJECT.a(SPIM_LIS3DH.o)
 .debug_info    0x00002a13      0x18d .\CortexM3\ARM_GCC_541\Debug\AY1920_II_FINAL_PROJECT.a(SPIM_LIS3DH_INT.o)
 .debug_info    0x00002ba0      0x283 .\CortexM3\ARM_GCC_541\Debug\AY1920_II_FINAL_PROJECT.a(SPIM_EEPROM_IntClock.o)
 .debug_info    0x00002e23      0x283 .\CortexM3\ARM_GCC_541\Debug\AY1920_II_FINAL_PROJECT.a(SPIM_LIS3DH_IntClock.o)
 .debug_info    0x000030a6     0x1374 .\CortexM3\ARM_GCC_541\Debug\AY1920_II_FINAL_PROJECT.a(CyLib.o)
 .debug_info    0x0000441a      0xa2a .\CortexM3\ARM_GCC_541\Debug\AY1920_II_FINAL_PROJECT.a(cyPm.o)
 .debug_info    0x00004e44       0xb5 .\CortexM3\ARM_GCC_541\Debug\AY1920_II_FINAL_PROJECT.a(CyBootAsmGnu.o)
 .debug_info    0x00004ef9      0x64d .\CortexM3\ARM_GCC_541\Debug\AY1920_II_FINAL_PROJECT.a(CyFlash.o)
 .debug_info    0x00005546      0x550 .\CortexM3\ARM_GCC_541\Debug\AY1920_II_FINAL_PROJECT.a(CySpc.o)

.debug_abbrev   0x00000000     0x1606
 *(.debug_abbrev)
 .debug_abbrev  0x00000000       0x6c .\CortexM3\ARM_GCC_541\Debug\main.o
 .debug_abbrev  0x0000006c      0x11c .\CortexM3\ARM_GCC_541\Debug\25LC256.o
 .debug_abbrev  0x00000188      0x13a .\CortexM3\ARM_GCC_541\Debug\SPI_Interface.o
 .debug_abbrev  0x000002c2      0x22d .\CortexM3\ARM_GCC_541\Debug\cyfitter_cfg.o
 .debug_abbrev  0x000004ef       0x77 .\CortexM3\ARM_GCC_541\Debug\cymetadata.o
 .debug_abbrev  0x00000566      0x1e8 .\CortexM3\ARM_GCC_541\Debug\Cm3Start.o
 .debug_abbrev  0x0000074e       0x90 .\CortexM3\ARM_GCC_541\Debug\AY1920_II_FINAL_PROJECT.a(CS_2.o)
 .debug_abbrev  0x000007de       0x90 .\CortexM3\ARM_GCC_541\Debug\AY1920_II_FINAL_PROJECT.a(CS_1.o)
 .debug_abbrev  0x0000086e      0x162 .\CortexM3\ARM_GCC_541\Debug\AY1920_II_FINAL_PROJECT.a(SPIM_EEPROM.o)
 .debug_abbrev  0x000009d0       0x8a .\CortexM3\ARM_GCC_541\Debug\AY1920_II_FINAL_PROJECT.a(SPIM_EEPROM_INT.o)
 .debug_abbrev  0x00000a5a      0x162 .\CortexM3\ARM_GCC_541\Debug\AY1920_II_FINAL_PROJECT.a(SPIM_LIS3DH.o)
 .debug_abbrev  0x00000bbc       0x8a .\CortexM3\ARM_GCC_541\Debug\AY1920_II_FINAL_PROJECT.a(SPIM_LIS3DH_INT.o)
 .debug_abbrev  0x00000c46      0x139 .\CortexM3\ARM_GCC_541\Debug\AY1920_II_FINAL_PROJECT.a(SPIM_EEPROM_IntClock.o)
 .debug_abbrev  0x00000d7f      0x139 .\CortexM3\ARM_GCC_541\Debug\AY1920_II_FINAL_PROJECT.a(SPIM_LIS3DH_IntClock.o)
 .debug_abbrev  0x00000eb8      0x254 .\CortexM3\ARM_GCC_541\Debug\AY1920_II_FINAL_PROJECT.a(CyLib.o)
 .debug_abbrev  0x0000110c      0x1ab .\CortexM3\ARM_GCC_541\Debug\AY1920_II_FINAL_PROJECT.a(cyPm.o)
 .debug_abbrev  0x000012b7       0x14 .\CortexM3\ARM_GCC_541\Debug\AY1920_II_FINAL_PROJECT.a(CyBootAsmGnu.o)
 .debug_abbrev  0x000012cb      0x1a7 .\CortexM3\ARM_GCC_541\Debug\AY1920_II_FINAL_PROJECT.a(CyFlash.o)
 .debug_abbrev  0x00001472      0x194 .\CortexM3\ARM_GCC_541\Debug\AY1920_II_FINAL_PROJECT.a(CySpc.o)

.debug_line     0x00000000     0x270b
 *(.debug_line)
 .debug_line    0x00000000      0x159 .\CortexM3\ARM_GCC_541\Debug\main.o
 .debug_line    0x00000159      0x20a .\CortexM3\ARM_GCC_541\Debug\25LC256.o
 .debug_line    0x00000363      0x29d .\CortexM3\ARM_GCC_541\Debug\SPI_Interface.o
 .debug_line    0x00000600      0x259 .\CortexM3\ARM_GCC_541\Debug\cyfitter_cfg.o
 .debug_line    0x00000859      0x141 .\CortexM3\ARM_GCC_541\Debug\cymetadata.o
 .debug_line    0x0000099a      0x234 .\CortexM3\ARM_GCC_541\Debug\Cm3Start.o
 .debug_line    0x00000bce       0x91 .\CortexM3\ARM_GCC_541\Debug\AY1920_II_FINAL_PROJECT.a(CS_2.o)
 .debug_line    0x00000c5f       0x91 .\CortexM3\ARM_GCC_541\Debug\AY1920_II_FINAL_PROJECT.a(CS_1.o)
 .debug_line    0x00000cf0      0x2a8 .\CortexM3\ARM_GCC_541\Debug\AY1920_II_FINAL_PROJECT.a(SPIM_EEPROM.o)
 .debug_line    0x00000f98       0xb4 .\CortexM3\ARM_GCC_541\Debug\AY1920_II_FINAL_PROJECT.a(SPIM_EEPROM_INT.o)
 .debug_line    0x0000104c      0x2a8 .\CortexM3\ARM_GCC_541\Debug\AY1920_II_FINAL_PROJECT.a(SPIM_LIS3DH.o)
 .debug_line    0x000012f4       0xb4 .\CortexM3\ARM_GCC_541\Debug\AY1920_II_FINAL_PROJECT.a(SPIM_LIS3DH_INT.o)
 .debug_line    0x000013a8      0x183 .\CortexM3\ARM_GCC_541\Debug\AY1920_II_FINAL_PROJECT.a(SPIM_EEPROM_IntClock.o)
 .debug_line    0x0000152b      0x183 .\CortexM3\ARM_GCC_541\Debug\AY1920_II_FINAL_PROJECT.a(SPIM_LIS3DH_IntClock.o)
 .debug_line    0x000016ae      0x816 .\CortexM3\ARM_GCC_541\Debug\AY1920_II_FINAL_PROJECT.a(CyLib.o)
 .debug_line    0x00001ec4      0x367 .\CortexM3\ARM_GCC_541\Debug\AY1920_II_FINAL_PROJECT.a(cyPm.o)
 .debug_line    0x0000222b       0x66 .\CortexM3\ARM_GCC_541\Debug\AY1920_II_FINAL_PROJECT.a(CyBootAsmGnu.o)
 .debug_line    0x00002291      0x21a .\CortexM3\ARM_GCC_541\Debug\AY1920_II_FINAL_PROJECT.a(CyFlash.o)
 .debug_line    0x000024ab      0x260 .\CortexM3\ARM_GCC_541\Debug\AY1920_II_FINAL_PROJECT.a(CySpc.o)

.debug_frame    0x00000000     0x18c8
 *(.debug_frame)
 .debug_frame   0x00000000       0x20 .\CortexM3\ARM_GCC_541\Debug\main.o
 .debug_frame   0x00000020      0x134 .\CortexM3\ARM_GCC_541\Debug\25LC256.o
 .debug_frame   0x00000154       0xfc .\CortexM3\ARM_GCC_541\Debug\SPI_Interface.o
 .debug_frame   0x00000250      0x13c .\CortexM3\ARM_GCC_541\Debug\cyfitter_cfg.o
 .debug_frame   0x0000038c       0xb8 .\CortexM3\ARM_GCC_541\Debug\Cm3Start.o
 .debug_frame   0x00000444       0x50 .\CortexM3\ARM_GCC_541\Debug\AY1920_II_FINAL_PROJECT.a(CS_2.o)
 .debug_frame   0x00000494       0x50 .\CortexM3\ARM_GCC_541\Debug\AY1920_II_FINAL_PROJECT.a(CS_1.o)
 .debug_frame   0x000004e4      0x260 .\CortexM3\ARM_GCC_541\Debug\AY1920_II_FINAL_PROJECT.a(SPIM_EEPROM.o)
 .debug_frame   0x00000744       0x30 .\CortexM3\ARM_GCC_541\Debug\AY1920_II_FINAL_PROJECT.a(SPIM_EEPROM_INT.o)
 .debug_frame   0x00000774      0x264 .\CortexM3\ARM_GCC_541\Debug\AY1920_II_FINAL_PROJECT.a(SPIM_LIS3DH.o)
 .debug_frame   0x000009d8       0x30 .\CortexM3\ARM_GCC_541\Debug\AY1920_II_FINAL_PROJECT.a(SPIM_LIS3DH_INT.o)
 .debug_frame   0x00000a08       0xe0 .\CortexM3\ARM_GCC_541\Debug\AY1920_II_FINAL_PROJECT.a(SPIM_EEPROM_IntClock.o)
 .debug_frame   0x00000ae8       0xe0 .\CortexM3\ARM_GCC_541\Debug\AY1920_II_FINAL_PROJECT.a(SPIM_LIS3DH_IntClock.o)
 .debug_frame   0x00000bc8      0x738 .\CortexM3\ARM_GCC_541\Debug\AY1920_II_FINAL_PROJECT.a(CyLib.o)
 .debug_frame   0x00001300      0x1f8 .\CortexM3\ARM_GCC_541\Debug\AY1920_II_FINAL_PROJECT.a(cyPm.o)
 .debug_frame   0x000014f8      0x194 .\CortexM3\ARM_GCC_541\Debug\AY1920_II_FINAL_PROJECT.a(CyFlash.o)
 .debug_frame   0x0000168c      0x180 .\CortexM3\ARM_GCC_541\Debug\AY1920_II_FINAL_PROJECT.a(CySpc.o)
 .debug_frame   0x0000180c       0x20 c:/program files (x86)/cypress/psoc creator/4.3/psoc creator/import/gnu/arm/5.4.1/bin/../lib/gcc/arm-none-eabi/5.4.1/../../../../arm-none-eabi/lib/armv7-m\libg_nano.a(lib_a-errno.o)
 .debug_frame   0x0000182c       0x28 c:/program files (x86)/cypress/psoc creator/4.3/psoc creator/import/gnu/arm/5.4.1/bin/../lib/gcc/arm-none-eabi/5.4.1/../../../../arm-none-eabi/lib/armv7-m\libg_nano.a(lib_a-exit.o)
 .debug_frame   0x00001854       0x2c c:/program files (x86)/cypress/psoc creator/4.3/psoc creator/import/gnu/arm/5.4.1/bin/../lib/gcc/arm-none-eabi/5.4.1/../../../../arm-none-eabi/lib/armv7-m\libg_nano.a(lib_a-init.o)
 .debug_frame   0x00001880       0x28 c:/program files (x86)/cypress/psoc creator/4.3/psoc creator/import/gnu/arm/5.4.1/bin/../lib/gcc/arm-none-eabi/5.4.1/../../../../arm-none-eabi/lib/armv7-m\libg_nano.a(lib_a-memcpy-stub.o)
 .debug_frame   0x000018a8       0x20 c:/program files (x86)/cypress/psoc creator/4.3/psoc creator/import/gnu/arm/5.4.1/bin/../lib/gcc/arm-none-eabi/5.4.1/../../../../arm-none-eabi/lib/armv7-m\libg_nano.a(lib_a-memset.o)

.debug_str      0x00000000     0x21e3
 *(.debug_str)
 .debug_str     0x00000000      0x183 .\CortexM3\ARM_GCC_541\Debug\main.o
                                0x1cb (size before relaxing)
 .debug_str     0x00000183      0x184 .\CortexM3\ARM_GCC_541\Debug\25LC256.o
                                0x33a (size before relaxing)
 .debug_str     0x00000307      0x234 .\CortexM3\ARM_GCC_541\Debug\SPI_Interface.o
                                0x45b (size before relaxing)
 .debug_str     0x0000053b      0x211 .\CortexM3\ARM_GCC_541\Debug\cyfitter_cfg.o
                                0x405 (size before relaxing)
 .debug_str     0x0000074c       0x75 .\CortexM3\ARM_GCC_541\Debug\cymetadata.o
                                0x209 (size before relaxing)
 .debug_str     0x000007c1      0x144 .\CortexM3\ARM_GCC_541\Debug\Cm3Start.o
                                0x32f (size before relaxing)
 .debug_str     0x00000905       0x5b .\CortexM3\ARM_GCC_541\Debug\AY1920_II_FINAL_PROJECT.a(CS_2.o)
                                0x202 (size before relaxing)
 .debug_str     0x00000960       0x4b .\CortexM3\ARM_GCC_541\Debug\AY1920_II_FINAL_PROJECT.a(CS_1.o)
                                0x202 (size before relaxing)
 .debug_str     0x000009ab      0x3a9 .\CortexM3\ARM_GCC_541\Debug\AY1920_II_FINAL_PROJECT.a(SPIM_EEPROM.o)
                                0x60d (size before relaxing)
 .debug_str     0x00000d54       0x4f .\CortexM3\ARM_GCC_541\Debug\AY1920_II_FINAL_PROJECT.a(SPIM_EEPROM_INT.o)
                                0x2fb (size before relaxing)
 .debug_str     0x00000da3      0x2f7 .\CortexM3\ARM_GCC_541\Debug\AY1920_II_FINAL_PROJECT.a(SPIM_LIS3DH.o)
                                0x60d (size before relaxing)
 .debug_str     0x0000109a       0x4f .\CortexM3\ARM_GCC_541\Debug\AY1920_II_FINAL_PROJECT.a(SPIM_LIS3DH_INT.o)
                                0x2fb (size before relaxing)
 .debug_str     0x000010e9      0x1cf .\CortexM3\ARM_GCC_541\Debug\AY1920_II_FINAL_PROJECT.a(SPIM_EEPROM_IntClock.o)
                                0x3af (size before relaxing)
 .debug_str     0x000012b8      0x17e .\CortexM3\ARM_GCC_541\Debug\AY1920_II_FINAL_PROJECT.a(SPIM_LIS3DH_IntClock.o)
                                0x3af (size before relaxing)
 .debug_str     0x00001436      0x7e8 .\CortexM3\ARM_GCC_541\Debug\AY1920_II_FINAL_PROJECT.a(CyLib.o)
                                0xa6c (size before relaxing)
 .debug_str     0x00001c1e      0x365 .\CortexM3\ARM_GCC_541\Debug\AY1920_II_FINAL_PROJECT.a(cyPm.o)
                                0x758 (size before relaxing)
 .debug_str     0x00001f83      0x1b4 .\CortexM3\ARM_GCC_541\Debug\AY1920_II_FINAL_PROJECT.a(CyFlash.o)
                                0x3e5 (size before relaxing)
 .debug_str     0x00002137       0xac .\CortexM3\ARM_GCC_541\Debug\AY1920_II_FINAL_PROJECT.a(CySpc.o)
                                0x35d (size before relaxing)

.debug_loc      0x00000000     0x27cb
 *(.debug_loc)
 .debug_loc     0x00000000      0x196 .\CortexM3\ARM_GCC_541\Debug\25LC256.o
 .debug_loc     0x00000196      0x2f6 .\CortexM3\ARM_GCC_541\Debug\SPI_Interface.o
 .debug_loc     0x0000048c      0x379 .\CortexM3\ARM_GCC_541\Debug\cyfitter_cfg.o
 .debug_loc     0x00000805      0x144 .\CortexM3\ARM_GCC_541\Debug\Cm3Start.o
 .debug_loc     0x00000949       0x42 .\CortexM3\ARM_GCC_541\Debug\AY1920_II_FINAL_PROJECT.a(CS_2.o)
 .debug_loc     0x0000098b       0x42 .\CortexM3\ARM_GCC_541\Debug\AY1920_II_FINAL_PROJECT.a(CS_1.o)
 .debug_loc     0x000009cd      0x20d .\CortexM3\ARM_GCC_541\Debug\AY1920_II_FINAL_PROJECT.a(SPIM_EEPROM.o)
 .debug_loc     0x00000bda       0x74 .\CortexM3\ARM_GCC_541\Debug\AY1920_II_FINAL_PROJECT.a(SPIM_EEPROM_INT.o)
 .debug_loc     0x00000c4e      0x20d .\CortexM3\ARM_GCC_541\Debug\AY1920_II_FINAL_PROJECT.a(SPIM_LIS3DH.o)
 .debug_loc     0x00000e5b       0x74 .\CortexM3\ARM_GCC_541\Debug\AY1920_II_FINAL_PROJECT.a(SPIM_LIS3DH_INT.o)
 .debug_loc     0x00000ecf      0x128 .\CortexM3\ARM_GCC_541\Debug\AY1920_II_FINAL_PROJECT.a(SPIM_EEPROM_IntClock.o)
 .debug_loc     0x00000ff7      0x128 .\CortexM3\ARM_GCC_541\Debug\AY1920_II_FINAL_PROJECT.a(SPIM_LIS3DH_IntClock.o)
 .debug_loc     0x0000111f      0xa11 .\CortexM3\ARM_GCC_541\Debug\AY1920_II_FINAL_PROJECT.a(CyLib.o)
 .debug_loc     0x00001b30      0x1e4 .\CortexM3\ARM_GCC_541\Debug\AY1920_II_FINAL_PROJECT.a(cyPm.o)
 .debug_loc     0x00001d14      0x3b2 .\CortexM3\ARM_GCC_541\Debug\AY1920_II_FINAL_PROJECT.a(CyFlash.o)
 .debug_loc     0x000020c6      0x705 .\CortexM3\ARM_GCC_541\Debug\AY1920_II_FINAL_PROJECT.a(CySpc.o)

.debug_macinfo
 *(.debug_macinfo)

.debug_ranges   0x00000000      0x810
 *(.debug_ranges)
 .debug_ranges  0x00000000       0x10 .\CortexM3\ARM_GCC_541\Debug\main.o
 .debug_ranges  0x00000010       0x50 .\CortexM3\ARM_GCC_541\Debug\25LC256.o
 .debug_ranges  0x00000060       0x40 .\CortexM3\ARM_GCC_541\Debug\SPI_Interface.o
 .debug_ranges  0x000000a0       0x68 .\CortexM3\ARM_GCC_541\Debug\cyfitter_cfg.o
 .debug_ranges  0x00000108       0x38 .\CortexM3\ARM_GCC_541\Debug\Cm3Start.o
 .debug_ranges  0x00000140       0x28 .\CortexM3\ARM_GCC_541\Debug\AY1920_II_FINAL_PROJECT.a(CS_2.o)
 .debug_ranges  0x00000168       0x28 .\CortexM3\ARM_GCC_541\Debug\AY1920_II_FINAL_PROJECT.a(CS_1.o)
 .debug_ranges  0x00000190       0xc8 .\CortexM3\ARM_GCC_541\Debug\AY1920_II_FINAL_PROJECT.a(SPIM_EEPROM.o)
 .debug_ranges  0x00000258       0x18 .\CortexM3\ARM_GCC_541\Debug\AY1920_II_FINAL_PROJECT.a(SPIM_EEPROM_INT.o)
 .debug_ranges  0x00000270       0xc8 .\CortexM3\ARM_GCC_541\Debug\AY1920_II_FINAL_PROJECT.a(SPIM_LIS3DH.o)
 .debug_ranges  0x00000338       0x18 .\CortexM3\ARM_GCC_541\Debug\AY1920_II_FINAL_PROJECT.a(SPIM_LIS3DH_INT.o)
 .debug_ranges  0x00000350       0x60 .\CortexM3\ARM_GCC_541\Debug\AY1920_II_FINAL_PROJECT.a(SPIM_EEPROM_IntClock.o)
 .debug_ranges  0x000003b0       0x60 .\CortexM3\ARM_GCC_541\Debug\AY1920_II_FINAL_PROJECT.a(SPIM_LIS3DH_IntClock.o)
 .debug_ranges  0x00000410      0x290 .\CortexM3\ARM_GCC_541\Debug\AY1920_II_FINAL_PROJECT.a(CyLib.o)
 .debug_ranges  0x000006a0       0x88 .\CortexM3\ARM_GCC_541\Debug\AY1920_II_FINAL_PROJECT.a(cyPm.o)
 .debug_ranges  0x00000728       0x78 .\CortexM3\ARM_GCC_541\Debug\AY1920_II_FINAL_PROJECT.a(CyFlash.o)
 .debug_ranges  0x000007a0       0x70 .\CortexM3\ARM_GCC_541\Debug\AY1920_II_FINAL_PROJECT.a(CySpc.o)

.comment        0x00000000       0x6e
 .comment       0x00000000       0x6e .\CortexM3\ARM_GCC_541\Debug\main.o
                                 0x6f (size before relaxing)
 .comment       0x0000006e       0x6f .\CortexM3\ARM_GCC_541\Debug\25LC256.o
 .comment       0x0000006e       0x6f .\CortexM3\ARM_GCC_541\Debug\SPI_Interface.o
 .comment       0x0000006e       0x6f .\CortexM3\ARM_GCC_541\Debug\cyfitter_cfg.o
 .comment       0x0000006e       0x6f .\CortexM3\ARM_GCC_541\Debug\cymetadata.o
 .comment       0x0000006e       0x6f .\CortexM3\ARM_GCC_541\Debug\Cm3Start.o
 .comment       0x0000006e       0x6f .\CortexM3\ARM_GCC_541\Debug\AY1920_II_FINAL_PROJECT.a(CS_2.o)
 .comment       0x0000006e       0x6f .\CortexM3\ARM_GCC_541\Debug\AY1920_II_FINAL_PROJECT.a(CS_1.o)
 .comment       0x0000006e       0x6f .\CortexM3\ARM_GCC_541\Debug\AY1920_II_FINAL_PROJECT.a(SPIM_EEPROM.o)
 .comment       0x0000006e       0x6f .\CortexM3\ARM_GCC_541\Debug\AY1920_II_FINAL_PROJECT.a(SPIM_EEPROM_INT.o)
 .comment       0x0000006e       0x6f .\CortexM3\ARM_GCC_541\Debug\AY1920_II_FINAL_PROJECT.a(SPIM_LIS3DH.o)
 .comment       0x0000006e       0x6f .\CortexM3\ARM_GCC_541\Debug\AY1920_II_FINAL_PROJECT.a(SPIM_LIS3DH_INT.o)
 .comment       0x0000006e       0x6f .\CortexM3\ARM_GCC_541\Debug\AY1920_II_FINAL_PROJECT.a(SPIM_EEPROM_IntClock.o)
 .comment       0x0000006e       0x6f .\CortexM3\ARM_GCC_541\Debug\AY1920_II_FINAL_PROJECT.a(SPIM_LIS3DH_IntClock.o)
 .comment       0x0000006e       0x6f .\CortexM3\ARM_GCC_541\Debug\AY1920_II_FINAL_PROJECT.a(CyLib.o)
 .comment       0x0000006e       0x6f .\CortexM3\ARM_GCC_541\Debug\AY1920_II_FINAL_PROJECT.a(cyPm.o)
 .comment       0x0000006e       0x6f .\CortexM3\ARM_GCC_541\Debug\AY1920_II_FINAL_PROJECT.a(CyFlash.o)
 .comment       0x0000006e       0x6f .\CortexM3\ARM_GCC_541\Debug\AY1920_II_FINAL_PROJECT.a(CySpc.o)

.debug_weaknames
 *(.debug_weaknames)

.debug_funcnames
 *(.debug_funcnames)

.debug_typenames
 *(.debug_typenames)

.debug_varnames
 *(.debug_varnames)

.note.gnu.arm.ident
 *(.note.gnu.arm.ident)

.ARM.attributes
                0x00000000       0x29
 *(.ARM.attributes)
 .ARM.attributes
                0x00000000       0x1d c:/program files (x86)/cypress/psoc creator/4.3/psoc creator/import/gnu/arm/5.4.1/bin/../lib/gcc/arm-none-eabi/5.4.1/armv7-m/crti.o
 .ARM.attributes
                0x0000001d       0x2d c:/program files (x86)/cypress/psoc creator/4.3/psoc creator/import/gnu/arm/5.4.1/bin/../lib/gcc/arm-none-eabi/5.4.1/armv7-m/crtbegin.o
 .ARM.attributes
                0x0000004a       0x1b c:/program files (x86)/cypress/psoc creator/4.3/psoc creator/import/gnu/arm/5.4.1/bin/../lib/gcc/arm-none-eabi/5.4.1/../../../../arm-none-eabi/lib/armv7-m/crt0.o
 .ARM.attributes
                0x00000065       0x33 .\CortexM3\ARM_GCC_541\Debug\main.o
 .ARM.attributes
                0x00000098       0x33 .\CortexM3\ARM_GCC_541\Debug\25LC256.o
 .ARM.attributes
                0x000000cb       0x33 .\CortexM3\ARM_GCC_541\Debug\SPI_Interface.o
 .ARM.attributes
                0x000000fe       0x33 .\CortexM3\ARM_GCC_541\Debug\cyfitter_cfg.o
 .ARM.attributes
                0x00000131       0x33 .\CortexM3\ARM_GCC_541\Debug\cymetadata.o
 .ARM.attributes
                0x00000164       0x33 .\CortexM3\ARM_GCC_541\Debug\Cm3Start.o
 .ARM.attributes
                0x00000197       0x33 .\CortexM3\ARM_GCC_541\Debug\AY1920_II_FINAL_PROJECT.a(CS_2.o)
 .ARM.attributes
                0x000001ca       0x33 .\CortexM3\ARM_GCC_541\Debug\AY1920_II_FINAL_PROJECT.a(CS_1.o)
 .ARM.attributes
                0x000001fd       0x33 .\CortexM3\ARM_GCC_541\Debug\AY1920_II_FINAL_PROJECT.a(SPIM_EEPROM.o)
 .ARM.attributes
                0x00000230       0x33 .\CortexM3\ARM_GCC_541\Debug\AY1920_II_FINAL_PROJECT.a(SPIM_EEPROM_INT.o)
 .ARM.attributes
                0x00000263       0x33 .\CortexM3\ARM_GCC_541\Debug\AY1920_II_FINAL_PROJECT.a(SPIM_LIS3DH.o)
 .ARM.attributes
                0x00000296       0x33 .\CortexM3\ARM_GCC_541\Debug\AY1920_II_FINAL_PROJECT.a(SPIM_LIS3DH_INT.o)
 .ARM.attributes
                0x000002c9       0x33 .\CortexM3\ARM_GCC_541\Debug\AY1920_II_FINAL_PROJECT.a(SPIM_EEPROM_IntClock.o)
 .ARM.attributes
                0x000002fc       0x33 .\CortexM3\ARM_GCC_541\Debug\AY1920_II_FINAL_PROJECT.a(SPIM_LIS3DH_IntClock.o)
 .ARM.attributes
                0x0000032f       0x33 .\CortexM3\ARM_GCC_541\Debug\AY1920_II_FINAL_PROJECT.a(CyLib.o)
 .ARM.attributes
                0x00000362       0x33 .\CortexM3\ARM_GCC_541\Debug\AY1920_II_FINAL_PROJECT.a(cyPm.o)
 .ARM.attributes
                0x00000395       0x21 .\CortexM3\ARM_GCC_541\Debug\AY1920_II_FINAL_PROJECT.a(CyBootAsmGnu.o)
 .ARM.attributes
                0x000003b6       0x33 .\CortexM3\ARM_GCC_541\Debug\AY1920_II_FINAL_PROJECT.a(CyFlash.o)
 .ARM.attributes
                0x000003e9       0x33 .\CortexM3\ARM_GCC_541\Debug\AY1920_II_FINAL_PROJECT.a(CySpc.o)
 .ARM.attributes
                0x0000041c       0x2d c:/program files (x86)/cypress/psoc creator/4.3/psoc creator/import/gnu/arm/5.4.1/bin/../lib/gcc/arm-none-eabi/5.4.1/../../../../arm-none-eabi/lib/armv7-m\libg_nano.a(lib_a-errno.o)
 .ARM.attributes
                0x00000449       0x2d c:/program files (x86)/cypress/psoc creator/4.3/psoc creator/import/gnu/arm/5.4.1/bin/../lib/gcc/arm-none-eabi/5.4.1/../../../../arm-none-eabi/lib/armv7-m\libg_nano.a(lib_a-exit.o)
 .ARM.attributes
                0x00000476       0x2d c:/program files (x86)/cypress/psoc creator/4.3/psoc creator/import/gnu/arm/5.4.1/bin/../lib/gcc/arm-none-eabi/5.4.1/../../../../arm-none-eabi/lib/armv7-m\libg_nano.a(lib_a-impure.o)
 .ARM.attributes
                0x000004a3       0x2d c:/program files (x86)/cypress/psoc creator/4.3/psoc creator/import/gnu/arm/5.4.1/bin/../lib/gcc/arm-none-eabi/5.4.1/../../../../arm-none-eabi/lib/armv7-m\libg_nano.a(lib_a-init.o)
 .ARM.attributes
                0x000004d0       0x2d c:/program files (x86)/cypress/psoc creator/4.3/psoc creator/import/gnu/arm/5.4.1/bin/../lib/gcc/arm-none-eabi/5.4.1/../../../../arm-none-eabi/lib/armv7-m\libg_nano.a(lib_a-memcpy-stub.o)
 .ARM.attributes
                0x000004fd       0x2d c:/program files (x86)/cypress/psoc creator/4.3/psoc creator/import/gnu/arm/5.4.1/bin/../lib/gcc/arm-none-eabi/5.4.1/../../../../arm-none-eabi/lib/armv7-m\libg_nano.a(lib_a-memset.o)
 .ARM.attributes
                0x0000052a       0x2d c:/program files (x86)/cypress/psoc creator/4.3/psoc creator/import/gnu/arm/5.4.1/bin/../lib/gcc/arm-none-eabi/5.4.1/armv7-m/crtend.o
 .ARM.attributes
                0x00000557       0x1d c:/program files (x86)/cypress/psoc creator/4.3/psoc creator/import/gnu/arm/5.4.1/bin/../lib/gcc/arm-none-eabi/5.4.1/armv7-m/crtn.o

/DISCARD/
 *(.note.GNU-stack)
OUTPUT(C:\Users\Mattia40\Desktop\AY1920_II_FINAL_PROJECT\Group_02_Final_Project\AY1920_II_FINAL_PROJECT.cydsn\CortexM3\ARM_GCC_541\Debug\AY1920_II_FINAL_PROJECT.elf elf32-littlearm)
