Archive member included to satisfy reference by file (symbol)

.\CortexM3\ARM_GCC_541\Debug\AY1920_II_FINAL_PROJECT.a(CS_2.o)
                              .\CortexM3\ARM_GCC_541\Debug\SPI_Interface.o (CS_2_Write)
.\CortexM3\ARM_GCC_541\Debug\AY1920_II_FINAL_PROJECT.a(CS_1.o)
                              .\CortexM3\ARM_GCC_541\Debug\SPI_Interface.o (CS_1_Write)
.\CortexM3\ARM_GCC_541\Debug\AY1920_II_FINAL_PROJECT.a(UART.o)
                              .\CortexM3\ARM_GCC_541\Debug\LIS3DH.o (UART_PutString)
.\CortexM3\ARM_GCC_541\Debug\AY1920_II_FINAL_PROJECT.a(SPIM_EEPROM.o)
                              .\CortexM3\ARM_GCC_541\Debug\SPI_Interface.o (SPIM_EEPROM_ReadTxStatus)
.\CortexM3\ARM_GCC_541\Debug\AY1920_II_FINAL_PROJECT.a(SPIM_EEPROM_INT.o)
                              .\CortexM3\ARM_GCC_541\Debug\AY1920_II_FINAL_PROJECT.a(SPIM_EEPROM.o) (SPIM_EEPROM_TX_ISR)
.\CortexM3\ARM_GCC_541\Debug\AY1920_II_FINAL_PROJECT.a(SPIM_LIS3DH.o)
                              .\CortexM3\ARM_GCC_541\Debug\SPI_Interface.o (SPIM_LIS3DH_ReadTxStatus)
.\CortexM3\ARM_GCC_541\Debug\AY1920_II_FINAL_PROJECT.a(SPIM_LIS3DH_INT.o)
                              .\CortexM3\ARM_GCC_541\Debug\AY1920_II_FINAL_PROJECT.a(SPIM_LIS3DH.o) (SPIM_LIS3DH_TX_ISR)
.\CortexM3\ARM_GCC_541\Debug\AY1920_II_FINAL_PROJECT.a(UART_IntClock.o)
                              .\CortexM3\ARM_GCC_541\Debug\AY1920_II_FINAL_PROJECT.a(UART.o) (UART_IntClock_Start)
.\CortexM3\ARM_GCC_541\Debug\AY1920_II_FINAL_PROJECT.a(SPIM_EEPROM_IntClock.o)
                              .\CortexM3\ARM_GCC_541\Debug\AY1920_II_FINAL_PROJECT.a(SPIM_EEPROM.o) (SPIM_EEPROM_IntClock_Start)
.\CortexM3\ARM_GCC_541\Debug\AY1920_II_FINAL_PROJECT.a(SPIM_LIS3DH_IntClock.o)
                              .\CortexM3\ARM_GCC_541\Debug\AY1920_II_FINAL_PROJECT.a(SPIM_LIS3DH.o) (SPIM_LIS3DH_IntClock_Start)
.\CortexM3\ARM_GCC_541\Debug\AY1920_II_FINAL_PROJECT.a(CyLib.o)
                              .\CortexM3\ARM_GCC_541\Debug\Cm3Start.o (CyHalt)
.\CortexM3\ARM_GCC_541\Debug\AY1920_II_FINAL_PROJECT.a(cyPm.o)
                              .\CortexM3\ARM_GCC_541\Debug\AY1920_II_FINAL_PROJECT.a(CyLib.o) (CyPmReadStatus)
.\CortexM3\ARM_GCC_541\Debug\AY1920_II_FINAL_PROJECT.a(CyBootAsmGnu.o)
                              .\CortexM3\ARM_GCC_541\Debug\cyfitter_cfg.o (CyDelayCycles)
.\CortexM3\ARM_GCC_541\Debug\AY1920_II_FINAL_PROJECT.a(CyFlash.o)
                              .\CortexM3\ARM_GCC_541\Debug\AY1920_II_FINAL_PROJECT.a(cyPm.o) (CyFlash_SetWaitCycles)
.\CortexM3\ARM_GCC_541\Debug\AY1920_II_FINAL_PROJECT.a(CySpc.o)
                              .\CortexM3\ARM_GCC_541\Debug\AY1920_II_FINAL_PROJECT.a(CyFlash.o) (CySpcStart)
c:/program files (x86)/cypress/psoc creator/4.3/psoc creator/import/gnu/arm/5.4.1/bin/../lib/gcc/arm-none-eabi/5.4.1/../../../../arm-none-eabi/lib/armv7-m\libg_nano.a(lib_a-errno.o)
                              .\CortexM3\ARM_GCC_541\Debug\Cm3Start.o (__errno)
c:/program files (x86)/cypress/psoc creator/4.3/psoc creator/import/gnu/arm/5.4.1/bin/../lib/gcc/arm-none-eabi/5.4.1/../../../../arm-none-eabi/lib/armv7-m\libg_nano.a(lib_a-exit.o)
                              c:/program files (x86)/cypress/psoc creator/4.3/psoc creator/import/gnu/arm/5.4.1/bin/../lib/gcc/arm-none-eabi/5.4.1/../../../../arm-none-eabi/lib/armv7-m/crt0.o (exit)
c:/program files (x86)/cypress/psoc creator/4.3/psoc creator/import/gnu/arm/5.4.1/bin/../lib/gcc/arm-none-eabi/5.4.1/../../../../arm-none-eabi/lib/armv7-m\libg_nano.a(lib_a-impure.o)
                              c:/program files (x86)/cypress/psoc creator/4.3/psoc creator/import/gnu/arm/5.4.1/bin/../lib/gcc/arm-none-eabi/5.4.1/../../../../arm-none-eabi/lib/armv7-m\libg_nano.a(lib_a-exit.o) (_global_impure_ptr)
c:/program files (x86)/cypress/psoc creator/4.3/psoc creator/import/gnu/arm/5.4.1/bin/../lib/gcc/arm-none-eabi/5.4.1/../../../../arm-none-eabi/lib/armv7-m\libg_nano.a(lib_a-init.o)
                              c:/program files (x86)/cypress/psoc creator/4.3/psoc creator/import/gnu/arm/5.4.1/bin/../lib/gcc/arm-none-eabi/5.4.1/../../../../arm-none-eabi/lib/armv7-m/crt0.o (__libc_init_array)
c:/program files (x86)/cypress/psoc creator/4.3/psoc creator/import/gnu/arm/5.4.1/bin/../lib/gcc/arm-none-eabi/5.4.1/../../../../arm-none-eabi/lib/armv7-m\libg_nano.a(lib_a-memcpy-stub.o)
                              .\CortexM3\ARM_GCC_541\Debug\25LC256.o (memcpy)
c:/program files (x86)/cypress/psoc creator/4.3/psoc creator/import/gnu/arm/5.4.1/bin/../lib/gcc/arm-none-eabi/5.4.1/../../../../arm-none-eabi/lib/armv7-m\libg_nano.a(lib_a-memset.o)
                              c:/program files (x86)/cypress/psoc creator/4.3/psoc creator/import/gnu/arm/5.4.1/bin/../lib/gcc/arm-none-eabi/5.4.1/../../../../arm-none-eabi/lib/armv7-m/crt0.o (memset)

Allocating common symbols
Common symbol       size              file

SPIM_LIS3DH_rxBufferWrite
                    0x1               .\CortexM3\ARM_GCC_541\Debug\AY1920_II_FINAL_PROJECT.a(SPIM_LIS3DH.o)
[...]
Memory Configuration

Name             Origin             Length             Attributes
rom              0x00000000         0x00040000         xr
ram              0x1fff8000         0x00010000         xrw
*default*        0x00000000         0xffffffff

Linker script and memory map

LOAD c:/program files (x86)/cypress/psoc creator/4.3/psoc creator/import/gnu/arm/5.4.1/bin/../lib/gcc/arm-none-eabi/5.4.1/armv7-m/crti.o
LOAD c:/program files (x86)/cypress/psoc creator/4.3/psoc creator/import/gnu/arm/5.4.1/bin/../lib/gcc/arm-none-eabi/5.4.1/armv7-m/crtbegin.o
LOAD c:/program files (x86)/cypress/psoc creator/4.3/psoc creator/import/gnu/arm/5.4.1/bin/../lib/gcc/arm-none-eabi/5.4.1/../../../../arm-none-eabi/lib/armv7-m/crt0.o
START GROUP
LOAD .\CortexM3\ARM_GCC_541\Debug\main.o
LOAD .\CortexM3\ARM_GCC_541\Debug\25LC256.o
LOAD .\CortexM3\ARM_GCC_541\Debug\SPI_Interface.o
LOAD .\CortexM3\ARM_GCC_541\Debug\LIS3DH.o
LOAD .\CortexM3\ARM_GCC_541\Debug\cyfitter_cfg.o
LOAD .\CortexM3\ARM_GCC_541\Debug\cymetadata.o
LOAD .\CortexM3\ARM_GCC_541\Debug\Cm3Start.o
LOAD .\CortexM3\ARM_GCC_541\Debug\AY1920_II_FINAL_PROJECT.a
LOAD C:\Program Files (x86)\Cypress\PSoC Creator\4.3\PSoC Creator\psoc\content\cycomponentlibrary\CyComponentLibrary.cylib\CortexM3\ARM_GCC_541\Debug\CyComponentLibrary.a
END GROUP
START GROUP
LOAD c:/program files (x86)/cypress/psoc creator/4.3/psoc creator/import/gnu/arm/5.4.1/bin/../lib/gcc/arm-none-eabi/5.4.1/armv7-m\libgcc.a
LOAD c:/program files (x86)/cypress/psoc creator/4.3/psoc creator/import/gnu/arm/5.4.1/bin/../lib/gcc/arm-none-eabi/5.4.1/../../../../arm-none-eabi/lib/armv7-m\libg_nano.a
LOAD c:/program files (x86)/cypress/psoc creator/4.3/psoc creator/import/gnu/arm/5.4.1/bin/../lib/gcc/arm-none-eabi/5.4.1/../../../../arm-none-eabi/lib/armv7-m\libc_nano.a
END GROUP
START GROUP
LOAD c:/program files (x86)/cypress/psoc creator/4.3/psoc creator/import/gnu/arm/5.4.1/bin/../lib/gcc/arm-none-eabi/5.4.1/armv7-m\libgcc.a
LOAD c:/program files (x86)/cypress/psoc creator/4.3/psoc creator/import/gnu/arm/5.4.1/bin/../lib/gcc/arm-none-eabi/5.4.1/../../../../arm-none-eabi/lib/armv7-m\libc_nano.a
END GROUP
LOAD c:/program files (x86)/cypress/psoc creator/4.3/psoc creator/import/gnu/arm/5.4.1/bin/../lib/gcc/arm-none-eabi/5.4.1/armv7-m/crtend.o
LOAD c:/program files (x86)/cypress/psoc creator/4.3/psoc creator/import/gnu/arm/5.4.1/bin/../lib/gcc/arm-none-eabi/5.4.1/armv7-m/crtn.o
START GROUP
LOAD c:/program files (x86)/cypress/psoc creator/4.3/psoc creator/import/gnu/arm/5.4.1/bin/../lib/gcc/arm-none-eabi/5.4.1/armv7-m\libgcc.a
LOAD c:/program files (x86)/cypress/psoc creator/4.3/psoc creator/import/gnu/arm/5.4.1/bin/../lib/gcc/arm-none-eabi/5.4.1/../../../../arm-none-eabi/lib/armv7-m\libc.a
LOAD c:/program files (x86)/cypress/psoc creator/4.3/psoc creator/import/gnu/arm/5.4.1/bin/../lib/gcc/arm-none-eabi/5.4.1/../../../../arm-none-eabi/lib/armv7-m\libnosys.a
END GROUP
                0x00000000                CY_APPL_ORIGIN = 0x0
                0x00000100                CY_FLASH_ROW_SIZE = 0x100
                0x00000020                CY_ECC_ROW_SIZE = 0x20
                0x00000000                CY_EE_IN_BTLDR = 0x0
                0x00000000                CY_APPL_LOADABLE = 0x0
                0x00000800                CY_EE_SIZE = 0x800
                0x00000001                CY_APPL_NUM = 0x1
                0x00000001                CY_APPL_MAX = 0x1
                0x00000040                CY_METADATA_SIZE = 0x40
                0x00000000                CY_APPL_LOADABLE = 0x0
                0x00000000                CY_CHECKSUM_EXCLUDE_SIZE = ALIGN (0x0, CY_FLASH_ROW_SIZE)
                [!provide]                PROVIDE (__cy_heap_start, _end)
                0x00000001                PROVIDE (__cy_region_num, ((__cy_regions_end - __cy_regions) / 0x10))
                0x20008000                PROVIDE (__cy_stack, (ORIGIN (ram) + LENGTH (ram)))
                [!provide]                PROVIDE (__cy_heap_end, (__cy_stack - 0x800))

.cybootloader   0x00000000        0x0
 *(.cybootloader)
                0x00000000                appl1_start = CY_APPL_ORIGIN?CY_APPL_ORIGIN:ALIGN (CY_FLASH_ROW_SIZE)
                0x0001ff00                appl2_start = (appl1_start + ALIGN ((((LENGTH (rom) - appl1_start) - (0x2 * CY_FLASH_ROW_SIZE)) / 0x2), CY_FLASH_ROW_SIZE))
                0x00000000                appl_start = (CY_APPL_NUM == 0x1)?appl1_start:appl2_start
                0x00000000                ecc_offset = ((appl_start / CY_FLASH_ROW_SIZE) * CY_ECC_ROW_SIZE)
                0x00000000                ee_offset = (CY_APPL_LOADABLE && ! (CY_EE_IN_BTLDR))?((CY_EE_SIZE / CY_APPL_MAX) * (CY_APPL_NUM - 0x1)):0x0
                0x00000800                ee_size = (CY_APPL_LOADABLE && ! (CY_EE_IN_BTLDR))?(CY_EE_SIZE / CY_APPL_MAX):CY_EE_SIZE
                [!provide]                PROVIDE (CY_ECC_OFFSET, ecc_offset)

.text           0x00000000      0x4d6
 CREATE_OBJECT_SYMBOLS
                0x00000000                PROVIDE (__cy_interrupt_vector, RomVectors)
 *(.romvectors)
 .romvectors    0x00000000       0x10 .\CortexM3\ARM_GCC_541\Debug\Cm3Start.o
                0x00000000                RomVectors
                0x00000001                ASSERT ((. != __cy_interrupt_vector), No interrupt vector)
                0x00000001                ASSERT (CY_APPL_ORIGIN?(SIZEOF (.cybootloader) <= CY_APPL_ORIGIN):0x1, Wrong image location)
                0x00000010                PROVIDE (__cy_reset, Reset)
 *(.text.Reset)
 .text.Reset    0x00000010       0x18 .\CortexM3\ARM_GCC_541\Debug\Cm3Start.o
                0x00000010                Reset
                0x00000001                ASSERT ((. != __cy_reset), No reset code)
 *(.dma_init)
                0x00000001                ASSERT ((((appl_start + .) <= 0x10000) || 0x1), DMA Init must be within the first 64k of flash)
 *(.text .text.* .gnu.linkonce.t.*)
 .text          0x00000028       0x5c c:/program files (x86)/cypress/psoc creator/4.3/psoc creator/import/gnu/arm/5.4.1/bin/../lib/gcc/arm-none-eabi/5.4.1/armv7-m/crtbegin.o
 .text.main     0x00000084        0x4 .\CortexM3\ARM_GCC_541\Debug\main.o
                0x00000084                main
 .text.CyClockStartupError
                0x00000088        0x4 .\CortexM3\ARM_GCC_541\Debug\cyfitter_cfg.o
 .text.cfg_write_bytes32
                0x0000008c       0x34 .\CortexM3\ARM_GCC_541\Debug\cyfitter_cfg.o
 .text.AnalogSetDefault
                0x000000c0       0x30 .\CortexM3\ARM_GCC_541\Debug\cyfitter_cfg.o
 .text.CYMEMZERO
                0x000000f0        0xc .\CortexM3\ARM_GCC_541\Debug\cyfitter_cfg.o
 .text.CYCONFIGCPY
                0x000000fc        0x8 .\CortexM3\ARM_GCC_541\Debug\cyfitter_cfg.o
 .text.ClockSetup
                0x00000104      0x130 .\CortexM3\ARM_GCC_541\Debug\cyfitter_cfg.o
 .text.cyfitter_cfg
                0x00000234      0x13c .\CortexM3\ARM_GCC_541\Debug\cyfitter_cfg.o
                0x00000234                cyfitter_cfg
 .text.IntDefaultHandler
                0x00000370       0x10 .\CortexM3\ARM_GCC_541\Debug\Cm3Start.o
                0x00000370                IntDefaultHandler
 .text.Start_c  0x00000380       0x4c .\CortexM3\ARM_GCC_541\Debug\Cm3Start.o
                0x00000380                Start_c
 .text.initialize_psoc
                0x000003cc       0x68 .\CortexM3\ARM_GCC_541\Debug\Cm3Start.o
                0x000003cc                initialize_psoc
 *fill*         0x00000434        0x4 
 .text          0x00000438       0x20 .\CortexM3\ARM_GCC_541\Debug\AY1920_II_FINAL_PROJECT.a(CyBootAsmGnu.o)
                0x00000438                CyDelayCycles
                0x00000448                CyEnterCriticalSection
                0x00000450                CyExitCriticalSection
 .text.__errno  0x00000458        0xc c:/program files (x86)/cypress/psoc creator/4.3/psoc creator/import/gnu/arm/5.4.1/bin/../lib/gcc/arm-none-eabi/5.4.1/../../../../arm-none-eabi/lib/armv7-m\libg_nano.a(lib_a-errno.o)
                0x00000458                __errno
 .text.__libc_init_array
                0x00000464       0x4c c:/program files (x86)/cypress/psoc creator/4.3/psoc creator/import/gnu/arm/5.4.1/bin/../lib/gcc/arm-none-eabi/5.4.1/../../../../arm-none-eabi/lib/armv7-m\libg_nano.a(lib_a-init.o)
                0x00000464                __libc_init_array
 .text.memcpy   0x000004b0       0x16 c:/program files (x86)/cypress/psoc creator/4.3/psoc creator/import/gnu/arm/5.4.1/bin/../lib/gcc/arm-none-eabi/5.4.1/../../../../arm-none-eabi/lib/armv7-m\libg_nano.a(lib_a-memcpy-stub.o)
                0x000004b0                memcpy
 .text.memset   0x000004c6       0x10 c:/program files (x86)/cypress/psoc creator/4.3/psoc creator/import/gnu/arm/5.4.1/bin/../lib/gcc/arm-none-eabi/5.4.1/../../../../arm-none-eabi/lib/armv7-m\libg_nano.a(lib_a-memset.o)
                0x000004c6                memset
 *(.plt)
 *(.gnu.warning)
 *(.glue_7t)
 .glue_7t       0x000004d6        0x0 linker stubs
 *(.glue_7)
 .glue_7        0x000004d6        0x0 linker stubs
 *(.vfp11_veneer)
 .vfp11_veneer  0x000004d6        0x0 linker stubs
 *(.bootloader)
 *(.ARM.extab* .gnu.linkonce.armextab.*)
 *(.gcc_except_table)

.v4_bx          0x000004d8        0x0
 .v4_bx         0x000004d8        0x0 linker stubs

.iplt           0x000004d8        0x0
 .iplt          0x000004d8        0x0 c:/program files (x86)/cypress/psoc creator/4.3/psoc creator/import/gnu/arm/5.4.1/bin/../lib/gcc/arm-none-eabi/5.4.1/armv7-m/crtbegin.o

.eh_frame_hdr
 *(.eh_frame_hdr)

.eh_frame       0x000004d8        0x4
 *(.eh_frame)
 .eh_frame      0x000004d8        0x0 c:/program files (x86)/cypress/psoc creator/4.3/psoc creator/import/gnu/arm/5.4.1/bin/../lib/gcc/arm-none-eabi/5.4.1/armv7-m/crtbegin.o
 .eh_frame      0x000004d8        0x4 c:/program files (x86)/cypress/psoc creator/4.3/psoc creator/import/gnu/arm/5.4.1/bin/../lib/gcc/arm-none-eabi/5.4.1/armv7-m/crtend.o
                [!provide]                PROVIDE (__exidx_start, .)

.ARM.exidx
 *(.ARM.exidx* .gnu.linkonce.armexidx.*)
                0x000004dc                __exidx_end = .

.rodata         0x000004dc       0xa4
 *(.rodata .rodata.* .gnu.linkonce.r.*)
 .rodata        0x000004dc       0x6c .\CortexM3\ARM_GCC_541\Debug\cyfitter_cfg.o
                0x000004dc                AMux__addrTable
                0x000004ec                AMux__maskTable
                0x000004f0                ADC_DelSig_AMux__addrTable
                0x000004f8                ADC_DelSig_AMux__maskTable
 .rodata.str1.1
                0x00000548        0x2 c:/program files (x86)/cypress/psoc creator/4.3/psoc creator/import/gnu/arm/5.4.1/bin/../lib/gcc/arm-none-eabi/5.4.1/../../../../arm-none-eabi/lib/armv7-m\libg_nano.a(lib_a-impure.o)
                0x0000054c                . = ALIGN (0x4)
 *fill*         0x0000054a        0x2 
 *(.init)
 .init          0x0000054c        0x4 c:/program files (x86)/cypress/psoc creator/4.3/psoc creator/import/gnu/arm/5.4.1/bin/../lib/gcc/arm-none-eabi/5.4.1/armv7-m/crti.o
                0x0000054c                _init
 .init          0x00000550        0x8 c:/program files (x86)/cypress/psoc creator/4.3/psoc creator/import/gnu/arm/5.4.1/bin/../lib/gcc/arm-none-eabi/5.4.1/armv7-m/crtn.o
                0x00000558                . = ALIGN (0x4)
                0x00000558                __preinit_array_start = .
 *(.preinit_array)
                0x00000558                __preinit_array_end = .
                0x00000558                . = ALIGN (0x4)
                0x00000558                __init_array_start = .
 *(SORT(.init_array.*))
 *(.init_array)
 .init_array    0x00000558        0x4 c:/program files (x86)/cypress/psoc creator/4.3/psoc creator/import/gnu/arm/5.4.1/bin/../lib/gcc/arm-none-eabi/5.4.1/armv7-m/crtbegin.o
 .init_array    0x0000055c        0x4 .\CortexM3\ARM_GCC_541\Debug\Cm3Start.o
                0x00000560                __init_array_end = .
                0x00000560                . = ALIGN (0x4)
 *(.fini)
 .fini          0x00000560        0x4 c:/program files (x86)/cypress/psoc creator/4.3/psoc creator/import/gnu/arm/5.4.1/bin/../lib/gcc/arm-none-eabi/5.4.1/armv7-m/crti.o
                0x00000560                _fini
 .fini          0x00000564        0x8 c:/program files (x86)/cypress/psoc creator/4.3/psoc creator/import/gnu/arm/5.4.1/bin/../lib/gcc/arm-none-eabi/5.4.1/armv7-m/crtn.o
                0x0000056c                . = ALIGN (0x4)
                0x0000056c                __fini_array_start = .
 *(.fini_array)
 .fini_array    0x0000056c        0x4 c:/program files (x86)/cypress/psoc creator/4.3/psoc creator/import/gnu/arm/5.4.1/bin/../lib/gcc/arm-none-eabi/5.4.1/armv7-m/crtbegin.o
 *(SORT(.fini_array.*))
                0x00000570                __fini_array_end = .
                0x00000570                . = ALIGN (0x4)
 *crtbegin.o(.ctors)
 *(EXCLUDE_FILE(*crtend.o) .ctors)
 *(SORT(.ctors.*))
 *crtend.o(.ctors)
                0x00000570                . = ALIGN (0x4)
 *crtbegin.o(.dtors)
 *(EXCLUDE_FILE(*crtend.o) .dtors)
 *(SORT(.dtors.*))
 *crtend.o(.dtors)
                0x00000570                . = ALIGN (0x4)
                0x00000570                __cy_regions = .
                0x00000570        0x4 LONG 0x580 __cy_region_init_ram
                0x00000574        0x4 LONG 0x1fff80c8 __cy_region_start_data
                0x00000578        0x4 LONG 0x68 __cy_region_init_size_ram
                0x0000057c        0x4 LONG 0x20 __cy_region_zero_size_ram
                0x00000580                __cy_regions_end = .
                0x00000580                . = ALIGN (0x8)
                0x00000580                _etext = .

.cy_checksum_exclude
                0x00000580        0x0
 *(.cy_checksum_exclude)

.ramvectors     0x1fff8000       0xc0
                0x1fff8000                __cy_region_start_ram = .
 *(.ramvectors)
 .ramvectors    0x1fff8000       0xc0 .\CortexM3\ARM_GCC_541\Debug\Cm3Start.o
                0x1fff8000                CyRamVectors

.noinit         0x1fff80c0        0x1
 *(.noinit)
 .noinit        0x1fff80c0        0x1 .\CortexM3\ARM_GCC_541\Debug\AY1920_II_FINAL_PROJECT.a(CyLib.o)
                0x1fff80c0                CyResetStatus

.data           0x1fff80c8       0x68 load address 0x00000580
                0x1fff80c8                __cy_region_start_data = .
 *(.jcr)
 .jcr           0x1fff80c8        0x0 c:/program files (x86)/cypress/psoc creator/4.3/psoc creator/import/gnu/arm/5.4.1/bin/../lib/gcc/arm-none-eabi/5.4.1/armv7-m/crtbegin.o
 .jcr           0x1fff80c8        0x4 c:/program files (x86)/cypress/psoc creator/4.3/psoc creator/import/gnu/arm/5.4.1/bin/../lib/gcc/arm-none-eabi/5.4.1/armv7-m/crtend.o
 *(.got.plt)
 *(.got)
 *(.shdata)
 *(.data .data.* .gnu.linkonce.d.*)
 .data.impure_data
                0x1fff80cc       0x60 c:/program files (x86)/cypress/psoc creator/4.3/psoc creator/import/gnu/arm/5.4.1/bin/../lib/gcc/arm-none-eabi/5.4.1/../../../../arm-none-eabi/lib/armv7-m\libg_nano.a(lib_a-impure.o)
 .data._impure_ptr
                0x1fff812c        0x4 c:/program files (x86)/cypress/psoc creator/4.3/psoc creator/import/gnu/arm/5.4.1/bin/../lib/gcc/arm-none-eabi/5.4.1/../../../../arm-none-eabi/lib/armv7-m\libg_nano.a(lib_a-impure.o)
                0x1fff812c                _impure_ptr
                0x1fff8130                . = ALIGN (0x8)
 *(.ram)
                0x1fff8130                _edata = .

.igot.plt       0x1fff8130        0x0 load address 0x000005e8
 .igot.plt      0x1fff8130        0x0 c:/program files (x86)/cypress/psoc creator/4.3/psoc creator/import/gnu/arm/5.4.1/bin/../lib/gcc/arm-none-eabi/5.4.1/armv7-m/crtbegin.o

.bss            0x1fff8130       0x20 load address 0x000005e8
                0x1fff8130                PROVIDE (__bss_start__, .)
 *(.shbss)
 *(.bss .bss.* .gnu.linkonce.b.*)
 .bss           0x1fff8130       0x1c c:/program files (x86)/cypress/psoc creator/4.3/psoc creator/import/gnu/arm/5.4.1/bin/../lib/gcc/arm-none-eabi/5.4.1/armv7-m/crtbegin.o
 *(COMMON)
                0x1fff8150                . = ALIGN (0x8)
 *fill*         0x1fff814c        0x4 
 *(.ram.b)
                0x1fff8150                _end = .
                0x1fff8150                __end = .
                0x1fff8150                PROVIDE (end, .)
                0x1fff8150                PROVIDE (__bss_end__, .)
                0x00000580                __cy_region_init_ram = LOADADDR (.data)
                0x00000068                __cy_region_init_size_ram = (_edata - ADDR (.data))
                0x00000020                __cy_region_zero_size_ram = (_end - _edata)

.heap           0x1fff8150       0x80 load address 0x000005e8
                0x1fff8150                . = _end
                0x1fff81d0                . = (. + 0x80)
 *fill*         0x1fff8150       0x80 
                0x1fff81d0                __cy_heap_limit = .

.stack          0x20007800      0x800
                0x20007800                __cy_stack_limit = .
                0x20008000                . = (. + 0x800)
 *fill*         0x20007800      0x800 
                0x00000001                ASSERT ((__cy_stack_limit >= __cy_heap_limit), region RAM overflowed with stack)
                0x00000000                cy_checksum_exclude_size = (CY_APPL_LOADABLE == 0x1)?SIZEOF (.cy_checksum_exclude):0x0
                0x00000001                ASSERT ((cy_checksum_exclude_size <= CY_CHECKSUM_EXCLUDE_SIZE), CY_BOOT: Section .cy_checksum_exclude size exceedes specified limit.)

.cyloadermeta
 *(.cyloadermeta)

.cyloadablemeta
 *(.cyloadablemeta)

.cyconfigecc    0x80000000      0x9ac
 *(.cyconfigecc)
 .cyconfigecc   0x80000000      0x9ac .\CortexM3\ARM_GCC_541\Debug\cymetadata.o
                0x80000000                cy_meta_configecc

.cycustnvl      0x90000000        0x4
 *(.cycustnvl)
 .cycustnvl     0x90000000        0x4 .\CortexM3\ARM_GCC_541\Debug\cymetadata.o
                0x90000000                cy_meta_custnvl

.cywolatch      0x90100000        0x4
 *(.cywolatch)
 .cywolatch     0x90100000        0x4 .\CortexM3\ARM_GCC_541\Debug\cymetadata.o
                0x90100000                cy_meta_wonvl

.cyeeprom       0x90200000        0x0
 *(.cyeeprom)
                0x00000001                ASSERT ((. <= ((0x90200000 + ee_offset) + ee_size)), .cyeeprom data will not fit in EEPROM)

.cyflashprotect
                0x90400000      0x100
 *(.cyflashprotect)
 .cyflashprotect
                0x90400000      0x100 .\CortexM3\ARM_GCC_541\Debug\cymetadata.o
                0x90400000                cy_meta_flashprotect

.cymeta         0x90500000        0xc
 *(.cymeta)
 .cymeta        0x90500000        0xc .\CortexM3\ARM_GCC_541\Debug\cymetadata.o
                0x90500000                cy_metadata

.rel.dyn        0x000005e8        0x0 load address 0x9050000c
 .rel.iplt      0x000005e8        0x0 c:/program files (x86)/cypress/psoc creator/4.3/psoc creator/import/gnu/arm/5.4.1/bin/../lib/gcc/arm-none-eabi/5.4.1/armv7-m/crtbegin.o

.stab
 *(.stab)

.stabstr
 *(.stabstr)

.debug
 *(.debug)

.line
 *(.line)

.debug_srcinfo
 *(.debug_srcinfo)

.debug_sfnames
 *(.debug_sfnames)

.debug_aranges  0x00000000      0xb20
 *(.debug_aranges)
 .debug_aranges
                0x00000000       0x20 .\CortexM3\ARM_GCC_541\Debug\main.o
 .debug_aranges
                0x00000020       0x60 .\CortexM3\ARM_GCC_541\Debug\25LC256.o
 .debug_aranges
                0x00000080       0x50 .\CortexM3\ARM_GCC_541\Debug\SPI_Interface.o
 .debug_aranges
                0x000000d0       0x68 .\CortexM3\ARM_GCC_541\Debug\LIS3DH.o
 .debug_aranges
                0x00000138       0x78 .\CortexM3\ARM_GCC_541\Debug\cyfitter_cfg.o
 .debug_aranges
                0x000001b0       0x18 .\CortexM3\ARM_GCC_541\Debug\cymetadata.o
 .debug_aranges
                0x000001c8       0x48 .\CortexM3\ARM_GCC_541\Debug\Cm3Start.o
 .debug_aranges
                0x00000210       0x38 .\CortexM3\ARM_GCC_541\Debug\AY1920_II_FINAL_PROJECT.a(CS_2.o)
 .debug_aranges
                0x00000248       0x38 .\CortexM3\ARM_GCC_541\Debug\AY1920_II_FINAL_PROJECT.a(CS_1.o)
 .debug_aranges
                0x00000280       0xf0 .\CortexM3\ARM_GCC_541\Debug\AY1920_II_FINAL_PROJECT.a(UART.o)
 .debug_aranges
                0x00000370       0xd8 .\CortexM3\ARM_GCC_541\Debug\AY1920_II_FINAL_PROJECT.a(SPIM_EEPROM.o)
 .debug_aranges
                0x00000448       0x28 .\CortexM3\ARM_GCC_541\Debug\AY1920_II_FINAL_PROJECT.a(SPIM_EEPROM_INT.o)
 .debug_aranges
                0x00000470       0xd8 .\CortexM3\ARM_GCC_541\Debug\AY1920_II_FINAL_PROJECT.a(SPIM_LIS3DH.o)
 .debug_aranges
                0x00000548       0x28 .\CortexM3\ARM_GCC_541\Debug\AY1920_II_FINAL_PROJECT.a(SPIM_LIS3DH_INT.o)
 .debug_aranges
                0x00000570       0x70 .\CortexM3\ARM_GCC_541\Debug\AY1920_II_FINAL_PROJECT.a(UART_IntClock.o)
 .debug_aranges
                0x000005e0       0x70 .\CortexM3\ARM_GCC_541\Debug\AY1920_II_FINAL_PROJECT.a(SPIM_EEPROM_IntClock.o)
 .debug_aranges
                0x00000650       0x70 .\CortexM3\ARM_GCC_541\Debug\AY1920_II_FINAL_PROJECT.a(SPIM_LIS3DH_IntClock.o)
 .debug_aranges
                0x000006c0      0x2a0 .\CortexM3\ARM_GCC_541\Debug\AY1920_II_FINAL_PROJECT.a(CyLib.o)
 .debug_aranges
                0x00000960       0x98 .\CortexM3\ARM_GCC_541\Debug\AY1920_II_FINAL_PROJECT.a(cyPm.o)
 .debug_aranges
                0x000009f8       0x20 .\CortexM3\ARM_GCC_541\Debug\AY1920_II_FINAL_PROJECT.a(CyBootAsmGnu.o)
 .debug_aranges
                0x00000a18       0x88 .\CortexM3\ARM_GCC_541\Debug\AY1920_II_FINAL_PROJECT.a(CyFlash.o)
 .debug_aranges
                0x00000aa0       0x80 .\CortexM3\ARM_GCC_541\Debug\AY1920_II_FINAL_PROJECT.a(CySpc.o)

.debug_pubnames
 *(.debug_pubnames)

.debug_info     0x00000000     0x6827
 *(.debug_info .gnu.linkonce.wi.*)
 .debug_info    0x00000000       0xcb .\CortexM3\ARM_GCC_541\Debug\main.o
 .debug_info    0x000000cb      0x440 .\CortexM3\ARM_GCC_541\Debug\25LC256.o
 .debug_info    0x0000050b      0x6d4 .\CortexM3\ARM_GCC_541\Debug\SPI_Interface.o
 .debug_info    0x00000bdf      0x501 .\CortexM3\ARM_GCC_541\Debug\LIS3DH.o
 .debug_info    0x000010e0      0x763 .\CortexM3\ARM_GCC_541\Debug\cyfitter_cfg.o
 .debug_info    0x00001843      0x139 .\CortexM3\ARM_GCC_541\Debug\cymetadata.o
 .debug_info    0x0000197c      0x3bb .\CortexM3\ARM_GCC_541\Debug\Cm3Start.o
 .debug_info    0x00001d37      0x11f .\CortexM3\ARM_GCC_541\Debug\AY1920_II_FINAL_PROJECT.a(CS_2.o)
 .debug_info    0x00001e56      0x11f .\CortexM3\ARM_GCC_541\Debug\AY1920_II_FINAL_PROJECT.a(CS_1.o)
 .debug_info    0x00001f75      0x60c .\CortexM3\ARM_GCC_541\Debug\AY1920_II_FINAL_PROJECT.a(UART.o)
 .debug_info    0x00002581      0x709 .\CortexM3\ARM_GCC_541\Debug\AY1920_II_FINAL_PROJECT.a(SPIM_EEPROM.o)
 .debug_info    0x00002c8a      0x18d .\CortexM3\ARM_GCC_541\Debug\AY1920_II_FINAL_PROJECT.a(SPIM_EEPROM_INT.o)
 .debug_info    0x00002e17      0x709 .\CortexM3\ARM_GCC_541\Debug\AY1920_II_FINAL_PROJECT.a(SPIM_LIS3DH.o)
 .debug_info    0x00003520      0x18d .\CortexM3\ARM_GCC_541\Debug\AY1920_II_FINAL_PROJECT.a(SPIM_LIS3DH_INT.o)
 .debug_info    0x000036ad      0x283 .\CortexM3\ARM_GCC_541\Debug\AY1920_II_FINAL_PROJECT.a(UART_IntClock.o)
 .debug_info    0x00003930      0x283 .\CortexM3\ARM_GCC_541\Debug\AY1920_II_FINAL_PROJECT.a(SPIM_EEPROM_IntClock.o)
 .debug_info    0x00003bb3      0x283 .\CortexM3\ARM_GCC_541\Debug\AY1920_II_FINAL_PROJECT.a(SPIM_LIS3DH_IntClock.o)
 .debug_info    0x00003e36     0x1374 .\CortexM3\ARM_GCC_541\Debug\AY1920_II_FINAL_PROJECT.a(CyLib.o)
 .debug_info    0x000051aa      0xa2a .\CortexM3\ARM_GCC_541\Debug\AY1920_II_FINAL_PROJECT.a(cyPm.o)
 .debug_info    0x00005bd4       0xb6 .\CortexM3\ARM_GCC_541\Debug\AY1920_II_FINAL_PROJECT.a(CyBootAsmGnu.o)
 .debug_info    0x00005c8a      0x64d .\CortexM3\ARM_GCC_541\Debug\AY1920_II_FINAL_PROJECT.a(CyFlash.o)
 .debug_info    0x000062d7      0x550 .\CortexM3\ARM_GCC_541\Debug\AY1920_II_FINAL_PROJECT.a(CySpc.o)

.debug_abbrev   0x00000000     0x1a30
 *(.debug_abbrev)
 .debug_abbrev  0x00000000       0x6c .\CortexM3\ARM_GCC_541\Debug\main.o
 .debug_abbrev  0x0000006c      0x11c .\CortexM3\ARM_GCC_541\Debug\25LC256.o
 .debug_abbrev  0x00000188      0x13a .\CortexM3\ARM_GCC_541\Debug\SPI_Interface.o
 .debug_abbrev  0x000002c2      0x17c .\CortexM3\ARM_GCC_541\Debug\LIS3DH.o
 .debug_abbrev  0x0000043e      0x22d .\CortexM3\ARM_GCC_541\Debug\cyfitter_cfg.o
 .debug_abbrev  0x0000066b       0x77 .\CortexM3\ARM_GCC_541\Debug\cymetadata.o
 .debug_abbrev  0x000006e2      0x1e8 .\CortexM3\ARM_GCC_541\Debug\Cm3Start.o
 .debug_abbrev  0x000008ca       0x90 .\CortexM3\ARM_GCC_541\Debug\AY1920_II_FINAL_PROJECT.a(CS_2.o)
 .debug_abbrev  0x0000095a       0x90 .\CortexM3\ARM_GCC_541\Debug\AY1920_II_FINAL_PROJECT.a(CS_1.o)
 .debug_abbrev  0x000009ea      0x175 .\CortexM3\ARM_GCC_541\Debug\AY1920_II_FINAL_PROJECT.a(UART.o)
 .debug_abbrev  0x00000b5f      0x162 .\CortexM3\ARM_GCC_541\Debug\AY1920_II_FINAL_PROJECT.a(SPIM_EEPROM.o)
 .debug_abbrev  0x00000cc1       0x8a .\CortexM3\ARM_GCC_541\Debug\AY1920_II_FINAL_PROJECT.a(SPIM_EEPROM_INT.o)
 .debug_abbrev  0x00000d4b      0x162 .\CortexM3\ARM_GCC_541\Debug\AY1920_II_FINAL_PROJECT.a(SPIM_LIS3DH.o)
 .debug_abbrev  0x00000ead       0x8a .\CortexM3\ARM_GCC_541\Debug\AY1920_II_FINAL_PROJECT.a(SPIM_LIS3DH_INT.o)
 .debug_abbrev  0x00000f37      0x139 .\CortexM3\ARM_GCC_541\Debug\AY1920_II_FINAL_PROJECT.a(UART_IntClock.o)
 .debug_abbrev  0x00001070      0x139 .\CortexM3\ARM_GCC_541\Debug\AY1920_II_FINAL_PROJECT.a(SPIM_EEPROM_IntClock.o)
 .debug_abbrev  0x000011a9      0x139 .\CortexM3\ARM_GCC_541\Debug\AY1920_II_FINAL_PROJECT.a(SPIM_LIS3DH_IntClock.o)
 .debug_abbrev  0x000012e2      0x254 .\CortexM3\ARM_GCC_541\Debug\AY1920_II_FINAL_PROJECT.a(CyLib.o)
 .debug_abbrev  0x00001536      0x1ab .\CortexM3\ARM_GCC_541\Debug\AY1920_II_FINAL_PROJECT.a(cyPm.o)
 .debug_abbrev  0x000016e1       0x14 .\CortexM3\ARM_GCC_541\Debug\AY1920_II_FINAL_PROJECT.a(CyBootAsmGnu.o)
 .debug_abbrev  0x000016f5      0x1a7 .\CortexM3\ARM_GCC_541\Debug\AY1920_II_FINAL_PROJECT.a(CyFlash.o)
 .debug_abbrev  0x0000189c      0x194 .\CortexM3\ARM_GCC_541\Debug\AY1920_II_FINAL_PROJECT.a(CySpc.o)

.debug_line     0x00000000     0x2da3
 *(.debug_line)
 .debug_line    0x00000000      0x159 .\CortexM3\ARM_GCC_541\Debug\main.o
 .debug_line    0x00000159      0x20a .\CortexM3\ARM_GCC_541\Debug\25LC256.o
 .debug_line    0x00000363      0x29d .\CortexM3\ARM_GCC_541\Debug\SPI_Interface.o
 .debug_line    0x00000600      0x260 .\CortexM3\ARM_GCC_541\Debug\LIS3DH.o
 .debug_line    0x00000860      0x259 .\CortexM3\ARM_GCC_541\Debug\cyfitter_cfg.o
 .debug_line    0x00000ab9      0x141 .\CortexM3\ARM_GCC_541\Debug\cymetadata.o
 .debug_line    0x00000bfa      0x234 .\CortexM3\ARM_GCC_541\Debug\Cm3Start.o
 .debug_line    0x00000e2e       0x91 .\CortexM3\ARM_GCC_541\Debug\AY1920_II_FINAL_PROJECT.a(CS_2.o)
 .debug_line    0x00000ebf       0x91 .\CortexM3\ARM_GCC_541\Debug\AY1920_II_FINAL_PROJECT.a(CS_1.o)
 .debug_line    0x00000f50      0x2bc .\CortexM3\ARM_GCC_541\Debug\AY1920_II_FINAL_PROJECT.a(UART.o)
 .debug_line    0x0000120c      0x2a8 .\CortexM3\ARM_GCC_541\Debug\AY1920_II_FINAL_PROJECT.a(SPIM_EEPROM.o)
 .debug_line    0x000014b4       0xb4 .\CortexM3\ARM_GCC_541\Debug\AY1920_II_FINAL_PROJECT.a(SPIM_EEPROM_INT.o)
 .debug_line    0x00001568      0x2a8 .\CortexM3\ARM_GCC_541\Debug\AY1920_II_FINAL_PROJECT.a(SPIM_LIS3DH.o)
 .debug_line    0x00001810       0xb4 .\CortexM3\ARM_GCC_541\Debug\AY1920_II_FINAL_PROJECT.a(SPIM_LIS3DH_INT.o)
 .debug_line    0x000018c4      0x17c .\CortexM3\ARM_GCC_541\Debug\AY1920_II_FINAL_PROJECT.a(UART_IntClock.o)
 .debug_line    0x00001a40      0x183 .\CortexM3\ARM_GCC_541\Debug\AY1920_II_FINAL_PROJECT.a(SPIM_EEPROM_IntClock.o)
 .debug_line    0x00001bc3      0x183 .\CortexM3\ARM_GCC_541\Debug\AY1920_II_FINAL_PROJECT.a(SPIM_LIS3DH_IntClock.o)
 .debug_line    0x00001d46      0x816 .\CortexM3\ARM_GCC_541\Debug\AY1920_II_FINAL_PROJECT.a(CyLib.o)
 .debug_line    0x0000255c      0x367 .\CortexM3\ARM_GCC_541\Debug\AY1920_II_FINAL_PROJECT.a(cyPm.o)
 .debug_line    0x000028c3       0x66 .\CortexM3\ARM_GCC_541\Debug\AY1920_II_FINAL_PROJECT.a(CyBootAsmGnu.o)
 .debug_line    0x00002929      0x21a .\CortexM3\ARM_GCC_541\Debug\AY1920_II_FINAL_PROJECT.a(CyFlash.o)
 .debug_line    0x00002b43      0x260 .\CortexM3\ARM_GCC_541\Debug\AY1920_II_FINAL_PROJECT.a(CySpc.o)

.debug_frame    0x00000000     0x1d14
 *(.debug_frame)
 .debug_frame   0x00000000       0x20 .\CortexM3\ARM_GCC_541\Debug\main.o
 .debug_frame   0x00000020      0x134 .\CortexM3\ARM_GCC_541\Debug\25LC256.o
 .debug_frame   0x00000154       0xfc .\CortexM3\ARM_GCC_541\Debug\SPI_Interface.o
 .debug_frame   0x00000250      0x11c .\CortexM3\ARM_GCC_541\Debug\LIS3DH.o
 .debug_frame   0x0000036c      0x13c .\CortexM3\ARM_GCC_541\Debug\cyfitter_cfg.o
 .debug_frame   0x000004a8       0xb8 .\CortexM3\ARM_GCC_541\Debug\Cm3Start.o
 .debug_frame   0x00000560       0x50 .\CortexM3\ARM_GCC_541\Debug\AY1920_II_FINAL_PROJECT.a(CS_2.o)
 .debug_frame   0x000005b0       0x50 .\CortexM3\ARM_GCC_541\Debug\AY1920_II_FINAL_PROJECT.a(CS_1.o)
 .debug_frame   0x00000600      0x250 .\CortexM3\ARM_GCC_541\Debug\AY1920_II_FINAL_PROJECT.a(UART.o)
 .debug_frame   0x00000850      0x260 .\CortexM3\ARM_GCC_541\Debug\AY1920_II_FINAL_PROJECT.a(SPIM_EEPROM.o)
 .debug_frame   0x00000ab0       0x30 .\CortexM3\ARM_GCC_541\Debug\AY1920_II_FINAL_PROJECT.a(SPIM_EEPROM_INT.o)
 .debug_frame   0x00000ae0      0x264 .\CortexM3\ARM_GCC_541\Debug\AY1920_II_FINAL_PROJECT.a(SPIM_LIS3DH.o)
 .debug_frame   0x00000d44       0x30 .\CortexM3\ARM_GCC_541\Debug\AY1920_II_FINAL_PROJECT.a(SPIM_LIS3DH_INT.o)
 .debug_frame   0x00000d74       0xe0 .\CortexM3\ARM_GCC_541\Debug\AY1920_II_FINAL_PROJECT.a(UART_IntClock.o)
 .debug_frame   0x00000e54       0xe0 .\CortexM3\ARM_GCC_541\Debug\AY1920_II_FINAL_PROJECT.a(SPIM_EEPROM_IntClock.o)
 .debug_frame   0x00000f34       0xe0 .\CortexM3\ARM_GCC_541\Debug\AY1920_II_FINAL_PROJECT.a(SPIM_LIS3DH_IntClock.o)
 .debug_frame   0x00001014      0x738 .\CortexM3\ARM_GCC_541\Debug\AY1920_II_FINAL_PROJECT.a(CyLib.o)
 .debug_frame   0x0000174c      0x1f8 .\CortexM3\ARM_GCC_541\Debug\AY1920_II_FINAL_PROJECT.a(cyPm.o)
 .debug_frame   0x00001944      0x194 .\CortexM3\ARM_GCC_541\Debug\AY1920_II_FINAL_PROJECT.a(CyFlash.o)
 .debug_frame   0x00001ad8      0x180 .\CortexM3\ARM_GCC_541\Debug\AY1920_II_FINAL_PROJECT.a(CySpc.o)
 .debug_frame   0x00001c58       0x20 c:/program files (x86)/cypress/psoc creator/4.3/psoc creator/import/gnu/arm/5.4.1/bin/../lib/gcc/arm-none-eabi/5.4.1/../../../../arm-none-eabi/lib/armv7-m\libg_nano.a(lib_a-errno.o)
 .debug_frame   0x00001c78       0x28 c:/program files (x86)/cypress/psoc creator/4.3/psoc creator/import/gnu/arm/5.4.1/bin/../lib/gcc/arm-none-eabi/5.4.1/../../../../arm-none-eabi/lib/armv7-m\libg_nano.a(lib_a-exit.o)
 .debug_frame   0x00001ca0       0x2c c:/program files (x86)/cypress/psoc creator/4.3/psoc creator/import/gnu/arm/5.4.1/bin/../lib/gcc/arm-none-eabi/5.4.1/../../../../arm-none-eabi/lib/armv7-m\libg_nano.a(lib_a-init.o)
 .debug_frame   0x00001ccc       0x28 c:/program files (x86)/cypress/psoc creator/4.3/psoc creator/import/gnu/arm/5.4.1/bin/../lib/gcc/arm-none-eabi/5.4.1/../../../../arm-none-eabi/lib/armv7-m\libg_nano.a(lib_a-memcpy-stub.o)
 .debug_frame   0x00001cf4       0x20 c:/program files (x86)/cypress/psoc creator/4.3/psoc creator/import/gnu/arm/5.4.1/bin/../lib/gcc/arm-none-eabi/5.4.1/../../../../arm-none-eabi/lib/armv7-m\libg_nano.a(lib_a-memset.o)

.debug_str      0x00000000     0x263f
 *(.debug_str)
 .debug_str     0x00000000      0x184 .\CortexM3\ARM_GCC_541\Debug\main.o
                                0x1cc (size before relaxing)
 .debug_str     0x00000184      0x184 .\CortexM3\ARM_GCC_541\Debug\25LC256.o
                                0x33b (size before relaxing)
 .debug_str     0x00000308      0x234 .\CortexM3\ARM_GCC_541\Debug\SPI_Interface.o
                                0x45c (size before relaxing)
 .debug_str     0x0000053c       0xbd .\CortexM3\ARM_GCC_541\Debug\LIS3DH.o
                                0x350 (size before relaxing)
 .debug_str     0x000005f9      0x211 .\CortexM3\ARM_GCC_541\Debug\cyfitter_cfg.o
                                0x406 (size before relaxing)
 .debug_str     0x0000080a       0x75 .\CortexM3\ARM_GCC_541\Debug\cymetadata.o
                                0x20a (size before relaxing)
 .debug_str     0x0000087f      0x144 .\CortexM3\ARM_GCC_541\Debug\Cm3Start.o
                                0x330 (size before relaxing)
 .debug_str     0x000009c3       0x5b .\CortexM3\ARM_GCC_541\Debug\AY1920_II_FINAL_PROJECT.a(CS_2.o)
                                0x203 (size before relaxing)
 .debug_str     0x00000a1e       0x4b .\CortexM3\ARM_GCC_541\Debug\AY1920_II_FINAL_PROJECT.a(CS_1.o)
                                0x203 (size before relaxing)
 .debug_str     0x00000a69      0x2c5 .\CortexM3\ARM_GCC_541\Debug\AY1920_II_FINAL_PROJECT.a(UART.o)
                                0x49b (size before relaxing)
 .debug_str     0x00000d2e      0x34a .\CortexM3\ARM_GCC_541\Debug\AY1920_II_FINAL_PROJECT.a(SPIM_EEPROM.o)
                                0x60e (size before relaxing)
 .debug_str     0x00001078       0x4f .\CortexM3\ARM_GCC_541\Debug\AY1920_II_FINAL_PROJECT.a(SPIM_EEPROM_INT.o)
                                0x2fc (size before relaxing)
 .debug_str     0x000010c7      0x2f7 .\CortexM3\ARM_GCC_541\Debug\AY1920_II_FINAL_PROJECT.a(SPIM_LIS3DH.o)
                                0x60e (size before relaxing)
 .debug_str     0x000013be       0x4f .\CortexM3\ARM_GCC_541\Debug\AY1920_II_FINAL_PROJECT.a(SPIM_LIS3DH_INT.o)
                                0x2fc (size before relaxing)
 .debug_str     0x0000140d      0x189 .\CortexM3\ARM_GCC_541\Debug\AY1920_II_FINAL_PROJECT.a(UART_IntClock.o)
                                0x35c (size before relaxing)
 .debug_str     0x00001596      0x17e .\CortexM3\ARM_GCC_541\Debug\AY1920_II_FINAL_PROJECT.a(SPIM_EEPROM_IntClock.o)
                                0x3b0 (size before relaxing)
 .debug_str     0x00001714      0x17e .\CortexM3\ARM_GCC_541\Debug\AY1920_II_FINAL_PROJECT.a(SPIM_LIS3DH_IntClock.o)
                                0x3b0 (size before relaxing)
 .debug_str     0x00001892      0x7e8 .\CortexM3\ARM_GCC_541\Debug\AY1920_II_FINAL_PROJECT.a(CyLib.o)
                                0xa6d (size before relaxing)
 .debug_str     0x0000207a      0x365 .\CortexM3\ARM_GCC_541\Debug\AY1920_II_FINAL_PROJECT.a(cyPm.o)
                                0x759 (size before relaxing)
 .debug_str     0x000023df      0x1b4 .\CortexM3\ARM_GCC_541\Debug\AY1920_II_FINAL_PROJECT.a(CyFlash.o)
                                0x3e6 (size before relaxing)
 .debug_str     0x00002593       0xac .\CortexM3\ARM_GCC_541\Debug\AY1920_II_FINAL_PROJECT.a(CySpc.o)
                                0x35e (size before relaxing)

.debug_loc      0x00000000     0x2da0
 *(.debug_loc)
 .debug_loc     0x00000000      0x196 .\CortexM3\ARM_GCC_541\Debug\25LC256.o
 .debug_loc     0x00000196      0x2f6 .\CortexM3\ARM_GCC_541\Debug\SPI_Interface.o
 .debug_loc     0x0000048c      0x255 .\CortexM3\ARM_GCC_541\Debug\LIS3DH.o
 .debug_loc     0x000006e1      0x379 .\CortexM3\ARM_GCC_541\Debug\cyfitter_cfg.o
 .debug_loc     0x00000a5a      0x144 .\CortexM3\ARM_GCC_541\Debug\Cm3Start.o
 .debug_loc     0x00000b9e       0x42 .\CortexM3\ARM_GCC_541\Debug\AY1920_II_FINAL_PROJECT.a(CS_2.o)
 .debug_loc     0x00000be0       0x42 .\CortexM3\ARM_GCC_541\Debug\AY1920_II_FINAL_PROJECT.a(CS_1.o)
 .debug_loc     0x00000c22      0x258 .\CortexM3\ARM_GCC_541\Debug\AY1920_II_FINAL_PROJECT.a(UART.o)
 .debug_loc     0x00000e7a      0x20d .\CortexM3\ARM_GCC_541\Debug\AY1920_II_FINAL_PROJECT.a(SPIM_EEPROM.o)
 .debug_loc     0x00001087       0x74 .\CortexM3\ARM_GCC_541\Debug\AY1920_II_FINAL_PROJECT.a(SPIM_EEPROM_INT.o)
 .debug_loc     0x000010fb      0x20d .\CortexM3\ARM_GCC_541\Debug\AY1920_II_FINAL_PROJECT.a(SPIM_LIS3DH.o)
 .debug_loc     0x00001308       0x74 .\CortexM3\ARM_GCC_541\Debug\AY1920_II_FINAL_PROJECT.a(SPIM_LIS3DH_INT.o)
 .debug_loc     0x0000137c      0x128 .\CortexM3\ARM_GCC_541\Debug\AY1920_II_FINAL_PROJECT.a(UART_IntClock.o)
 .debug_loc     0x000014a4      0x128 .\CortexM3\ARM_GCC_541\Debug\AY1920_II_FINAL_PROJECT.a(SPIM_EEPROM_IntClock.o)
 .debug_loc     0x000015cc      0x128 .\CortexM3\ARM_GCC_541\Debug\AY1920_II_FINAL_PROJECT.a(SPIM_LIS3DH_IntClock.o)
 .debug_loc     0x000016f4      0xa11 .\CortexM3\ARM_GCC_541\Debug\AY1920_II_FINAL_PROJECT.a(CyLib.o)
 .debug_loc     0x00002105      0x1e4 .\CortexM3\ARM_GCC_541\Debug\AY1920_II_FINAL_PROJECT.a(cyPm.o)
 .debug_loc     0x000022e9      0x3b2 .\CortexM3\ARM_GCC_541\Debug\AY1920_II_FINAL_PROJECT.a(CyFlash.o)
 .debug_loc     0x0000269b      0x705 .\CortexM3\ARM_GCC_541\Debug\AY1920_II_FINAL_PROJECT.a(CySpc.o)

.debug_macinfo
 *(.debug_macinfo)

.debug_ranges   0x00000000      0x9a8
 *(.debug_ranges)
 .debug_ranges  0x00000000       0x10 .\CortexM3\ARM_GCC_541\Debug\main.o
 .debug_ranges  0x00000010       0x50 .\CortexM3\ARM_GCC_541\Debug\25LC256.o
 .debug_ranges  0x00000060       0x40 .\CortexM3\ARM_GCC_541\Debug\SPI_Interface.o
 .debug_ranges  0x000000a0       0x58 .\CortexM3\ARM_GCC_541\Debug\LIS3DH.o
 .debug_ranges  0x000000f8       0x68 .\CortexM3\ARM_GCC_541\Debug\cyfitter_cfg.o
 .debug_ranges  0x00000160       0x38 .\CortexM3\ARM_GCC_541\Debug\Cm3Start.o
 .debug_ranges  0x00000198       0x28 .\CortexM3\ARM_GCC_541\Debug\AY1920_II_FINAL_PROJECT.a(CS_2.o)
 .debug_ranges  0x000001c0       0x28 .\CortexM3\ARM_GCC_541\Debug\AY1920_II_FINAL_PROJECT.a(CS_1.o)
 .debug_ranges  0x000001e8       0xe0 .\CortexM3\ARM_GCC_541\Debug\AY1920_II_FINAL_PROJECT.a(UART.o)
 .debug_ranges  0x000002c8       0xc8 .\CortexM3\ARM_GCC_541\Debug\AY1920_II_FINAL_PROJECT.a(SPIM_EEPROM.o)
 .debug_ranges  0x00000390       0x18 .\CortexM3\ARM_GCC_541\Debug\AY1920_II_FINAL_PROJECT.a(SPIM_EEPROM_INT.o)
 .debug_ranges  0x000003a8       0xc8 .\CortexM3\ARM_GCC_541\Debug\AY1920_II_FINAL_PROJECT.a(SPIM_LIS3DH.o)
 .debug_ranges  0x00000470       0x18 .\CortexM3\ARM_GCC_541\Debug\AY1920_II_FINAL_PROJECT.a(SPIM_LIS3DH_INT.o)
 .debug_ranges  0x00000488       0x60 .\CortexM3\ARM_GCC_541\Debug\AY1920_II_FINAL_PROJECT.a(UART_IntClock.o)
 .debug_ranges  0x000004e8       0x60 .\CortexM3\ARM_GCC_541\Debug\AY1920_II_FINAL_PROJECT.a(SPIM_EEPROM_IntClock.o)
 .debug_ranges  0x00000548       0x60 .\CortexM3\ARM_GCC_541\Debug\AY1920_II_FINAL_PROJECT.a(SPIM_LIS3DH_IntClock.o)
 .debug_ranges  0x000005a8      0x290 .\CortexM3\ARM_GCC_541\Debug\AY1920_II_FINAL_PROJECT.a(CyLib.o)
 .debug_ranges  0x00000838       0x88 .\CortexM3\ARM_GCC_541\Debug\AY1920_II_FINAL_PROJECT.a(cyPm.o)
 .debug_ranges  0x000008c0       0x78 .\CortexM3\ARM_GCC_541\Debug\AY1920_II_FINAL_PROJECT.a(CyFlash.o)
 .debug_ranges  0x00000938       0x70 .\CortexM3\ARM_GCC_541\Debug\AY1920_II_FINAL_PROJECT.a(CySpc.o)

.comment        0x00000000       0x6e
 .comment       0x00000000       0x6e .\CortexM3\ARM_GCC_541\Debug\main.o
                                 0x6f (size before relaxing)
 .comment       0x0000006e       0x6f .\CortexM3\ARM_GCC_541\Debug\25LC256.o
 .comment       0x0000006e       0x6f .\CortexM3\ARM_GCC_541\Debug\SPI_Interface.o
 .comment       0x0000006e       0x6f .\CortexM3\ARM_GCC_541\Debug\LIS3DH.o
 .comment       0x0000006e       0x6f .\CortexM3\ARM_GCC_541\Debug\cyfitter_cfg.o
 .comment       0x0000006e       0x6f .\CortexM3\ARM_GCC_541\Debug\cymetadata.o
 .comment       0x0000006e       0x6f .\CortexM3\ARM_GCC_541\Debug\Cm3Start.o
 .comment       0x0000006e       0x6f .\CortexM3\ARM_GCC_541\Debug\AY1920_II_FINAL_PROJECT.a(CS_2.o)
 .comment       0x0000006e       0x6f .\CortexM3\ARM_GCC_541\Debug\AY1920_II_FINAL_PROJECT.a(CS_1.o)
 .comment       0x0000006e       0x6f .\CortexM3\ARM_GCC_541\Debug\AY1920_II_FINAL_PROJECT.a(UART.o)
 .comment       0x0000006e       0x6f .\CortexM3\ARM_GCC_541\Debug\AY1920_II_FINAL_PROJECT.a(SPIM_EEPROM.o)
 .comment       0x0000006e       0x6f .\CortexM3\ARM_GCC_541\Debug\AY1920_II_FINAL_PROJECT.a(SPIM_EEPROM_INT.o)
 .comment       0x0000006e       0x6f .\CortexM3\ARM_GCC_541\Debug\AY1920_II_FINAL_PROJECT.a(SPIM_LIS3DH.o)
 .comment       0x0000006e       0x6f .\CortexM3\ARM_GCC_541\Debug\AY1920_II_FINAL_PROJECT.a(SPIM_LIS3DH_INT.o)
 .comment       0x0000006e       0x6f .\CortexM3\ARM_GCC_541\Debug\AY1920_II_FINAL_PROJECT.a(UART_IntClock.o)
 .comment       0x0000006e       0x6f .\CortexM3\ARM_GCC_541\Debug\AY1920_II_FINAL_PROJECT.a(SPIM_EEPROM_IntClock.o)
 .comment       0x0000006e       0x6f .\CortexM3\ARM_GCC_541\Debug\AY1920_II_FINAL_PROJECT.a(SPIM_LIS3DH_IntClock.o)
 .comment       0x0000006e       0x6f .\CortexM3\ARM_GCC_541\Debug\AY1920_II_FINAL_PROJECT.a(CyLib.o)
 .comment       0x0000006e       0x6f .\CortexM3\ARM_GCC_541\Debug\AY1920_II_FINAL_PROJECT.a(cyPm.o)
 .comment       0x0000006e       0x6f .\CortexM3\ARM_GCC_541\Debug\AY1920_II_FINAL_PROJECT.a(CyFlash.o)
 .comment       0x0000006e       0x6f .\CortexM3\ARM_GCC_541\Debug\AY1920_II_FINAL_PROJECT.a(CySpc.o)

.debug_weaknames
 *(.debug_weaknames)

.debug_funcnames
 *(.debug_funcnames)

.debug_typenames
 *(.debug_typenames)

.debug_varnames
 *(.debug_varnames)

.note.gnu.arm.ident
 *(.note.gnu.arm.ident)

.ARM.attributes
                0x00000000       0x29
 *(.ARM.attributes)
 .ARM.attributes
                0x00000000       0x1d c:/program files (x86)/cypress/psoc creator/4.3/psoc creator/import/gnu/arm/5.4.1/bin/../lib/gcc/arm-none-eabi/5.4.1/armv7-m/crti.o
 .ARM.attributes
                0x0000001d       0x2d c:/program files (x86)/cypress/psoc creator/4.3/psoc creator/import/gnu/arm/5.4.1/bin/../lib/gcc/arm-none-eabi/5.4.1/armv7-m/crtbegin.o
 .ARM.attributes
                0x0000004a       0x1b c:/program files (x86)/cypress/psoc creator/4.3/psoc creator/import/gnu/arm/5.4.1/bin/../lib/gcc/arm-none-eabi/5.4.1/../../../../arm-none-eabi/lib/armv7-m/crt0.o
 .ARM.attributes
                0x00000065       0x33 .\CortexM3\ARM_GCC_541\Debug\main.o
 .ARM.attributes
                0x00000098       0x33 .\CortexM3\ARM_GCC_541\Debug\25LC256.o
 .ARM.attributes
                0x000000cb       0x33 .\CortexM3\ARM_GCC_541\Debug\SPI_Interface.o
 .ARM.attributes
                0x000000fe       0x33 .\CortexM3\ARM_GCC_541\Debug\LIS3DH.o
 .ARM.attributes
                0x00000131       0x33 .\CortexM3\ARM_GCC_541\Debug\cyfitter_cfg.o
 .ARM.attributes
                0x00000164       0x33 .\CortexM3\ARM_GCC_541\Debug\cymetadata.o
 .ARM.attributes
                0x00000197       0x33 .\CortexM3\ARM_GCC_541\Debug\Cm3Start.o
 .ARM.attributes
                0x000001ca       0x33 .\CortexM3\ARM_GCC_541\Debug\AY1920_II_FINAL_PROJECT.a(CS_2.o)
 .ARM.attributes
                0x000001fd       0x33 .\CortexM3\ARM_GCC_541\Debug\AY1920_II_FINAL_PROJECT.a(CS_1.o)
 .ARM.attributes
                0x00000230       0x33 .\CortexM3\ARM_GCC_541\Debug\AY1920_II_FINAL_PROJECT.a(UART.o)
 .ARM.attributes
                0x00000263       0x33 .\CortexM3\ARM_GCC_541\Debug\AY1920_II_FINAL_PROJECT.a(SPIM_EEPROM.o)
 .ARM.attributes
                0x00000296       0x33 .\CortexM3\ARM_GCC_541\Debug\AY1920_II_FINAL_PROJECT.a(SPIM_EEPROM_INT.o)
 .ARM.attributes
                0x000002c9       0x33 .\CortexM3\ARM_GCC_541\Debug\AY1920_II_FINAL_PROJECT.a(SPIM_LIS3DH.o)
 .ARM.attributes
                0x000002fc       0x33 .\CortexM3\ARM_GCC_541\Debug\AY1920_II_FINAL_PROJECT.a(SPIM_LIS3DH_INT.o)
 .ARM.attributes
                0x0000032f       0x33 .\CortexM3\ARM_GCC_541\Debug\AY1920_II_FINAL_PROJECT.a(UART_IntClock.o)
 .ARM.attributes
                0x00000362       0x33 .\CortexM3\ARM_GCC_541\Debug\AY1920_II_FINAL_PROJECT.a(SPIM_EEPROM_IntClock.o)
 .ARM.attributes
                0x00000395       0x33 .\CortexM3\ARM_GCC_541\Debug\AY1920_II_FINAL_PROJECT.a(SPIM_LIS3DH_IntClock.o)
 .ARM.attributes
                0x000003c8       0x33 .\CortexM3\ARM_GCC_541\Debug\AY1920_II_FINAL_PROJECT.a(CyLib.o)
 .ARM.attributes
                0x000003fb       0x33 .\CortexM3\ARM_GCC_541\Debug\AY1920_II_FINAL_PROJECT.a(cyPm.o)
 .ARM.attributes
                0x0000042e       0x21 .\CortexM3\ARM_GCC_541\Debug\AY1920_II_FINAL_PROJECT.a(CyBootAsmGnu.o)
 .ARM.attributes
                0x0000044f       0x33 .\CortexM3\ARM_GCC_541\Debug\AY1920_II_FINAL_PROJECT.a(CyFlash.o)
 .ARM.attributes
                0x00000482       0x33 .\CortexM3\ARM_GCC_541\Debug\AY1920_II_FINAL_PROJECT.a(CySpc.o)
 .ARM.attributes
                0x000004b5       0x2d c:/program files (x86)/cypress/psoc creator/4.3/psoc creator/import/gnu/arm/5.4.1/bin/../lib/gcc/arm-none-eabi/5.4.1/../../../../arm-none-eabi/lib/armv7-m\libg_nano.a(lib_a-errno.o)
 .ARM.attributes
                0x000004e2       0x2d c:/program files (x86)/cypress/psoc creator/4.3/psoc creator/import/gnu/arm/5.4.1/bin/../lib/gcc/arm-none-eabi/5.4.1/../../../../arm-none-eabi/lib/armv7-m\libg_nano.a(lib_a-exit.o)
 .ARM.attributes
                0x0000050f       0x2d c:/program files (x86)/cypress/psoc creator/4.3/psoc creator/import/gnu/arm/5.4.1/bin/../lib/gcc/arm-none-eabi/5.4.1/../../../../arm-none-eabi/lib/armv7-m\libg_nano.a(lib_a-impure.o)
 .ARM.attributes
                0x0000053c       0x2d c:/program files (x86)/cypress/psoc creator/4.3/psoc creator/import/gnu/arm/5.4.1/bin/../lib/gcc/arm-none-eabi/5.4.1/../../../../arm-none-eabi/lib/armv7-m\libg_nano.a(lib_a-init.o)
 .ARM.attributes
                0x00000569       0x2d c:/program files (x86)/cypress/psoc creator/4.3/psoc creator/import/gnu/arm/5.4.1/bin/../lib/gcc/arm-none-eabi/5.4.1/../../../../arm-none-eabi/lib/armv7-m\libg_nano.a(lib_a-memcpy-stub.o)
 .ARM.attributes
                0x00000596       0x2d c:/program files (x86)/cypress/psoc creator/4.3/psoc creator/import/gnu/arm/5.4.1/bin/../lib/gcc/arm-none-eabi/5.4.1/../../../../arm-none-eabi/lib/armv7-m\libg_nano.a(lib_a-memset.o)
 .ARM.attributes
                0x000005c3       0x2d c:/program files (x86)/cypress/psoc creator/4.3/psoc creator/import/gnu/arm/5.4.1/bin/../lib/gcc/arm-none-eabi/5.4.1/armv7-m/crtend.o
 .ARM.attributes
                0x000005f0       0x1d c:/program files (x86)/cypress/psoc creator/4.3/psoc creator/import/gnu/arm/5.4.1/bin/../lib/gcc/arm-none-eabi/5.4.1/armv7-m/crtn.o

/DISCARD/
 *(.note.GNU-stack)
OUTPUT(C:\Users\aless\Documents\PSoC_Creator\AY1920_II_02_RATTI_SINATRA_QUARANTA\AY1920_II_FINAL_PROJECT.cydsn\CortexM3\ARM_GCC_541\Debug\AY1920_II_FINAL_PROJECT.elf elf32-littlearm)
