Archive member included to satisfy reference by file (symbol)

.\CortexM3\ARM_GCC_541\Debug\AY1920_II_FINAL_PROJECT.a(Timer_ADC.o)
                              .\CortexM3\ARM_GCC_541\Debug\main.o (Timer_ADC_Stop)
.\CortexM3\ARM_GCC_541\Debug\AY1920_II_FINAL_PROJECT.a(Pin_LED_ext.o)
                              .\CortexM3\ARM_GCC_541\Debug\InterruptRoutines.o (Pin_LED_ext_Write)
.\CortexM3\ARM_GCC_541\Debug\AY1920_II_FINAL_PROJECT.a(isr_STREAM.o)
                              .\CortexM3\ARM_GCC_541\Debug\main.o (isr_STREAM_StartEx)
.\CortexM3\ARM_GCC_541\Debug\AY1920_II_FINAL_PROJECT.a(Timer_STREAM.o)
                              .\CortexM3\ARM_GCC_541\Debug\InterruptRoutines.o (Timer_STREAM_Stop)
.\CortexM3\ARM_GCC_541\Debug\AY1920_II_FINAL_PROJECT.a(isr_INT.o)
                              .\CortexM3\ARM_GCC_541\Debug\main.o (isr_INT_StartEx)
.\CortexM3\ARM_GCC_541\Debug\AY1920_II_FINAL_PROJECT.a(PWM_BLINK.o)
                              .\CortexM3\ARM_GCC_541\Debug\main.o (PWM_BLINK_WritePeriod)
.\CortexM3\ARM_GCC_541\Debug\AY1920_II_FINAL_PROJECT.a(CS_2.o)
                              .\CortexM3\ARM_GCC_541\Debug\SPI_Interface.o (CS_2_Write)
.\CortexM3\ARM_GCC_541\Debug\AY1920_II_FINAL_PROJECT.a(CS_1.o)
                              .\CortexM3\ARM_GCC_541\Debug\SPI_Interface.o (CS_1_Write)
.\CortexM3\ARM_GCC_541\Debug\AY1920_II_FINAL_PROJECT.a(isr_RX.o)
                              .\CortexM3\ARM_GCC_541\Debug\main.o (isr_RX_StartEx)
.\CortexM3\ARM_GCC_541\Debug\AY1920_II_FINAL_PROJECT.a(ADC_DelSig.o)
                              .\CortexM3\ARM_GCC_541\Debug\main.o (ADC_DelSig_Start)
.\CortexM3\ARM_GCC_541\Debug\AY1920_II_FINAL_PROJECT.a(ADC_DelSig_INT.o)
                              .\CortexM3\ARM_GCC_541\Debug\AY1920_II_FINAL_PROJECT.a(ADC_DelSig.o) (ADC_DelSig_ISR1)
.\CortexM3\ARM_GCC_541\Debug\AY1920_II_FINAL_PROJECT.a(AMux.o)
                              .\CortexM3\ARM_GCC_541\Debug\main.o (AMux_Start)
.\CortexM3\ARM_GCC_541\Debug\AY1920_II_FINAL_PROJECT.a(UART.o)
                              .\CortexM3\ARM_GCC_541\Debug\main.o (UART_Start)
.\CortexM3\ARM_GCC_541\Debug\AY1920_II_FINAL_PROJECT.a(SPIM_EEPROM.o)
                              .\CortexM3\ARM_GCC_541\Debug\SPI_Interface.o (SPIM_EEPROM_ReadTxStatus)
.\CortexM3\ARM_GCC_541\Debug\AY1920_II_FINAL_PROJECT.a(SPIM_EEPROM_INT.o)
                              .\CortexM3\ARM_GCC_541\Debug\AY1920_II_FINAL_PROJECT.a(SPIM_EEPROM.o) (SPIM_EEPROM_TX_ISR)
.\CortexM3\ARM_GCC_541\Debug\AY1920_II_FINAL_PROJECT.a(SPIM_LIS3DH.o)
                              .\CortexM3\ARM_GCC_541\Debug\SPI_Interface.o (SPIM_LIS3DH_ReadTxStatus)
.\CortexM3\ARM_GCC_541\Debug\AY1920_II_FINAL_PROJECT.a(SPIM_LIS3DH_INT.o)
                              .\CortexM3\ARM_GCC_541\Debug\AY1920_II_FINAL_PROJECT.a(SPIM_LIS3DH.o) (SPIM_LIS3DH_TX_ISR)
.\CortexM3\ARM_GCC_541\Debug\AY1920_II_FINAL_PROJECT.a(ADC_DelSig_AMux.o)
                              .\CortexM3\ARM_GCC_541\Debug\AY1920_II_FINAL_PROJECT.a(ADC_DelSig.o) (ADC_DelSig_AMux_Select)
.\CortexM3\ARM_GCC_541\Debug\AY1920_II_FINAL_PROJECT.a(ADC_DelSig_Ext_CP_Clk.o)
                              .\CortexM3\ARM_GCC_541\Debug\AY1920_II_FINAL_PROJECT.a(ADC_DelSig.o) (ADC_DelSig_Ext_CP_Clk_SetModeRegister)
.\CortexM3\ARM_GCC_541\Debug\AY1920_II_FINAL_PROJECT.a(ADC_DelSig_IRQ.o)
                              .\CortexM3\ARM_GCC_541\Debug\main.o (ADC_DelSig_IRQ_Start)
.\CortexM3\ARM_GCC_541\Debug\AY1920_II_FINAL_PROJECT.a(ADC_DelSig_theACLK.o)
                              .\CortexM3\ARM_GCC_541\Debug\AY1920_II_FINAL_PROJECT.a(ADC_DelSig.o) (ADC_DelSig_theACLK_SetModeRegister)
.\CortexM3\ARM_GCC_541\Debug\AY1920_II_FINAL_PROJECT.a(UART_IntClock.o)
                              .\CortexM3\ARM_GCC_541\Debug\AY1920_II_FINAL_PROJECT.a(UART.o) (UART_IntClock_Start)
.\CortexM3\ARM_GCC_541\Debug\AY1920_II_FINAL_PROJECT.a(SPIM_EEPROM_IntClock.o)
                              .\CortexM3\ARM_GCC_541\Debug\AY1920_II_FINAL_PROJECT.a(SPIM_EEPROM.o) (SPIM_EEPROM_IntClock_Start)
.\CortexM3\ARM_GCC_541\Debug\AY1920_II_FINAL_PROJECT.a(SPIM_LIS3DH_IntClock.o)
                              .\CortexM3\ARM_GCC_541\Debug\AY1920_II_FINAL_PROJECT.a(SPIM_LIS3DH.o) (SPIM_LIS3DH_IntClock_Start)
.\CortexM3\ARM_GCC_541\Debug\AY1920_II_FINAL_PROJECT.a(CyDmac.o)
                              .\CortexM3\ARM_GCC_541\Debug\Cm3Start.o (CyDmacConfigure)
.\CortexM3\ARM_GCC_541\Debug\AY1920_II_FINAL_PROJECT.a(CyLib.o)
                              .\CortexM3\ARM_GCC_541\Debug\Cm3Start.o (CyHalt)
.\CortexM3\ARM_GCC_541\Debug\AY1920_II_FINAL_PROJECT.a(cyPm.o)
                              .\CortexM3\ARM_GCC_541\Debug\AY1920_II_FINAL_PROJECT.a(CyLib.o) (CyPmReadStatus)
.\CortexM3\ARM_GCC_541\Debug\AY1920_II_FINAL_PROJECT.a(isr_TIMER_ADC.o)
                              .\CortexM3\ARM_GCC_541\Debug\main.o (isr_TIMER_ADC_StartEx)
.\CortexM3\ARM_GCC_541\Debug\AY1920_II_FINAL_PROJECT.a(DMA_dma.o)
[...]
Memory Configuration

Name             Origin             Length             Attributes
rom              0x00000000         0x00040000         xr
ram              0x1fff8000         0x00010000         xrw
*default*        0x00000000         0xffffffff

Linker script and memory map

LOAD c:/program files (x86)/cypress/psoc creator/4.3/psoc creator/import/gnu/arm/5.4.1/bin/../lib/gcc/arm-none-eabi/5.4.1/armv7-m/crti.o
LOAD c:/program files (x86)/cypress/psoc creator/4.3/psoc creator/import/gnu/arm/5.4.1/bin/../lib/gcc/arm-none-eabi/5.4.1/armv7-m/crtbegin.o
LOAD c:/program files (x86)/cypress/psoc creator/4.3/psoc creator/import/gnu/arm/5.4.1/bin/../lib/gcc/arm-none-eabi/5.4.1/../../../../arm-none-eabi/lib/armv7-m/crt0.o
START GROUP
LOAD .\CortexM3\ARM_GCC_541\Debug\main.o
LOAD .\CortexM3\ARM_GCC_541\Debug\25LC256.o
LOAD .\CortexM3\ARM_GCC_541\Debug\SPI_Interface.o
LOAD .\CortexM3\ARM_GCC_541\Debug\LIS3DH.o
LOAD .\CortexM3\ARM_GCC_541\Debug\InterruptRoutines.o
LOAD .\CortexM3\ARM_GCC_541\Debug\DMARoutines.o
LOAD .\CortexM3\ARM_GCC_541\Debug\cyfitter_cfg.o
LOAD .\CortexM3\ARM_GCC_541\Debug\cymetadata.o
LOAD .\CortexM3\ARM_GCC_541\Debug\Cm3Start.o
LOAD .\CortexM3\ARM_GCC_541\Debug\AY1920_II_FINAL_PROJECT.a
LOAD C:\Program Files (x86)\Cypress\PSoC Creator\4.3\PSoC Creator\psoc\content\cycomponentlibrary\CyComponentLibrary.cylib\CortexM3\ARM_GCC_541\Debug\CyComponentLibrary.a
END GROUP
START GROUP
LOAD c:/program files (x86)/cypress/psoc creator/4.3/psoc creator/import/gnu/arm/5.4.1/bin/../lib/gcc/arm-none-eabi/5.4.1/armv7-m\libgcc.a
LOAD c:/program files (x86)/cypress/psoc creator/4.3/psoc creator/import/gnu/arm/5.4.1/bin/../lib/gcc/arm-none-eabi/5.4.1/../../../../arm-none-eabi/lib/armv7-m\libg_nano.a
LOAD c:/program files (x86)/cypress/psoc creator/4.3/psoc creator/import/gnu/arm/5.4.1/bin/../lib/gcc/arm-none-eabi/5.4.1/../../../../arm-none-eabi/lib/armv7-m\libc_nano.a
END GROUP
START GROUP
LOAD c:/program files (x86)/cypress/psoc creator/4.3/psoc creator/import/gnu/arm/5.4.1/bin/../lib/gcc/arm-none-eabi/5.4.1/armv7-m\libgcc.a
LOAD c:/program files (x86)/cypress/psoc creator/4.3/psoc creator/import/gnu/arm/5.4.1/bin/../lib/gcc/arm-none-eabi/5.4.1/../../../../arm-none-eabi/lib/armv7-m\libc_nano.a
END GROUP
LOAD c:/program files (x86)/cypress/psoc creator/4.3/psoc creator/import/gnu/arm/5.4.1/bin/../lib/gcc/arm-none-eabi/5.4.1/armv7-m/crtend.o
LOAD c:/program files (x86)/cypress/psoc creator/4.3/psoc creator/import/gnu/arm/5.4.1/bin/../lib/gcc/arm-none-eabi/5.4.1/armv7-m/crtn.o
START GROUP
LOAD c:/program files (x86)/cypress/psoc creator/4.3/psoc creator/import/gnu/arm/5.4.1/bin/../lib/gcc/arm-none-eabi/5.4.1/armv7-m\libgcc.a
LOAD c:/program files (x86)/cypress/psoc creator/4.3/psoc creator/import/gnu/arm/5.4.1/bin/../lib/gcc/arm-none-eabi/5.4.1/../../../../arm-none-eabi/lib/armv7-m\libc.a
LOAD c:/program files (x86)/cypress/psoc creator/4.3/psoc creator/import/gnu/arm/5.4.1/bin/../lib/gcc/arm-none-eabi/5.4.1/../../../../arm-none-eabi/lib/armv7-m\libnosys.a
END GROUP
                0x00000000                CY_APPL_ORIGIN = 0x0
                0x00000100                CY_FLASH_ROW_SIZE = 0x100
                0x00000020                CY_ECC_ROW_SIZE = 0x20
                0x00000000                CY_EE_IN_BTLDR = 0x0
                0x00000000                CY_APPL_LOADABLE = 0x0
                0x00000800                CY_EE_SIZE = 0x800
                0x00000001                CY_APPL_NUM = 0x1
                0x00000001                CY_APPL_MAX = 0x1
                0x00000040                CY_METADATA_SIZE = 0x40
                0x00000000                CY_APPL_LOADABLE = 0x0
                0x00000000                CY_CHECKSUM_EXCLUDE_SIZE = ALIGN (0x0, CY_FLASH_ROW_SIZE)
                [!provide]                PROVIDE (__cy_heap_start, _end)
                0x00000001                PROVIDE (__cy_region_num, ((__cy_regions_end - __cy_regions) / 0x10))
                0x20008000                PROVIDE (__cy_stack, (ORIGIN (ram) + LENGTH (ram)))
                [!provide]                PROVIDE (__cy_heap_end, (__cy_stack - 0x800))

.cybootloader   0x00000000        0x0
 *(.cybootloader)
                0x00000000                appl1_start = CY_APPL_ORIGIN?CY_APPL_ORIGIN:ALIGN (CY_FLASH_ROW_SIZE)
                0x0001ff00                appl2_start = (appl1_start + ALIGN ((((LENGTH (rom) - appl1_start) - (0x2 * CY_FLASH_ROW_SIZE)) / 0x2), CY_FLASH_ROW_SIZE))
                0x00000000                appl_start = (CY_APPL_NUM == 0x1)?appl1_start:appl2_start
                0x00000000                ecc_offset = ((appl_start / CY_FLASH_ROW_SIZE) * CY_ECC_ROW_SIZE)
                0x00000000                ee_offset = (CY_APPL_LOADABLE && ! (CY_EE_IN_BTLDR))?((CY_EE_SIZE / CY_APPL_MAX) * (CY_APPL_NUM - 0x1)):0x0
                0x00000800                ee_size = (CY_APPL_LOADABLE && ! (CY_EE_IN_BTLDR))?(CY_EE_SIZE / CY_APPL_MAX):CY_EE_SIZE
                [!provide]                PROVIDE (CY_ECC_OFFSET, ecc_offset)

.text           0x00000000     0x44e8
 CREATE_OBJECT_SYMBOLS
                0x00000000                PROVIDE (__cy_interrupt_vector, RomVectors)
 *(.romvectors)
 .romvectors    0x00000000       0x10 .\CortexM3\ARM_GCC_541\Debug\Cm3Start.o
                0x00000000                RomVectors
                0x00000001                ASSERT ((. != __cy_interrupt_vector), No interrupt vector)
                0x00000001                ASSERT (CY_APPL_ORIGIN?(SIZEOF (.cybootloader) <= CY_APPL_ORIGIN):0x1, Wrong image location)
                0x00000010                PROVIDE (__cy_reset, Reset)
 *(.text.Reset)
 .text.Reset    0x00000010       0x18 .\CortexM3\ARM_GCC_541\Debug\Cm3Start.o
                0x00000010                Reset
                0x00000001                ASSERT ((. != __cy_reset), No reset code)
 *(.dma_init)
                0x00000001                ASSERT ((((appl_start + .) <= 0x10000) || 0x1), DMA Init must be within the first 64k of flash)
 *(.text .text.* .gnu.linkonce.t.*)
 .text          0x00000028       0x5c c:/program files (x86)/cypress/psoc creator/4.3/psoc creator/import/gnu/arm/5.4.1/bin/../lib/gcc/arm-none-eabi/5.4.1/armv7-m/crtbegin.o
 .text.CompressData
                0x00000084       0x80 .\CortexM3\ARM_GCC_541\Debug\main.o
                0x00000084                CompressData
 .text.DeCompressData
                0x00000104       0x48 .\CortexM3\ARM_GCC_541\Debug\main.o
                0x00000104                DeCompressData
 *fill*         0x0000014c        0x4 
 .text.SampledToBridge
                0x00000150      0x124 .\CortexM3\ARM_GCC_541\Debug\main.o
                0x00000150                SampledToBridge
 .text.UART_Debug_BCP
                0x00000274       0x34 .\CortexM3\ARM_GCC_541\Debug\main.o
                0x00000274                UART_Debug_BCP
 .text.startSampling
                0x000002a8       0x2c .\CortexM3\ARM_GCC_541\Debug\main.o
                0x000002a8                startSampling
 .text.main     0x000002d4      0x4d0 .\CortexM3\ARM_GCC_541\Debug\main.o
                0x000002d4                main
 .text.EEPROM_readStatus
                0x000007a4        0xc .\CortexM3\ARM_GCC_541\Debug\25LC256.o
                0x000007a4                EEPROM_readStatus
 .text.EEPROM_writeEnable
                0x000007b0        0xc .\CortexM3\ARM_GCC_541\Debug\25LC256.o
                0x000007b0                EEPROM_writeEnable
 .text.EEPROM_readByte
                0x000007bc       0x30 .\CortexM3\ARM_GCC_541\Debug\25LC256.o
                0x000007bc                EEPROM_readByte
 .text.EEPROM_writeByte
                0x000007ec       0x3c .\CortexM3\ARM_GCC_541\Debug\25LC256.o
                0x000007ec                EEPROM_writeByte
 .text.EEPROM_readPage
                0x00000828       0x24 .\CortexM3\ARM_GCC_541\Debug\25LC256.o
                0x00000828                EEPROM_readPage
 .text.EEPROM_loadSettings
                0x0000084c       0x1c .\CortexM3\ARM_GCC_541\Debug\25LC256.o
                0x0000084c                EEPROM_loadSettings
 .text.EEPROM_writePage
                0x00000868       0x6c .\CortexM3\ARM_GCC_541\Debug\25LC256.o
                0x00000868                EEPROM_writePage
 .text.EEPROM_waitForWriteComplete
                0x000008d4       0x10 .\CortexM3\ARM_GCC_541\Debug\25LC256.o
                0x000008d4                EEPROM_waitForWriteComplete
 .text.SPI_Interface_tradeByte_EEPROM
                0x000008e4       0x2c .\CortexM3\ARM_GCC_541\Debug\SPI_Interface.o
                0x000008e4                SPI_Interface_tradeByte_EEPROM
 .text.SPI_Interface_ReadByte_LIS3DH
                0x00000910       0x34 .\CortexM3\ARM_GCC_541\Debug\SPI_Interface.o
                0x00000910                SPI_Interface_ReadByte_LIS3DH
 .text.SPI_Interface_ReadByte_EEPROM
                0x00000944       0x34 .\CortexM3\ARM_GCC_541\Debug\SPI_Interface.o
                0x00000944                SPI_Interface_ReadByte_EEPROM
 .text.SPI_Interface_Multi_RW_LIS3DH
                0x00000978       0xb8 .\CortexM3\ARM_GCC_541\Debug\SPI_Interface.o
                0x00000978                SPI_Interface_Multi_RW_LIS3DH
 .text.SPI_Interface_Multi_RW_EEPROM
                0x00000a30       0xb8 .\CortexM3\ARM_GCC_541\Debug\SPI_Interface.o
                0x00000a30                SPI_Interface_Multi_RW_EEPROM
 .text.LIS3DH_unzipConfig
                0x00000ae8       0x78 .\CortexM3\ARM_GCC_541\Debug\LIS3DH.o
                0x00000ae8                LIS3DH_unzipConfig
 .text.LIS3DH_zipConfig
                0x00000b60       0x5c .\CortexM3\ARM_GCC_541\Debug\LIS3DH.o
                0x00000b60                LIS3DH_zipConfig
 .text.LIS3DH_readStatus
                0x00000bbc        0xc .\CortexM3\ARM_GCC_541\Debug\LIS3DH.o
                0x00000bbc                LIS3DH_readStatus
 .text.LIS3DH_readByte
                0x00000bc8        0xc .\CortexM3\ARM_GCC_541\Debug\LIS3DH.o
                0x00000bc8                LIS3DH_readByte
 .text.LIS3DH_writeByte
                0x00000bd4       0x30 .\CortexM3\ARM_GCC_541\Debug\LIS3DH.o
                0x00000bd4                LIS3DH_writeByte
 .text.LIS3DH_Init
                0x00000c04       0x24 .\CortexM3\ARM_GCC_541\Debug\LIS3DH.o
                0x00000c04                LIS3DH_Init
 .text.LIS3DH_setConfig
                0x00000c28       0x20 .\CortexM3\ARM_GCC_541\Debug\LIS3DH.o
                0x00000c28                LIS3DH_setConfig
 .text.LIS3DH_readPage
                0x00000c48       0x20 .\CortexM3\ARM_GCC_541\Debug\LIS3DH.o
                0x00000c48                LIS3DH_readPage
 .text.Custom_ISR_OVRN
                0x00000c68        0xc .\CortexM3\ARM_GCC_541\Debug\InterruptRoutines.o
                0x00000c68                Custom_ISR_OVRN
 .text.Custom_ISR_STREAM
                0x00000c74        0xc .\CortexM3\ARM_GCC_541\Debug\InterruptRoutines.o
                0x00000c74                Custom_ISR_STREAM
 .text.Custom_ISR_DMA
                0x00000c80       0x14 .\CortexM3\ARM_GCC_541\Debug\InterruptRoutines.o
                0x00000c80                Custom_ISR_DMA
 .text.Custom_ISR_TIMER
                0x00000c94        0x8 .\CortexM3\ARM_GCC_541\Debug\InterruptRoutines.o
                0x00000c94                Custom_ISR_TIMER
 .text.Custom_ISR_INDEX
                0x00000c9c       0x58 .\CortexM3\ARM_GCC_541\Debug\InterruptRoutines.o
                0x00000c9c                Custom_ISR_INDEX
 .text.Custom_ISR_RESET
                0x00000cf4       0x24 .\CortexM3\ARM_GCC_541\Debug\InterruptRoutines.o
                0x00000cf4                Custom_ISR_RESET
 .text.ShowMenu
                0x00000d18       0xf4 .\CortexM3\ARM_GCC_541\Debug\InterruptRoutines.o
                0x00000d18                ShowMenu
 .text.Custom_ISR_RX
                0x00000e0c      0x308 .\CortexM3\ARM_GCC_541\Debug\InterruptRoutines.o
                0x00000e0c                Custom_ISR_RX
 .text.DMA_Config
                0x00001114       0x48 .\CortexM3\ARM_GCC_541\Debug\DMARoutines.o
                0x00001114                DMA_Config
 .text.CyClockStartupError
                0x0000115c        0x4 .\CortexM3\ARM_GCC_541\Debug\cyfitter_cfg.o
 .text.cfg_write_bytes32
                0x00001160       0x34 .\CortexM3\ARM_GCC_541\Debug\cyfitter_cfg.o
 .text.AnalogSetDefault
                0x00001194       0x30 .\CortexM3\ARM_GCC_541\Debug\cyfitter_cfg.o
 .text.CYMEMZERO
                0x000011c4        0xc .\CortexM3\ARM_GCC_541\Debug\cyfitter_cfg.o
 .text.CYCONFIGCPY
                0x000011d0        0x8 .\CortexM3\ARM_GCC_541\Debug\cyfitter_cfg.o
 .text.ClockSetup
                0x000011d8      0x124 .\CortexM3\ARM_GCC_541\Debug\cyfitter_cfg.o
 .text.AMux_Set
                0x000012fc       0x34 .\CortexM3\ARM_GCC_541\Debug\cyfitter_cfg.o
                0x000012fc                AMux_Set
 .text.AMux_Unset
                0x00001330       0x38 .\CortexM3\ARM_GCC_541\Debug\cyfitter_cfg.o
                0x00001330                AMux_Unset
 .text.ADC_DelSig_AMux_Set
                0x00001368       0x1c .\CortexM3\ARM_GCC_541\Debug\cyfitter_cfg.o
                0x00001368                ADC_DelSig_AMux_Set
 .text.ADC_DelSig_AMux_Unset
                0x00001384       0x20 .\CortexM3\ARM_GCC_541\Debug\cyfitter_cfg.o
                0x00001384                ADC_DelSig_AMux_Unset
 .text.cyfitter_cfg
                0x000013a4      0x150 .\CortexM3\ARM_GCC_541\Debug\cyfitter_cfg.o
                0x000013a4                cyfitter_cfg
 .text.IntDefaultHandler
                0x000014f4       0x10 .\CortexM3\ARM_GCC_541\Debug\Cm3Start.o
                0x000014f4                IntDefaultHandler
 .text._sbrk    0x00001504       0x30 .\CortexM3\ARM_GCC_541\Debug\Cm3Start.o
                0x00001504                _sbrk
 .text.Start_c  0x00001534       0x4c .\CortexM3\ARM_GCC_541\Debug\Cm3Start.o
                0x00001534                Start_c
 .text.initialize_psoc
                0x00001580       0x6c .\CortexM3\ARM_GCC_541\Debug\Cm3Start.o
                0x00001580                initialize_psoc
 .text.Timer_ADC_Enable
                0x000015ec       0x28 .\CortexM3\ARM_GCC_541\Debug\AY1920_II_FINAL_PROJECT.a(Timer_ADC.o)
                0x000015ec                Timer_ADC_Enable
 .text.Timer_ADC_Stop
                0x00001614       0x28 .\CortexM3\ARM_GCC_541\Debug\AY1920_II_FINAL_PROJECT.a(Timer_ADC.o)
                0x00001614                Timer_ADC_Stop
 .text.Timer_ADC_SetInterruptMode
                0x0000163c        0xc .\CortexM3\ARM_GCC_541\Debug\AY1920_II_FINAL_PROJECT.a(Timer_ADC.o)
                0x0000163c                Timer_ADC_SetInterruptMode
 .text.Timer_ADC_ReadStatusRegister
                0x00001648        0xc .\CortexM3\ARM_GCC_541\Debug\AY1920_II_FINAL_PROJECT.a(Timer_ADC.o)
                0x00001648                Timer_ADC_ReadStatusRegister
 .text.Timer_ADC_ReadControlRegister
                0x00001654        0xc .\CortexM3\ARM_GCC_541\Debug\AY1920_II_FINAL_PROJECT.a(Timer_ADC.o)
                0x00001654                Timer_ADC_ReadControlRegister
 .text.Timer_ADC_WritePeriod
                0x00001660        0xc .\CortexM3\ARM_GCC_541\Debug\AY1920_II_FINAL_PROJECT.a(Timer_ADC.o)
                0x00001660                Timer_ADC_WritePeriod
 .text.Timer_ADC_WriteCounter
                0x0000166c        0xc .\CortexM3\ARM_GCC_541\Debug\AY1920_II_FINAL_PROJECT.a(Timer_ADC.o)
                0x0000166c                Timer_ADC_WriteCounter
 .text.Timer_ADC_Init
                0x00001678       0x68 .\CortexM3\ARM_GCC_541\Debug\AY1920_II_FINAL_PROJECT.a(Timer_ADC.o)
                0x00001678                Timer_ADC_Init
 .text.Timer_ADC_Start
                0x000016e0       0x1c .\CortexM3\ARM_GCC_541\Debug\AY1920_II_FINAL_PROJECT.a(Timer_ADC.o)
                0x000016e0                Timer_ADC_Start
 .text.Pin_LED_ext_Write
                0x000016fc       0x18 .\CortexM3\ARM_GCC_541\Debug\AY1920_II_FINAL_PROJECT.a(Pin_LED_ext.o)
                0x000016fc                Pin_LED_ext_Write
 .text.isr_STREAM_SetVector
                0x00001714        0xc .\CortexM3\ARM_GCC_541\Debug\AY1920_II_FINAL_PROJECT.a(isr_STREAM.o)
                0x00001714                isr_STREAM_SetVector
 .text.isr_STREAM_SetPriority
                0x00001720       0x10 .\CortexM3\ARM_GCC_541\Debug\AY1920_II_FINAL_PROJECT.a(isr_STREAM.o)
                0x00001720                isr_STREAM_SetPriority
 .text.isr_STREAM_Enable
                0x00001730       0x10 .\CortexM3\ARM_GCC_541\Debug\AY1920_II_FINAL_PROJECT.a(isr_STREAM.o)
                0x00001730                isr_STREAM_Enable
 .text.isr_STREAM_Disable
                0x00001740       0x10 .\CortexM3\ARM_GCC_541\Debug\AY1920_II_FINAL_PROJECT.a(isr_STREAM.o)
                0x00001740                isr_STREAM_Disable
 .text.isr_STREAM_StartEx
                0x00001750       0x1c .\CortexM3\ARM_GCC_541\Debug\AY1920_II_FINAL_PROJECT.a(isr_STREAM.o)
                0x00001750                isr_STREAM_StartEx
 .text.Timer_STREAM_Enable
                0x0000176c       0x28 .\CortexM3\ARM_GCC_541\Debug\AY1920_II_FINAL_PROJECT.a(Timer_STREAM.o)
                0x0000176c                Timer_STREAM_Enable
 .text.Timer_STREAM_Stop
                0x00001794       0x28 .\CortexM3\ARM_GCC_541\Debug\AY1920_II_FINAL_PROJECT.a(Timer_STREAM.o)
                0x00001794                Timer_STREAM_Stop
 .text.Timer_STREAM_SetInterruptMode
                0x000017bc        0xc .\CortexM3\ARM_GCC_541\Debug\AY1920_II_FINAL_PROJECT.a(Timer_STREAM.o)
                0x000017bc                Timer_STREAM_SetInterruptMode
 .text.Timer_STREAM_WritePeriod
                0x000017c8        0xc .\CortexM3\ARM_GCC_541\Debug\AY1920_II_FINAL_PROJECT.a(Timer_STREAM.o)
                0x000017c8                Timer_STREAM_WritePeriod
 .text.Timer_STREAM_WriteCounter
                0x000017d4        0xc .\CortexM3\ARM_GCC_541\Debug\AY1920_II_FINAL_PROJECT.a(Timer_STREAM.o)
                0x000017d4                Timer_STREAM_WriteCounter
 .text.Timer_STREAM_Init
                0x000017e0       0x68 .\CortexM3\ARM_GCC_541\Debug\AY1920_II_FINAL_PROJECT.a(Timer_STREAM.o)
                0x000017e0                Timer_STREAM_Init
 .text.Timer_STREAM_Start
                0x00001848       0x1c .\CortexM3\ARM_GCC_541\Debug\AY1920_II_FINAL_PROJECT.a(Timer_STREAM.o)
                0x00001848                Timer_STREAM_Start
 .text.isr_INT_SetVector
                0x00001864        0xc .\CortexM3\ARM_GCC_541\Debug\AY1920_II_FINAL_PROJECT.a(isr_INT.o)
                0x00001864                isr_INT_SetVector
 .text.isr_INT_SetPriority
                0x00001870       0x10 .\CortexM3\ARM_GCC_541\Debug\AY1920_II_FINAL_PROJECT.a(isr_INT.o)
                0x00001870                isr_INT_SetPriority
 .text.isr_INT_Enable
                0x00001880        0xc .\CortexM3\ARM_GCC_541\Debug\AY1920_II_FINAL_PROJECT.a(isr_INT.o)
                0x00001880                isr_INT_Enable
 .text.isr_INT_Disable
                0x0000188c        0xc .\CortexM3\ARM_GCC_541\Debug\AY1920_II_FINAL_PROJECT.a(isr_INT.o)
                0x0000188c                isr_INT_Disable
 .text.isr_INT_StartEx
                0x00001898       0x1c .\CortexM3\ARM_GCC_541\Debug\AY1920_II_FINAL_PROJECT.a(isr_INT.o)
                0x00001898                isr_INT_StartEx
 .text.isr_INT_SetPending
                0x000018b4        0xc .\CortexM3\ARM_GCC_541\Debug\AY1920_II_FINAL_PROJECT.a(isr_INT.o)
                0x000018b4                isr_INT_SetPending
 .text.isr_INT_ClearPending
                0x000018c0        0xc .\CortexM3\ARM_GCC_541\Debug\AY1920_II_FINAL_PROJECT.a(isr_INT.o)
                0x000018c0                isr_INT_ClearPending
 .text.PWM_BLINK_Enable
                0x000018cc       0x10 .\CortexM3\ARM_GCC_541\Debug\AY1920_II_FINAL_PROJECT.a(PWM_BLINK.o)
                0x000018cc                PWM_BLINK_Enable
 .text.PWM_BLINK_WriteCounter
                0x000018dc        0xc .\CortexM3\ARM_GCC_541\Debug\AY1920_II_FINAL_PROJECT.a(PWM_BLINK.o)
                0x000018dc                PWM_BLINK_WriteCounter
 .text.PWM_BLINK_WritePeriod
                0x000018e8        0xc .\CortexM3\ARM_GCC_541\Debug\AY1920_II_FINAL_PROJECT.a(PWM_BLINK.o)
                0x000018e8                PWM_BLINK_WritePeriod
 .text.PWM_BLINK_WriteCompare
                0x000018f4        0xc .\CortexM3\ARM_GCC_541\Debug\AY1920_II_FINAL_PROJECT.a(PWM_BLINK.o)
                0x000018f4                PWM_BLINK_WriteCompare
 .text.PWM_BLINK_SetInterruptMode
                0x00001900        0xc .\CortexM3\ARM_GCC_541\Debug\AY1920_II_FINAL_PROJECT.a(PWM_BLINK.o)
                0x00001900                PWM_BLINK_SetInterruptMode
 .text.PWM_BLINK_ReadStatusRegister
                0x0000190c        0xc .\CortexM3\ARM_GCC_541\Debug\AY1920_II_FINAL_PROJECT.a(PWM_BLINK.o)
                0x0000190c                PWM_BLINK_ReadStatusRegister
 .text.PWM_BLINK_ReadCapture
                0x00001918        0xc .\CortexM3\ARM_GCC_541\Debug\AY1920_II_FINAL_PROJECT.a(PWM_BLINK.o)
                0x00001918                PWM_BLINK_ReadCapture
 .text.PWM_BLINK_ClearFIFO
                0x00001924       0x14 .\CortexM3\ARM_GCC_541\Debug\AY1920_II_FINAL_PROJECT.a(PWM_BLINK.o)
                0x00001924                PWM_BLINK_ClearFIFO
 .text.PWM_BLINK_Init
                0x00001938       0x5c .\CortexM3\ARM_GCC_541\Debug\AY1920_II_FINAL_PROJECT.a(PWM_BLINK.o)
                0x00001938                PWM_BLINK_Init
 .text.PWM_BLINK_Start
                0x00001994       0x1c .\CortexM3\ARM_GCC_541\Debug\AY1920_II_FINAL_PROJECT.a(PWM_BLINK.o)
                0x00001994                PWM_BLINK_Start
 .text.CS_2_Write
                0x000019b0       0x18 .\CortexM3\ARM_GCC_541\Debug\AY1920_II_FINAL_PROJECT.a(CS_2.o)
                0x000019b0                CS_2_Write
 .text.CS_1_Write
                0x000019c8       0x18 .\CortexM3\ARM_GCC_541\Debug\AY1920_II_FINAL_PROJECT.a(CS_1.o)
                0x000019c8                CS_1_Write
 .text.isr_RX_SetVector
                0x000019e0        0xc .\CortexM3\ARM_GCC_541\Debug\AY1920_II_FINAL_PROJECT.a(isr_RX.o)
                0x000019e0                isr_RX_SetVector
 .text.isr_RX_SetPriority
                0x000019ec       0x10 .\CortexM3\ARM_GCC_541\Debug\AY1920_II_FINAL_PROJECT.a(isr_RX.o)
                0x000019ec                isr_RX_SetPriority
 .text.isr_RX_Enable
                0x000019fc       0x10 .\CortexM3\ARM_GCC_541\Debug\AY1920_II_FINAL_PROJECT.a(isr_RX.o)
                0x000019fc                isr_RX_Enable
 .text.isr_RX_Disable
                0x00001a0c       0x10 .\CortexM3\ARM_GCC_541\Debug\AY1920_II_FINAL_PROJECT.a(isr_RX.o)
                0x00001a0c                isr_RX_Disable
 .text.isr_RX_StartEx
                0x00001a1c       0x1c .\CortexM3\ARM_GCC_541\Debug\AY1920_II_FINAL_PROJECT.a(isr_RX.o)
                0x00001a1c                isr_RX_StartEx
 .text.ADC_DelSig_GainCompensation
                0x00001a38       0xdc .\CortexM3\ARM_GCC_541\Debug\AY1920_II_FINAL_PROJECT.a(ADC_DelSig.o)
 .text.ADC_DelSig_SetDSMRef0Reg
                0x00001b14       0x4c .\CortexM3\ARM_GCC_541\Debug\AY1920_II_FINAL_PROJECT.a(ADC_DelSig.o)
 .text.ADC_DelSig_InitConfig
                0x00001b60       0xec .\CortexM3\ARM_GCC_541\Debug\AY1920_II_FINAL_PROJECT.a(ADC_DelSig.o)
 .text.ADC_DelSig_Init
                0x00001c4c       0xc4 .\CortexM3\ARM_GCC_541\Debug\AY1920_II_FINAL_PROJECT.a(ADC_DelSig.o)
                0x00001c4c                ADC_DelSig_Init
 .text.ADC_DelSig_Enable
                0x00001d10       0xd8 .\CortexM3\ARM_GCC_541\Debug\AY1920_II_FINAL_PROJECT.a(ADC_DelSig.o)
                0x00001d10                ADC_DelSig_Enable
 .text.ADC_DelSig_Start
                0x00001de8       0x28 .\CortexM3\ARM_GCC_541\Debug\AY1920_II_FINAL_PROJECT.a(ADC_DelSig.o)
                0x00001de8                ADC_DelSig_Start
 .text.ADC_DelSig_CountsTo_mVolts
                0x00001e10       0x24 .\CortexM3\ARM_GCC_541\Debug\AY1920_II_FINAL_PROJECT.a(ADC_DelSig.o)
                0x00001e10                ADC_DelSig_CountsTo_mVolts
 .text.ADC_DelSig_ISR1
                0x00001e34        0x4 .\CortexM3\ARM_GCC_541\Debug\AY1920_II_FINAL_PROJECT.a(ADC_DelSig_INT.o)
                0x00001e34                ADC_DelSig_ISR1
 .text.AMux_Start
                0x00001e38       0x20 .\CortexM3\ARM_GCC_541\Debug\AY1920_II_FINAL_PROJECT.a(AMux.o)
                0x00001e38                AMux_Start
 .text.AMux_Select
                0x00001e58       0x18 .\CortexM3\ARM_GCC_541\Debug\AY1920_II_FINAL_PROJECT.a(AMux.o)
                0x00001e58                AMux_Select
 .text.UART_Init
                0x00001e70       0x28 .\CortexM3\ARM_GCC_541\Debug\AY1920_II_FINAL_PROJECT.a(UART.o)
                0x00001e70                UART_Init
 .text.UART_Enable
                0x00001e98       0x38 .\CortexM3\ARM_GCC_541\Debug\AY1920_II_FINAL_PROJECT.a(UART.o)
                0x00001e98                UART_Enable
 .text.UART_Start
                0x00001ed0       0x1c .\CortexM3\ARM_GCC_541\Debug\AY1920_II_FINAL_PROJECT.a(UART.o)
                0x00001ed0                UART_Start
 .text.UART_GetChar
                0x00001eec       0x2c .\CortexM3\ARM_GCC_541\Debug\AY1920_II_FINAL_PROJECT.a(UART.o)
                0x00001eec                UART_GetChar
 .text.UART_GetRxBufferSize
                0x00001f18       0x18 .\CortexM3\ARM_GCC_541\Debug\AY1920_II_FINAL_PROJECT.a(UART.o)
                0x00001f18                UART_GetRxBufferSize
 .text.UART_PutChar
                0x00001f30       0x18 .\CortexM3\ARM_GCC_541\Debug\AY1920_II_FINAL_PROJECT.a(UART.o)
                0x00001f30                UART_PutChar
 .text.UART_PutString
                0x00001f48       0x24 .\CortexM3\ARM_GCC_541\Debug\AY1920_II_FINAL_PROJECT.a(UART.o)
                0x00001f48                UART_PutString
 .text.SPIM_EEPROM_EnableTxInt
                0x00001f6c        0xc .\CortexM3\ARM_GCC_541\Debug\AY1920_II_FINAL_PROJECT.a(SPIM_EEPROM.o)
                0x00001f6c                SPIM_EEPROM_EnableTxInt
 .text.SPIM_EEPROM_EnableRxInt
                0x00001f78        0xc .\CortexM3\ARM_GCC_541\Debug\AY1920_II_FINAL_PROJECT.a(SPIM_EEPROM.o)
                0x00001f78                SPIM_EEPROM_EnableRxInt
 .text.SPIM_EEPROM_Enable
                0x00001f84       0x3c .\CortexM3\ARM_GCC_541\Debug\AY1920_II_FINAL_PROJECT.a(SPIM_EEPROM.o)
                0x00001f84                SPIM_EEPROM_Enable
 .text.SPIM_EEPROM_DisableTxInt
                0x00001fc0        0xc .\CortexM3\ARM_GCC_541\Debug\AY1920_II_FINAL_PROJECT.a(SPIM_EEPROM.o)
                0x00001fc0                SPIM_EEPROM_DisableTxInt
 .text.SPIM_EEPROM_DisableRxInt
                0x00001fcc        0xc .\CortexM3\ARM_GCC_541\Debug\AY1920_II_FINAL_PROJECT.a(SPIM_EEPROM.o)
                0x00001fcc                SPIM_EEPROM_DisableRxInt
 .text.SPIM_EEPROM_ReadTxStatus
                0x00001fd8       0x28 .\CortexM3\ARM_GCC_541\Debug\AY1920_II_FINAL_PROJECT.a(SPIM_EEPROM.o)
                0x00001fd8                SPIM_EEPROM_ReadTxStatus
 .text.SPIM_EEPROM_ReadRxStatus
                0x00002000       0x28 .\CortexM3\ARM_GCC_541\Debug\AY1920_II_FINAL_PROJECT.a(SPIM_EEPROM.o)
                0x00002000                SPIM_EEPROM_ReadRxStatus
 .text.SPIM_EEPROM_WriteTxData
                0x00002028       0xd4 .\CortexM3\ARM_GCC_541\Debug\AY1920_II_FINAL_PROJECT.a(SPIM_EEPROM.o)
                0x00002028                SPIM_EEPROM_WriteTxData
 .text.SPIM_EEPROM_ReadRxData
                0x000020fc       0x64 .\CortexM3\ARM_GCC_541\Debug\AY1920_II_FINAL_PROJECT.a(SPIM_EEPROM.o)
                0x000020fc                SPIM_EEPROM_ReadRxData
 .text.SPIM_EEPROM_ClearRxBuffer
                0x00002160       0x40 .\CortexM3\ARM_GCC_541\Debug\AY1920_II_FINAL_PROJECT.a(SPIM_EEPROM.o)
                0x00002160                SPIM_EEPROM_ClearRxBuffer
 .text.SPIM_EEPROM_ClearTxBuffer
                0x000021a0       0x54 .\CortexM3\ARM_GCC_541\Debug\AY1920_II_FINAL_PROJECT.a(SPIM_EEPROM.o)
                0x000021a0                SPIM_EEPROM_ClearTxBuffer
 .text.SPIM_EEPROM_PutArray
                0x000021f4       0x20 .\CortexM3\ARM_GCC_541\Debug\AY1920_II_FINAL_PROJECT.a(SPIM_EEPROM.o)
                0x000021f4                SPIM_EEPROM_PutArray
 .text.SPIM_EEPROM_ClearFIFO
                0x00002214       0x3c .\CortexM3\ARM_GCC_541\Debug\AY1920_II_FINAL_PROJECT.a(SPIM_EEPROM.o)
                0x00002214                SPIM_EEPROM_ClearFIFO
 .text.SPIM_EEPROM_Init
                0x00002250       0x90 .\CortexM3\ARM_GCC_541\Debug\AY1920_II_FINAL_PROJECT.a(SPIM_EEPROM.o)
                0x00002250                SPIM_EEPROM_Init
 .text.SPIM_EEPROM_Start
                0x000022e0       0x1c .\CortexM3\ARM_GCC_541\Debug\AY1920_II_FINAL_PROJECT.a(SPIM_EEPROM.o)
                0x000022e0                SPIM_EEPROM_Start
 .text.SPIM_EEPROM_TX_ISR
                0x000022fc       0xa0 .\CortexM3\ARM_GCC_541\Debug\AY1920_II_FINAL_PROJECT.a(SPIM_EEPROM_INT.o)
                0x000022fc                SPIM_EEPROM_TX_ISR
 .text.SPIM_EEPROM_RX_ISR
                0x0000239c       0xa0 .\CortexM3\ARM_GCC_541\Debug\AY1920_II_FINAL_PROJECT.a(SPIM_EEPROM_INT.o)
                0x0000239c                SPIM_EEPROM_RX_ISR
 .text.SPIM_LIS3DH_EnableTxInt
                0x0000243c        0xc .\CortexM3\ARM_GCC_541\Debug\AY1920_II_FINAL_PROJECT.a(SPIM_LIS3DH.o)
                0x0000243c                SPIM_LIS3DH_EnableTxInt
 .text.SPIM_LIS3DH_EnableRxInt
                0x00002448        0xc .\CortexM3\ARM_GCC_541\Debug\AY1920_II_FINAL_PROJECT.a(SPIM_LIS3DH.o)
                0x00002448                SPIM_LIS3DH_EnableRxInt
 .text.SPIM_LIS3DH_Enable
                0x00002454       0x3c .\CortexM3\ARM_GCC_541\Debug\AY1920_II_FINAL_PROJECT.a(SPIM_LIS3DH.o)
                0x00002454                SPIM_LIS3DH_Enable
 .text.SPIM_LIS3DH_DisableTxInt
                0x00002490        0xc .\CortexM3\ARM_GCC_541\Debug\AY1920_II_FINAL_PROJECT.a(SPIM_LIS3DH.o)
                0x00002490                SPIM_LIS3DH_DisableTxInt
 .text.SPIM_LIS3DH_DisableRxInt
                0x0000249c        0xc .\CortexM3\ARM_GCC_541\Debug\AY1920_II_FINAL_PROJECT.a(SPIM_LIS3DH.o)
                0x0000249c                SPIM_LIS3DH_DisableRxInt
 .text.SPIM_LIS3DH_ReadTxStatus
                0x000024a8       0x28 .\CortexM3\ARM_GCC_541\Debug\AY1920_II_FINAL_PROJECT.a(SPIM_LIS3DH.o)
                0x000024a8                SPIM_LIS3DH_ReadTxStatus
 .text.SPIM_LIS3DH_ReadRxStatus
                0x000024d0       0x28 .\CortexM3\ARM_GCC_541\Debug\AY1920_II_FINAL_PROJECT.a(SPIM_LIS3DH.o)
                0x000024d0                SPIM_LIS3DH_ReadRxStatus
 .text.SPIM_LIS3DH_WriteTxData
                0x000024f8       0xd4 .\CortexM3\ARM_GCC_541\Debug\AY1920_II_FINAL_PROJECT.a(SPIM_LIS3DH.o)
                0x000024f8                SPIM_LIS3DH_WriteTxData
 .text.SPIM_LIS3DH_ReadRxData
                0x000025cc       0x64 .\CortexM3\ARM_GCC_541\Debug\AY1920_II_FINAL_PROJECT.a(SPIM_LIS3DH.o)
                0x000025cc                SPIM_LIS3DH_ReadRxData
 .text.SPIM_LIS3DH_ClearRxBuffer
                0x00002630       0x40 .\CortexM3\ARM_GCC_541\Debug\AY1920_II_FINAL_PROJECT.a(SPIM_LIS3DH.o)
                0x00002630                SPIM_LIS3DH_ClearRxBuffer
 .text.SPIM_LIS3DH_ClearTxBuffer
                0x00002670       0x54 .\CortexM3\ARM_GCC_541\Debug\AY1920_II_FINAL_PROJECT.a(SPIM_LIS3DH.o)
                0x00002670                SPIM_LIS3DH_ClearTxBuffer
 .text.SPIM_LIS3DH_PutArray
                0x000026c4       0x20 .\CortexM3\ARM_GCC_541\Debug\AY1920_II_FINAL_PROJECT.a(SPIM_LIS3DH.o)
                0x000026c4                SPIM_LIS3DH_PutArray
 .text.SPIM_LIS3DH_ClearFIFO
                0x000026e4       0x3c .\CortexM3\ARM_GCC_541\Debug\AY1920_II_FINAL_PROJECT.a(SPIM_LIS3DH.o)
                0x000026e4                SPIM_LIS3DH_ClearFIFO
 .text.SPIM_LIS3DH_Init
                0x00002720       0x90 .\CortexM3\ARM_GCC_541\Debug\AY1920_II_FINAL_PROJECT.a(SPIM_LIS3DH.o)
                0x00002720                SPIM_LIS3DH_Init
 .text.SPIM_LIS3DH_Start
                0x000027b0       0x1c .\CortexM3\ARM_GCC_541\Debug\AY1920_II_FINAL_PROJECT.a(SPIM_LIS3DH.o)
                0x000027b0                SPIM_LIS3DH_Start
 .text.SPIM_LIS3DH_TX_ISR
                0x000027cc       0xa0 .\CortexM3\ARM_GCC_541\Debug\AY1920_II_FINAL_PROJECT.a(SPIM_LIS3DH_INT.o)
                0x000027cc                SPIM_LIS3DH_TX_ISR
 .text.SPIM_LIS3DH_RX_ISR
                0x0000286c       0xa0 .\CortexM3\ARM_GCC_541\Debug\AY1920_II_FINAL_PROJECT.a(SPIM_LIS3DH_INT.o)
                0x0000286c                SPIM_LIS3DH_RX_ISR
 .text.ADC_DelSig_AMux_Start
                0x0000290c       0x20 .\CortexM3\ARM_GCC_541\Debug\AY1920_II_FINAL_PROJECT.a(ADC_DelSig_AMux.o)
                0x0000290c                ADC_DelSig_AMux_Start
 .text.ADC_DelSig_AMux_Select
                0x0000292c       0x18 .\CortexM3\ARM_GCC_541\Debug\AY1920_II_FINAL_PROJECT.a(ADC_DelSig_AMux.o)
                0x0000292c                ADC_DelSig_AMux_Select
 .text.ADC_DelSig_Ext_CP_Clk_GetDividerRegister
                0x00002944        0xc .\CortexM3\ARM_GCC_541\Debug\AY1920_II_FINAL_PROJECT.a(ADC_DelSig_Ext_CP_Clk.o)
                0x00002944                ADC_DelSig_Ext_CP_Clk_GetDividerRegister
 .text.ADC_DelSig_Ext_CP_Clk_SetModeRegister
                0x00002950       0x14 .\CortexM3\ARM_GCC_541\Debug\AY1920_II_FINAL_PROJECT.a(ADC_DelSig_Ext_CP_Clk.o)
                0x00002950                ADC_DelSig_Ext_CP_Clk_SetModeRegister
 .text.ADC_DelSig_Ext_CP_Clk_GetSourceRegister
                0x00002964       0x10 .\CortexM3\ARM_GCC_541\Debug\AY1920_II_FINAL_PROJECT.a(ADC_DelSig_Ext_CP_Clk.o)
                0x00002964                ADC_DelSig_Ext_CP_Clk_GetSourceRegister
 .text.ADC_DelSig_Ext_CP_Clk_SetDividerRegister
                0x00002974       0xd8 .\CortexM3\ARM_GCC_541\Debug\AY1920_II_FINAL_PROJECT.a(ADC_DelSig_Ext_CP_Clk.o)
                0x00002974                ADC_DelSig_Ext_CP_Clk_SetDividerRegister
 .text.ADC_DelSig_IRQ_Interrupt
                0x00002a4c        0x4 .\CortexM3\ARM_GCC_541\Debug\AY1920_II_FINAL_PROJECT.a(ADC_DelSig_IRQ.o)
                0x00002a4c                ADC_DelSig_IRQ_Interrupt
 .text.ADC_DelSig_IRQ_SetVector
                0x00002a50       0x10 .\CortexM3\ARM_GCC_541\Debug\AY1920_II_FINAL_PROJECT.a(ADC_DelSig_IRQ.o)
                0x00002a50                ADC_DelSig_IRQ_SetVector
 .text.ADC_DelSig_IRQ_SetPriority
                0x00002a60       0x10 .\CortexM3\ARM_GCC_541\Debug\AY1920_II_FINAL_PROJECT.a(ADC_DelSig_IRQ.o)
                0x00002a60                ADC_DelSig_IRQ_SetPriority
 .text.ADC_DelSig_IRQ_Enable
                0x00002a70       0x10 .\CortexM3\ARM_GCC_541\Debug\AY1920_II_FINAL_PROJECT.a(ADC_DelSig_IRQ.o)
                0x00002a70                ADC_DelSig_IRQ_Enable
 .text.ADC_DelSig_IRQ_Disable
                0x00002a80       0x10 .\CortexM3\ARM_GCC_541\Debug\AY1920_II_FINAL_PROJECT.a(ADC_DelSig_IRQ.o)
                0x00002a80                ADC_DelSig_IRQ_Disable
 .text.ADC_DelSig_IRQ_Start
                0x00002a90       0x1c .\CortexM3\ARM_GCC_541\Debug\AY1920_II_FINAL_PROJECT.a(ADC_DelSig_IRQ.o)
                0x00002a90                ADC_DelSig_IRQ_Start
 .text.ADC_DelSig_theACLK_GetDividerRegister
                0x00002aac        0xc .\CortexM3\ARM_GCC_541\Debug\AY1920_II_FINAL_PROJECT.a(ADC_DelSig_theACLK.o)
                0x00002aac                ADC_DelSig_theACLK_GetDividerRegister
 .text.ADC_DelSig_theACLK_SetModeRegister
                0x00002ab8       0x14 .\CortexM3\ARM_GCC_541\Debug\AY1920_II_FINAL_PROJECT.a(ADC_DelSig_theACLK.o)
                0x00002ab8                ADC_DelSig_theACLK_SetModeRegister
 .text.ADC_DelSig_theACLK_GetSourceRegister
                0x00002acc       0x10 .\CortexM3\ARM_GCC_541\Debug\AY1920_II_FINAL_PROJECT.a(ADC_DelSig_theACLK.o)
                0x00002acc                ADC_DelSig_theACLK_GetSourceRegister
 .text.ADC_DelSig_theACLK_SetDividerRegister
                0x00002adc       0xd8 .\CortexM3\ARM_GCC_541\Debug\AY1920_II_FINAL_PROJECT.a(ADC_DelSig_theACLK.o)
                0x00002adc                ADC_DelSig_theACLK_SetDividerRegister
 .text.UART_IntClock_Start
                0x00002bb4       0x1c .\CortexM3\ARM_GCC_541\Debug\AY1920_II_FINAL_PROJECT.a(UART_IntClock.o)
                0x00002bb4                UART_IntClock_Start
 .text.SPIM_EEPROM_IntClock_Start
                0x00002bd0       0x1c .\CortexM3\ARM_GCC_541\Debug\AY1920_II_FINAL_PROJECT.a(SPIM_EEPROM_IntClock.o)
                0x00002bd0                SPIM_EEPROM_IntClock_Start
 .text.SPIM_LIS3DH_IntClock_Start
                0x00002bec       0x1c .\CortexM3\ARM_GCC_541\Debug\AY1920_II_FINAL_PROJECT.a(SPIM_LIS3DH_IntClock.o)
                0x00002bec                SPIM_LIS3DH_IntClock_Start
 .text.CyDmacConfigure
                0x00002c08       0x34 .\CortexM3\ARM_GCC_541\Debug\AY1920_II_FINAL_PROJECT.a(CyDmac.o)
                0x00002c08                CyDmacConfigure
 .text.CyDmaChEnable
                0x00002c3c       0x38 .\CortexM3\ARM_GCC_541\Debug\AY1920_II_FINAL_PROJECT.a(CyDmac.o)
                0x00002c3c                CyDmaChEnable
 .text.CyDmaChPriority
                0x00002c74       0x24 .\CortexM3\ARM_GCC_541\Debug\AY1920_II_FINAL_PROJECT.a(CyDmac.o)
                0x00002c74                CyDmaChPriority
 .text.CyDmaChSetExtendedAddress
                0x00002c98       0x34 .\CortexM3\ARM_GCC_541\Debug\AY1920_II_FINAL_PROJECT.a(CyDmac.o)
                0x00002c98                CyDmaChSetExtendedAddress
 .text.CyDmaChSetInitialTd
                0x00002ccc       0x18 .\CortexM3\ARM_GCC_541\Debug\AY1920_II_FINAL_PROJECT.a(CyDmac.o)
                0x00002ccc                CyDmaChSetInitialTd
 .text.CyDmaChSetRequest
                0x00002ce4       0x20 .\CortexM3\ARM_GCC_541\Debug\AY1920_II_FINAL_PROJECT.a(CyDmac.o)
                0x00002ce4                CyDmaChSetRequest
 .text.CyDmaChSetConfiguration
                0x00002d04       0x44 .\CortexM3\ARM_GCC_541\Debug\AY1920_II_FINAL_PROJECT.a(CyDmac.o)
                0x00002d04                CyDmaChSetConfiguration
 .text.CyDmaTdAllocate
                0x00002d48       0x34 .\CortexM3\ARM_GCC_541\Debug\AY1920_II_FINAL_PROJECT.a(CyDmac.o)
                0x00002d48                CyDmaTdAllocate
 .text.CyDmaTdSetConfiguration
                0x00002d7c       0x28 .\CortexM3\ARM_GCC_541\Debug\AY1920_II_FINAL_PROJECT.a(CyDmac.o)
                0x00002d7c                CyDmaTdSetConfiguration
 .text.CyDmaTdSetAddress
                0x00002da4       0x1c .\CortexM3\ARM_GCC_541\Debug\AY1920_II_FINAL_PROJECT.a(CyDmac.o)
                0x00002da4                CyDmaTdSetAddress
 .text.CyHalt   0x00002dc0        0x4 .\CortexM3\ARM_GCC_541\Debug\AY1920_II_FINAL_PROJECT.a(CyLib.o)
                0x00002dc0                CyHalt
 .text.CyDelay  0x00002dc4       0x2c .\CortexM3\ARM_GCC_541\Debug\AY1920_II_FINAL_PROJECT.a(CyLib.o)
                0x00002dc4                CyDelay
 .text.CyDelayUs
                0x00002df0       0x14 .\CortexM3\ARM_GCC_541\Debug\AY1920_II_FINAL_PROJECT.a(CyLib.o)
                0x00002df0                CyDelayUs
 .text.CyIntSetVector
                0x00002e04       0x28 .\CortexM3\ARM_GCC_541\Debug\AY1920_II_FINAL_PROJECT.a(CyLib.o)
                0x00002e04                CyIntSetVector
 .text.CyIntSetPriority
                0x00002e2c       0x30 .\CortexM3\ARM_GCC_541\Debug\AY1920_II_FINAL_PROJECT.a(CyLib.o)
                0x00002e2c                CyIntSetPriority
 .text.isr_TIMER_ADC_SetVector
                0x00002e5c        0xc .\CortexM3\ARM_GCC_541\Debug\AY1920_II_FINAL_PROJECT.a(isr_TIMER_ADC.o)
                0x00002e5c                isr_TIMER_ADC_SetVector
 .text.isr_TIMER_ADC_SetPriority
                0x00002e68       0x10 .\CortexM3\ARM_GCC_541\Debug\AY1920_II_FINAL_PROJECT.a(isr_TIMER_ADC.o)
                0x00002e68                isr_TIMER_ADC_SetPriority
 .text.isr_TIMER_ADC_Enable
                0x00002e78       0x10 .\CortexM3\ARM_GCC_541\Debug\AY1920_II_FINAL_PROJECT.a(isr_TIMER_ADC.o)
                0x00002e78                isr_TIMER_ADC_Enable
 .text.isr_TIMER_ADC_Disable
                0x00002e88       0x10 .\CortexM3\ARM_GCC_541\Debug\AY1920_II_FINAL_PROJECT.a(isr_TIMER_ADC.o)
                0x00002e88                isr_TIMER_ADC_Disable
 .text.isr_TIMER_ADC_StartEx
                0x00002e98       0x1c .\CortexM3\ARM_GCC_541\Debug\AY1920_II_FINAL_PROJECT.a(isr_TIMER_ADC.o)
                0x00002e98                isr_TIMER_ADC_StartEx
 .text.DMA_DmaInitialize
                0x00002eb4       0x3c .\CortexM3\ARM_GCC_541\Debug\AY1920_II_FINAL_PROJECT.a(DMA_dma.o)
                0x00002eb4                DMA_DmaInitialize
 .text.isr_DMA_SetVector
                0x00002ef0        0xc .\CortexM3\ARM_GCC_541\Debug\AY1920_II_FINAL_PROJECT.a(isr_DMA.o)
                0x00002ef0                isr_DMA_SetVector
 .text.isr_DMA_SetPriority
                0x00002efc       0x10 .\CortexM3\ARM_GCC_541\Debug\AY1920_II_FINAL_PROJECT.a(isr_DMA.o)
                0x00002efc                isr_DMA_SetPriority
 .text.isr_DMA_Enable
                0x00002f0c        0xc .\CortexM3\ARM_GCC_541\Debug\AY1920_II_FINAL_PROJECT.a(isr_DMA.o)
                0x00002f0c                isr_DMA_Enable
 .text.isr_DMA_Disable
                0x00002f18        0xc .\CortexM3\ARM_GCC_541\Debug\AY1920_II_FINAL_PROJECT.a(isr_DMA.o)
                0x00002f18                isr_DMA_Disable
 .text.isr_DMA_StartEx
                0x00002f24       0x1c .\CortexM3\ARM_GCC_541\Debug\AY1920_II_FINAL_PROJECT.a(isr_DMA.o)
                0x00002f24                isr_DMA_StartEx
 .text.isr_DMA_SetPending
                0x00002f40        0xc .\CortexM3\ARM_GCC_541\Debug\AY1920_II_FINAL_PROJECT.a(isr_DMA.o)
                0x00002f40                isr_DMA_SetPending
 .text.isr_DMA_ClearPending
                0x00002f4c        0xc .\CortexM3\ARM_GCC_541\Debug\AY1920_II_FINAL_PROJECT.a(isr_DMA.o)
                0x00002f4c                isr_DMA_ClearPending
 .text.isr_INDEX_SetVector
                0x00002f58        0xc .\CortexM3\ARM_GCC_541\Debug\AY1920_II_FINAL_PROJECT.a(isr_INDEX.o)
                0x00002f58                isr_INDEX_SetVector
 .text.isr_INDEX_SetPriority
                0x00002f64       0x10 .\CortexM3\ARM_GCC_541\Debug\AY1920_II_FINAL_PROJECT.a(isr_INDEX.o)
                0x00002f64                isr_INDEX_SetPriority
 .text.isr_INDEX_Enable
                0x00002f74        0xc .\CortexM3\ARM_GCC_541\Debug\AY1920_II_FINAL_PROJECT.a(isr_INDEX.o)
                0x00002f74                isr_INDEX_Enable
 .text.isr_INDEX_Disable
                0x00002f80        0xc .\CortexM3\ARM_GCC_541\Debug\AY1920_II_FINAL_PROJECT.a(isr_INDEX.o)
                0x00002f80                isr_INDEX_Disable
 .text.isr_INDEX_StartEx
                0x00002f8c       0x1c .\CortexM3\ARM_GCC_541\Debug\AY1920_II_FINAL_PROJECT.a(isr_INDEX.o)
                0x00002f8c                isr_INDEX_StartEx
 .text.Counter_INDEX_Enable
                0x00002fa8       0x28 .\CortexM3\ARM_GCC_541\Debug\AY1920_II_FINAL_PROJECT.a(Counter_INDEX.o)
                0x00002fa8                Counter_INDEX_Enable
 .text.Counter_INDEX_SetInterruptMode
                0x00002fd0        0xc .\CortexM3\ARM_GCC_541\Debug\AY1920_II_FINAL_PROJECT.a(Counter_INDEX.o)
                0x00002fd0                Counter_INDEX_SetInterruptMode
 .text.Counter_INDEX_WriteCounter
                0x00002fdc       0x34 .\CortexM3\ARM_GCC_541\Debug\AY1920_II_FINAL_PROJECT.a(Counter_INDEX.o)
                0x00002fdc                Counter_INDEX_WriteCounter
 .text.Counter_INDEX_WritePeriod
                0x00003010        0xc .\CortexM3\ARM_GCC_541\Debug\AY1920_II_FINAL_PROJECT.a(Counter_INDEX.o)
                0x00003010                Counter_INDEX_WritePeriod
 .text.Counter_INDEX_Init
                0x0000301c       0x74 .\CortexM3\ARM_GCC_541\Debug\AY1920_II_FINAL_PROJECT.a(Counter_INDEX.o)
                0x0000301c                Counter_INDEX_Init
 .text.Counter_INDEX_Start
                0x00003090       0x1c .\CortexM3\ARM_GCC_541\Debug\AY1920_II_FINAL_PROJECT.a(Counter_INDEX.o)
                0x00003090                Counter_INDEX_Start
 .text.isr_RESET_SetVector
                0x000030ac        0xc .\CortexM3\ARM_GCC_541\Debug\AY1920_II_FINAL_PROJECT.a(isr_RESET.o)
                0x000030ac                isr_RESET_SetVector
 .text.isr_RESET_SetPriority
                0x000030b8       0x10 .\CortexM3\ARM_GCC_541\Debug\AY1920_II_FINAL_PROJECT.a(isr_RESET.o)
                0x000030b8                isr_RESET_SetPriority
 .text.isr_RESET_Enable
                0x000030c8        0xc .\CortexM3\ARM_GCC_541\Debug\AY1920_II_FINAL_PROJECT.a(isr_RESET.o)
                0x000030c8                isr_RESET_Enable
 .text.isr_RESET_Disable
                0x000030d4        0xc .\CortexM3\ARM_GCC_541\Debug\AY1920_II_FINAL_PROJECT.a(isr_RESET.o)
                0x000030d4                isr_RESET_Disable
 .text.isr_RESET_StartEx
                0x000030e0       0x1c .\CortexM3\ARM_GCC_541\Debug\AY1920_II_FINAL_PROJECT.a(isr_RESET.o)
                0x000030e0                isr_RESET_StartEx
 .text.Counter_RESET_Enable
                0x000030fc       0x28 .\CortexM3\ARM_GCC_541\Debug\AY1920_II_FINAL_PROJECT.a(Counter_RESET.o)
                0x000030fc                Counter_RESET_Enable
 .text.Counter_RESET_SetInterruptMode
                0x00003124        0xc .\CortexM3\ARM_GCC_541\Debug\AY1920_II_FINAL_PROJECT.a(Counter_RESET.o)
                0x00003124                Counter_RESET_SetInterruptMode
 .text.Counter_RESET_WriteCounter
                0x00003130       0x34 .\CortexM3\ARM_GCC_541\Debug\AY1920_II_FINAL_PROJECT.a(Counter_RESET.o)
                0x00003130                Counter_RESET_WriteCounter
 .text.Counter_RESET_WritePeriod
                0x00003164        0xc .\CortexM3\ARM_GCC_541\Debug\AY1920_II_FINAL_PROJECT.a(Counter_RESET.o)
                0x00003164                Counter_RESET_WritePeriod
 .text.Counter_RESET_Init
                0x00003170       0x70 .\CortexM3\ARM_GCC_541\Debug\AY1920_II_FINAL_PROJECT.a(Counter_RESET.o)
                0x00003170                Counter_RESET_Init
 .text.Counter_RESET_Start
                0x000031e0       0x1c .\CortexM3\ARM_GCC_541\Debug\AY1920_II_FINAL_PROJECT.a(Counter_RESET.o)
                0x000031e0                Counter_RESET_Start
 *fill*         0x000031fc        0x4 
 .text          0x00003200       0x20 .\CortexM3\ARM_GCC_541\Debug\AY1920_II_FINAL_PROJECT.a(CyBootAsmGnu.o)
                0x00003200                CyDelayCycles
                0x00003210                CyEnterCriticalSection
                0x00003218                CyExitCriticalSection
 .text          0x00003220      0x370 c:/program files (x86)/cypress/psoc creator/4.3/psoc creator/import/gnu/arm/5.4.1/bin/../lib/gcc/arm-none-eabi/5.4.1/armv7-m\libgcc.a(_arm_addsubdf3.o)
                0x00003220                __aeabi_drsub
                0x00003228                __aeabi_dsub
                0x00003228                __subdf3
                0x0000322c                __aeabi_dadd
                0x0000322c                __adddf3
                0x000034a4                __floatunsidf
                0x000034a4                __aeabi_ui2d
                0x000034c4                __floatsidf
                0x000034c4                __aeabi_i2d
                0x000034e8                __aeabi_f2d
                0x000034e8                __extendsfdf2
                0x00003524                __floatundidf
                0x00003524                __aeabi_ul2d
                0x00003534                __floatdidf
                0x00003534                __aeabi_l2d
 .text          0x00003590      0x424 c:/program files (x86)/cypress/psoc creator/4.3/psoc creator/import/gnu/arm/5.4.1/bin/../lib/gcc/arm-none-eabi/5.4.1/armv7-m\libgcc.a(_arm_muldivdf3.o)
                0x00003590                __aeabi_dmul
                0x00003590                __muldf3
                0x000037e4                __divdf3
                0x000037e4                __aeabi_ddiv
 .text          0x000039b4       0x50 c:/program files (x86)/cypress/psoc creator/4.3/psoc creator/import/gnu/arm/5.4.1/bin/../lib/gcc/arm-none-eabi/5.4.1/armv7-m\libgcc.a(_arm_fixdfsi.o)
                0x000039b4                __aeabi_d2iz
                0x000039b4                __fixdfsi
 .text          0x00003a04      0x21c c:/program files (x86)/cypress/psoc creator/4.3/psoc creator/import/gnu/arm/5.4.1/bin/../lib/gcc/arm-none-eabi/5.4.1/armv7-m\libgcc.a(_arm_addsubsf3.o)
                0x00003a04                __aeabi_frsub
                0x00003a0c                __subsf3
                0x00003a0c                __aeabi_fsub
                0x00003a10                __aeabi_fadd
                0x00003a10                __addsf3
                0x00003b70                __aeabi_ui2f
                0x00003b70                __floatunsisf
                0x00003b78                __aeabi_i2f
                0x00003b78                __floatsisf
                0x00003b94                __aeabi_ul2f
                0x00003b94                __floatundisf
                0x00003ba4                __aeabi_l2f
                0x00003ba4                __floatdisf
 .text.__errno  0x00003c20        0xc c:/program files (x86)/cypress/psoc creator/4.3/psoc creator/import/gnu/arm/5.4.1/bin/../lib/gcc/arm-none-eabi/5.4.1/../../../../arm-none-eabi/lib/armv7-m\libg_nano.a(lib_a-errno.o)
                0x00003c20                __errno
 .text.__libc_init_array
                0x00003c2c       0x4c c:/program files (x86)/cypress/psoc creator/4.3/psoc creator/import/gnu/arm/5.4.1/bin/../lib/gcc/arm-none-eabi/5.4.1/../../../../arm-none-eabi/lib/armv7-m\libg_nano.a(lib_a-init.o)
                0x00003c2c                __libc_init_array
 .text.memcpy   0x00003c78       0x16 c:/program files (x86)/cypress/psoc creator/4.3/psoc creator/import/gnu/arm/5.4.1/bin/../lib/gcc/arm-none-eabi/5.4.1/../../../../arm-none-eabi/lib/armv7-m\libg_nano.a(lib_a-memcpy-stub.o)
                0x00003c78                memcpy
 .text.memset   0x00003c8e       0x10 c:/program files (x86)/cypress/psoc creator/4.3/psoc creator/import/gnu/arm/5.4.1/bin/../lib/gcc/arm-none-eabi/5.4.1/../../../../arm-none-eabi/lib/armv7-m\libg_nano.a(lib_a-memset.o)
                0x00003c8e                memset
 *fill*         0x00003c9e        0x2 
 .text.sprintf  0x00003ca0       0x48 c:/program files (x86)/cypress/psoc creator/4.3/psoc creator/import/gnu/arm/5.4.1/bin/../lib/gcc/arm-none-eabi/5.4.1/../../../../arm-none-eabi/lib/armv7-m\libg_nano.a(lib_a-sprintf.o)
                0x00003ca0                siprintf
                0x00003ca0                sprintf
 .text.__ssputs_r
                0x00003ce8       0xb2 c:/program files (x86)/cypress/psoc creator/4.3/psoc creator/import/gnu/arm/5.4.1/bin/../lib/gcc/arm-none-eabi/5.4.1/../../../../arm-none-eabi/lib/armv7-m\libg_nano.a(lib_a-nano-svfprintf.o)
                0x00003ce8                __ssputs_r
 *fill*         0x00003d9a        0x2 
 .text._svfprintf_r
                0x00003d9c      0x1e8 c:/program files (x86)/cypress/psoc creator/4.3/psoc creator/import/gnu/arm/5.4.1/bin/../lib/gcc/arm-none-eabi/5.4.1/../../../../arm-none-eabi/lib/armv7-m\libg_nano.a(lib_a-nano-svfprintf.o)
                0x00003d9c                _svfiprintf_r
                0x00003d9c                _svfprintf_r
 .text._printf_common
                0x00003f84       0xec c:/program files (x86)/cypress/psoc creator/4.3/psoc creator/import/gnu/arm/5.4.1/bin/../lib/gcc/arm-none-eabi/5.4.1/../../../../arm-none-eabi/lib/armv7-m\libg_nano.a(lib_a-nano-vfprintf_i.o)
                0x00003f84                _printf_common
 .text._printf_i
                0x00004070      0x24c c:/program files (x86)/cypress/psoc creator/4.3/psoc creator/import/gnu/arm/5.4.1/bin/../lib/gcc/arm-none-eabi/5.4.1/../../../../arm-none-eabi/lib/armv7-m\libg_nano.a(lib_a-nano-vfprintf_i.o)
                0x00004070                _printf_i
 .text.memchr   0x000042bc       0x1c c:/program files (x86)/cypress/psoc creator/4.3/psoc creator/import/gnu/arm/5.4.1/bin/../lib/gcc/arm-none-eabi/5.4.1/../../../../arm-none-eabi/lib/armv7-m\libg_nano.a(lib_a-memchr-stub.o)
                0x000042bc                memchr
 .text.memmove  0x000042d8       0x36 c:/program files (x86)/cypress/psoc creator/4.3/psoc creator/import/gnu/arm/5.4.1/bin/../lib/gcc/arm-none-eabi/5.4.1/../../../../arm-none-eabi/lib/armv7-m\libg_nano.a(lib_a-memmove.o)
                0x000042d8                memmove
 *fill*         0x0000430e        0x2 
 .text._free_r  0x00004310       0x98 c:/program files (x86)/cypress/psoc creator/4.3/psoc creator/import/gnu/arm/5.4.1/bin/../lib/gcc/arm-none-eabi/5.4.1/../../../../arm-none-eabi/lib/armv7-m\libg_nano.a(lib_a-nano-freer.o)
                0x00004310                _free_r
 .text._malloc_r
                0x000043a8       0xbc c:/program files (x86)/cypress/psoc creator/4.3/psoc creator/import/gnu/arm/5.4.1/bin/../lib/gcc/arm-none-eabi/5.4.1/../../../../arm-none-eabi/lib/armv7-m\libg_nano.a(lib_a-nano-mallocr.o)
                0x000043a8                _malloc_r
 .text._realloc_r
                0x00004464       0x4c c:/program files (x86)/cypress/psoc creator/4.3/psoc creator/import/gnu/arm/5.4.1/bin/../lib/gcc/arm-none-eabi/5.4.1/../../../../arm-none-eabi/lib/armv7-m\libg_nano.a(lib_a-nano-reallocr.o)
                0x00004464                _realloc_r
 .text._sbrk_r  0x000044b0       0x20 c:/program files (x86)/cypress/psoc creator/4.3/psoc creator/import/gnu/arm/5.4.1/bin/../lib/gcc/arm-none-eabi/5.4.1/../../../../arm-none-eabi/lib/armv7-m\libg_nano.a(lib_a-sbrkr.o)
                0x000044b0                _sbrk_r
 .text.__malloc_lock
                0x000044d0        0x2 c:/program files (x86)/cypress/psoc creator/4.3/psoc creator/import/gnu/arm/5.4.1/bin/../lib/gcc/arm-none-eabi/5.4.1/../../../../arm-none-eabi/lib/armv7-m\libg_nano.a(lib_a-mlock.o)
                0x000044d0                __malloc_lock
 .text.__malloc_unlock
                0x000044d2        0x2 c:/program files (x86)/cypress/psoc creator/4.3/psoc creator/import/gnu/arm/5.4.1/bin/../lib/gcc/arm-none-eabi/5.4.1/../../../../arm-none-eabi/lib/armv7-m\libg_nano.a(lib_a-mlock.o)
                0x000044d2                __malloc_unlock
 .text._malloc_usable_size_r
                0x000044d4       0x14 c:/program files (x86)/cypress/psoc creator/4.3/psoc creator/import/gnu/arm/5.4.1/bin/../lib/gcc/arm-none-eabi/5.4.1/../../../../arm-none-eabi/lib/armv7-m\libg_nano.a(lib_a-nano-msizer.o)
                0x000044d4                _malloc_usable_size_r
 *(.plt)
 *(.gnu.warning)
 *(.glue_7t)
 .glue_7t       0x000044e8        0x0 linker stubs
 *(.glue_7)
 .glue_7        0x000044e8        0x0 linker stubs
 *(.vfp11_veneer)
 .vfp11_veneer  0x000044e8        0x0 linker stubs
 *(.bootloader)
 *(.ARM.extab* .gnu.linkonce.armextab.*)
 *(.gcc_except_table)

.v4_bx          0x000044e8        0x0
 .v4_bx         0x000044e8        0x0 linker stubs

.iplt           0x000044e8        0x0
 .iplt          0x000044e8        0x0 c:/program files (x86)/cypress/psoc creator/4.3/psoc creator/import/gnu/arm/5.4.1/bin/../lib/gcc/arm-none-eabi/5.4.1/armv7-m/crtbegin.o

.eh_frame_hdr
 *(.eh_frame_hdr)

.eh_frame       0x000044e8        0x4
 *(.eh_frame)
 .eh_frame      0x000044e8        0x0 c:/program files (x86)/cypress/psoc creator/4.3/psoc creator/import/gnu/arm/5.4.1/bin/../lib/gcc/arm-none-eabi/5.4.1/armv7-m/crtbegin.o
 .eh_frame      0x000044e8        0x4 c:/program files (x86)/cypress/psoc creator/4.3/psoc creator/import/gnu/arm/5.4.1/bin/../lib/gcc/arm-none-eabi/5.4.1/armv7-m/crtend.o
                [!provide]                PROVIDE (__exidx_start, .)

.ARM.exidx
 *(.ARM.exidx* .gnu.linkonce.armexidx.*)
                0x000044ec                __exidx_end = .

.rodata         0x000044ec      0x77c
 *(.rodata .rodata.* .gnu.linkonce.r.*)
 .rodata        0x000044ec       0x14 .\CortexM3\ARM_GCC_541\Debug\main.o
                0x000044f0                Timer_Period
 .rodata.str1.4
                0x00004500      0x155 .\CortexM3\ARM_GCC_541\Debug\main.o
 *fill*         0x00004655        0x3 
 .rodata        0x00004658        0x8 .\CortexM3\ARM_GCC_541\Debug\LIS3DH.o
                0x00004658                lis3dh_dataRange_t
                0x0000465c                lis3dh_dataRate_t
 .rodata        0x00004660        0x8 .\CortexM3\ARM_GCC_541\Debug\InterruptRoutines.o
 .rodata.str1.4
                0x00004668      0x508 .\CortexM3\ARM_GCC_541\Debug\InterruptRoutines.o
 .rodata        0x00004b70       0x8c .\CortexM3\ARM_GCC_541\Debug\cyfitter_cfg.o
                0x00004b70                AMux__addrTable
                0x00004b80                AMux__maskTable
                0x00004b84                ADC_DelSig_AMux__addrTable
                0x00004b8c                ADC_DelSig_AMux__maskTable
 .rodata.str1.1
                0x00004bfc        0x2 c:/program files (x86)/cypress/psoc creator/4.3/psoc creator/import/gnu/arm/5.4.1/bin/../lib/gcc/arm-none-eabi/5.4.1/../../../../arm-none-eabi/lib/armv7-m\libg_nano.a(lib_a-impure.o)
 .rodata.str1.1
                0x00004bfe       0x11 c:/program files (x86)/cypress/psoc creator/4.3/psoc creator/import/gnu/arm/5.4.1/bin/../lib/gcc/arm-none-eabi/5.4.1/../../../../arm-none-eabi/lib/armv7-m\libg_nano.a(lib_a-nano-svfprintf.o)
 .rodata.str1.1
                0x00004c0f       0x22 c:/program files (x86)/cypress/psoc creator/4.3/psoc creator/import/gnu/arm/5.4.1/bin/../lib/gcc/arm-none-eabi/5.4.1/../../../../arm-none-eabi/lib/armv7-m\libg_nano.a(lib_a-nano-vfprintf_i.o)
                0x00004c34                . = ALIGN (0x4)
 *fill*         0x00004c31        0x3 
 *(.init)
 .init          0x00004c34        0x4 c:/program files (x86)/cypress/psoc creator/4.3/psoc creator/import/gnu/arm/5.4.1/bin/../lib/gcc/arm-none-eabi/5.4.1/armv7-m/crti.o
                0x00004c34                _init
 .init          0x00004c38        0x8 c:/program files (x86)/cypress/psoc creator/4.3/psoc creator/import/gnu/arm/5.4.1/bin/../lib/gcc/arm-none-eabi/5.4.1/armv7-m/crtn.o
                0x00004c40                . = ALIGN (0x4)
                0x00004c40                __preinit_array_start = .
 *(.preinit_array)
                0x00004c40                __preinit_array_end = .
                0x00004c40                . = ALIGN (0x4)
                0x00004c40                __init_array_start = .
 *(SORT(.init_array.*))
 *(.init_array)
 .init_array    0x00004c40        0x4 c:/program files (x86)/cypress/psoc creator/4.3/psoc creator/import/gnu/arm/5.4.1/bin/../lib/gcc/arm-none-eabi/5.4.1/armv7-m/crtbegin.o
 .init_array    0x00004c44        0x4 .\CortexM3\ARM_GCC_541\Debug\Cm3Start.o
                0x00004c48                __init_array_end = .
                0x00004c48                . = ALIGN (0x4)
 *(.fini)
 .fini          0x00004c48        0x4 c:/program files (x86)/cypress/psoc creator/4.3/psoc creator/import/gnu/arm/5.4.1/bin/../lib/gcc/arm-none-eabi/5.4.1/armv7-m/crti.o
                0x00004c48                _fini
 .fini          0x00004c4c        0x8 c:/program files (x86)/cypress/psoc creator/4.3/psoc creator/import/gnu/arm/5.4.1/bin/../lib/gcc/arm-none-eabi/5.4.1/armv7-m/crtn.o
                0x00004c54                . = ALIGN (0x4)
                0x00004c54                __fini_array_start = .
 *(.fini_array)
 .fini_array    0x00004c54        0x4 c:/program files (x86)/cypress/psoc creator/4.3/psoc creator/import/gnu/arm/5.4.1/bin/../lib/gcc/arm-none-eabi/5.4.1/armv7-m/crtbegin.o
 *(SORT(.fini_array.*))
                0x00004c58                __fini_array_end = .
                0x00004c58                . = ALIGN (0x4)
 *crtbegin.o(.ctors)
 *(EXCLUDE_FILE(*crtend.o) .ctors)
 *(SORT(.ctors.*))
 *crtend.o(.ctors)
                0x00004c58                . = ALIGN (0x4)
 *crtbegin.o(.dtors)
 *(EXCLUDE_FILE(*crtend.o) .dtors)
 *(SORT(.dtors.*))
 *crtend.o(.dtors)
                0x00004c58                . = ALIGN (0x4)
                0x00004c58                __cy_regions = .
                0x00004c58        0x4 LONG 0x4c68 __cy_region_init_ram
                0x00004c5c        0x4 LONG 0x1fff80c8 __cy_region_start_data
                0x00004c60        0x4 LONG 0x90 __cy_region_init_size_ram
                0x00004c64        0x4 LONG 0x1a8 __cy_region_zero_size_ram
                0x00004c68                __cy_regions_end = .
                0x00004c68                . = ALIGN (0x8)
                0x00004c68                _etext = .

.cy_checksum_exclude
                0x00004c68        0x0
 *(.cy_checksum_exclude)

.ramvectors     0x1fff8000       0xc0
                0x1fff8000                __cy_region_start_ram = .
 *(.ramvectors)
 .ramvectors    0x1fff8000       0xc0 .\CortexM3\ARM_GCC_541\Debug\Cm3Start.o
                0x1fff8000                CyRamVectors

.noinit         0x1fff80c0        0x1
 *(.noinit)
 .noinit        0x1fff80c0        0x1 .\CortexM3\ARM_GCC_541\Debug\AY1920_II_FINAL_PROJECT.a(CyLib.o)
                0x1fff80c0                CyResetStatus

.data           0x1fff80c8       0x90 load address 0x00004c68
                0x1fff80c8                __cy_region_start_data = .
 *(.jcr)
 .jcr           0x1fff80c8        0x0 c:/program files (x86)/cypress/psoc creator/4.3/psoc creator/import/gnu/arm/5.4.1/bin/../lib/gcc/arm-none-eabi/5.4.1/armv7-m/crtbegin.o
 .jcr           0x1fff80c8        0x4 c:/program files (x86)/cypress/psoc creator/4.3/psoc creator/import/gnu/arm/5.4.1/bin/../lib/gcc/arm-none-eabi/5.4.1/armv7-m/crtend.o
 *(.got.plt)
 *(.got)
 *(.shdata)
 *(.data .data.* .gnu.linkonce.d.*)
 .data          0x1fff80cc        0x2 .\CortexM3\ARM_GCC_541\Debug\main.o
                0x1fff80cc                indexSTREAM
 *fill*         0x1fff80ce        0x2 
 .data          0x1fff80d0        0x4 .\CortexM3\ARM_GCC_541\Debug\Cm3Start.o
 .data          0x1fff80d4        0x1 .\CortexM3\ARM_GCC_541\Debug\AY1920_II_FINAL_PROJECT.a(ADC_DelSig.o)
                0x1fff80d4                ADC_DelSig_Config
 .data          0x1fff80d5        0x1 .\CortexM3\ARM_GCC_541\Debug\AY1920_II_FINAL_PROJECT.a(AMux.o)
 .data          0x1fff80d6        0x1 .\CortexM3\ARM_GCC_541\Debug\AY1920_II_FINAL_PROJECT.a(ADC_DelSig_AMux.o)
 *fill*         0x1fff80d7        0x1 
 .data          0x1fff80d8        0x8 .\CortexM3\ARM_GCC_541\Debug\AY1920_II_FINAL_PROJECT.a(CyDmac.o)
 .data          0x1fff80e0       0x10 .\CortexM3\ARM_GCC_541\Debug\AY1920_II_FINAL_PROJECT.a(CyLib.o)
                0x1fff80e0                cydelay_32k_ms
                0x1fff80e4                cydelay_freq_khz
                0x1fff80e8                cydelay_freq_mhz
                0x1fff80ec                cydelay_freq_hz
 .data          0x1fff80f0        0x1 .\CortexM3\ARM_GCC_541\Debug\AY1920_II_FINAL_PROJECT.a(DMA_dma.o)
                0x1fff80f0                DMA_DmaHandle
 *fill*         0x1fff80f1        0x3 
 .data.impure_data
                0x1fff80f4       0x60 c:/program files (x86)/cypress/psoc creator/4.3/psoc creator/import/gnu/arm/5.4.1/bin/../lib/gcc/arm-none-eabi/5.4.1/../../../../arm-none-eabi/lib/armv7-m\libg_nano.a(lib_a-impure.o)
 .data._impure_ptr
                0x1fff8154        0x4 c:/program files (x86)/cypress/psoc creator/4.3/psoc creator/import/gnu/arm/5.4.1/bin/../lib/gcc/arm-none-eabi/5.4.1/../../../../arm-none-eabi/lib/armv7-m\libg_nano.a(lib_a-impure.o)
                0x1fff8154                _impure_ptr
                0x1fff8158                . = ALIGN (0x8)
 *(.ram)
                0x1fff8158                _edata = .

.igot.plt       0x1fff8158        0x0 load address 0x00004cf8
 .igot.plt      0x1fff8158        0x0 c:/program files (x86)/cypress/psoc creator/4.3/psoc creator/import/gnu/arm/5.4.1/bin/../lib/gcc/arm-none-eabi/5.4.1/armv7-m/crtbegin.o

.bss            0x1fff8158      0x1a8 load address 0x00004cf8
                0x1fff8158                PROVIDE (__bss_start__, .)
 *(.shbss)
 *(.bss .bss.* .gnu.linkonce.b.*)
 .bss           0x1fff8158       0x1c c:/program files (x86)/cypress/psoc creator/4.3/psoc creator/import/gnu/arm/5.4.1/bin/../lib/gcc/arm-none-eabi/5.4.1/armv7-m/crtbegin.o
 .bss           0x1fff8174        0x1 .\CortexM3\ARM_GCC_541\Debug\main.o
                0x1fff8174                update_cfg_reg
 *fill*         0x1fff8175        0x3 
 .bss           0x1fff8178        0x6 .\CortexM3\ARM_GCC_541\Debug\InterruptRoutines.o
                0x1fff8178                dataReady_FIFO
                0x1fff8179                dataReady_STREAM
                0x1fff817a                dataReady_DMA
                0x1fff817c                configSets
 .bss           0x1fff817e        0x1 .\CortexM3\ARM_GCC_541\Debug\AY1920_II_FINAL_PROJECT.a(Timer_ADC.o)
                0x1fff817e                Timer_ADC_initVar
 .bss           0x1fff817f        0x1 .\CortexM3\ARM_GCC_541\Debug\AY1920_II_FINAL_PROJECT.a(Timer_STREAM.o)
                0x1fff817f                Timer_STREAM_initVar
 .bss           0x1fff8180        0x1 .\CortexM3\ARM_GCC_541\Debug\AY1920_II_FINAL_PROJECT.a(PWM_BLINK.o)
                0x1fff8180                PWM_BLINK_initVar
 *fill*         0x1fff8181        0x3 
 .bss           0x1fff8184        0xc .\CortexM3\ARM_GCC_541\Debug\AY1920_II_FINAL_PROJECT.a(ADC_DelSig.o)
                0x1fff8188                ADC_DelSig_stopConversion
                0x1fff8189                ADC_DelSig_convDone
                0x1fff818a                ADC_DelSig_initVar
                0x1fff818b                ADC_DelSig_started
                0x1fff818c                ADC_DelSig_Offset
 .bss           0x1fff8190        0x2 .\CortexM3\ARM_GCC_541\Debug\AY1920_II_FINAL_PROJECT.a(UART.o)
                0x1fff8190                UART_initVar
 .bss           0x1fff8192        0x1 .\CortexM3\ARM_GCC_541\Debug\AY1920_II_FINAL_PROJECT.a(SPIM_EEPROM.o)
                0x1fff8192                SPIM_EEPROM_initVar
 .bss           0x1fff8193        0x1 .\CortexM3\ARM_GCC_541\Debug\AY1920_II_FINAL_PROJECT.a(SPIM_LIS3DH.o)
                0x1fff8193                SPIM_LIS3DH_initVar
 .bss           0x1fff8194        0x1 .\CortexM3\ARM_GCC_541\Debug\AY1920_II_FINAL_PROJECT.a(Counter_INDEX.o)
                0x1fff8194                Counter_INDEX_initVar
 .bss           0x1fff8195        0x1 .\CortexM3\ARM_GCC_541\Debug\AY1920_II_FINAL_PROJECT.a(Counter_RESET.o)
                0x1fff8195                Counter_RESET_initVar
 *fill*         0x1fff8196        0x2 
 .bss.__malloc_sbrk_start
                0x1fff8198        0x4 c:/program files (x86)/cypress/psoc creator/4.3/psoc creator/import/gnu/arm/5.4.1/bin/../lib/gcc/arm-none-eabi/5.4.1/../../../../arm-none-eabi/lib/armv7-m\libg_nano.a(lib_a-nano-mallocr.o)
                0x1fff8198                __malloc_sbrk_start
 .bss.__malloc_free_list
                0x1fff819c        0x4 c:/program files (x86)/cypress/psoc creator/4.3/psoc creator/import/gnu/arm/5.4.1/bin/../lib/gcc/arm-none-eabi/5.4.1/../../../../arm-none-eabi/lib/armv7-m\libg_nano.a(lib_a-nano-mallocr.o)
                0x1fff819c                __malloc_free_list
 *(COMMON)
 COMMON         0x1fff81a0      0x114 .\CortexM3\ARM_GCC_541\Debug\main.o
                0x1fff81a0                cfg_reg_old
                0x1fff81a4                data_config
                0x1fff81a8                cfg_reg
                0x1fff81ac                ADCBuffer
                0x1fff81ec                bufferUART
 COMMON         0x1fff82b4        0x1 .\CortexM3\ARM_GCC_541\Debug\DMARoutines.o
                0x1fff82b4                DMA_Chan
 *fill*         0x1fff82b5        0x3 
 COMMON         0x1fff82b8        0x4 .\CortexM3\ARM_GCC_541\Debug\AY1920_II_FINAL_PROJECT.a(ADC_DelSig.o)
                0x1fff82b8                ADC_DelSig_CountsPerVolt
 COMMON         0x1fff82bc       0x1d .\CortexM3\ARM_GCC_541\Debug\AY1920_II_FINAL_PROJECT.a(SPIM_EEPROM.o)
                0x1fff82bc                SPIM_EEPROM_swStatusTx
                0x1fff82bd                SPIM_EEPROM_rxBufferRead
                0x1fff82c0                SPIM_EEPROM_txBuffer
                0x1fff82c8                SPIM_EEPROM_txBufferFull
                0x1fff82cc                SPIM_EEPROM_rxBuffer
                0x1fff82d4                SPIM_EEPROM_rxBufferFull
                0x1fff82d5                SPIM_EEPROM_txBufferRead
                0x1fff82d6                SPIM_EEPROM_txBufferWrite
                0x1fff82d7                SPIM_EEPROM_rxBufferWrite
                0x1fff82d8                SPIM_EEPROM_swStatusRx
 *fill*         0x1fff82d9        0x3 
 COMMON         0x1fff82dc       0x1e .\CortexM3\ARM_GCC_541\Debug\AY1920_II_FINAL_PROJECT.a(SPIM_LIS3DH.o)
                0x1fff82dc                SPIM_LIS3DH_rxBufferWrite
                0x1fff82dd                SPIM_LIS3DH_rxBufferFull
                0x1fff82de                SPIM_LIS3DH_rxBufferRead
                0x1fff82df                SPIM_LIS3DH_swStatusRx
                0x1fff82e0                SPIM_LIS3DH_txBufferWrite
                0x1fff82e4                SPIM_LIS3DH_txBuffer
                0x1fff82ec                SPIM_LIS3DH_txBufferFull
                0x1fff82f0                SPIM_LIS3DH_rxBuffer
                0x1fff82f8                SPIM_LIS3DH_swStatusTx
                0x1fff82f9                SPIM_LIS3DH_txBufferRead
 *fill*         0x1fff82fa        0x2 
 COMMON         0x1fff82fc        0x4 c:/program files (x86)/cypress/psoc creator/4.3/psoc creator/import/gnu/arm/5.4.1/bin/../lib/gcc/arm-none-eabi/5.4.1/../../../../arm-none-eabi/lib/armv7-m\libg_nano.a(lib_a-reent.o)
                0x1fff82fc                errno
                0x1fff8300                . = ALIGN (0x8)
 *(.ram.b)
                0x1fff8300                _end = .
                0x1fff8300                __end = .
                0x1fff8300                PROVIDE (end, .)
                0x1fff8300                PROVIDE (__bss_end__, .)
                0x00004c68                __cy_region_init_ram = LOADADDR (.data)
                0x00000090                __cy_region_init_size_ram = (_edata - ADDR (.data))
                0x000001a8                __cy_region_zero_size_ram = (_end - _edata)

.heap           0x1fff8300       0x80 load address 0x00004cf8
                0x1fff8300                . = _end
                0x1fff8380                . = (. + 0x80)
 *fill*         0x1fff8300       0x80 
                0x1fff8380                __cy_heap_limit = .

.stack          0x20007800      0x800
                0x20007800                __cy_stack_limit = .
                0x20008000                . = (. + 0x800)
 *fill*         0x20007800      0x800 
                0x00000001                ASSERT ((__cy_stack_limit >= __cy_heap_limit), region RAM overflowed with stack)
                0x00000000                cy_checksum_exclude_size = (CY_APPL_LOADABLE == 0x1)?SIZEOF (.cy_checksum_exclude):0x0
                0x00000001                ASSERT ((cy_checksum_exclude_size <= CY_CHECKSUM_EXCLUDE_SIZE), CY_BOOT: Section .cy_checksum_exclude size exceedes specified limit.)

.cyloadermeta
 *(.cyloadermeta)

.cyloadablemeta
 *(.cyloadablemeta)

.cyconfigecc    0x80000000      0x93c
 *(.cyconfigecc)
 .cyconfigecc   0x80000000      0x93c .\CortexM3\ARM_GCC_541\Debug\cymetadata.o
                0x80000000                cy_meta_configecc

.cycustnvl      0x90000000        0x4
 *(.cycustnvl)
 .cycustnvl     0x90000000        0x4 .\CortexM3\ARM_GCC_541\Debug\cymetadata.o
                0x90000000                cy_meta_custnvl

.cywolatch      0x90100000        0x4
 *(.cywolatch)
 .cywolatch     0x90100000        0x4 .\CortexM3\ARM_GCC_541\Debug\cymetadata.o
                0x90100000                cy_meta_wonvl

.cyeeprom       0x90200000        0x0
 *(.cyeeprom)
                0x00000001                ASSERT ((. <= ((0x90200000 + ee_offset) + ee_size)), .cyeeprom data will not fit in EEPROM)

.cyflashprotect
                0x90400000      0x100
 *(.cyflashprotect)
 .cyflashprotect
                0x90400000      0x100 .\CortexM3\ARM_GCC_541\Debug\cymetadata.o
                0x90400000                cy_meta_flashprotect

.cymeta         0x90500000        0xc
 *(.cymeta)
 .cymeta        0x90500000        0xc .\CortexM3\ARM_GCC_541\Debug\cymetadata.o
                0x90500000                cy_metadata

.rel.dyn        0x00004cf8        0x0 load address 0x9050000c
 .rel.iplt      0x00004cf8        0x0 c:/program files (x86)/cypress/psoc creator/4.3/psoc creator/import/gnu/arm/5.4.1/bin/../lib/gcc/arm-none-eabi/5.4.1/armv7-m/crtbegin.o

.stab
 *(.stab)

.stabstr
 *(.stabstr)

.debug
 *(.debug)

.line
 *(.line)

.debug_srcinfo
 *(.debug_srcinfo)

.debug_sfnames
 *(.debug_sfnames)

.debug_aranges  0x00000000     0x15f8
 *(.debug_aranges)
 .debug_aranges
                0x00000000       0x48 .\CortexM3\ARM_GCC_541\Debug\main.o
 .debug_aranges
                0x00000048       0x60 .\CortexM3\ARM_GCC_541\Debug\25LC256.o
 .debug_aranges
                0x000000a8       0x48 .\CortexM3\ARM_GCC_541\Debug\SPI_Interface.o
 .debug_aranges
                0x000000f0       0x58 .\CortexM3\ARM_GCC_541\Debug\LIS3DH.o
 .debug_aranges
                0x00000148       0x58 .\CortexM3\ARM_GCC_541\Debug\InterruptRoutines.o
 .debug_aranges
                0x000001a0       0x20 .\CortexM3\ARM_GCC_541\Debug\DMARoutines.o
 .debug_aranges
                0x000001c0       0x78 .\CortexM3\ARM_GCC_541\Debug\cyfitter_cfg.o
 .debug_aranges
                0x00000238       0x18 .\CortexM3\ARM_GCC_541\Debug\cymetadata.o
 .debug_aranges
                0x00000250       0x48 .\CortexM3\ARM_GCC_541\Debug\Cm3Start.o
 .debug_aranges
                0x00000298       0x88 .\CortexM3\ARM_GCC_541\Debug\AY1920_II_FINAL_PROJECT.a(Timer_ADC.o)
 .debug_aranges
                0x00000320       0x38 .\CortexM3\ARM_GCC_541\Debug\AY1920_II_FINAL_PROJECT.a(Pin_LED_ext.o)
 .debug_aranges
                0x00000358       0x80 .\CortexM3\ARM_GCC_541\Debug\AY1920_II_FINAL_PROJECT.a(isr_STREAM.o)
 .debug_aranges
                0x000003d8       0x88 .\CortexM3\ARM_GCC_541\Debug\AY1920_II_FINAL_PROJECT.a(Timer_STREAM.o)
 .debug_aranges
                0x00000460       0x80 .\CortexM3\ARM_GCC_541\Debug\AY1920_II_FINAL_PROJECT.a(isr_INT.o)
 .debug_aranges
                0x000004e0       0x98 .\CortexM3\ARM_GCC_541\Debug\AY1920_II_FINAL_PROJECT.a(PWM_BLINK.o)
 .debug_aranges
                0x00000578       0x38 .\CortexM3\ARM_GCC_541\Debug\AY1920_II_FINAL_PROJECT.a(CS_2.o)
 .debug_aranges
                0x000005b0       0x38 .\CortexM3\ARM_GCC_541\Debug\AY1920_II_FINAL_PROJECT.a(CS_1.o)
 .debug_aranges
                0x000005e8       0x80 .\CortexM3\ARM_GCC_541\Debug\AY1920_II_FINAL_PROJECT.a(isr_RX.o)
 .debug_aranges
                0x00000668       0xe8 .\CortexM3\ARM_GCC_541\Debug\AY1920_II_FINAL_PROJECT.a(ADC_DelSig.o)
 .debug_aranges
                0x00000750       0x38 .\CortexM3\ARM_GCC_541\Debug\AY1920_II_FINAL_PROJECT.a(ADC_DelSig_INT.o)
 .debug_aranges
                0x00000788       0x30 .\CortexM3\ARM_GCC_541\Debug\AY1920_II_FINAL_PROJECT.a(AMux.o)
 .debug_aranges
                0x000007b8       0xf0 .\CortexM3\ARM_GCC_541\Debug\AY1920_II_FINAL_PROJECT.a(UART.o)
 .debug_aranges
                0x000008a8       0xd8 .\CortexM3\ARM_GCC_541\Debug\AY1920_II_FINAL_PROJECT.a(SPIM_EEPROM.o)
 .debug_aranges
                0x00000980       0x28 .\CortexM3\ARM_GCC_541\Debug\AY1920_II_FINAL_PROJECT.a(SPIM_EEPROM_INT.o)
 .debug_aranges
                0x000009a8       0xd8 .\CortexM3\ARM_GCC_541\Debug\AY1920_II_FINAL_PROJECT.a(SPIM_LIS3DH.o)
 .debug_aranges
                0x00000a80       0x28 .\CortexM3\ARM_GCC_541\Debug\AY1920_II_FINAL_PROJECT.a(SPIM_LIS3DH_INT.o)
 .debug_aranges
                0x00000aa8       0x30 .\CortexM3\ARM_GCC_541\Debug\AY1920_II_FINAL_PROJECT.a(ADC_DelSig_AMux.o)
 .debug_aranges
                0x00000ad8       0x70 .\CortexM3\ARM_GCC_541\Debug\AY1920_II_FINAL_PROJECT.a(ADC_DelSig_Ext_CP_Clk.o)
 .debug_aranges
                0x00000b48       0x80 .\CortexM3\ARM_GCC_541\Debug\AY1920_II_FINAL_PROJECT.a(ADC_DelSig_IRQ.o)
 .debug_aranges
                0x00000bc8       0x80 .\CortexM3\ARM_GCC_541\Debug\AY1920_II_FINAL_PROJECT.a(ADC_DelSig_theACLK.o)
 .debug_aranges
                0x00000c48       0x70 .\CortexM3\ARM_GCC_541\Debug\AY1920_II_FINAL_PROJECT.a(UART_IntClock.o)
 .debug_aranges
                0x00000cb8       0x70 .\CortexM3\ARM_GCC_541\Debug\AY1920_II_FINAL_PROJECT.a(SPIM_EEPROM_IntClock.o)
 .debug_aranges
                0x00000d28       0x70 .\CortexM3\ARM_GCC_541\Debug\AY1920_II_FINAL_PROJECT.a(SPIM_LIS3DH_IntClock.o)
 .debug_aranges
                0x00000d98       0xd8 .\CortexM3\ARM_GCC_541\Debug\AY1920_II_FINAL_PROJECT.a(CyDmac.o)
 .debug_aranges
                0x00000e70      0x2a0 .\CortexM3\ARM_GCC_541\Debug\AY1920_II_FINAL_PROJECT.a(CyLib.o)
 .debug_aranges
                0x00001110       0x98 .\CortexM3\ARM_GCC_541\Debug\AY1920_II_FINAL_PROJECT.a(cyPm.o)
 .debug_aranges
                0x000011a8       0x80 .\CortexM3\ARM_GCC_541\Debug\AY1920_II_FINAL_PROJECT.a(isr_TIMER_ADC.o)
 .debug_aranges
                0x00001228       0x28 .\CortexM3\ARM_GCC_541\Debug\AY1920_II_FINAL_PROJECT.a(DMA_dma.o)
 .debug_aranges
                0x00001250       0x80 .\CortexM3\ARM_GCC_541\Debug\AY1920_II_FINAL_PROJECT.a(isr_DMA.o)
 .debug_aranges
                0x000012d0       0x80 .\CortexM3\ARM_GCC_541\Debug\AY1920_II_FINAL_PROJECT.a(isr_INDEX.o)
 .debug_aranges
                0x00001350       0x80 .\CortexM3\ARM_GCC_541\Debug\AY1920_II_FINAL_PROJECT.a(Counter_INDEX.o)
 .debug_aranges
                0x000013d0       0x80 .\CortexM3\ARM_GCC_541\Debug\AY1920_II_FINAL_PROJECT.a(isr_RESET.o)
 .debug_aranges
                0x00001450       0x80 .\CortexM3\ARM_GCC_541\Debug\AY1920_II_FINAL_PROJECT.a(Counter_RESET.o)
 .debug_aranges
                0x000014d0       0x20 .\CortexM3\ARM_GCC_541\Debug\AY1920_II_FINAL_PROJECT.a(CyBootAsmGnu.o)
 .debug_aranges
                0x000014f0       0x88 .\CortexM3\ARM_GCC_541\Debug\AY1920_II_FINAL_PROJECT.a(CyFlash.o)
 .debug_aranges
                0x00001578       0x80 .\CortexM3\ARM_GCC_541\Debug\AY1920_II_FINAL_PROJECT.a(CySpc.o)

.debug_pubnames
 *(.debug_pubnames)

.debug_info     0x00000000     0xc1d0
 *(.debug_info .gnu.linkonce.wi.*)
 .debug_info    0x00000000      0xea2 .\CortexM3\ARM_GCC_541\Debug\main.o
 .debug_info    0x00000ea2      0x4aa .\CortexM3\ARM_GCC_541\Debug\25LC256.o
 .debug_info    0x0000134c      0x651 .\CortexM3\ARM_GCC_541\Debug\SPI_Interface.o
 .debug_info    0x0000199d      0x3fd .\CortexM3\ARM_GCC_541\Debug\LIS3DH.o
 .debug_info    0x00001d9a      0x722 .\CortexM3\ARM_GCC_541\Debug\InterruptRoutines.o
 .debug_info    0x000024bc      0x25c .\CortexM3\ARM_GCC_541\Debug\DMARoutines.o
 .debug_info    0x00002718      0x788 .\CortexM3\ARM_GCC_541\Debug\cyfitter_cfg.o
 .debug_info    0x00002ea0      0x139 .\CortexM3\ARM_GCC_541\Debug\cymetadata.o
 .debug_info    0x00002fd9      0x3cf .\CortexM3\ARM_GCC_541\Debug\Cm3Start.o
 .debug_info    0x000033a8      0x295 .\CortexM3\ARM_GCC_541\Debug\AY1920_II_FINAL_PROJECT.a(Timer_ADC.o)
 .debug_info    0x0000363d      0x11f .\CortexM3\ARM_GCC_541\Debug\AY1920_II_FINAL_PROJECT.a(Pin_LED_ext.o)
 .debug_info    0x0000375c      0x2d2 .\CortexM3\ARM_GCC_541\Debug\AY1920_II_FINAL_PROJECT.a(isr_STREAM.o)
 .debug_info    0x00003a2e      0x295 .\CortexM3\ARM_GCC_541\Debug\AY1920_II_FINAL_PROJECT.a(Timer_STREAM.o)
 .debug_info    0x00003cc3      0x2d2 .\CortexM3\ARM_GCC_541\Debug\AY1920_II_FINAL_PROJECT.a(isr_INT.o)
 .debug_info    0x00003f95      0x34e .\CortexM3\ARM_GCC_541\Debug\AY1920_II_FINAL_PROJECT.a(PWM_BLINK.o)
 .debug_info    0x000042e3      0x11f .\CortexM3\ARM_GCC_541\Debug\AY1920_II_FINAL_PROJECT.a(CS_2.o)
 .debug_info    0x00004402      0x11f .\CortexM3\ARM_GCC_541\Debug\AY1920_II_FINAL_PROJECT.a(CS_1.o)
 .debug_info    0x00004521      0x2d2 .\CortexM3\ARM_GCC_541\Debug\AY1920_II_FINAL_PROJECT.a(isr_RX.o)
 .debug_info    0x000047f3      0xa1b .\CortexM3\ARM_GCC_541\Debug\AY1920_II_FINAL_PROJECT.a(ADC_DelSig.o)
 .debug_info    0x0000520e       0xd3 .\CortexM3\ARM_GCC_541\Debug\AY1920_II_FINAL_PROJECT.a(ADC_DelSig_INT.o)
 .debug_info    0x000052e1      0x165 .\CortexM3\ARM_GCC_541\Debug\AY1920_II_FINAL_PROJECT.a(AMux.o)
 .debug_info    0x00005446      0x60c .\CortexM3\ARM_GCC_541\Debug\AY1920_II_FINAL_PROJECT.a(UART.o)
 .debug_info    0x00005a52      0x709 .\CortexM3\ARM_GCC_541\Debug\AY1920_II_FINAL_PROJECT.a(SPIM_EEPROM.o)
 .debug_info    0x0000615b      0x18d .\CortexM3\ARM_GCC_541\Debug\AY1920_II_FINAL_PROJECT.a(SPIM_EEPROM_INT.o)
 .debug_info    0x000062e8      0x709 .\CortexM3\ARM_GCC_541\Debug\AY1920_II_FINAL_PROJECT.a(SPIM_LIS3DH.o)
 .debug_info    0x000069f1      0x18d .\CortexM3\ARM_GCC_541\Debug\AY1920_II_FINAL_PROJECT.a(SPIM_LIS3DH_INT.o)
 .debug_info    0x00006b7e      0x165 .\CortexM3\ARM_GCC_541\Debug\AY1920_II_FINAL_PROJECT.a(ADC_DelSig_AMux.o)
 .debug_info    0x00006ce3      0x283 .\CortexM3\ARM_GCC_541\Debug\AY1920_II_FINAL_PROJECT.a(ADC_DelSig_Ext_CP_Clk.o)
 .debug_info    0x00006f66      0x2d2 .\CortexM3\ARM_GCC_541\Debug\AY1920_II_FINAL_PROJECT.a(ADC_DelSig_IRQ.o)
 .debug_info    0x00007238      0x2c4 .\CortexM3\ARM_GCC_541\Debug\AY1920_II_FINAL_PROJECT.a(ADC_DelSig_theACLK.o)
 .debug_info    0x000074fc      0x283 .\CortexM3\ARM_GCC_541\Debug\AY1920_II_FINAL_PROJECT.a(UART_IntClock.o)
 .debug_info    0x0000777f      0x283 .\CortexM3\ARM_GCC_541\Debug\AY1920_II_FINAL_PROJECT.a(SPIM_EEPROM_IntClock.o)
 .debug_info    0x00007a02      0x283 .\CortexM3\ARM_GCC_541\Debug\AY1920_II_FINAL_PROJECT.a(SPIM_LIS3DH_IntClock.o)
 .debug_info    0x00007c85      0x94e .\CortexM3\ARM_GCC_541\Debug\AY1920_II_FINAL_PROJECT.a(CyDmac.o)
 .debug_info    0x000085d3     0x1374 .\CortexM3\ARM_GCC_541\Debug\AY1920_II_FINAL_PROJECT.a(CyLib.o)
 .debug_info    0x00009947      0xa2a .\CortexM3\ARM_GCC_541\Debug\AY1920_II_FINAL_PROJECT.a(cyPm.o)
 .debug_info    0x0000a371      0x2d2 .\CortexM3\ARM_GCC_541\Debug\AY1920_II_FINAL_PROJECT.a(isr_TIMER_ADC.o)
 .debug_info    0x0000a643      0x1a8 .\CortexM3\ARM_GCC_541\Debug\AY1920_II_FINAL_PROJECT.a(DMA_dma.o)
 .debug_info    0x0000a7eb      0x2d2 .\CortexM3\ARM_GCC_541\Debug\AY1920_II_FINAL_PROJECT.a(isr_DMA.o)
 .debug_info    0x0000aabd      0x2d2 .\CortexM3\ARM_GCC_541\Debug\AY1920_II_FINAL_PROJECT.a(isr_INDEX.o)
 .debug_info    0x0000ad8f      0x28f .\CortexM3\ARM_GCC_541\Debug\AY1920_II_FINAL_PROJECT.a(Counter_INDEX.o)
 .debug_info    0x0000b01e      0x2d2 .\CortexM3\ARM_GCC_541\Debug\AY1920_II_FINAL_PROJECT.a(isr_RESET.o)
 .debug_info    0x0000b2f0      0x28d .\CortexM3\ARM_GCC_541\Debug\AY1920_II_FINAL_PROJECT.a(Counter_RESET.o)
 .debug_info    0x0000b57d       0xb6 .\CortexM3\ARM_GCC_541\Debug\AY1920_II_FINAL_PROJECT.a(CyBootAsmGnu.o)
 .debug_info    0x0000b633      0x64d .\CortexM3\ARM_GCC_541\Debug\AY1920_II_FINAL_PROJECT.a(CyFlash.o)
 .debug_info    0x0000bc80      0x550 .\CortexM3\ARM_GCC_541\Debug\AY1920_II_FINAL_PROJECT.a(CySpc.o)

.debug_abbrev   0x00000000     0x37ca
 *(.debug_abbrev)
 .debug_abbrev  0x00000000      0x1cc .\CortexM3\ARM_GCC_541\Debug\main.o
 .debug_abbrev  0x000001cc      0x130 .\CortexM3\ARM_GCC_541\Debug\25LC256.o
 .debug_abbrev  0x000002fc      0x11c .\CortexM3\ARM_GCC_541\Debug\SPI_Interface.o
 .debug_abbrev  0x00000418      0x14a .\CortexM3\ARM_GCC_541\Debug\LIS3DH.o
 .debug_abbrev  0x00000562      0x164 .\CortexM3\ARM_GCC_541\Debug\InterruptRoutines.o
 .debug_abbrev  0x000006c6       0xf5 .\CortexM3\ARM_GCC_541\Debug\DMARoutines.o
 .debug_abbrev  0x000007bb      0x22d .\CortexM3\ARM_GCC_541\Debug\cyfitter_cfg.o
 .debug_abbrev  0x000009e8       0x77 .\CortexM3\ARM_GCC_541\Debug\cymetadata.o
 .debug_abbrev  0x00000a5f      0x1e8 .\CortexM3\ARM_GCC_541\Debug\Cm3Start.o
 .debug_abbrev  0x00000c47      0x11a .\CortexM3\ARM_GCC_541\Debug\AY1920_II_FINAL_PROJECT.a(Timer_ADC.o)
 .debug_abbrev  0x00000d61       0x90 .\CortexM3\ARM_GCC_541\Debug\AY1920_II_FINAL_PROJECT.a(Pin_LED_ext.o)
 .debug_abbrev  0x00000df1      0x173 .\CortexM3\ARM_GCC_541\Debug\AY1920_II_FINAL_PROJECT.a(isr_STREAM.o)
 .debug_abbrev  0x00000f64      0x11a .\CortexM3\ARM_GCC_541\Debug\AY1920_II_FINAL_PROJECT.a(Timer_STREAM.o)
 .debug_abbrev  0x0000107e      0x173 .\CortexM3\ARM_GCC_541\Debug\AY1920_II_FINAL_PROJECT.a(isr_INT.o)
 .debug_abbrev  0x000011f1      0x133 .\CortexM3\ARM_GCC_541\Debug\AY1920_II_FINAL_PROJECT.a(PWM_BLINK.o)
 .debug_abbrev  0x00001324       0x90 .\CortexM3\ARM_GCC_541\Debug\AY1920_II_FINAL_PROJECT.a(CS_2.o)
 .debug_abbrev  0x000013b4       0x90 .\CortexM3\ARM_GCC_541\Debug\AY1920_II_FINAL_PROJECT.a(CS_1.o)
 .debug_abbrev  0x00001444      0x173 .\CortexM3\ARM_GCC_541\Debug\AY1920_II_FINAL_PROJECT.a(isr_RX.o)
 .debug_abbrev  0x000015b7      0x1cd .\CortexM3\ARM_GCC_541\Debug\AY1920_II_FINAL_PROJECT.a(ADC_DelSig.o)
 .debug_abbrev  0x00001784       0x42 .\CortexM3\ARM_GCC_541\Debug\AY1920_II_FINAL_PROJECT.a(ADC_DelSig_INT.o)
 .debug_abbrev  0x000017c6       0xb1 .\CortexM3\ARM_GCC_541\Debug\AY1920_II_FINAL_PROJECT.a(AMux.o)
 .debug_abbrev  0x00001877      0x175 .\CortexM3\ARM_GCC_541\Debug\AY1920_II_FINAL_PROJECT.a(UART.o)
 .debug_abbrev  0x000019ec      0x162 .\CortexM3\ARM_GCC_541\Debug\AY1920_II_FINAL_PROJECT.a(SPIM_EEPROM.o)
 .debug_abbrev  0x00001b4e       0x8a .\CortexM3\ARM_GCC_541\Debug\AY1920_II_FINAL_PROJECT.a(SPIM_EEPROM_INT.o)
 .debug_abbrev  0x00001bd8      0x162 .\CortexM3\ARM_GCC_541\Debug\AY1920_II_FINAL_PROJECT.a(SPIM_LIS3DH.o)
 .debug_abbrev  0x00001d3a       0x8a .\CortexM3\ARM_GCC_541\Debug\AY1920_II_FINAL_PROJECT.a(SPIM_LIS3DH_INT.o)
 .debug_abbrev  0x00001dc4       0xb1 .\CortexM3\ARM_GCC_541\Debug\AY1920_II_FINAL_PROJECT.a(ADC_DelSig_AMux.o)
 .debug_abbrev  0x00001e75      0x139 .\CortexM3\ARM_GCC_541\Debug\AY1920_II_FINAL_PROJECT.a(ADC_DelSig_Ext_CP_Clk.o)
 .debug_abbrev  0x00001fae      0x173 .\CortexM3\ARM_GCC_541\Debug\AY1920_II_FINAL_PROJECT.a(ADC_DelSig_IRQ.o)
 .debug_abbrev  0x00002121      0x121 .\CortexM3\ARM_GCC_541\Debug\AY1920_II_FINAL_PROJECT.a(ADC_DelSig_theACLK.o)
 .debug_abbrev  0x00002242      0x139 .\CortexM3\ARM_GCC_541\Debug\AY1920_II_FINAL_PROJECT.a(UART_IntClock.o)
 .debug_abbrev  0x0000237b      0x139 .\CortexM3\ARM_GCC_541\Debug\AY1920_II_FINAL_PROJECT.a(SPIM_EEPROM_IntClock.o)
 .debug_abbrev  0x000024b4      0x139 .\CortexM3\ARM_GCC_541\Debug\AY1920_II_FINAL_PROJECT.a(SPIM_LIS3DH_IntClock.o)
 .debug_abbrev  0x000025ed      0x1b2 .\CortexM3\ARM_GCC_541\Debug\AY1920_II_FINAL_PROJECT.a(CyDmac.o)
 .debug_abbrev  0x0000279f      0x254 .\CortexM3\ARM_GCC_541\Debug\AY1920_II_FINAL_PROJECT.a(CyLib.o)
 .debug_abbrev  0x000029f3      0x1ab .\CortexM3\ARM_GCC_541\Debug\AY1920_II_FINAL_PROJECT.a(cyPm.o)
 .debug_abbrev  0x00002b9e      0x173 .\CortexM3\ARM_GCC_541\Debug\AY1920_II_FINAL_PROJECT.a(isr_TIMER_ADC.o)
 .debug_abbrev  0x00002d11       0xcd .\CortexM3\ARM_GCC_541\Debug\AY1920_II_FINAL_PROJECT.a(DMA_dma.o)
 .debug_abbrev  0x00002dde      0x173 .\CortexM3\ARM_GCC_541\Debug\AY1920_II_FINAL_PROJECT.a(isr_DMA.o)
 .debug_abbrev  0x00002f51      0x173 .\CortexM3\ARM_GCC_541\Debug\AY1920_II_FINAL_PROJECT.a(isr_INDEX.o)
 .debug_abbrev  0x000030c4      0x122 .\CortexM3\ARM_GCC_541\Debug\AY1920_II_FINAL_PROJECT.a(Counter_INDEX.o)
 .debug_abbrev  0x000031e6      0x173 .\CortexM3\ARM_GCC_541\Debug\AY1920_II_FINAL_PROJECT.a(isr_RESET.o)
 .debug_abbrev  0x00003359      0x122 .\CortexM3\ARM_GCC_541\Debug\AY1920_II_FINAL_PROJECT.a(Counter_RESET.o)
 .debug_abbrev  0x0000347b       0x14 .\CortexM3\ARM_GCC_541\Debug\AY1920_II_FINAL_PROJECT.a(CyBootAsmGnu.o)
 .debug_abbrev  0x0000348f      0x1a7 .\CortexM3\ARM_GCC_541\Debug\AY1920_II_FINAL_PROJECT.a(CyFlash.o)
 .debug_abbrev  0x00003636      0x194 .\CortexM3\ARM_GCC_541\Debug\AY1920_II_FINAL_PROJECT.a(CySpc.o)

.debug_line     0x00000000     0x532d
 *(.debug_line)
 .debug_line    0x00000000      0x4c7 .\CortexM3\ARM_GCC_541\Debug\main.o
 .debug_line    0x000004c7      0x218 .\CortexM3\ARM_GCC_541\Debug\25LC256.o
 .debug_line    0x000006df      0x281 .\CortexM3\ARM_GCC_541\Debug\SPI_Interface.o
 .debug_line    0x00000960      0x22d .\CortexM3\ARM_GCC_541\Debug\LIS3DH.o
 .debug_line    0x00000b8d      0x380 .\CortexM3\ARM_GCC_541\Debug\InterruptRoutines.o
 .debug_line    0x00000f0d      0x19c .\CortexM3\ARM_GCC_541\Debug\DMARoutines.o
 .debug_line    0x000010a9      0x258 .\CortexM3\ARM_GCC_541\Debug\cyfitter_cfg.o
 .debug_line    0x00001301      0x141 .\CortexM3\ARM_GCC_541\Debug\cymetadata.o
 .debug_line    0x00001442      0x241 .\CortexM3\ARM_GCC_541\Debug\Cm3Start.o
 .debug_line    0x00001683      0x157 .\CortexM3\ARM_GCC_541\Debug\AY1920_II_FINAL_PROJECT.a(Timer_ADC.o)
 .debug_line    0x000017da       0x98 .\CortexM3\ARM_GCC_541\Debug\AY1920_II_FINAL_PROJECT.a(Pin_LED_ext.o)
 .debug_line    0x00001872      0x137 .\CortexM3\ARM_GCC_541\Debug\AY1920_II_FINAL_PROJECT.a(isr_STREAM.o)
 .debug_line    0x000019a9      0x15a .\CortexM3\ARM_GCC_541\Debug\AY1920_II_FINAL_PROJECT.a(Timer_STREAM.o)
 .debug_line    0x00001b03      0x134 .\CortexM3\ARM_GCC_541\Debug\AY1920_II_FINAL_PROJECT.a(isr_INT.o)
 .debug_line    0x00001c37      0x18c .\CortexM3\ARM_GCC_541\Debug\AY1920_II_FINAL_PROJECT.a(PWM_BLINK.o)
 .debug_line    0x00001dc3       0x91 .\CortexM3\ARM_GCC_541\Debug\AY1920_II_FINAL_PROJECT.a(CS_2.o)
 .debug_line    0x00001e54       0x91 .\CortexM3\ARM_GCC_541\Debug\AY1920_II_FINAL_PROJECT.a(CS_1.o)
 .debug_line    0x00001ee5      0x133 .\CortexM3\ARM_GCC_541\Debug\AY1920_II_FINAL_PROJECT.a(isr_RX.o)
 .debug_line    0x00002018      0x37f .\CortexM3\ARM_GCC_541\Debug\AY1920_II_FINAL_PROJECT.a(ADC_DelSig.o)
 .debug_line    0x00002397       0x87 .\CortexM3\ARM_GCC_541\Debug\AY1920_II_FINAL_PROJECT.a(ADC_DelSig_INT.o)
 .debug_line    0x0000241e       0xa8 .\CortexM3\ARM_GCC_541\Debug\AY1920_II_FINAL_PROJECT.a(AMux.o)
 .debug_line    0x000024c6      0x2bc .\CortexM3\ARM_GCC_541\Debug\AY1920_II_FINAL_PROJECT.a(UART.o)
 .debug_line    0x00002782      0x2a8 .\CortexM3\ARM_GCC_541\Debug\AY1920_II_FINAL_PROJECT.a(SPIM_EEPROM.o)
 .debug_line    0x00002a2a       0xb4 .\CortexM3\ARM_GCC_541\Debug\AY1920_II_FINAL_PROJECT.a(SPIM_EEPROM_INT.o)
 .debug_line    0x00002ade      0x2a8 .\CortexM3\ARM_GCC_541\Debug\AY1920_II_FINAL_PROJECT.a(SPIM_LIS3DH.o)
 .debug_line    0x00002d86       0xb4 .\CortexM3\ARM_GCC_541\Debug\AY1920_II_FINAL_PROJECT.a(SPIM_LIS3DH_INT.o)
 .debug_line    0x00002e3a       0xb3 .\CortexM3\ARM_GCC_541\Debug\AY1920_II_FINAL_PROJECT.a(ADC_DelSig_AMux.o)
 .debug_line    0x00002eed      0x184 .\CortexM3\ARM_GCC_541\Debug\AY1920_II_FINAL_PROJECT.a(ADC_DelSig_Ext_CP_Clk.o)
 .debug_line    0x00003071      0x13b .\CortexM3\ARM_GCC_541\Debug\AY1920_II_FINAL_PROJECT.a(ADC_DelSig_IRQ.o)
 .debug_line    0x000031ac      0x1a4 .\CortexM3\ARM_GCC_541\Debug\AY1920_II_FINAL_PROJECT.a(ADC_DelSig_theACLK.o)
 .debug_line    0x00003350      0x17c .\CortexM3\ARM_GCC_541\Debug\AY1920_II_FINAL_PROJECT.a(UART_IntClock.o)
 .debug_line    0x000034cc      0x183 .\CortexM3\ARM_GCC_541\Debug\AY1920_II_FINAL_PROJECT.a(SPIM_EEPROM_IntClock.o)
 .debug_line    0x0000364f      0x183 .\CortexM3\ARM_GCC_541\Debug\AY1920_II_FINAL_PROJECT.a(SPIM_LIS3DH_IntClock.o)
 .debug_line    0x000037d2      0x2e4 .\CortexM3\ARM_GCC_541\Debug\AY1920_II_FINAL_PROJECT.a(CyDmac.o)
 .debug_line    0x00003ab6      0x816 .\CortexM3\ARM_GCC_541\Debug\AY1920_II_FINAL_PROJECT.a(CyLib.o)
 .debug_line    0x000042cc      0x367 .\CortexM3\ARM_GCC_541\Debug\AY1920_II_FINAL_PROJECT.a(cyPm.o)
 .debug_line    0x00004633      0x13a .\CortexM3\ARM_GCC_541\Debug\AY1920_II_FINAL_PROJECT.a(isr_TIMER_ADC.o)
 .debug_line    0x0000476d       0x80 .\CortexM3\ARM_GCC_541\Debug\AY1920_II_FINAL_PROJECT.a(DMA_dma.o)
 .debug_line    0x000047ed      0x134 .\CortexM3\ARM_GCC_541\Debug\AY1920_II_FINAL_PROJECT.a(isr_DMA.o)
 .debug_line    0x00004921      0x136 .\CortexM3\ARM_GCC_541\Debug\AY1920_II_FINAL_PROJECT.a(isr_INDEX.o)
 .debug_line    0x00004a57      0x160 .\CortexM3\ARM_GCC_541\Debug\AY1920_II_FINAL_PROJECT.a(Counter_INDEX.o)
 .debug_line    0x00004bb7      0x136 .\CortexM3\ARM_GCC_541\Debug\AY1920_II_FINAL_PROJECT.a(isr_RESET.o)
 .debug_line    0x00004ced      0x160 .\CortexM3\ARM_GCC_541\Debug\AY1920_II_FINAL_PROJECT.a(Counter_RESET.o)
 .debug_line    0x00004e4d       0x66 .\CortexM3\ARM_GCC_541\Debug\AY1920_II_FINAL_PROJECT.a(CyBootAsmGnu.o)
 .debug_line    0x00004eb3      0x21a .\CortexM3\ARM_GCC_541\Debug\AY1920_II_FINAL_PROJECT.a(CyFlash.o)
 .debug_line    0x000050cd      0x260 .\CortexM3\ARM_GCC_541\Debug\AY1920_II_FINAL_PROJECT.a(CySpc.o)

.debug_frame    0x00000000     0x374c
 *(.debug_frame)
 .debug_frame   0x00000000       0xe4 .\CortexM3\ARM_GCC_541\Debug\main.o
 .debug_frame   0x000000e4      0x134 .\CortexM3\ARM_GCC_541\Debug\25LC256.o
 .debug_frame   0x00000218       0xe0 .\CortexM3\ARM_GCC_541\Debug\SPI_Interface.o
 .debug_frame   0x000002f8       0xe4 .\CortexM3\ARM_GCC_541\Debug\LIS3DH.o
 .debug_frame   0x000003dc       0xe4 .\CortexM3\ARM_GCC_541\Debug\InterruptRoutines.o
 .debug_frame   0x000004c0       0x30 .\CortexM3\ARM_GCC_541\Debug\DMARoutines.o
 .debug_frame   0x000004f0      0x13c .\CortexM3\ARM_GCC_541\Debug\cyfitter_cfg.o
 .debug_frame   0x0000062c       0xb8 .\CortexM3\ARM_GCC_541\Debug\Cm3Start.o
 .debug_frame   0x000006e4      0x108 .\CortexM3\ARM_GCC_541\Debug\AY1920_II_FINAL_PROJECT.a(Timer_ADC.o)
 .debug_frame   0x000007ec       0x50 .\CortexM3\ARM_GCC_541\Debug\AY1920_II_FINAL_PROJECT.a(Pin_LED_ext.o)
 .debug_frame   0x0000083c      0x104 .\CortexM3\ARM_GCC_541\Debug\AY1920_II_FINAL_PROJECT.a(isr_STREAM.o)
 .debug_frame   0x00000940      0x108 .\CortexM3\ARM_GCC_541\Debug\AY1920_II_FINAL_PROJECT.a(Timer_STREAM.o)
 .debug_frame   0x00000a48      0x104 .\CortexM3\ARM_GCC_541\Debug\AY1920_II_FINAL_PROJECT.a(isr_INT.o)
 .debug_frame   0x00000b4c      0x134 .\CortexM3\ARM_GCC_541\Debug\AY1920_II_FINAL_PROJECT.a(PWM_BLINK.o)
 .debug_frame   0x00000c80       0x50 .\CortexM3\ARM_GCC_541\Debug\AY1920_II_FINAL_PROJECT.a(CS_2.o)
 .debug_frame   0x00000cd0       0x50 .\CortexM3\ARM_GCC_541\Debug\AY1920_II_FINAL_PROJECT.a(CS_1.o)
 .debug_frame   0x00000d20      0x104 .\CortexM3\ARM_GCC_541\Debug\AY1920_II_FINAL_PROJECT.a(isr_RX.o)
 .debug_frame   0x00000e24      0x290 .\CortexM3\ARM_GCC_541\Debug\AY1920_II_FINAL_PROJECT.a(ADC_DelSig.o)