Archive member included to satisfy reference by file (symbol)

.\CortexM3\ARM_GCC_541\Debug\AY1920_II_FINAL_PROJECT.a(Timer_ADC.o)
                              .\CortexM3\ARM_GCC_541\Debug\main.o (Timer_ADC_Stop)
.\CortexM3\ARM_GCC_541\Debug\AY1920_II_FINAL_PROJECT.a(Pin_LED_ext.o)
                              .\CortexM3\ARM_GCC_541\Debug\InterruptRoutines.o (Pin_LED_ext_Write)
.\CortexM3\ARM_GCC_541\Debug\AY1920_II_FINAL_PROJECT.a(isr_STREAM.o)
                              .\CortexM3\ARM_GCC_541\Debug\main.o (isr_STREAM_StartEx)
.\CortexM3\ARM_GCC_541\Debug\AY1920_II_FINAL_PROJECT.a(Timer_STREAM.o)
                              .\CortexM3\ARM_GCC_541\Debug\InterruptRoutines.o (Timer_STREAM_Stop)
.\CortexM3\ARM_GCC_541\Debug\AY1920_II_FINAL_PROJECT.a(isr_INT.o)
                              .\CortexM3\ARM_GCC_541\Debug\main.o (isr_INT_StartEx)
.\CortexM3\ARM_GCC_541\Debug\AY1920_II_FINAL_PROJECT.a(PWM_BLINK.o)
                              .\CortexM3\ARM_GCC_541\Debug\main.o (PWM_BLINK_WritePeriod)
.\CortexM3\ARM_GCC_541\Debug\AY1920_II_FINAL_PROJECT.a(blink_clock.o)
                              .\CortexM3\ARM_GCC_541\Debug\main.o (blink_clock_Start)
.\CortexM3\ARM_GCC_541\Debug\AY1920_II_FINAL_PROJECT.a(CS_2.o)
                              .\CortexM3\ARM_GCC_541\Debug\SPI_Interface.o (CS_2_Write)
.\CortexM3\ARM_GCC_541\Debug\AY1920_II_FINAL_PROJECT.a(CS_1.o)
                              .\CortexM3\ARM_GCC_541\Debug\SPI_Interface.o (CS_1_Write)
.\CortexM3\ARM_GCC_541\Debug\AY1920_II_FINAL_PROJECT.a(isr_RX.o)
                              .\CortexM3\ARM_GCC_541\Debug\main.o (isr_RX_StartEx)
.\CortexM3\ARM_GCC_541\Debug\AY1920_II_FINAL_PROJECT.a(ADC_DelSig.o)
                              .\CortexM3\ARM_GCC_541\Debug\main.o (ADC_DelSig_Start)
.\CortexM3\ARM_GCC_541\Debug\AY1920_II_FINAL_PROJECT.a(ADC_DelSig_INT.o)
                              .\CortexM3\ARM_GCC_541\Debug\AY1920_II_FINAL_PROJECT.a(ADC_DelSig.o) (ADC_DelSig_ISR1)
.\CortexM3\ARM_GCC_541\Debug\AY1920_II_FINAL_PROJECT.a(AMux.o)
                              .\CortexM3\ARM_GCC_541\Debug\main.o (AMux_Start)
.\CortexM3\ARM_GCC_541\Debug\AY1920_II_FINAL_PROJECT.a(UART.o)
                              .\CortexM3\ARM_GCC_541\Debug\main.o (UART_Start)
.\CortexM3\ARM_GCC_541\Debug\AY1920_II_FINAL_PROJECT.a(SPIM_EEPROM.o)
                              .\CortexM3\ARM_GCC_541\Debug\SPI_Interface.o (SPIM_EEPROM_ReadTxStatus)
.\CortexM3\ARM_GCC_541\Debug\AY1920_II_FINAL_PROJECT.a(SPIM_EEPROM_INT.o)
                              .\CortexM3\ARM_GCC_541\Debug\AY1920_II_FINAL_PROJECT.a(SPIM_EEPROM.o) (SPIM_EEPROM_TX_ISR)
.\CortexM3\ARM_GCC_541\Debug\AY1920_II_FINAL_PROJECT.a(SPIM_LIS3DH.o)
                              .\CortexM3\ARM_GCC_541\Debug\SPI_Interface.o (SPIM_LIS3DH_ReadTxStatus)
.\CortexM3\ARM_GCC_541\Debug\AY1920_II_FINAL_PROJECT.a(SPIM_LIS3DH_INT.o)
                              .\CortexM3\ARM_GCC_541\Debug\AY1920_II_FINAL_PROJECT.a(SPIM_LIS3DH.o) (SPIM_LIS3DH_TX_ISR)
.\CortexM3\ARM_GCC_541\Debug\AY1920_II_FINAL_PROJECT.a(ADC_DelSig_AMux.o)
                              .\CortexM3\ARM_GCC_541\Debug\AY1920_II_FINAL_PROJECT.a(ADC_DelSig.o) (ADC_DelSig_AMux_Select)
.\CortexM3\ARM_GCC_541\Debug\AY1920_II_FINAL_PROJECT.a(ADC_DelSig_Ext_CP_Clk.o)
                              .\CortexM3\ARM_GCC_541\Debug\AY1920_II_FINAL_PROJECT.a(ADC_DelSig.o) (ADC_DelSig_Ext_CP_Clk_SetModeRegister)
.\CortexM3\ARM_GCC_541\Debug\AY1920_II_FINAL_PROJECT.a(ADC_DelSig_IRQ.o)
                              .\CortexM3\ARM_GCC_541\Debug\main.o (ADC_DelSig_IRQ_Start)
.\CortexM3\ARM_GCC_541\Debug\AY1920_II_FINAL_PROJECT.a(ADC_DelSig_theACLK.o)
                              .\CortexM3\ARM_GCC_541\Debug\AY1920_II_FINAL_PROJECT.a(ADC_DelSig.o) (ADC_DelSig_theACLK_SetModeRegister)
.\CortexM3\ARM_GCC_541\Debug\AY1920_II_FINAL_PROJECT.a(UART_IntClock.o)
                              .\CortexM3\ARM_GCC_541\Debug\AY1920_II_FINAL_PROJECT.a(UART.o) (UART_IntClock_Start)
.\CortexM3\ARM_GCC_541\Debug\AY1920_II_FINAL_PROJECT.a(SPIM_EEPROM_IntClock.o)
                              .\CortexM3\ARM_GCC_541\Debug\AY1920_II_FINAL_PROJECT.a(SPIM_EEPROM.o) (SPIM_EEPROM_IntClock_Start)
.\CortexM3\ARM_GCC_541\Debug\AY1920_II_FINAL_PROJECT.a(SPIM_LIS3DH_IntClock.o)
                              .\CortexM3\ARM_GCC_541\Debug\AY1920_II_FINAL_PROJECT.a(SPIM_LIS3DH.o) (SPIM_LIS3DH_IntClock_Start)
.\CortexM3\ARM_GCC_541\Debug\AY1920_II_FINAL_PROJECT.a(CyDmac.o)
                              .\CortexM3\ARM_GCC_541\Debug\Cm3Start.o (CyDmacConfigure)
.\CortexM3\ARM_GCC_541\Debug\AY1920_II_FINAL_PROJECT.a(CyLib.o)
                              .\CortexM3\ARM_GCC_541\Debug\Cm3Start.o (CyHalt)
.\CortexM3\ARM_GCC_541\Debug\AY1920_II_FINAL_PROJECT.a(cyPm.o)
                              .\CortexM3\ARM_GCC_541\Debug\AY1920_II_FINAL_PROJECT.a(CyLib.o) (CyPmReadStatus)
.\CortexM3\ARM_GCC_541\Debug\AY1920_II_FINAL_PROJECT.a(isr_TIMER_ADC.o)
[...]
Memory Configuration

Name             Origin             Length             Attributes
rom              0x00000000         0x00040000         xr
ram              0x1fff8000         0x00010000         xrw
*default*        0x00000000         0xffffffff

Linker script and memory map

LOAD c:/program files (x86)/cypress/psoc creator/4.3/psoc creator/import/gnu/arm/5.4.1/bin/../lib/gcc/arm-none-eabi/5.4.1/armv7-m/crti.o
LOAD c:/program files (x86)/cypress/psoc creator/4.3/psoc creator/import/gnu/arm/5.4.1/bin/../lib/gcc/arm-none-eabi/5.4.1/armv7-m/crtbegin.o
LOAD c:/program files (x86)/cypress/psoc creator/4.3/psoc creator/import/gnu/arm/5.4.1/bin/../lib/gcc/arm-none-eabi/5.4.1/../../../../arm-none-eabi/lib/armv7-m/crt0.o
START GROUP
LOAD .\CortexM3\ARM_GCC_541\Debug\main.o
LOAD .\CortexM3\ARM_GCC_541\Debug\25LC256.o
LOAD .\CortexM3\ARM_GCC_541\Debug\SPI_Interface.o
LOAD .\CortexM3\ARM_GCC_541\Debug\LIS3DH.o
LOAD .\CortexM3\ARM_GCC_541\Debug\InterruptRoutines.o
LOAD .\CortexM3\ARM_GCC_541\Debug\DMARoutines.o
LOAD .\CortexM3\ARM_GCC_541\Debug\cyfitter_cfg.o
LOAD .\CortexM3\ARM_GCC_541\Debug\cymetadata.o
LOAD .\CortexM3\ARM_GCC_541\Debug\Cm3Start.o
LOAD .\CortexM3\ARM_GCC_541\Debug\AY1920_II_FINAL_PROJECT.a
LOAD C:\Program Files (x86)\Cypress\PSoC Creator\4.3\PSoC Creator\psoc\content\cycomponentlibrary\CyComponentLibrary.cylib\CortexM3\ARM_GCC_541\Debug\CyComponentLibrary.a
END GROUP
START GROUP
LOAD c:/program files (x86)/cypress/psoc creator/4.3/psoc creator/import/gnu/arm/5.4.1/bin/../lib/gcc/arm-none-eabi/5.4.1/armv7-m\libgcc.a
LOAD c:/program files (x86)/cypress/psoc creator/4.3/psoc creator/import/gnu/arm/5.4.1/bin/../lib/gcc/arm-none-eabi/5.4.1/../../../../arm-none-eabi/lib/armv7-m\libg_nano.a
LOAD c:/program files (x86)/cypress/psoc creator/4.3/psoc creator/import/gnu/arm/5.4.1/bin/../lib/gcc/arm-none-eabi/5.4.1/../../../../arm-none-eabi/lib/armv7-m\libc_nano.a
END GROUP
START GROUP
LOAD c:/program files (x86)/cypress/psoc creator/4.3/psoc creator/import/gnu/arm/5.4.1/bin/../lib/gcc/arm-none-eabi/5.4.1/armv7-m\libgcc.a
LOAD c:/program files (x86)/cypress/psoc creator/4.3/psoc creator/import/gnu/arm/5.4.1/bin/../lib/gcc/arm-none-eabi/5.4.1/../../../../arm-none-eabi/lib/armv7-m\libc_nano.a
END GROUP
LOAD c:/program files (x86)/cypress/psoc creator/4.3/psoc creator/import/gnu/arm/5.4.1/bin/../lib/gcc/arm-none-eabi/5.4.1/armv7-m/crtend.o
LOAD c:/program files (x86)/cypress/psoc creator/4.3/psoc creator/import/gnu/arm/5.4.1/bin/../lib/gcc/arm-none-eabi/5.4.1/armv7-m/crtn.o
START GROUP
LOAD c:/program files (x86)/cypress/psoc creator/4.3/psoc creator/import/gnu/arm/5.4.1/bin/../lib/gcc/arm-none-eabi/5.4.1/armv7-m\libgcc.a
LOAD c:/program files (x86)/cypress/psoc creator/4.3/psoc creator/import/gnu/arm/5.4.1/bin/../lib/gcc/arm-none-eabi/5.4.1/../../../../arm-none-eabi/lib/armv7-m\libc.a
LOAD c:/program files (x86)/cypress/psoc creator/4.3/psoc creator/import/gnu/arm/5.4.1/bin/../lib/gcc/arm-none-eabi/5.4.1/../../../../arm-none-eabi/lib/armv7-m\libnosys.a
END GROUP
                0x00000000                CY_APPL_ORIGIN = 0x0
                0x00000100                CY_FLASH_ROW_SIZE = 0x100
                0x00000020                CY_ECC_ROW_SIZE = 0x20
                0x00000000                CY_EE_IN_BTLDR = 0x0
                0x00000000                CY_APPL_LOADABLE = 0x0
                0x00000800                CY_EE_SIZE = 0x800
                0x00000001                CY_APPL_NUM = 0x1
                0x00000001                CY_APPL_MAX = 0x1
                0x00000040                CY_METADATA_SIZE = 0x40
                0x00000000                CY_APPL_LOADABLE = 0x0
                0x00000000                CY_CHECKSUM_EXCLUDE_SIZE = ALIGN (0x0, CY_FLASH_ROW_SIZE)
                [!provide]                PROVIDE (__cy_heap_start, _end)
                0x00000001                PROVIDE (__cy_region_num, ((__cy_regions_end - __cy_regions) / 0x10))
                0x20008000                PROVIDE (__cy_stack, (ORIGIN (ram) + LENGTH (ram)))
                [!provide]                PROVIDE (__cy_heap_end, (__cy_stack - 0x800))

.cybootloader   0x00000000        0x0
 *(.cybootloader)
                0x00000000                appl1_start = CY_APPL_ORIGIN?CY_APPL_ORIGIN:ALIGN (CY_FLASH_ROW_SIZE)
                0x0001ff00                appl2_start = (appl1_start + ALIGN ((((LENGTH (rom) - appl1_start) - (0x2 * CY_FLASH_ROW_SIZE)) / 0x2), CY_FLASH_ROW_SIZE))
                0x00000000                appl_start = (CY_APPL_NUM == 0x1)?appl1_start:appl2_start
                0x00000000                ecc_offset = ((appl_start / CY_FLASH_ROW_SIZE) * CY_ECC_ROW_SIZE)
                0x00000000                ee_offset = (CY_APPL_LOADABLE && ! (CY_EE_IN_BTLDR))?((CY_EE_SIZE / CY_APPL_MAX) * (CY_APPL_NUM - 0x1)):0x0
                0x00000800                ee_size = (CY_APPL_LOADABLE && ! (CY_EE_IN_BTLDR))?(CY_EE_SIZE / CY_APPL_MAX):CY_EE_SIZE
                [!provide]                PROVIDE (CY_ECC_OFFSET, ecc_offset)

.text           0x00000000     0x4580
 CREATE_OBJECT_SYMBOLS
                0x00000000                PROVIDE (__cy_interrupt_vector, RomVectors)
 *(.romvectors)
 .romvectors    0x00000000       0x10 .\CortexM3\ARM_GCC_541\Debug\Cm3Start.o
                0x00000000                RomVectors
                0x00000001                ASSERT ((. != __cy_interrupt_vector), No interrupt vector)
                0x00000001                ASSERT (CY_APPL_ORIGIN?(SIZEOF (.cybootloader) <= CY_APPL_ORIGIN):0x1, Wrong image location)
                0x00000010                PROVIDE (__cy_reset, Reset)
 *(.text.Reset)
 .text.Reset    0x00000010       0x18 .\CortexM3\ARM_GCC_541\Debug\Cm3Start.o
                0x00000010                Reset
                0x00000001                ASSERT ((. != __cy_reset), No reset code)
 *(.dma_init)
                0x00000001                ASSERT ((((appl_start + .) <= 0x10000) || 0x1), DMA Init must be within the first 64k of flash)
 *(.text .text.* .gnu.linkonce.t.*)
 .text          0x00000028       0x5c c:/program files (x86)/cypress/psoc creator/4.3/psoc creator/import/gnu/arm/5.4.1/bin/../lib/gcc/arm-none-eabi/5.4.1/armv7-m/crtbegin.o
 .text.CompressData
                0x00000084       0x80 .\CortexM3\ARM_GCC_541\Debug\main.o
                0x00000084                CompressData
 .text.DeCompressData
                0x00000104       0x48 .\CortexM3\ARM_GCC_541\Debug\main.o
                0x00000104                DeCompressData
 *fill*         0x0000014c        0x4 
 .text.SampledToBridge
                0x00000150      0x114 .\CortexM3\ARM_GCC_541\Debug\main.o
                0x00000150                SampledToBridge
 .text.UART_Debug_BCP
                0x00000264       0x34 .\CortexM3\ARM_GCC_541\Debug\main.o
                0x00000264                UART_Debug_BCP
 .text.ShowMenu
                0x00000298       0xf0 .\CortexM3\ARM_GCC_541\Debug\main.o
                0x00000298                ShowMenu
 .text.main     0x00000388      0x524 .\CortexM3\ARM_GCC_541\Debug\main.o
                0x00000388                main
 .text.EEPROM_readStatus
                0x000008ac        0xc .\CortexM3\ARM_GCC_541\Debug\25LC256.o
                0x000008ac                EEPROM_readStatus
 .text.EEPROM_writeEnable
                0x000008b8        0xc .\CortexM3\ARM_GCC_541\Debug\25LC256.o
                0x000008b8                EEPROM_writeEnable
 .text.EEPROM_readByte
                0x000008c4       0x30 .\CortexM3\ARM_GCC_541\Debug\25LC256.o
                0x000008c4                EEPROM_readByte
 .text.EEPROM_writeByte
                0x000008f4       0x38 .\CortexM3\ARM_GCC_541\Debug\25LC256.o
                0x000008f4                EEPROM_writeByte
 .text.EEPROM_readPage
                0x0000092c       0x24 .\CortexM3\ARM_GCC_541\Debug\25LC256.o
                0x0000092c                EEPROM_readPage
 .text.EEPROM_loadSettings
                0x00000950       0x1c .\CortexM3\ARM_GCC_541\Debug\25LC256.o
                0x00000950                EEPROM_loadSettings
 .text.EEPROM_writePage
                0x0000096c       0x6c .\CortexM3\ARM_GCC_541\Debug\25LC256.o
                0x0000096c                EEPROM_writePage
 .text.EEPROM_waitForWriteComplete
                0x000009d8       0x10 .\CortexM3\ARM_GCC_541\Debug\25LC256.o
                0x000009d8                EEPROM_waitForWriteComplete
 .text.SPI_Interface_tradeByte_EEPROM
                0x000009e8       0x2c .\CortexM3\ARM_GCC_541\Debug\SPI_Interface.o
                0x000009e8                SPI_Interface_tradeByte_EEPROM
 .text.SPI_Interface_ReadByte_LIS3DH
                0x00000a14       0x34 .\CortexM3\ARM_GCC_541\Debug\SPI_Interface.o
                0x00000a14                SPI_Interface_ReadByte_LIS3DH
 .text.SPI_Interface_ReadByte_EEPROM
                0x00000a48       0x34 .\CortexM3\ARM_GCC_541\Debug\SPI_Interface.o
                0x00000a48                SPI_Interface_ReadByte_EEPROM
 .text.SPI_Interface_WriteByte_LIS3DH
                0x00000a7c       0x34 .\CortexM3\ARM_GCC_541\Debug\SPI_Interface.o
                0x00000a7c                SPI_Interface_WriteByte_LIS3DH
 .text.SPI_Interface_Multi_RW_LIS3DH
                0x00000ab0       0xb8 .\CortexM3\ARM_GCC_541\Debug\SPI_Interface.o
                0x00000ab0                SPI_Interface_Multi_RW_LIS3DH
 .text.SPI_Interface_Multi_RW_EEPROM
                0x00000b68       0xb8 .\CortexM3\ARM_GCC_541\Debug\SPI_Interface.o
                0x00000b68                SPI_Interface_Multi_RW_EEPROM
 .text.LIS3DH_unzipConfig
                0x00000c20       0x78 .\CortexM3\ARM_GCC_541\Debug\LIS3DH.o
                0x00000c20                LIS3DH_unzipConfig
 .text.LIS3DH_zipConfig
                0x00000c98       0x5c .\CortexM3\ARM_GCC_541\Debug\LIS3DH.o
                0x00000c98                LIS3DH_zipConfig
 .text.LIS3DH_readStatus
                0x00000cf4        0xc .\CortexM3\ARM_GCC_541\Debug\LIS3DH.o
                0x00000cf4                LIS3DH_readStatus
 .text.LIS3DH_readByte
                0x00000d00        0xc .\CortexM3\ARM_GCC_541\Debug\LIS3DH.o
                0x00000d00                LIS3DH_readByte
 .text.LIS3DH_writeByte
                0x00000d0c       0x18 .\CortexM3\ARM_GCC_541\Debug\LIS3DH.o
                0x00000d0c                LIS3DH_writeByte
 .text.LIS3DH_Init
                0x00000d24       0x30 .\CortexM3\ARM_GCC_541\Debug\LIS3DH.o
                0x00000d24                LIS3DH_Init
 .text.LIS3DH_setConfig
                0x00000d54       0x28 .\CortexM3\ARM_GCC_541\Debug\LIS3DH.o
                0x00000d54                LIS3DH_setConfig
 .text.LIS3DH_readPage
                0x00000d7c       0x20 .\CortexM3\ARM_GCC_541\Debug\LIS3DH.o
                0x00000d7c                LIS3DH_readPage
 .text.Custom_ISR_RX
                0x00000d9c      0x384 .\CortexM3\ARM_GCC_541\Debug\InterruptRoutines.o
                0x00000d9c                Custom_ISR_RX
 .text.Custom_ISR_OVRN
                0x00001120        0xc .\CortexM3\ARM_GCC_541\Debug\InterruptRoutines.o
                0x00001120                Custom_ISR_OVRN
 .text.Custom_ISR_STREAM
                0x0000112c        0xc .\CortexM3\ARM_GCC_541\Debug\InterruptRoutines.o
                0x0000112c                Custom_ISR_STREAM
 .text.Custom_ISR_DMA
                0x00001138        0xc .\CortexM3\ARM_GCC_541\Debug\InterruptRoutines.o
                0x00001138                Custom_ISR_DMA
 .text.Custom_ISR_TIMER
                0x00001144        0x8 .\CortexM3\ARM_GCC_541\Debug\InterruptRoutines.o
                0x00001144                Custom_ISR_TIMER
 .text.Custom_ISR_INDEX
                0x0000114c       0x4c .\CortexM3\ARM_GCC_541\Debug\InterruptRoutines.o
                0x0000114c                Custom_ISR_INDEX
 .text.Custom_ISR_RESET
                0x00001198       0x2c .\CortexM3\ARM_GCC_541\Debug\InterruptRoutines.o
                0x00001198                Custom_ISR_RESET
 .text.DMA_Config
                0x000011c4       0x48 .\CortexM3\ARM_GCC_541\Debug\DMARoutines.o
                0x000011c4                DMA_Config
 .text.CyClockStartupError
                0x0000120c        0x4 .\CortexM3\ARM_GCC_541\Debug\cyfitter_cfg.o
 .text.cfg_write_bytes32
                0x00001210       0x34 .\CortexM3\ARM_GCC_541\Debug\cyfitter_cfg.o
 .text.AnalogSetDefault
                0x00001244       0x30 .\CortexM3\ARM_GCC_541\Debug\cyfitter_cfg.o
 .text.CYMEMZERO
                0x00001274        0xc .\CortexM3\ARM_GCC_541\Debug\cyfitter_cfg.o
 .text.CYCONFIGCPY
                0x00001280        0x8 .\CortexM3\ARM_GCC_541\Debug\cyfitter_cfg.o
 .text.ClockSetup
                0x00001288      0x124 .\CortexM3\ARM_GCC_541\Debug\cyfitter_cfg.o
 .text.AMux_Set
                0x000013ac       0x34 .\CortexM3\ARM_GCC_541\Debug\cyfitter_cfg.o
                0x000013ac                AMux_Set
 .text.AMux_Unset
                0x000013e0       0x38 .\CortexM3\ARM_GCC_541\Debug\cyfitter_cfg.o
                0x000013e0                AMux_Unset
 .text.ADC_DelSig_AMux_Set
                0x00001418       0x1c .\CortexM3\ARM_GCC_541\Debug\cyfitter_cfg.o
                0x00001418                ADC_DelSig_AMux_Set
 .text.ADC_DelSig_AMux_Unset
                0x00001434       0x20 .\CortexM3\ARM_GCC_541\Debug\cyfitter_cfg.o
                0x00001434                ADC_DelSig_AMux_Unset
 .text.cyfitter_cfg
                0x00001454      0x150 .\CortexM3\ARM_GCC_541\Debug\cyfitter_cfg.o
                0x00001454                cyfitter_cfg
 .text.IntDefaultHandler
                0x000015a4       0x10 .\CortexM3\ARM_GCC_541\Debug\Cm3Start.o
                0x000015a4                IntDefaultHandler
 .text._sbrk    0x000015b4       0x30 .\CortexM3\ARM_GCC_541\Debug\Cm3Start.o
                0x000015b4                _sbrk
 .text.Start_c  0x000015e4       0x4c .\CortexM3\ARM_GCC_541\Debug\Cm3Start.o
                0x000015e4                Start_c
 .text.initialize_psoc
                0x00001630       0x6c .\CortexM3\ARM_GCC_541\Debug\Cm3Start.o
                0x00001630                initialize_psoc
 .text.Timer_ADC_Enable
                0x0000169c       0x28 .\CortexM3\ARM_GCC_541\Debug\AY1920_II_FINAL_PROJECT.a(Timer_ADC.o)
                0x0000169c                Timer_ADC_Enable
 .text.Timer_ADC_Stop
                0x000016c4       0x28 .\CortexM3\ARM_GCC_541\Debug\AY1920_II_FINAL_PROJECT.a(Timer_ADC.o)
                0x000016c4                Timer_ADC_Stop
 .text.Timer_ADC_SetInterruptMode
                0x000016ec        0xc .\CortexM3\ARM_GCC_541\Debug\AY1920_II_FINAL_PROJECT.a(Timer_ADC.o)
                0x000016ec                Timer_ADC_SetInterruptMode
 .text.Timer_ADC_ReadStatusRegister
                0x000016f8        0xc .\CortexM3\ARM_GCC_541\Debug\AY1920_II_FINAL_PROJECT.a(Timer_ADC.o)
                0x000016f8                Timer_ADC_ReadStatusRegister
 .text.Timer_ADC_WritePeriod
                0x00001704        0xc .\CortexM3\ARM_GCC_541\Debug\AY1920_II_FINAL_PROJECT.a(Timer_ADC.o)
                0x00001704                Timer_ADC_WritePeriod
 .text.Timer_ADC_WriteCounter
                0x00001710        0xc .\CortexM3\ARM_GCC_541\Debug\AY1920_II_FINAL_PROJECT.a(Timer_ADC.o)
                0x00001710                Timer_ADC_WriteCounter
 .text.Timer_ADC_Init
                0x0000171c       0x68 .\CortexM3\ARM_GCC_541\Debug\AY1920_II_FINAL_PROJECT.a(Timer_ADC.o)
                0x0000171c                Timer_ADC_Init
 .text.Timer_ADC_Start
                0x00001784       0x1c .\CortexM3\ARM_GCC_541\Debug\AY1920_II_FINAL_PROJECT.a(Timer_ADC.o)
                0x00001784                Timer_ADC_Start
 .text.Pin_LED_ext_Write
                0x000017a0       0x18 .\CortexM3\ARM_GCC_541\Debug\AY1920_II_FINAL_PROJECT.a(Pin_LED_ext.o)
                0x000017a0                Pin_LED_ext_Write
 .text.isr_STREAM_SetVector
                0x000017b8        0xc .\CortexM3\ARM_GCC_541\Debug\AY1920_II_FINAL_PROJECT.a(isr_STREAM.o)
                0x000017b8                isr_STREAM_SetVector
 .text.isr_STREAM_SetPriority
                0x000017c4       0x10 .\CortexM3\ARM_GCC_541\Debug\AY1920_II_FINAL_PROJECT.a(isr_STREAM.o)
                0x000017c4                isr_STREAM_SetPriority
 .text.isr_STREAM_Enable
                0x000017d4       0x10 .\CortexM3\ARM_GCC_541\Debug\AY1920_II_FINAL_PROJECT.a(isr_STREAM.o)
                0x000017d4                isr_STREAM_Enable
 .text.isr_STREAM_Disable
                0x000017e4       0x10 .\CortexM3\ARM_GCC_541\Debug\AY1920_II_FINAL_PROJECT.a(isr_STREAM.o)
                0x000017e4                isr_STREAM_Disable
 .text.isr_STREAM_StartEx
                0x000017f4       0x1c .\CortexM3\ARM_GCC_541\Debug\AY1920_II_FINAL_PROJECT.a(isr_STREAM.o)
                0x000017f4                isr_STREAM_StartEx
 .text.Timer_STREAM_Enable
                0x00001810       0x28 .\CortexM3\ARM_GCC_541\Debug\AY1920_II_FINAL_PROJECT.a(Timer_STREAM.o)
                0x00001810                Timer_STREAM_Enable
 .text.Timer_STREAM_Stop
                0x00001838       0x28 .\CortexM3\ARM_GCC_541\Debug\AY1920_II_FINAL_PROJECT.a(Timer_STREAM.o)
                0x00001838                Timer_STREAM_Stop
 .text.Timer_STREAM_SetInterruptMode
                0x00001860        0xc .\CortexM3\ARM_GCC_541\Debug\AY1920_II_FINAL_PROJECT.a(Timer_STREAM.o)
                0x00001860                Timer_STREAM_SetInterruptMode
 .text.Timer_STREAM_WritePeriod
                0x0000186c        0xc .\CortexM3\ARM_GCC_541\Debug\AY1920_II_FINAL_PROJECT.a(Timer_STREAM.o)
                0x0000186c                Timer_STREAM_WritePeriod
 .text.Timer_STREAM_WriteCounter
                0x00001878        0xc .\CortexM3\ARM_GCC_541\Debug\AY1920_II_FINAL_PROJECT.a(Timer_STREAM.o)
                0x00001878                Timer_STREAM_WriteCounter
 .text.Timer_STREAM_Init
                0x00001884       0x68 .\CortexM3\ARM_GCC_541\Debug\AY1920_II_FINAL_PROJECT.a(Timer_STREAM.o)
                0x00001884                Timer_STREAM_Init
 .text.Timer_STREAM_Start
                0x000018ec       0x1c .\CortexM3\ARM_GCC_541\Debug\AY1920_II_FINAL_PROJECT.a(Timer_STREAM.o)
                0x000018ec                Timer_STREAM_Start
 .text.isr_INT_SetVector
                0x00001908        0xc .\CortexM3\ARM_GCC_541\Debug\AY1920_II_FINAL_PROJECT.a(isr_INT.o)
                0x00001908                isr_INT_SetVector
 .text.isr_INT_SetPriority
                0x00001914       0x10 .\CortexM3\ARM_GCC_541\Debug\AY1920_II_FINAL_PROJECT.a(isr_INT.o)
                0x00001914                isr_INT_SetPriority
 .text.isr_INT_Enable
                0x00001924        0xc .\CortexM3\ARM_GCC_541\Debug\AY1920_II_FINAL_PROJECT.a(isr_INT.o)
                0x00001924                isr_INT_Enable
 .text.isr_INT_Disable
                0x00001930        0xc .\CortexM3\ARM_GCC_541\Debug\AY1920_II_FINAL_PROJECT.a(isr_INT.o)
                0x00001930                isr_INT_Disable
 .text.isr_INT_StartEx
                0x0000193c       0x1c .\CortexM3\ARM_GCC_541\Debug\AY1920_II_FINAL_PROJECT.a(isr_INT.o)
                0x0000193c                isr_INT_StartEx
 .text.isr_INT_SetPending
                0x00001958        0xc .\CortexM3\ARM_GCC_541\Debug\AY1920_II_FINAL_PROJECT.a(isr_INT.o)
                0x00001958                isr_INT_SetPending
 .text.PWM_BLINK_Enable
                0x00001964       0x10 .\CortexM3\ARM_GCC_541\Debug\AY1920_II_FINAL_PROJECT.a(PWM_BLINK.o)
                0x00001964                PWM_BLINK_Enable
 .text.PWM_BLINK_WriteCounter
                0x00001974        0xc .\CortexM3\ARM_GCC_541\Debug\AY1920_II_FINAL_PROJECT.a(PWM_BLINK.o)
                0x00001974                PWM_BLINK_WriteCounter
 .text.PWM_BLINK_WritePeriod
                0x00001980        0xc .\CortexM3\ARM_GCC_541\Debug\AY1920_II_FINAL_PROJECT.a(PWM_BLINK.o)
                0x00001980                PWM_BLINK_WritePeriod
 .text.PWM_BLINK_WriteCompare
                0x0000198c        0xc .\CortexM3\ARM_GCC_541\Debug\AY1920_II_FINAL_PROJECT.a(PWM_BLINK.o)
                0x0000198c                PWM_BLINK_WriteCompare
 .text.PWM_BLINK_SetInterruptMode
                0x00001998        0xc .\CortexM3\ARM_GCC_541\Debug\AY1920_II_FINAL_PROJECT.a(PWM_BLINK.o)
                0x00001998                PWM_BLINK_SetInterruptMode
 .text.PWM_BLINK_ReadStatusRegister
                0x000019a4        0xc .\CortexM3\ARM_GCC_541\Debug\AY1920_II_FINAL_PROJECT.a(PWM_BLINK.o)
                0x000019a4                PWM_BLINK_ReadStatusRegister
 .text.PWM_BLINK_ReadCapture
                0x000019b0        0xc .\CortexM3\ARM_GCC_541\Debug\AY1920_II_FINAL_PROJECT.a(PWM_BLINK.o)
                0x000019b0                PWM_BLINK_ReadCapture
 .text.PWM_BLINK_ClearFIFO
                0x000019bc       0x14 .\CortexM3\ARM_GCC_541\Debug\AY1920_II_FINAL_PROJECT.a(PWM_BLINK.o)
                0x000019bc                PWM_BLINK_ClearFIFO
 .text.PWM_BLINK_Init
                0x000019d0       0x5c .\CortexM3\ARM_GCC_541\Debug\AY1920_II_FINAL_PROJECT.a(PWM_BLINK.o)
                0x000019d0                PWM_BLINK_Init
 .text.PWM_BLINK_Start
                0x00001a2c       0x1c .\CortexM3\ARM_GCC_541\Debug\AY1920_II_FINAL_PROJECT.a(PWM_BLINK.o)
                0x00001a2c                PWM_BLINK_Start
 .text.blink_clock_Start
                0x00001a48       0x1c .\CortexM3\ARM_GCC_541\Debug\AY1920_II_FINAL_PROJECT.a(blink_clock.o)
                0x00001a48                blink_clock_Start
 .text.CS_2_Write
                0x00001a64       0x18 .\CortexM3\ARM_GCC_541\Debug\AY1920_II_FINAL_PROJECT.a(CS_2.o)
                0x00001a64                CS_2_Write
 .text.CS_1_Write
                0x00001a7c       0x18 .\CortexM3\ARM_GCC_541\Debug\AY1920_II_FINAL_PROJECT.a(CS_1.o)
                0x00001a7c                CS_1_Write
 .text.isr_RX_SetVector
                0x00001a94        0xc .\CortexM3\ARM_GCC_541\Debug\AY1920_II_FINAL_PROJECT.a(isr_RX.o)
                0x00001a94                isr_RX_SetVector
 .text.isr_RX_SetPriority
                0x00001aa0       0x10 .\CortexM3\ARM_GCC_541\Debug\AY1920_II_FINAL_PROJECT.a(isr_RX.o)
                0x00001aa0                isr_RX_SetPriority
 .text.isr_RX_Enable
                0x00001ab0       0x10 .\CortexM3\ARM_GCC_541\Debug\AY1920_II_FINAL_PROJECT.a(isr_RX.o)
                0x00001ab0                isr_RX_Enable
 .text.isr_RX_Disable
                0x00001ac0       0x10 .\CortexM3\ARM_GCC_541\Debug\AY1920_II_FINAL_PROJECT.a(isr_RX.o)
                0x00001ac0                isr_RX_Disable
 .text.isr_RX_StartEx
                0x00001ad0       0x1c .\CortexM3\ARM_GCC_541\Debug\AY1920_II_FINAL_PROJECT.a(isr_RX.o)
                0x00001ad0                isr_RX_StartEx
 .text.ADC_DelSig_GainCompensation
                0x00001aec       0xdc .\CortexM3\ARM_GCC_541\Debug\AY1920_II_FINAL_PROJECT.a(ADC_DelSig.o)
 .text.ADC_DelSig_SetDSMRef0Reg
                0x00001bc8       0x4c .\CortexM3\ARM_GCC_541\Debug\AY1920_II_FINAL_PROJECT.a(ADC_DelSig.o)
 .text.ADC_DelSig_InitConfig
                0x00001c14       0xec .\CortexM3\ARM_GCC_541\Debug\AY1920_II_FINAL_PROJECT.a(ADC_DelSig.o)
 .text.ADC_DelSig_Init
                0x00001d00       0xc4 .\CortexM3\ARM_GCC_541\Debug\AY1920_II_FINAL_PROJECT.a(ADC_DelSig.o)
                0x00001d00                ADC_DelSig_Init
 .text.ADC_DelSig_Enable
                0x00001dc4       0xd8 .\CortexM3\ARM_GCC_541\Debug\AY1920_II_FINAL_PROJECT.a(ADC_DelSig.o)
                0x00001dc4                ADC_DelSig_Enable
 .text.ADC_DelSig_Start
                0x00001e9c       0x28 .\CortexM3\ARM_GCC_541\Debug\AY1920_II_FINAL_PROJECT.a(ADC_DelSig.o)
                0x00001e9c                ADC_DelSig_Start
 .text.ADC_DelSig_CountsTo_mVolts
                0x00001ec4       0x24 .\CortexM3\ARM_GCC_541\Debug\AY1920_II_FINAL_PROJECT.a(ADC_DelSig.o)
                0x00001ec4                ADC_DelSig_CountsTo_mVolts
 .text.ADC_DelSig_ISR1
                0x00001ee8        0x4 .\CortexM3\ARM_GCC_541\Debug\AY1920_II_FINAL_PROJECT.a(ADC_DelSig_INT.o)
                0x00001ee8                ADC_DelSig_ISR1
 .text.AMux_Start
                0x00001eec       0x20 .\CortexM3\ARM_GCC_541\Debug\AY1920_II_FINAL_PROJECT.a(AMux.o)
                0x00001eec                AMux_Start
 .text.AMux_Select
                0x00001f0c       0x18 .\CortexM3\ARM_GCC_541\Debug\AY1920_II_FINAL_PROJECT.a(AMux.o)
                0x00001f0c                AMux_Select
 .text.UART_Init
                0x00001f24       0x28 .\CortexM3\ARM_GCC_541\Debug\AY1920_II_FINAL_PROJECT.a(UART.o)
                0x00001f24                UART_Init
 .text.UART_Enable
                0x00001f4c       0x38 .\CortexM3\ARM_GCC_541\Debug\AY1920_II_FINAL_PROJECT.a(UART.o)
                0x00001f4c                UART_Enable
 .text.UART_Start
                0x00001f84       0x1c .\CortexM3\ARM_GCC_541\Debug\AY1920_II_FINAL_PROJECT.a(UART.o)
                0x00001f84                UART_Start
 .text.UART_GetChar
                0x00001fa0       0x2c .\CortexM3\ARM_GCC_541\Debug\AY1920_II_FINAL_PROJECT.a(UART.o)
                0x00001fa0                UART_GetChar
 .text.UART_PutChar
                0x00001fcc       0x18 .\CortexM3\ARM_GCC_541\Debug\AY1920_II_FINAL_PROJECT.a(UART.o)
                0x00001fcc                UART_PutChar
 .text.UART_PutString
                0x00001fe4       0x24 .\CortexM3\ARM_GCC_541\Debug\AY1920_II_FINAL_PROJECT.a(UART.o)
                0x00001fe4                UART_PutString
 .text.SPIM_EEPROM_EnableTxInt
                0x00002008        0xc .\CortexM3\ARM_GCC_541\Debug\AY1920_II_FINAL_PROJECT.a(SPIM_EEPROM.o)
                0x00002008                SPIM_EEPROM_EnableTxInt
 .text.SPIM_EEPROM_EnableRxInt
                0x00002014        0xc .\CortexM3\ARM_GCC_541\Debug\AY1920_II_FINAL_PROJECT.a(SPIM_EEPROM.o)
                0x00002014                SPIM_EEPROM_EnableRxInt
 .text.SPIM_EEPROM_Enable
                0x00002020       0x40 .\CortexM3\ARM_GCC_541\Debug\AY1920_II_FINAL_PROJECT.a(SPIM_EEPROM.o)
                0x00002020                SPIM_EEPROM_Enable
 .text.SPIM_EEPROM_DisableTxInt
                0x00002060        0xc .\CortexM3\ARM_GCC_541\Debug\AY1920_II_FINAL_PROJECT.a(SPIM_EEPROM.o)
                0x00002060                SPIM_EEPROM_DisableTxInt
 .text.SPIM_EEPROM_DisableRxInt
                0x0000206c        0xc .\CortexM3\ARM_GCC_541\Debug\AY1920_II_FINAL_PROJECT.a(SPIM_EEPROM.o)
                0x0000206c                SPIM_EEPROM_DisableRxInt
 .text.SPIM_EEPROM_ReadTxStatus
                0x00002078       0x28 .\CortexM3\ARM_GCC_541\Debug\AY1920_II_FINAL_PROJECT.a(SPIM_EEPROM.o)
                0x00002078                SPIM_EEPROM_ReadTxStatus
 .text.SPIM_EEPROM_ReadRxStatus
                0x000020a0       0x28 .\CortexM3\ARM_GCC_541\Debug\AY1920_II_FINAL_PROJECT.a(SPIM_EEPROM.o)
                0x000020a0                SPIM_EEPROM_ReadRxStatus
 .text.SPIM_EEPROM_WriteTxData
                0x000020c8       0xd4 .\CortexM3\ARM_GCC_541\Debug\AY1920_II_FINAL_PROJECT.a(SPIM_EEPROM.o)
                0x000020c8                SPIM_EEPROM_WriteTxData
 .text.SPIM_EEPROM_ReadRxData
                0x0000219c       0x64 .\CortexM3\ARM_GCC_541\Debug\AY1920_II_FINAL_PROJECT.a(SPIM_EEPROM.o)
                0x0000219c                SPIM_EEPROM_ReadRxData
 .text.SPIM_EEPROM_ClearRxBuffer
                0x00002200       0x40 .\CortexM3\ARM_GCC_541\Debug\AY1920_II_FINAL_PROJECT.a(SPIM_EEPROM.o)
                0x00002200                SPIM_EEPROM_ClearRxBuffer
 .text.SPIM_EEPROM_ClearTxBuffer
                0x00002240       0x54 .\CortexM3\ARM_GCC_541\Debug\AY1920_II_FINAL_PROJECT.a(SPIM_EEPROM.o)
                0x00002240                SPIM_EEPROM_ClearTxBuffer
 .text.SPIM_EEPROM_PutArray
                0x00002294       0x20 .\CortexM3\ARM_GCC_541\Debug\AY1920_II_FINAL_PROJECT.a(SPIM_EEPROM.o)
                0x00002294                SPIM_EEPROM_PutArray
 .text.SPIM_EEPROM_ClearFIFO
                0x000022b4       0x3c .\CortexM3\ARM_GCC_541\Debug\AY1920_II_FINAL_PROJECT.a(SPIM_EEPROM.o)
                0x000022b4                SPIM_EEPROM_ClearFIFO
 .text.SPIM_EEPROM_Init
                0x000022f0       0x94 .\CortexM3\ARM_GCC_541\Debug\AY1920_II_FINAL_PROJECT.a(SPIM_EEPROM.o)
                0x000022f0                SPIM_EEPROM_Init
 .text.SPIM_EEPROM_Start
                0x00002384       0x1c .\CortexM3\ARM_GCC_541\Debug\AY1920_II_FINAL_PROJECT.a(SPIM_EEPROM.o)
                0x00002384                SPIM_EEPROM_Start
 .text.SPIM_EEPROM_TX_ISR
                0x000023a0       0xa0 .\CortexM3\ARM_GCC_541\Debug\AY1920_II_FINAL_PROJECT.a(SPIM_EEPROM_INT.o)
                0x000023a0                SPIM_EEPROM_TX_ISR
 .text.SPIM_EEPROM_RX_ISR
                0x00002440       0xa0 .\CortexM3\ARM_GCC_541\Debug\AY1920_II_FINAL_PROJECT.a(SPIM_EEPROM_INT.o)
                0x00002440                SPIM_EEPROM_RX_ISR
 .text.SPIM_LIS3DH_EnableTxInt
                0x000024e0        0xc .\CortexM3\ARM_GCC_541\Debug\AY1920_II_FINAL_PROJECT.a(SPIM_LIS3DH.o)
                0x000024e0                SPIM_LIS3DH_EnableTxInt
 .text.SPIM_LIS3DH_EnableRxInt
                0x000024ec        0xc .\CortexM3\ARM_GCC_541\Debug\AY1920_II_FINAL_PROJECT.a(SPIM_LIS3DH.o)
                0x000024ec                SPIM_LIS3DH_EnableRxInt
 .text.SPIM_LIS3DH_Enable
                0x000024f8       0x3c .\CortexM3\ARM_GCC_541\Debug\AY1920_II_FINAL_PROJECT.a(SPIM_LIS3DH.o)
                0x000024f8                SPIM_LIS3DH_Enable
 .text.SPIM_LIS3DH_DisableTxInt
                0x00002534        0xc .\CortexM3\ARM_GCC_541\Debug\AY1920_II_FINAL_PROJECT.a(SPIM_LIS3DH.o)
                0x00002534                SPIM_LIS3DH_DisableTxInt
 .text.SPIM_LIS3DH_DisableRxInt
                0x00002540        0xc .\CortexM3\ARM_GCC_541\Debug\AY1920_II_FINAL_PROJECT.a(SPIM_LIS3DH.o)
                0x00002540                SPIM_LIS3DH_DisableRxInt
 .text.SPIM_LIS3DH_ReadTxStatus
                0x0000254c       0x28 .\CortexM3\ARM_GCC_541\Debug\AY1920_II_FINAL_PROJECT.a(SPIM_LIS3DH.o)
                0x0000254c                SPIM_LIS3DH_ReadTxStatus
 .text.SPIM_LIS3DH_ReadRxStatus
                0x00002574       0x28 .\CortexM3\ARM_GCC_541\Debug\AY1920_II_FINAL_PROJECT.a(SPIM_LIS3DH.o)
                0x00002574                SPIM_LIS3DH_ReadRxStatus
 .text.SPIM_LIS3DH_WriteTxData
                0x0000259c       0xd4 .\CortexM3\ARM_GCC_541\Debug\AY1920_II_FINAL_PROJECT.a(SPIM_LIS3DH.o)
                0x0000259c                SPIM_LIS3DH_WriteTxData
 .text.SPIM_LIS3DH_ReadRxData
                0x00002670       0x64 .\CortexM3\ARM_GCC_541\Debug\AY1920_II_FINAL_PROJECT.a(SPIM_LIS3DH.o)
                0x00002670                SPIM_LIS3DH_ReadRxData
 .text.SPIM_LIS3DH_ClearRxBuffer
                0x000026d4       0x40 .\CortexM3\ARM_GCC_541\Debug\AY1920_II_FINAL_PROJECT.a(SPIM_LIS3DH.o)
                0x000026d4                SPIM_LIS3DH_ClearRxBuffer
 .text.SPIM_LIS3DH_ClearTxBuffer
                0x00002714       0x54 .\CortexM3\ARM_GCC_541\Debug\AY1920_II_FINAL_PROJECT.a(SPIM_LIS3DH.o)
                0x00002714                SPIM_LIS3DH_ClearTxBuffer
 .text.SPIM_LIS3DH_PutArray
                0x00002768       0x20 .\CortexM3\ARM_GCC_541\Debug\AY1920_II_FINAL_PROJECT.a(SPIM_LIS3DH.o)
                0x00002768                SPIM_LIS3DH_PutArray
 .text.SPIM_LIS3DH_ClearFIFO
                0x00002788       0x3c .\CortexM3\ARM_GCC_541\Debug\AY1920_II_FINAL_PROJECT.a(SPIM_LIS3DH.o)
                0x00002788                SPIM_LIS3DH_ClearFIFO
 .text.SPIM_LIS3DH_Init
                0x000027c4       0x94 .\CortexM3\ARM_GCC_541\Debug\AY1920_II_FINAL_PROJECT.a(SPIM_LIS3DH.o)
                0x000027c4                SPIM_LIS3DH_Init
 .text.SPIM_LIS3DH_Start
                0x00002858       0x1c .\CortexM3\ARM_GCC_541\Debug\AY1920_II_FINAL_PROJECT.a(SPIM_LIS3DH.o)
                0x00002858                SPIM_LIS3DH_Start
 .text.SPIM_LIS3DH_TX_ISR
                0x00002874       0xa0 .\CortexM3\ARM_GCC_541\Debug\AY1920_II_FINAL_PROJECT.a(SPIM_LIS3DH_INT.o)
                0x00002874                SPIM_LIS3DH_TX_ISR
 .text.SPIM_LIS3DH_RX_ISR
                0x00002914       0xa0 .\CortexM3\ARM_GCC_541\Debug\AY1920_II_FINAL_PROJECT.a(SPIM_LIS3DH_INT.o)
                0x00002914                SPIM_LIS3DH_RX_ISR
 .text.ADC_DelSig_AMux_Start
                0x000029b4       0x20 .\CortexM3\ARM_GCC_541\Debug\AY1920_II_FINAL_PROJECT.a(ADC_DelSig_AMux.o)
                0x000029b4                ADC_DelSig_AMux_Start
 .text.ADC_DelSig_AMux_Select
                0x000029d4       0x18 .\CortexM3\ARM_GCC_541\Debug\AY1920_II_FINAL_PROJECT.a(ADC_DelSig_AMux.o)
                0x000029d4                ADC_DelSig_AMux_Select
 .text.ADC_DelSig_Ext_CP_Clk_GetDividerRegister
                0x000029ec        0xc .\CortexM3\ARM_GCC_541\Debug\AY1920_II_FINAL_PROJECT.a(ADC_DelSig_Ext_CP_Clk.o)
                0x000029ec                ADC_DelSig_Ext_CP_Clk_GetDividerRegister
 .text.ADC_DelSig_Ext_CP_Clk_SetModeRegister
                0x000029f8       0x14 .\CortexM3\ARM_GCC_541\Debug\AY1920_II_FINAL_PROJECT.a(ADC_DelSig_Ext_CP_Clk.o)
                0x000029f8                ADC_DelSig_Ext_CP_Clk_SetModeRegister
 .text.ADC_DelSig_Ext_CP_Clk_GetSourceRegister
                0x00002a0c       0x10 .\CortexM3\ARM_GCC_541\Debug\AY1920_II_FINAL_PROJECT.a(ADC_DelSig_Ext_CP_Clk.o)
                0x00002a0c                ADC_DelSig_Ext_CP_Clk_GetSourceRegister
 .text.ADC_DelSig_Ext_CP_Clk_SetDividerRegister
                0x00002a1c       0xd8 .\CortexM3\ARM_GCC_541\Debug\AY1920_II_FINAL_PROJECT.a(ADC_DelSig_Ext_CP_Clk.o)
                0x00002a1c                ADC_DelSig_Ext_CP_Clk_SetDividerRegister
 .text.ADC_DelSig_IRQ_Interrupt
                0x00002af4        0x4 .\CortexM3\ARM_GCC_541\Debug\AY1920_II_FINAL_PROJECT.a(ADC_DelSig_IRQ.o)
                0x00002af4                ADC_DelSig_IRQ_Interrupt
 .text.ADC_DelSig_IRQ_SetVector
                0x00002af8       0x10 .\CortexM3\ARM_GCC_541\Debug\AY1920_II_FINAL_PROJECT.a(ADC_DelSig_IRQ.o)
                0x00002af8                ADC_DelSig_IRQ_SetVector
 .text.ADC_DelSig_IRQ_SetPriority
                0x00002b08       0x10 .\CortexM3\ARM_GCC_541\Debug\AY1920_II_FINAL_PROJECT.a(ADC_DelSig_IRQ.o)
                0x00002b08                ADC_DelSig_IRQ_SetPriority
 .text.ADC_DelSig_IRQ_Enable
                0x00002b18       0x10 .\CortexM3\ARM_GCC_541\Debug\AY1920_II_FINAL_PROJECT.a(ADC_DelSig_IRQ.o)
                0x00002b18                ADC_DelSig_IRQ_Enable
 .text.ADC_DelSig_IRQ_Disable
                0x00002b28       0x10 .\CortexM3\ARM_GCC_541\Debug\AY1920_II_FINAL_PROJECT.a(ADC_DelSig_IRQ.o)
                0x00002b28                ADC_DelSig_IRQ_Disable
 .text.ADC_DelSig_IRQ_Start
                0x00002b38       0x1c .\CortexM3\ARM_GCC_541\Debug\AY1920_II_FINAL_PROJECT.a(ADC_DelSig_IRQ.o)
                0x00002b38                ADC_DelSig_IRQ_Start
 .text.ADC_DelSig_theACLK_GetDividerRegister
                0x00002b54        0xc .\CortexM3\ARM_GCC_541\Debug\AY1920_II_FINAL_PROJECT.a(ADC_DelSig_theACLK.o)
                0x00002b54                ADC_DelSig_theACLK_GetDividerRegister
 .text.ADC_DelSig_theACLK_SetModeRegister
                0x00002b60       0x14 .\CortexM3\ARM_GCC_541\Debug\AY1920_II_FINAL_PROJECT.a(ADC_DelSig_theACLK.o)
                0x00002b60                ADC_DelSig_theACLK_SetModeRegister
 .text.ADC_DelSig_theACLK_GetSourceRegister
                0x00002b74       0x10 .\CortexM3\ARM_GCC_541\Debug\AY1920_II_FINAL_PROJECT.a(ADC_DelSig_theACLK.o)
                0x00002b74                ADC_DelSig_theACLK_GetSourceRegister
 .text.ADC_DelSig_theACLK_SetDividerRegister
                0x00002b84       0xd8 .\CortexM3\ARM_GCC_541\Debug\AY1920_II_FINAL_PROJECT.a(ADC_DelSig_theACLK.o)
                0x00002b84                ADC_DelSig_theACLK_SetDividerRegister
 .text.UART_IntClock_Start
                0x00002c5c       0x1c .\CortexM3\ARM_GCC_541\Debug\AY1920_II_FINAL_PROJECT.a(UART_IntClock.o)
                0x00002c5c                UART_IntClock_Start
 .text.SPIM_EEPROM_IntClock_Start
                0x00002c78       0x1c .\CortexM3\ARM_GCC_541\Debug\AY1920_II_FINAL_PROJECT.a(SPIM_EEPROM_IntClock.o)
                0x00002c78                SPIM_EEPROM_IntClock_Start
 .text.SPIM_LIS3DH_IntClock_Start
                0x00002c94       0x1c .\CortexM3\ARM_GCC_541\Debug\AY1920_II_FINAL_PROJECT.a(SPIM_LIS3DH_IntClock.o)
                0x00002c94                SPIM_LIS3DH_IntClock_Start
 .text.CyDmacConfigure
                0x00002cb0       0x34 .\CortexM3\ARM_GCC_541\Debug\AY1920_II_FINAL_PROJECT.a(CyDmac.o)
                0x00002cb0                CyDmacConfigure
 .text.CyDmaChEnable
                0x00002ce4       0x38 .\CortexM3\ARM_GCC_541\Debug\AY1920_II_FINAL_PROJECT.a(CyDmac.o)
                0x00002ce4                CyDmaChEnable
 .text.CyDmaChPriority
                0x00002d1c       0x24 .\CortexM3\ARM_GCC_541\Debug\AY1920_II_FINAL_PROJECT.a(CyDmac.o)
                0x00002d1c                CyDmaChPriority
 .text.CyDmaChSetExtendedAddress
                0x00002d40       0x34 .\CortexM3\ARM_GCC_541\Debug\AY1920_II_FINAL_PROJECT.a(CyDmac.o)
                0x00002d40                CyDmaChSetExtendedAddress
 .text.CyDmaChSetInitialTd
                0x00002d74       0x18 .\CortexM3\ARM_GCC_541\Debug\AY1920_II_FINAL_PROJECT.a(CyDmac.o)
                0x00002d74                CyDmaChSetInitialTd
 .text.CyDmaChSetRequest
                0x00002d8c       0x20 .\CortexM3\ARM_GCC_541\Debug\AY1920_II_FINAL_PROJECT.a(CyDmac.o)
                0x00002d8c                CyDmaChSetRequest
 .text.CyDmaChSetConfiguration
                0x00002dac       0x44 .\CortexM3\ARM_GCC_541\Debug\AY1920_II_FINAL_PROJECT.a(CyDmac.o)
                0x00002dac                CyDmaChSetConfiguration
 .text.CyDmaTdAllocate
                0x00002df0       0x34 .\CortexM3\ARM_GCC_541\Debug\AY1920_II_FINAL_PROJECT.a(CyDmac.o)
                0x00002df0                CyDmaTdAllocate
 .text.CyDmaTdSetConfiguration
                0x00002e24       0x28 .\CortexM3\ARM_GCC_541\Debug\AY1920_II_FINAL_PROJECT.a(CyDmac.o)
                0x00002e24                CyDmaTdSetConfiguration
 .text.CyDmaTdSetAddress
                0x00002e4c       0x1c .\CortexM3\ARM_GCC_541\Debug\AY1920_II_FINAL_PROJECT.a(CyDmac.o)
                0x00002e4c                CyDmaTdSetAddress
 .text.CyHalt   0x00002e68        0x4 .\CortexM3\ARM_GCC_541\Debug\AY1920_II_FINAL_PROJECT.a(CyLib.o)
                0x00002e68                CyHalt
 .text.CyDelay  0x00002e6c       0x2c .\CortexM3\ARM_GCC_541\Debug\AY1920_II_FINAL_PROJECT.a(CyLib.o)
                0x00002e6c                CyDelay
 .text.CyDelayUs
                0x00002e98       0x14 .\CortexM3\ARM_GCC_541\Debug\AY1920_II_FINAL_PROJECT.a(CyLib.o)
                0x00002e98                CyDelayUs
 .text.CyIntSetVector
                0x00002eac       0x28 .\CortexM3\ARM_GCC_541\Debug\AY1920_II_FINAL_PROJECT.a(CyLib.o)
                0x00002eac                CyIntSetVector
 .text.CyIntSetPriority
                0x00002ed4       0x30 .\CortexM3\ARM_GCC_541\Debug\AY1920_II_FINAL_PROJECT.a(CyLib.o)
                0x00002ed4                CyIntSetPriority
 .text.isr_TIMER_ADC_SetVector
                0x00002f04        0xc .\CortexM3\ARM_GCC_541\Debug\AY1920_II_FINAL_PROJECT.a(isr_TIMER_ADC.o)
                0x00002f04                isr_TIMER_ADC_SetVector
 .text.isr_TIMER_ADC_SetPriority
                0x00002f10       0x10 .\CortexM3\ARM_GCC_541\Debug\AY1920_II_FINAL_PROJECT.a(isr_TIMER_ADC.o)
                0x00002f10                isr_TIMER_ADC_SetPriority
 .text.isr_TIMER_ADC_Enable
                0x00002f20       0x10 .\CortexM3\ARM_GCC_541\Debug\AY1920_II_FINAL_PROJECT.a(isr_TIMER_ADC.o)
                0x00002f20                isr_TIMER_ADC_Enable
 .text.isr_TIMER_ADC_Disable
                0x00002f30       0x10 .\CortexM3\ARM_GCC_541\Debug\AY1920_II_FINAL_PROJECT.a(isr_TIMER_ADC.o)
                0x00002f30                isr_TIMER_ADC_Disable
 .text.isr_TIMER_ADC_StartEx
                0x00002f40       0x1c .\CortexM3\ARM_GCC_541\Debug\AY1920_II_FINAL_PROJECT.a(isr_TIMER_ADC.o)
                0x00002f40                isr_TIMER_ADC_StartEx
 .text.DMA_DmaInitialize
                0x00002f5c       0x3c .\CortexM3\ARM_GCC_541\Debug\AY1920_II_FINAL_PROJECT.a(DMA_dma.o)
                0x00002f5c                DMA_DmaInitialize
 .text.isr_DMA_SetVector
                0x00002f98        0xc .\CortexM3\ARM_GCC_541\Debug\AY1920_II_FINAL_PROJECT.a(isr_DMA.o)
                0x00002f98                isr_DMA_SetVector
 .text.isr_DMA_SetPriority
                0x00002fa4       0x10 .\CortexM3\ARM_GCC_541\Debug\AY1920_II_FINAL_PROJECT.a(isr_DMA.o)
                0x00002fa4                isr_DMA_SetPriority
 .text.isr_DMA_Enable
                0x00002fb4        0xc .\CortexM3\ARM_GCC_541\Debug\AY1920_II_FINAL_PROJECT.a(isr_DMA.o)
                0x00002fb4                isr_DMA_Enable
 .text.isr_DMA_Disable
                0x00002fc0        0xc .\CortexM3\ARM_GCC_541\Debug\AY1920_II_FINAL_PROJECT.a(isr_DMA.o)
                0x00002fc0                isr_DMA_Disable
 .text.isr_DMA_StartEx
                0x00002fcc       0x1c .\CortexM3\ARM_GCC_541\Debug\AY1920_II_FINAL_PROJECT.a(isr_DMA.o)
                0x00002fcc                isr_DMA_StartEx
 .text.isr_DMA_SetPending
                0x00002fe8        0xc .\CortexM3\ARM_GCC_541\Debug\AY1920_II_FINAL_PROJECT.a(isr_DMA.o)
                0x00002fe8                isr_DMA_SetPending
 .text.isr_INDEX_SetVector
                0x00002ff4        0xc .\CortexM3\ARM_GCC_541\Debug\AY1920_II_FINAL_PROJECT.a(isr_INDEX.o)
                0x00002ff4                isr_INDEX_SetVector
 .text.isr_INDEX_SetPriority
                0x00003000       0x10 .\CortexM3\ARM_GCC_541\Debug\AY1920_II_FINAL_PROJECT.a(isr_INDEX.o)
                0x00003000                isr_INDEX_SetPriority
 .text.isr_INDEX_Enable
                0x00003010        0xc .\CortexM3\ARM_GCC_541\Debug\AY1920_II_FINAL_PROJECT.a(isr_INDEX.o)
                0x00003010                isr_INDEX_Enable
 .text.isr_INDEX_Disable
                0x0000301c        0xc .\CortexM3\ARM_GCC_541\Debug\AY1920_II_FINAL_PROJECT.a(isr_INDEX.o)
                0x0000301c                isr_INDEX_Disable
 .text.isr_INDEX_StartEx
                0x00003028       0x1c .\CortexM3\ARM_GCC_541\Debug\AY1920_II_FINAL_PROJECT.a(isr_INDEX.o)
                0x00003028                isr_INDEX_StartEx
 .text.Counter_INDEX_Enable
                0x00003044       0x28 .\CortexM3\ARM_GCC_541\Debug\AY1920_II_FINAL_PROJECT.a(Counter_INDEX.o)
                0x00003044                Counter_INDEX_Enable
 .text.Counter_INDEX_SetInterruptMode
                0x0000306c        0xc .\CortexM3\ARM_GCC_541\Debug\AY1920_II_FINAL_PROJECT.a(Counter_INDEX.o)
                0x0000306c                Counter_INDEX_SetInterruptMode
 .text.Counter_INDEX_WriteCounter
                0x00003078       0x34 .\CortexM3\ARM_GCC_541\Debug\AY1920_II_FINAL_PROJECT.a(Counter_INDEX.o)
                0x00003078                Counter_INDEX_WriteCounter
 .text.Counter_INDEX_WritePeriod
                0x000030ac        0xc .\CortexM3\ARM_GCC_541\Debug\AY1920_II_FINAL_PROJECT.a(Counter_INDEX.o)
                0x000030ac                Counter_INDEX_WritePeriod
 .text.Counter_INDEX_Init
                0x000030b8       0x74 .\CortexM3\ARM_GCC_541\Debug\AY1920_II_FINAL_PROJECT.a(Counter_INDEX.o)
                0x000030b8                Counter_INDEX_Init
 .text.Counter_INDEX_Start
                0x0000312c       0x1c .\CortexM3\ARM_GCC_541\Debug\AY1920_II_FINAL_PROJECT.a(Counter_INDEX.o)
                0x0000312c                Counter_INDEX_Start
 .text.isr_RESET_SetVector
                0x00003148        0xc .\CortexM3\ARM_GCC_541\Debug\AY1920_II_FINAL_PROJECT.a(isr_RESET.o)
                0x00003148                isr_RESET_SetVector
 .text.isr_RESET_SetPriority
                0x00003154       0x10 .\CortexM3\ARM_GCC_541\Debug\AY1920_II_FINAL_PROJECT.a(isr_RESET.o)
                0x00003154                isr_RESET_SetPriority
 .text.isr_RESET_Enable
                0x00003164        0xc .\CortexM3\ARM_GCC_541\Debug\AY1920_II_FINAL_PROJECT.a(isr_RESET.o)
                0x00003164                isr_RESET_Enable
 .text.isr_RESET_Disable
                0x00003170        0xc .\CortexM3\ARM_GCC_541\Debug\AY1920_II_FINAL_PROJECT.a(isr_RESET.o)
                0x00003170                isr_RESET_Disable
 .text.isr_RESET_StartEx
                0x0000317c       0x1c .\CortexM3\ARM_GCC_541\Debug\AY1920_II_FINAL_PROJECT.a(isr_RESET.o)
                0x0000317c                isr_RESET_StartEx
 .text.Counter_RESET_Enable
                0x00003198       0x28 .\CortexM3\ARM_GCC_541\Debug\AY1920_II_FINAL_PROJECT.a(Counter_RESET.o)
                0x00003198                Counter_RESET_Enable
 .text.Counter_RESET_SetInterruptMode
                0x000031c0        0xc .\CortexM3\ARM_GCC_541\Debug\AY1920_II_FINAL_PROJECT.a(Counter_RESET.o)
                0x000031c0                Counter_RESET_SetInterruptMode
 .text.Counter_RESET_WriteCounter
                0x000031cc       0x34 .\CortexM3\ARM_GCC_541\Debug\AY1920_II_FINAL_PROJECT.a(Counter_RESET.o)
                0x000031cc                Counter_RESET_WriteCounter
 .text.Counter_RESET_WritePeriod
                0x00003200        0xc .\CortexM3\ARM_GCC_541\Debug\AY1920_II_FINAL_PROJECT.a(Counter_RESET.o)
                0x00003200                Counter_RESET_WritePeriod
 .text.Counter_RESET_Init
                0x0000320c       0x70 .\CortexM3\ARM_GCC_541\Debug\AY1920_II_FINAL_PROJECT.a(Counter_RESET.o)
                0x0000320c                Counter_RESET_Init
 .text.Counter_RESET_Start
                0x0000327c       0x1c .\CortexM3\ARM_GCC_541\Debug\AY1920_II_FINAL_PROJECT.a(Counter_RESET.o)
                0x0000327c                Counter_RESET_Start
 .text          0x00003298       0x20 .\CortexM3\ARM_GCC_541\Debug\AY1920_II_FINAL_PROJECT.a(CyBootAsmGnu.o)
                0x00003298                CyDelayCycles
                0x000032a8                CyEnterCriticalSection
                0x000032b0                CyExitCriticalSection
 .text          0x000032b8      0x370 c:/program files (x86)/cypress/psoc creator/4.3/psoc creator/import/gnu/arm/5.4.1/bin/../lib/gcc/arm-none-eabi/5.4.1/armv7-m\libgcc.a(_arm_addsubdf3.o)
                0x000032b8                __aeabi_drsub
                0x000032c0                __aeabi_dsub
                0x000032c0                __subdf3
                0x000032c4                __aeabi_dadd
                0x000032c4                __adddf3
                0x0000353c                __floatunsidf
                0x0000353c                __aeabi_ui2d
                0x0000355c                __floatsidf
                0x0000355c                __aeabi_i2d
                0x00003580                __aeabi_f2d
                0x00003580                __extendsfdf2
                0x000035bc                __floatundidf
                0x000035bc                __aeabi_ul2d
                0x000035cc                __floatdidf
                0x000035cc                __aeabi_l2d
 .text          0x00003628      0x424 c:/program files (x86)/cypress/psoc creator/4.3/psoc creator/import/gnu/arm/5.4.1/bin/../lib/gcc/arm-none-eabi/5.4.1/armv7-m\libgcc.a(_arm_muldivdf3.o)
                0x00003628                __aeabi_dmul
                0x00003628                __muldf3
                0x0000387c                __divdf3
                0x0000387c                __aeabi_ddiv
 .text          0x00003a4c       0x50 c:/program files (x86)/cypress/psoc creator/4.3/psoc creator/import/gnu/arm/5.4.1/bin/../lib/gcc/arm-none-eabi/5.4.1/armv7-m\libgcc.a(_arm_fixdfsi.o)
                0x00003a4c                __aeabi_d2iz
                0x00003a4c                __fixdfsi
 .text          0x00003a9c      0x21c c:/program files (x86)/cypress/psoc creator/4.3/psoc creator/import/gnu/arm/5.4.1/bin/../lib/gcc/arm-none-eabi/5.4.1/armv7-m\libgcc.a(_arm_addsubsf3.o)
                0x00003a9c                __aeabi_frsub
                0x00003aa4                __subsf3
                0x00003aa4                __aeabi_fsub
                0x00003aa8                __aeabi_fadd
                0x00003aa8                __addsf3
                0x00003c08                __aeabi_ui2f
                0x00003c08                __floatunsisf
                0x00003c10                __aeabi_i2f
                0x00003c10                __floatsisf
                0x00003c2c                __aeabi_ul2f
                0x00003c2c                __floatundisf
                0x00003c3c                __aeabi_l2f
                0x00003c3c                __floatdisf
 .text.__errno  0x00003cb8        0xc c:/program files (x86)/cypress/psoc creator/4.3/psoc creator/import/gnu/arm/5.4.1/bin/../lib/gcc/arm-none-eabi/5.4.1/../../../../arm-none-eabi/lib/armv7-m\libg_nano.a(lib_a-errno.o)
                0x00003cb8                __errno
 .text.__libc_init_array
                0x00003cc4       0x4c c:/program files (x86)/cypress/psoc creator/4.3/psoc creator/import/gnu/arm/5.4.1/bin/../lib/gcc/arm-none-eabi/5.4.1/../../../../arm-none-eabi/lib/armv7-m\libg_nano.a(lib_a-init.o)
                0x00003cc4                __libc_init_array
 .text.memcpy   0x00003d10       0x16 c:/program files (x86)/cypress/psoc creator/4.3/psoc creator/import/gnu/arm/5.4.1/bin/../lib/gcc/arm-none-eabi/5.4.1/../../../../arm-none-eabi/lib/armv7-m\libg_nano.a(lib_a-memcpy-stub.o)
                0x00003d10                memcpy
 .text.memset   0x00003d26       0x10 c:/program files (x86)/cypress/psoc creator/4.3/psoc creator/import/gnu/arm/5.4.1/bin/../lib/gcc/arm-none-eabi/5.4.1/../../../../arm-none-eabi/lib/armv7-m\libg_nano.a(lib_a-memset.o)
                0x00003d26                memset
 *fill*         0x00003d36        0x2 
 .text.sprintf  0x00003d38       0x48 c:/program files (x86)/cypress/psoc creator/4.3/psoc creator/import/gnu/arm/5.4.1/bin/../lib/gcc/arm-none-eabi/5.4.1/../../../../arm-none-eabi/lib/armv7-m\libg_nano.a(lib_a-sprintf.o)
                0x00003d38                siprintf
                0x00003d38                sprintf
 .text.__ssputs_r
                0x00003d80       0xb2 c:/program files (x86)/cypress/psoc creator/4.3/psoc creator/import/gnu/arm/5.4.1/bin/../lib/gcc/arm-none-eabi/5.4.1/../../../../arm-none-eabi/lib/armv7-m\libg_nano.a(lib_a-nano-svfprintf.o)
                0x00003d80                __ssputs_r
 *fill*         0x00003e32        0x2 
 .text._svfprintf_r
                0x00003e34      0x1e8 c:/program files (x86)/cypress/psoc creator/4.3/psoc creator/import/gnu/arm/5.4.1/bin/../lib/gcc/arm-none-eabi/5.4.1/../../../../arm-none-eabi/lib/armv7-m\libg_nano.a(lib_a-nano-svfprintf.o)
                0x00003e34                _svfiprintf_r
                0x00003e34                _svfprintf_r
 .text._printf_common
                0x0000401c       0xec c:/program files (x86)/cypress/psoc creator/4.3/psoc creator/import/gnu/arm/5.4.1/bin/../lib/gcc/arm-none-eabi/5.4.1/../../../../arm-none-eabi/lib/armv7-m\libg_nano.a(lib_a-nano-vfprintf_i.o)
                0x0000401c                _printf_common
 .text._printf_i
                0x00004108      0x24c c:/program files (x86)/cypress/psoc creator/4.3/psoc creator/import/gnu/arm/5.4.1/bin/../lib/gcc/arm-none-eabi/5.4.1/../../../../arm-none-eabi/lib/armv7-m\libg_nano.a(lib_a-nano-vfprintf_i.o)
                0x00004108                _printf_i
 .text.memchr   0x00004354       0x1c c:/program files (x86)/cypress/psoc creator/4.3/psoc creator/import/gnu/arm/5.4.1/bin/../lib/gcc/arm-none-eabi/5.4.1/../../../../arm-none-eabi/lib/armv7-m\libg_nano.a(lib_a-memchr-stub.o)
                0x00004354                memchr
 .text.memmove  0x00004370       0x36 c:/program files (x86)/cypress/psoc creator/4.3/psoc creator/import/gnu/arm/5.4.1/bin/../lib/gcc/arm-none-eabi/5.4.1/../../../../arm-none-eabi/lib/armv7-m\libg_nano.a(lib_a-memmove.o)
                0x00004370                memmove
 *fill*         0x000043a6        0x2 
 .text._free_r  0x000043a8       0x98 c:/program files (x86)/cypress/psoc creator/4.3/psoc creator/import/gnu/arm/5.4.1/bin/../lib/gcc/arm-none-eabi/5.4.1/../../../../arm-none-eabi/lib/armv7-m\libg_nano.a(lib_a-nano-freer.o)
                0x000043a8                _free_r
 .text._malloc_r
                0x00004440       0xbc c:/program files (x86)/cypress/psoc creator/4.3/psoc creator/import/gnu/arm/5.4.1/bin/../lib/gcc/arm-none-eabi/5.4.1/../../../../arm-none-eabi/lib/armv7-m\libg_nano.a(lib_a-nano-mallocr.o)
                0x00004440                _malloc_r
 .text._realloc_r
                0x000044fc       0x4c c:/program files (x86)/cypress/psoc creator/4.3/psoc creator/import/gnu/arm/5.4.1/bin/../lib/gcc/arm-none-eabi/5.4.1/../../../../arm-none-eabi/lib/armv7-m\libg_nano.a(lib_a-nano-reallocr.o)
                0x000044fc                _realloc_r
 .text._sbrk_r  0x00004548       0x20 c:/program files (x86)/cypress/psoc creator/4.3/psoc creator/import/gnu/arm/5.4.1/bin/../lib/gcc/arm-none-eabi/5.4.1/../../../../arm-none-eabi/lib/armv7-m\libg_nano.a(lib_a-sbrkr.o)
                0x00004548                _sbrk_r
 .text.__malloc_lock
                0x00004568        0x2 c:/program files (x86)/cypress/psoc creator/4.3/psoc creator/import/gnu/arm/5.4.1/bin/../lib/gcc/arm-none-eabi/5.4.1/../../../../arm-none-eabi/lib/armv7-m\libg_nano.a(lib_a-mlock.o)
                0x00004568                __malloc_lock
 .text.__malloc_unlock
                0x0000456a        0x2 c:/program files (x86)/cypress/psoc creator/4.3/psoc creator/import/gnu/arm/5.4.1/bin/../lib/gcc/arm-none-eabi/5.4.1/../../../../arm-none-eabi/lib/armv7-m\libg_nano.a(lib_a-mlock.o)
                0x0000456a                __malloc_unlock
 .text._malloc_usable_size_r
                0x0000456c       0x14 c:/program files (x86)/cypress/psoc creator/4.3/psoc creator/import/gnu/arm/5.4.1/bin/../lib/gcc/arm-none-eabi/5.4.1/../../../../arm-none-eabi/lib/armv7-m\libg_nano.a(lib_a-nano-msizer.o)
                0x0000456c                _malloc_usable_size_r
 *(.plt)
 *(.gnu.warning)
 *(.glue_7t)
 .glue_7t       0x00004580        0x0 linker stubs
 *(.glue_7)
 .glue_7        0x00004580        0x0 linker stubs
 *(.vfp11_veneer)
 .vfp11_veneer  0x00004580        0x0 linker stubs
 *(.bootloader)
 *(.ARM.extab* .gnu.linkonce.armextab.*)
 *(.gcc_except_table)

.v4_bx          0x00004580        0x0
 .v4_bx         0x00004580        0x0 linker stubs

.iplt           0x00004580        0x0
 .iplt          0x00004580        0x0 c:/program files (x86)/cypress/psoc creator/4.3/psoc creator/import/gnu/arm/5.4.1/bin/../lib/gcc/arm-none-eabi/5.4.1/armv7-m/crtbegin.o

.eh_frame_hdr
 *(.eh_frame_hdr)

.eh_frame       0x00004580        0x4
 *(.eh_frame)
 .eh_frame      0x00004580        0x0 c:/program files (x86)/cypress/psoc creator/4.3/psoc creator/import/gnu/arm/5.4.1/bin/../lib/gcc/arm-none-eabi/5.4.1/armv7-m/crtbegin.o
 .eh_frame      0x00004580        0x4 c:/program files (x86)/cypress/psoc creator/4.3/psoc creator/import/gnu/arm/5.4.1/bin/../lib/gcc/arm-none-eabi/5.4.1/armv7-m/crtend.o
                [!provide]                PROVIDE (__exidx_start, .)

.ARM.exidx
 *(.ARM.exidx* .gnu.linkonce.armexidx.*)
                0x00004584                __exidx_end = .

.rodata         0x00004584      0x7d4
 *(.rodata .rodata.* .gnu.linkonce.r.*)
 .rodata        0x00004584       0x1c .\CortexM3\ARM_GCC_541\Debug\main.o
                0x00004590                Timer_Period
 .rodata.str1.4
                0x000045a0      0x421 .\CortexM3\ARM_GCC_541\Debug\main.o
 *fill*         0x000049c1        0x3 
 .rodata        0x000049c4        0x8 .\CortexM3\ARM_GCC_541\Debug\LIS3DH.o
                0x000049c4                lis3dh_dataRange_t
                0x000049c8                lis3dh_dataRate_t
 .rodata.str1.4
                0x000049cc       0x15 .\CortexM3\ARM_GCC_541\Debug\LIS3DH.o
 *fill*         0x000049e1        0x3 
 .rodata.str1.4
                0x000049e4      0x290 .\CortexM3\ARM_GCC_541\Debug\InterruptRoutines.o
 .rodata        0x00004c74       0x7a .\CortexM3\ARM_GCC_541\Debug\cyfitter_cfg.o
                0x00004c74                AMux__addrTable
                0x00004c84                AMux__maskTable
                0x00004c88                ADC_DelSig_AMux__addrTable
                0x00004c90                ADC_DelSig_AMux__maskTable
 .rodata.str1.1
                0x00004cee        0x2 c:/program files (x86)/cypress/psoc creator/4.3/psoc creator/import/gnu/arm/5.4.1/bin/../lib/gcc/arm-none-eabi/5.4.1/../../../../arm-none-eabi/lib/armv7-m\libg_nano.a(lib_a-impure.o)
 .rodata.str1.1
                0x00004cf0       0x11 c:/program files (x86)/cypress/psoc creator/4.3/psoc creator/import/gnu/arm/5.4.1/bin/../lib/gcc/arm-none-eabi/5.4.1/../../../../arm-none-eabi/lib/armv7-m\libg_nano.a(lib_a-nano-svfprintf.o)
 .rodata.str1.1
                0x00004d01       0x22 c:/program files (x86)/cypress/psoc creator/4.3/psoc creator/import/gnu/arm/5.4.1/bin/../lib/gcc/arm-none-eabi/5.4.1/../../../../arm-none-eabi/lib/armv7-m\libg_nano.a(lib_a-nano-vfprintf_i.o)
                0x00004d24                . = ALIGN (0x4)
 *fill*         0x00004d23        0x1 
 *(.init)
 .init          0x00004d24        0x4 c:/program files (x86)/cypress/psoc creator/4.3/psoc creator/import/gnu/arm/5.4.1/bin/../lib/gcc/arm-none-eabi/5.4.1/armv7-m/crti.o
                0x00004d24                _init
 .init          0x00004d28        0x8 c:/program files (x86)/cypress/psoc creator/4.3/psoc creator/import/gnu/arm/5.4.1/bin/../lib/gcc/arm-none-eabi/5.4.1/armv7-m/crtn.o
                0x00004d30                . = ALIGN (0x4)
                0x00004d30                __preinit_array_start = .
 *(.preinit_array)
                0x00004d30                __preinit_array_end = .
                0x00004d30                . = ALIGN (0x4)
                0x00004d30                __init_array_start = .
 *(SORT(.init_array.*))
 *(.init_array)
 .init_array    0x00004d30        0x4 c:/program files (x86)/cypress/psoc creator/4.3/psoc creator/import/gnu/arm/5.4.1/bin/../lib/gcc/arm-none-eabi/5.4.1/armv7-m/crtbegin.o
 .init_array    0x00004d34        0x4 .\CortexM3\ARM_GCC_541\Debug\Cm3Start.o
                0x00004d38                __init_array_end = .
                0x00004d38                . = ALIGN (0x4)
 *(.fini)
 .fini          0x00004d38        0x4 c:/program files (x86)/cypress/psoc creator/4.3/psoc creator/import/gnu/arm/5.4.1/bin/../lib/gcc/arm-none-eabi/5.4.1/armv7-m/crti.o
                0x00004d38                _fini
 .fini          0x00004d3c        0x8 c:/program files (x86)/cypress/psoc creator/4.3/psoc creator/import/gnu/arm/5.4.1/bin/../lib/gcc/arm-none-eabi/5.4.1/armv7-m/crtn.o
                0x00004d44                . = ALIGN (0x4)
                0x00004d44                __fini_array_start = .
 *(.fini_array)
 .fini_array    0x00004d44        0x4 c:/program files (x86)/cypress/psoc creator/4.3/psoc creator/import/gnu/arm/5.4.1/bin/../lib/gcc/arm-none-eabi/5.4.1/armv7-m/crtbegin.o
 *(SORT(.fini_array.*))
                0x00004d48                __fini_array_end = .
                0x00004d48                . = ALIGN (0x4)
 *crtbegin.o(.ctors)
 *(EXCLUDE_FILE(*crtend.o) .ctors)
 *(SORT(.ctors.*))
 *crtend.o(.ctors)
                0x00004d48                . = ALIGN (0x4)
 *crtbegin.o(.dtors)
 *(EXCLUDE_FILE(*crtend.o) .dtors)
 *(SORT(.dtors.*))
 *crtend.o(.dtors)
                0x00004d48                . = ALIGN (0x4)
                0x00004d48                __cy_regions = .
                0x00004d48        0x4 LONG 0x4d58 __cy_region_init_ram
                0x00004d4c        0x4 LONG 0x1fff80c8 __cy_region_start_data
                0x00004d50        0x4 LONG 0x90 __cy_region_init_size_ram
                0x00004d54        0x4 LONG 0x270 __cy_region_zero_size_ram
                0x00004d58                __cy_regions_end = .
                0x00004d58                . = ALIGN (0x8)
                0x00004d58                _etext = .

.cy_checksum_exclude
                0x00004d58        0x0
 *(.cy_checksum_exclude)

.ramvectors     0x1fff8000       0xc0
                0x1fff8000                __cy_region_start_ram = .
 *(.ramvectors)
 .ramvectors    0x1fff8000       0xc0 .\CortexM3\ARM_GCC_541\Debug\Cm3Start.o
                0x1fff8000                CyRamVectors

.noinit         0x1fff80c0        0x1
 *(.noinit)
 .noinit        0x1fff80c0        0x1 .\CortexM3\ARM_GCC_541\Debug\AY1920_II_FINAL_PROJECT.a(CyLib.o)
                0x1fff80c0                CyResetStatus

.data           0x1fff80c8       0x90 load address 0x00004d58
                0x1fff80c8                __cy_region_start_data = .
 *(.jcr)
 .jcr           0x1fff80c8        0x0 c:/program files (x86)/cypress/psoc creator/4.3/psoc creator/import/gnu/arm/5.4.1/bin/../lib/gcc/arm-none-eabi/5.4.1/armv7-m/crtbegin.o
 .jcr           0x1fff80c8        0x4 c:/program files (x86)/cypress/psoc creator/4.3/psoc creator/import/gnu/arm/5.4.1/bin/../lib/gcc/arm-none-eabi/5.4.1/armv7-m/crtend.o
 *(.got.plt)
 *(.got)
 *(.shdata)
 *(.data .data.* .gnu.linkonce.d.*)
 .data          0x1fff80cc        0x2 .\CortexM3\ARM_GCC_541\Debug\main.o
                0x1fff80cc                indexSTREAM
 *fill*         0x1fff80ce        0x2 
 .data          0x1fff80d0        0x4 .\CortexM3\ARM_GCC_541\Debug\Cm3Start.o
 .data          0x1fff80d4        0x1 .\CortexM3\ARM_GCC_541\Debug\AY1920_II_FINAL_PROJECT.a(ADC_DelSig.o)
                0x1fff80d4                ADC_DelSig_Config
 .data          0x1fff80d5        0x1 .\CortexM3\ARM_GCC_541\Debug\AY1920_II_FINAL_PROJECT.a(AMux.o)
 .data          0x1fff80d6        0x1 .\CortexM3\ARM_GCC_541\Debug\AY1920_II_FINAL_PROJECT.a(ADC_DelSig_AMux.o)
 *fill*         0x1fff80d7        0x1 
 .data          0x1fff80d8        0x8 .\CortexM3\ARM_GCC_541\Debug\AY1920_II_FINAL_PROJECT.a(CyDmac.o)
 .data          0x1fff80e0       0x10 .\CortexM3\ARM_GCC_541\Debug\AY1920_II_FINAL_PROJECT.a(CyLib.o)
                0x1fff80e0                cydelay_32k_ms
                0x1fff80e4                cydelay_freq_khz
                0x1fff80e8                cydelay_freq_mhz
                0x1fff80ec                cydelay_freq_hz
 .data          0x1fff80f0        0x1 .\CortexM3\ARM_GCC_541\Debug\AY1920_II_FINAL_PROJECT.a(DMA_dma.o)
                0x1fff80f0                DMA_DmaHandle
 *fill*         0x1fff80f1        0x3 
 .data.impure_data
                0x1fff80f4       0x60 c:/program files (x86)/cypress/psoc creator/4.3/psoc creator/import/gnu/arm/5.4.1/bin/../lib/gcc/arm-none-eabi/5.4.1/../../../../arm-none-eabi/lib/armv7-m\libg_nano.a(lib_a-impure.o)
 .data._impure_ptr
                0x1fff8154        0x4 c:/program files (x86)/cypress/psoc creator/4.3/psoc creator/import/gnu/arm/5.4.1/bin/../lib/gcc/arm-none-eabi/5.4.1/../../../../arm-none-eabi/lib/armv7-m\libg_nano.a(lib_a-impure.o)
                0x1fff8154                _impure_ptr
                0x1fff8158                . = ALIGN (0x8)
 *(.ram)
                0x1fff8158                _edata = .

.igot.plt       0x1fff8158        0x0 load address 0x00004de8
 .igot.plt      0x1fff8158        0x0 c:/program files (x86)/cypress/psoc creator/4.3/psoc creator/import/gnu/arm/5.4.1/bin/../lib/gcc/arm-none-eabi/5.4.1/armv7-m/crtbegin.o

.bss            0x1fff8158      0x270 load address 0x00004de8
                0x1fff8158                PROVIDE (__bss_start__, .)
 *(.shbss)
 *(.bss .bss.* .gnu.linkonce.b.*)
 .bss           0x1fff8158       0x1c c:/program files (x86)/cypress/psoc creator/4.3/psoc creator/import/gnu/arm/5.4.1/bin/../lib/gcc/arm-none-eabi/5.4.1/armv7-m/crtbegin.o
 .bss           0x1fff8174        0x2 .\CortexM3\ARM_GCC_541\Debug\main.o
                0x1fff8174                dataReady_DMA
                0x1fff8175                memoryFull
 *fill*         0x1fff8176        0x2 
 .bss           0x1fff8178        0x4 .\CortexM3\ARM_GCC_541\Debug\InterruptRoutines.o
                0x1fff8178                configSets
                0x1fff817a                dataReady_FIFO
                0x1fff817b                dataReady_STREAM
 .bss           0x1fff817c        0x1 .\CortexM3\ARM_GCC_541\Debug\AY1920_II_FINAL_PROJECT.a(Timer_ADC.o)
                0x1fff817c                Timer_ADC_initVar
 .bss           0x1fff817d        0x1 .\CortexM3\ARM_GCC_541\Debug\AY1920_II_FINAL_PROJECT.a(Timer_STREAM.o)
                0x1fff817d                Timer_STREAM_initVar
 .bss           0x1fff817e        0x1 .\CortexM3\ARM_GCC_541\Debug\AY1920_II_FINAL_PROJECT.a(PWM_BLINK.o)
                0x1fff817e                PWM_BLINK_initVar
 *fill*         0x1fff817f        0x1 
 .bss           0x1fff8180        0xc .\CortexM3\ARM_GCC_541\Debug\AY1920_II_FINAL_PROJECT.a(ADC_DelSig.o)
                0x1fff8184                ADC_DelSig_stopConversion
                0x1fff8185                ADC_DelSig_convDone
                0x1fff8186                ADC_DelSig_initVar
                0x1fff8187                ADC_DelSig_started
                0x1fff8188                ADC_DelSig_Offset
 .bss           0x1fff818c        0x2 .\CortexM3\ARM_GCC_541\Debug\AY1920_II_FINAL_PROJECT.a(UART.o)
                0x1fff818c                UART_initVar
 .bss           0x1fff818e        0x1 .\CortexM3\ARM_GCC_541\Debug\AY1920_II_FINAL_PROJECT.a(SPIM_EEPROM.o)
                0x1fff818e                SPIM_EEPROM_initVar
 .bss           0x1fff818f        0x1 .\CortexM3\ARM_GCC_541\Debug\AY1920_II_FINAL_PROJECT.a(SPIM_LIS3DH.o)
                0x1fff818f                SPIM_LIS3DH_initVar
 .bss           0x1fff8190        0x1 .\CortexM3\ARM_GCC_541\Debug\AY1920_II_FINAL_PROJECT.a(Counter_INDEX.o)
                0x1fff8190                Counter_INDEX_initVar
 .bss           0x1fff8191        0x1 .\CortexM3\ARM_GCC_541\Debug\AY1920_II_FINAL_PROJECT.a(Counter_RESET.o)
                0x1fff8191                Counter_RESET_initVar
 *fill*         0x1fff8192        0x2 
 .bss.__malloc_sbrk_start
                0x1fff8194        0x4 c:/program files (x86)/cypress/psoc creator/4.3/psoc creator/import/gnu/arm/5.4.1/bin/../lib/gcc/arm-none-eabi/5.4.1/../../../../arm-none-eabi/lib/armv7-m\libg_nano.a(lib_a-nano-mallocr.o)
                0x1fff8194                __malloc_sbrk_start
 .bss.__malloc_free_list
                0x1fff8198        0x4 c:/program files (x86)/cypress/psoc creator/4.3/psoc creator/import/gnu/arm/5.4.1/bin/../lib/gcc/arm-none-eabi/5.4.1/../../../../arm-none-eabi/lib/armv7-m\libg_nano.a(lib_a-nano-mallocr.o)
                0x1fff8198                __malloc_free_list
 *(COMMON)
 COMMON         0x1fff819c      0x1d2 .\CortexM3\ARM_GCC_541\Debug\main.o
                0x1fff819c                indexEEPROM_BCP
                0x1fff819e                frequency
                0x1fff81a0                indexEEPROM
                0x1fff81a4                dataFIFO
                0x1fff8264                ADCBuffer
                0x1fff82a4                bufferUART
                0x1fff836c                reg_value
                0x1fff836d                ResetButton
 *fill*         0x1fff836e        0x2 
 COMMON         0x1fff8370        0xc .\CortexM3\ARM_GCC_541\Debug\InterruptRoutines.o
                0x1fff8370                cfg_reg_old
                0x1fff8374                data_config
                0x1fff8378                cfg_reg
                0x1fff8379                ch_receveid
                0x1fff837a                ControlFlag
                0x1fff837b                update_cfg_reg
 COMMON         0x1fff837c        0x1 .\CortexM3\ARM_GCC_541\Debug\DMARoutines.o
                0x1fff837c                DMA_Chan
 *fill*         0x1fff837d        0x3 
 COMMON         0x1fff8380        0x4 .\CortexM3\ARM_GCC_541\Debug\AY1920_II_FINAL_PROJECT.a(ADC_DelSig.o)
                0x1fff8380                ADC_DelSig_CountsPerVolt
 COMMON         0x1fff8384       0x1d .\CortexM3\ARM_GCC_541\Debug\AY1920_II_FINAL_PROJECT.a(SPIM_EEPROM.o)
                0x1fff8384                SPIM_EEPROM_swStatusTx
                0x1fff8385                SPIM_EEPROM_rxBufferRead
                0x1fff8388                SPIM_EEPROM_txBuffer
                0x1fff8390                SPIM_EEPROM_txBufferFull
                0x1fff8394                SPIM_EEPROM_rxBuffer
                0x1fff839c                SPIM_EEPROM_rxBufferFull
                0x1fff839d                SPIM_EEPROM_txBufferRead
                0x1fff839e                SPIM_EEPROM_txBufferWrite
                0x1fff839f                SPIM_EEPROM_rxBufferWrite
                0x1fff83a0                SPIM_EEPROM_swStatusRx
 *fill*         0x1fff83a1        0x3 
 COMMON         0x1fff83a4       0x1e .\CortexM3\ARM_GCC_541\Debug\AY1920_II_FINAL_PROJECT.a(SPIM_LIS3DH.o)
                0x1fff83a4                SPIM_LIS3DH_rxBufferWrite
                0x1fff83a5                SPIM_LIS3DH_rxBufferFull
                0x1fff83a6                SPIM_LIS3DH_rxBufferRead
                0x1fff83a7                SPIM_LIS3DH_swStatusRx
                0x1fff83a8                SPIM_LIS3DH_txBufferWrite
                0x1fff83ac                SPIM_LIS3DH_txBuffer
                0x1fff83b4                SPIM_LIS3DH_txBufferFull
                0x1fff83b8                SPIM_LIS3DH_rxBuffer
                0x1fff83c0                SPIM_LIS3DH_swStatusTx
                0x1fff83c1                SPIM_LIS3DH_txBufferRead
 *fill*         0x1fff83c2        0x2 
 COMMON         0x1fff83c4        0x4 c:/program files (x86)/cypress/psoc creator/4.3/psoc creator/import/gnu/arm/5.4.1/bin/../lib/gcc/arm-none-eabi/5.4.1/../../../../arm-none-eabi/lib/armv7-m\libg_nano.a(lib_a-reent.o)
                0x1fff83c4                errno
                0x1fff83c8                . = ALIGN (0x8)
 *(.ram.b)
                0x1fff83c8                _end = .
                0x1fff83c8                __end = .
                0x1fff83c8                PROVIDE (end, .)
                0x1fff83c8                PROVIDE (__bss_end__, .)
                0x00004d58                __cy_region_init_ram = LOADADDR (.data)
                0x00000090                __cy_region_init_size_ram = (_edata - ADDR (.data))
                0x00000270                __cy_region_zero_size_ram = (_end - _edata)

.heap           0x1fff83c8       0x80 load address 0x00004de8
                0x1fff83c8                . = _end
                0x1fff8448                . = (. + 0x80)
 *fill*         0x1fff83c8       0x80 
                0x1fff8448                __cy_heap_limit = .

.stack          0x20007800      0x800
                0x20007800                __cy_stack_limit = .
                0x20008000                . = (. + 0x800)
 *fill*         0x20007800      0x800 
                0x00000001                ASSERT ((__cy_stack_limit >= __cy_heap_limit), region RAM overflowed with stack)
                0x00000000                cy_checksum_exclude_size = (CY_APPL_LOADABLE == 0x1)?SIZEOF (.cy_checksum_exclude):0x0
                0x00000001                ASSERT ((cy_checksum_exclude_size <= CY_CHECKSUM_EXCLUDE_SIZE), CY_BOOT: Section .cy_checksum_exclude size exceedes specified limit.)

.cyloadermeta
 *(.cyloadermeta)

.cyloadablemeta
 *(.cyloadablemeta)

.cyconfigecc    0x80000000      0x9c8
 *(.cyconfigecc)
 .cyconfigecc   0x80000000      0x9c8 .\CortexM3\ARM_GCC_541\Debug\cymetadata.o
                0x80000000                cy_meta_configecc

.cycustnvl      0x90000000        0x4
 *(.cycustnvl)
 .cycustnvl     0x90000000        0x4 .\CortexM3\ARM_GCC_541\Debug\cymetadata.o
                0x90000000                cy_meta_custnvl

.cywolatch      0x90100000        0x4
 *(.cywolatch)
 .cywolatch     0x90100000        0x4 .\CortexM3\ARM_GCC_541\Debug\cymetadata.o
                0x90100000                cy_meta_wonvl

.cyeeprom       0x90200000        0x0
 *(.cyeeprom)
                0x00000001                ASSERT ((. <= ((0x90200000 + ee_offset) + ee_size)), .cyeeprom data will not fit in EEPROM)

.cyflashprotect
                0x90400000      0x100
 *(.cyflashprotect)
 .cyflashprotect
                0x90400000      0x100 .\CortexM3\ARM_GCC_541\Debug\cymetadata.o
                0x90400000                cy_meta_flashprotect

.cymeta         0x90500000        0xc
 *(.cymeta)
 .cymeta        0x90500000        0xc .\CortexM3\ARM_GCC_541\Debug\cymetadata.o
                0x90500000                cy_metadata

.rel.dyn        0x00004de8        0x0 load address 0x9050000c
 .rel.iplt      0x00004de8        0x0 c:/program files (x86)/cypress/psoc creator/4.3/psoc creator/import/gnu/arm/5.4.1/bin/../lib/gcc/arm-none-eabi/5.4.1/armv7-m/crtbegin.o

.stab
 *(.stab)

.stabstr
 *(.stabstr)

.debug
 *(.debug)

.line
 *(.line)

.debug_srcinfo
 *(.debug_srcinfo)

.debug_sfnames
 *(.debug_sfnames)

.debug_aranges  0x00000000     0x1678
 *(.debug_aranges)
 .debug_aranges
                0x00000000       0x48 .\CortexM3\ARM_GCC_541\Debug\main.o
 .debug_aranges
                0x00000048       0x60 .\CortexM3\ARM_GCC_541\Debug\25LC256.o
 .debug_aranges
                0x000000a8       0x50 .\CortexM3\ARM_GCC_541\Debug\SPI_Interface.o
 .debug_aranges
                0x000000f8       0x68 .\CortexM3\ARM_GCC_541\Debug\LIS3DH.o
 .debug_aranges
                0x00000160       0x50 .\CortexM3\ARM_GCC_541\Debug\InterruptRoutines.o
 .debug_aranges
                0x000001b0       0x20 .\CortexM3\ARM_GCC_541\Debug\DMARoutines.o
 .debug_aranges
                0x000001d0       0x78 .\CortexM3\ARM_GCC_541\Debug\cyfitter_cfg.o
 .debug_aranges
                0x00000248       0x18 .\CortexM3\ARM_GCC_541\Debug\cymetadata.o
 .debug_aranges
                0x00000260       0x48 .\CortexM3\ARM_GCC_541\Debug\Cm3Start.o
 .debug_aranges
                0x000002a8       0x88 .\CortexM3\ARM_GCC_541\Debug\AY1920_II_FINAL_PROJECT.a(Timer_ADC.o)
 .debug_aranges
                0x00000330       0x38 .\CortexM3\ARM_GCC_541\Debug\AY1920_II_FINAL_PROJECT.a(Pin_LED_ext.o)
 .debug_aranges
                0x00000368       0x80 .\CortexM3\ARM_GCC_541\Debug\AY1920_II_FINAL_PROJECT.a(isr_STREAM.o)
 .debug_aranges
                0x000003e8       0x88 .\CortexM3\ARM_GCC_541\Debug\AY1920_II_FINAL_PROJECT.a(Timer_STREAM.o)
 .debug_aranges
                0x00000470       0x80 .\CortexM3\ARM_GCC_541\Debug\AY1920_II_FINAL_PROJECT.a(isr_INT.o)
 .debug_aranges
                0x000004f0       0x98 .\CortexM3\ARM_GCC_541\Debug\AY1920_II_FINAL_PROJECT.a(PWM_BLINK.o)
 .debug_aranges
                0x00000588       0x70 .\CortexM3\ARM_GCC_541\Debug\AY1920_II_FINAL_PROJECT.a(blink_clock.o)
 .debug_aranges
                0x000005f8       0x38 .\CortexM3\ARM_GCC_541\Debug\AY1920_II_FINAL_PROJECT.a(CS_2.o)
 .debug_aranges
                0x00000630       0x38 .\CortexM3\ARM_GCC_541\Debug\AY1920_II_FINAL_PROJECT.a(CS_1.o)
 .debug_aranges
                0x00000668       0x80 .\CortexM3\ARM_GCC_541\Debug\AY1920_II_FINAL_PROJECT.a(isr_RX.o)
 .debug_aranges
                0x000006e8       0xe8 .\CortexM3\ARM_GCC_541\Debug\AY1920_II_FINAL_PROJECT.a(ADC_DelSig.o)
 .debug_aranges
                0x000007d0       0x38 .\CortexM3\ARM_GCC_541\Debug\AY1920_II_FINAL_PROJECT.a(ADC_DelSig_INT.o)
 .debug_aranges
                0x00000808       0x30 .\CortexM3\ARM_GCC_541\Debug\AY1920_II_FINAL_PROJECT.a(AMux.o)
 .debug_aranges
                0x00000838       0xf0 .\CortexM3\ARM_GCC_541\Debug\AY1920_II_FINAL_PROJECT.a(UART.o)
 .debug_aranges
                0x00000928       0xd8 .\CortexM3\ARM_GCC_541\Debug\AY1920_II_FINAL_PROJECT.a(SPIM_EEPROM.o)
 .debug_aranges
                0x00000a00       0x28 .\CortexM3\ARM_GCC_541\Debug\AY1920_II_FINAL_PROJECT.a(SPIM_EEPROM_INT.o)
 .debug_aranges
                0x00000a28       0xd8 .\CortexM3\ARM_GCC_541\Debug\AY1920_II_FINAL_PROJECT.a(SPIM_LIS3DH.o)
 .debug_aranges
                0x00000b00       0x28 .\CortexM3\ARM_GCC_541\Debug\AY1920_II_FINAL_PROJECT.a(SPIM_LIS3DH_INT.o)
 .debug_aranges
                0x00000b28       0x30 .\CortexM3\ARM_GCC_541\Debug\AY1920_II_FINAL_PROJECT.a(ADC_DelSig_AMux.o)
 .debug_aranges
                0x00000b58       0x70 .\CortexM3\ARM_GCC_541\Debug\AY1920_II_FINAL_PROJECT.a(ADC_DelSig_Ext_CP_Clk.o)
 .debug_aranges
                0x00000bc8       0x80 .\CortexM3\ARM_GCC_541\Debug\AY1920_II_FINAL_PROJECT.a(ADC_DelSig_IRQ.o)
 .debug_aranges
                0x00000c48       0x80 .\CortexM3\ARM_GCC_541\Debug\AY1920_II_FINAL_PROJECT.a(ADC_DelSig_theACLK.o)
 .debug_aranges
                0x00000cc8       0x70 .\CortexM3\ARM_GCC_541\Debug\AY1920_II_FINAL_PROJECT.a(UART_IntClock.o)
 .debug_aranges
                0x00000d38       0x70 .\CortexM3\ARM_GCC_541\Debug\AY1920_II_FINAL_PROJECT.a(SPIM_EEPROM_IntClock.o)
 .debug_aranges
                0x00000da8       0x70 .\CortexM3\ARM_GCC_541\Debug\AY1920_II_FINAL_PROJECT.a(SPIM_LIS3DH_IntClock.o)
 .debug_aranges
                0x00000e18       0xd8 .\CortexM3\ARM_GCC_541\Debug\AY1920_II_FINAL_PROJECT.a(CyDmac.o)
 .debug_aranges
                0x00000ef0      0x2a0 .\CortexM3\ARM_GCC_541\Debug\AY1920_II_FINAL_PROJECT.a(CyLib.o)
 .debug_aranges
                0x00001190       0x98 .\CortexM3\ARM_GCC_541\Debug\AY1920_II_FINAL_PROJECT.a(cyPm.o)
 .debug_aranges
                0x00001228       0x80 .\CortexM3\ARM_GCC_541\Debug\AY1920_II_FINAL_PROJECT.a(isr_TIMER_ADC.o)
 .debug_aranges
                0x000012a8       0x28 .\CortexM3\ARM_GCC_541\Debug\AY1920_II_FINAL_PROJECT.a(DMA_dma.o)
 .debug_aranges
                0x000012d0       0x80 .\CortexM3\ARM_GCC_541\Debug\AY1920_II_FINAL_PROJECT.a(isr_DMA.o)
 .debug_aranges
                0x00001350       0x80 .\CortexM3\ARM_GCC_541\Debug\AY1920_II_FINAL_PROJECT.a(isr_INDEX.o)
 .debug_aranges
                0x000013d0       0x80 .\CortexM3\ARM_GCC_541\Debug\AY1920_II_FINAL_PROJECT.a(Counter_INDEX.o)
 .debug_aranges
                0x00001450       0x80 .\CortexM3\ARM_GCC_541\Debug\AY1920_II_FINAL_PROJECT.a(isr_RESET.o)
 .debug_aranges
                0x000014d0       0x80 .\CortexM3\ARM_GCC_541\Debug\AY1920_II_FINAL_PROJECT.a(Counter_RESET.o)
 .debug_aranges
                0x00001550       0x20 .\CortexM3\ARM_GCC_541\Debug\AY1920_II_FINAL_PROJECT.a(CyBootAsmGnu.o)
 .debug_aranges
                0x00001570       0x88 .\CortexM3\ARM_GCC_541\Debug\AY1920_II_FINAL_PROJECT.a(CyFlash.o)
 .debug_aranges
                0x000015f8       0x80 .\CortexM3\ARM_GCC_541\Debug\AY1920_II_FINAL_PROJECT.a(CySpc.o)

.debug_pubnames
 *(.debug_pubnames)

.debug_info     0x00000000     0xc569
 *(.debug_info .gnu.linkonce.wi.*)
 .debug_info    0x00000000      0xf6e .\CortexM3\ARM_GCC_541\Debug\main.o
 .debug_info    0x00000f6e      0x48c .\CortexM3\ARM_GCC_541\Debug\25LC256.o
 .debug_info    0x000013fa      0x6d4 .\CortexM3\ARM_GCC_541\Debug\SPI_Interface.o
 .debug_info    0x00001ace      0x501 .\CortexM3\ARM_GCC_541\Debug\LIS3DH.o
 .debug_info    0x00001fcf      0x604 .\CortexM3\ARM_GCC_541\Debug\InterruptRoutines.o
 .debug_info    0x000025d3      0x25c .\CortexM3\ARM_GCC_541\Debug\DMARoutines.o
 .debug_info    0x0000282f      0x788 .\CortexM3\ARM_GCC_541\Debug\cyfitter_cfg.o
 .debug_info    0x00002fb7      0x139 .\CortexM3\ARM_GCC_541\Debug\cymetadata.o
 .debug_info    0x000030f0      0x3cf .\CortexM3\ARM_GCC_541\Debug\Cm3Start.o
 .debug_info    0x000034bf      0x295 .\CortexM3\ARM_GCC_541\Debug\AY1920_II_FINAL_PROJECT.a(Timer_ADC.o)
 .debug_info    0x00003754      0x11f .\CortexM3\ARM_GCC_541\Debug\AY1920_II_FINAL_PROJECT.a(Pin_LED_ext.o)
 .debug_info    0x00003873      0x2d2 .\CortexM3\ARM_GCC_541\Debug\AY1920_II_FINAL_PROJECT.a(isr_STREAM.o)
 .debug_info    0x00003b45      0x295 .\CortexM3\ARM_GCC_541\Debug\AY1920_II_FINAL_PROJECT.a(Timer_STREAM.o)
 .debug_info    0x00003dda      0x2d2 .\CortexM3\ARM_GCC_541\Debug\AY1920_II_FINAL_PROJECT.a(isr_INT.o)
 .debug_info    0x000040ac      0x34e .\CortexM3\ARM_GCC_541\Debug\AY1920_II_FINAL_PROJECT.a(PWM_BLINK.o)
 .debug_info    0x000043fa      0x283 .\CortexM3\ARM_GCC_541\Debug\AY1920_II_FINAL_PROJECT.a(blink_clock.o)
 .debug_info    0x0000467d      0x11f .\CortexM3\ARM_GCC_541\Debug\AY1920_II_FINAL_PROJECT.a(CS_2.o)
 .debug_info    0x0000479c      0x11f .\CortexM3\ARM_GCC_541\Debug\AY1920_II_FINAL_PROJECT.a(CS_1.o)
 .debug_info    0x000048bb      0x2d2 .\CortexM3\ARM_GCC_541\Debug\AY1920_II_FINAL_PROJECT.a(isr_RX.o)
 .debug_info    0x00004b8d      0xa1b .\CortexM3\ARM_GCC_541\Debug\AY1920_II_FINAL_PROJECT.a(ADC_DelSig.o)
 .debug_info    0x000055a8       0xd3 .\CortexM3\ARM_GCC_541\Debug\AY1920_II_FINAL_PROJECT.a(ADC_DelSig_INT.o)
 .debug_info    0x0000567b      0x165 .\CortexM3\ARM_GCC_541\Debug\AY1920_II_FINAL_PROJECT.a(AMux.o)
 .debug_info    0x000057e0      0x60c .\CortexM3\ARM_GCC_541\Debug\AY1920_II_FINAL_PROJECT.a(UART.o)
 .debug_info    0x00005dec      0x709 .\CortexM3\ARM_GCC_541\Debug\AY1920_II_FINAL_PROJECT.a(SPIM_EEPROM.o)
 .debug_info    0x000064f5      0x18d .\CortexM3\ARM_GCC_541\Debug\AY1920_II_FINAL_PROJECT.a(SPIM_EEPROM_INT.o)
 .debug_info    0x00006682      0x709 .\CortexM3\ARM_GCC_541\Debug\AY1920_II_FINAL_PROJECT.a(SPIM_LIS3DH.o)
 .debug_info    0x00006d8b      0x18d .\CortexM3\ARM_GCC_541\Debug\AY1920_II_FINAL_PROJECT.a(SPIM_LIS3DH_INT.o)
 .debug_info    0x00006f18      0x165 .\CortexM3\ARM_GCC_541\Debug\AY1920_II_FINAL_PROJECT.a(ADC_DelSig_AMux.o)
 .debug_info    0x0000707d      0x283 .\CortexM3\ARM_GCC_541\Debug\AY1920_II_FINAL_PROJECT.a(ADC_DelSig_Ext_CP_Clk.o)
 .debug_info    0x00007300      0x2d2 .\CortexM3\ARM_GCC_541\Debug\AY1920_II_FINAL_PROJECT.a(ADC_DelSig_IRQ.o)
 .debug_info    0x000075d2      0x2c4 .\CortexM3\ARM_GCC_541\Debug\AY1920_II_FINAL_PROJECT.a(ADC_DelSig_theACLK.o)
 .debug_info    0x00007896      0x283 .\CortexM3\ARM_GCC_541\Debug\AY1920_II_FINAL_PROJECT.a(UART_IntClock.o)
 .debug_info    0x00007b19      0x283 .\CortexM3\ARM_GCC_541\Debug\AY1920_II_FINAL_PROJECT.a(SPIM_EEPROM_IntClock.o)
 .debug_info    0x00007d9c      0x283 .\CortexM3\ARM_GCC_541\Debug\AY1920_II_FINAL_PROJECT.a(SPIM_LIS3DH_IntClock.o)
 .debug_info    0x0000801f      0x94e .\CortexM3\ARM_GCC_541\Debug\AY1920_II_FINAL_PROJECT.a(CyDmac.o)
 .debug_info    0x0000896d     0x1374 .\CortexM3\ARM_GCC_541\Debug\AY1920_II_FINAL_PROJECT.a(CyLib.o)
 .debug_info    0x00009ce1      0xa2a .\CortexM3\ARM_GCC_541\Debug\AY1920_II_FINAL_PROJECT.a(cyPm.o)
 .debug_info    0x0000a70b      0x2d2 .\CortexM3\ARM_GCC_541\Debug\AY1920_II_FINAL_PROJECT.a(isr_TIMER_ADC.o)
 .debug_info    0x0000a9dd      0x1a8 .\CortexM3\ARM_GCC_541\Debug\AY1920_II_FINAL_PROJECT.a(DMA_dma.o)
 .debug_info    0x0000ab85      0x2d2 .\CortexM3\ARM_GCC_541\Debug\AY1920_II_FINAL_PROJECT.a(isr_DMA.o)
 .debug_info    0x0000ae57      0x2d2 .\CortexM3\ARM_GCC_541\Debug\AY1920_II_FINAL_PROJECT.a(isr_INDEX.o)
 .debug_info    0x0000b129      0x28f .\CortexM3\ARM_GCC_541\Debug\AY1920_II_FINAL_PROJECT.a(Counter_INDEX.o)
 .debug_info    0x0000b3b8      0x2d2 .\CortexM3\ARM_GCC_541\Debug\AY1920_II_FINAL_PROJECT.a(isr_RESET.o)
 .debug_info    0x0000b68a      0x28d .\CortexM3\ARM_GCC_541\Debug\AY1920_II_FINAL_PROJECT.a(Counter_RESET.o)
 .debug_info    0x0000b917       0xb5 .\CortexM3\ARM_GCC_541\Debug\AY1920_II_FINAL_PROJECT.a(CyBootAsmGnu.o)
 .debug_info    0x0000b9cc      0x64d .\CortexM3\ARM_GCC_541\Debug\AY1920_II_FINAL_PROJECT.a(CyFlash.o)
 .debug_info    0x0000c019      0x550 .\CortexM3\ARM_GCC_541\Debug\AY1920_II_FINAL_PROJECT.a(CySpc.o)

.debug_abbrev   0x00000000     0x3932
 *(.debug_abbrev)
 .debug_abbrev  0x00000000      0x1db .\CortexM3\ARM_GCC_541\Debug\main.o
 .debug_abbrev  0x000001db      0x129 .\CortexM3\ARM_GCC_541\Debug\25LC256.o
 .debug_abbrev  0x00000304      0x13a .\CortexM3\ARM_GCC_541\Debug\SPI_Interface.o
 .debug_abbrev  0x0000043e      0x17c .\CortexM3\ARM_GCC_541\Debug\LIS3DH.o
 .debug_abbrev  0x000005ba      0x13b .\CortexM3\ARM_GCC_541\Debug\InterruptRoutines.o
 .debug_abbrev  0x000006f5       0xf5 .\CortexM3\ARM_GCC_541\Debug\DMARoutines.o
 .debug_abbrev  0x000007ea      0x22d .\CortexM3\ARM_GCC_541\Debug\cyfitter_cfg.o
 .debug_abbrev  0x00000a17       0x77 .\CortexM3\ARM_GCC_541\Debug\cymetadata.o
 .debug_abbrev  0x00000a8e      0x1e8 .\CortexM3\ARM_GCC_541\Debug\Cm3Start.o
 .debug_abbrev  0x00000c76      0x11a .\CortexM3\ARM_GCC_541\Debug\AY1920_II_FINAL_PROJECT.a(Timer_ADC.o)
 .debug_abbrev  0x00000d90       0x90 .\CortexM3\ARM_GCC_541\Debug\AY1920_II_FINAL_PROJECT.a(Pin_LED_ext.o)
 .debug_abbrev  0x00000e20      0x173 .\CortexM3\ARM_GCC_541\Debug\AY1920_II_FINAL_PROJECT.a(isr_STREAM.o)
 .debug_abbrev  0x00000f93      0x11a .\CortexM3\ARM_GCC_541\Debug\AY1920_II_FINAL_PROJECT.a(Timer_STREAM.o)
 .debug_abbrev  0x000010ad      0x173 .\CortexM3\ARM_GCC_541\Debug\AY1920_II_FINAL_PROJECT.a(isr_INT.o)
 .debug_abbrev  0x00001220      0x133 .\CortexM3\ARM_GCC_541\Debug\AY1920_II_FINAL_PROJECT.a(PWM_BLINK.o)
 .debug_abbrev  0x00001353      0x139 .\CortexM3\ARM_GCC_541\Debug\AY1920_II_FINAL_PROJECT.a(blink_clock.o)
 .debug_abbrev  0x0000148c       0x90 .\CortexM3\ARM_GCC_541\Debug\AY1920_II_FINAL_PROJECT.a(CS_2.o)
 .debug_abbrev  0x0000151c       0x90 .\CortexM3\ARM_GCC_541\Debug\AY1920_II_FINAL_PROJECT.a(CS_1.o)
 .debug_abbrev  0x000015ac      0x173 .\CortexM3\ARM_GCC_541\Debug\AY1920_II_FINAL_PROJECT.a(isr_RX.o)
 .debug_abbrev  0x0000171f      0x1cd .\CortexM3\ARM_GCC_541\Debug\AY1920_II_FINAL_PROJECT.a(ADC_DelSig.o)
 .debug_abbrev  0x000018ec       0x42 .\CortexM3\ARM_GCC_541\Debug\AY1920_II_FINAL_PROJECT.a(ADC_DelSig_INT.o)
 .debug_abbrev  0x0000192e       0xb1 .\CortexM3\ARM_GCC_541\Debug\AY1920_II_FINAL_PROJECT.a(AMux.o)
 .debug_abbrev  0x000019df      0x175 .\CortexM3\ARM_GCC_541\Debug\AY1920_II_FINAL_PROJECT.a(UART.o)
 .debug_abbrev  0x00001b54      0x162 .\CortexM3\ARM_GCC_541\Debug\AY1920_II_FINAL_PROJECT.a(SPIM_EEPROM.o)
 .debug_abbrev  0x00001cb6       0x8a .\CortexM3\ARM_GCC_541\Debug\AY1920_II_FINAL_PROJECT.a(SPIM_EEPROM_INT.o)
 .debug_abbrev  0x00001d40      0x162 .\CortexM3\ARM_GCC_541\Debug\AY1920_II_FINAL_PROJECT.a(SPIM_LIS3DH.o)
 .debug_abbrev  0x00001ea2       0x8a .\CortexM3\ARM_GCC_541\Debug\AY1920_II_FINAL_PROJECT.a(SPIM_LIS3DH_INT.o)
 .debug_abbrev  0x00001f2c       0xb1 .\CortexM3\ARM_GCC_541\Debug\AY1920_II_FINAL_PROJECT.a(ADC_DelSig_AMux.o)
 .debug_abbrev  0x00001fdd      0x139 .\CortexM3\ARM_GCC_541\Debug\AY1920_II_FINAL_PROJECT.a(ADC_DelSig_Ext_CP_Clk.o)
 .debug_abbrev  0x00002116      0x173 .\CortexM3\ARM_GCC_541\Debug\AY1920_II_FINAL_PROJECT.a(ADC_DelSig_IRQ.o)
 .debug_abbrev  0x00002289      0x121 .\CortexM3\ARM_GCC_541\Debug\AY1920_II_FINAL_PROJECT.a(ADC_DelSig_theACLK.o)
 .debug_abbrev  0x000023aa      0x139 .\CortexM3\ARM_GCC_541\Debug\AY1920_II_FINAL_PROJECT.a(UART_IntClock.o)
 .debug_abbrev  0x000024e3      0x139 .\CortexM3\ARM_GCC_541\Debug\AY1920_II_FINAL_PROJECT.a(SPIM_EEPROM_IntClock.o)
 .debug_abbrev  0x0000261c      0x139 .\CortexM3\ARM_GCC_541\Debug\AY1920_II_FINAL_PROJECT.a(SPIM_LIS3DH_IntClock.o)
 .debug_abbrev  0x00002755      0x1b2 .\CortexM3\ARM_GCC_541\Debug\AY1920_II_FINAL_PROJECT.a(CyDmac.o)
 .debug_abbrev  0x00002907      0x254 .\CortexM3\ARM_GCC_541\Debug\AY1920_II_FINAL_PROJECT.a(CyLib.o)
 .debug_abbrev  0x00002b5b      0x1ab .\CortexM3\ARM_GCC_541\Debug\AY1920_II_FINAL_PROJECT.a(cyPm.o)
 .debug_abbrev  0x00002d06      0x173 .\CortexM3\ARM_GCC_541\Debug\AY1920_II_FINAL_PROJECT.a(isr_TIMER_ADC.o)
 .debug_abbrev  0x00002e79       0xcd .\CortexM3\ARM_GCC_541\Debug\AY1920_II_FINAL_PROJECT.a(DMA_dma.o)
 .debug_abbrev  0x00002f46      0x173 .\CortexM3\ARM_GCC_541\Debug\AY1920_II_FINAL_PROJECT.a(isr_DMA.o)
 .debug_abbrev  0x000030b9      0x173 .\CortexM3\ARM_GCC_541\Debug\AY1920_II_FINAL_PROJECT.a(isr_INDEX.o)
 .debug_abbrev  0x0000322c      0x122 .\CortexM3\ARM_GCC_541\Debug\AY1920_II_FINAL_PROJECT.a(Counter_INDEX.o)
 .debug_abbrev  0x0000334e      0x173 .\CortexM3\ARM_GCC_541\Debug\AY1920_II_FINAL_PROJECT.a(isr_RESET.o)
 .debug_abbrev  0x000034c1      0x122 .\CortexM3\ARM_GCC_541\Debug\AY1920_II_FINAL_PROJECT.a(Counter_RESET.o)
 .debug_abbrev  0x000035e3       0x14 .\CortexM3\ARM_GCC_541\Debug\AY1920_II_FINAL_PROJECT.a(CyBootAsmGnu.o)
 .debug_abbrev  0x000035f7      0x1a7 .\CortexM3\ARM_GCC_541\Debug\AY1920_II_FINAL_PROJECT.a(CyFlash.o)
 .debug_abbrev  0x0000379e      0x194 .\CortexM3\ARM_GCC_541\Debug\AY1920_II_FINAL_PROJECT.a(CySpc.o)

.debug_line     0x00000000     0x54af
 *(.debug_line)
 .debug_line    0x00000000      0x4a0 .\CortexM3\ARM_GCC_541\Debug\main.o
 .debug_line    0x000004a0      0x217 .\CortexM3\ARM_GCC_541\Debug\25LC256.o
 .debug_line    0x000006b7      0x29d .\CortexM3\ARM_GCC_541\Debug\SPI_Interface.o
 .debug_line    0x00000954      0x260 .\CortexM3\ARM_GCC_541\Debug\LIS3DH.o
 .debug_line    0x00000bb4      0x361 .\CortexM3\ARM_GCC_541\Debug\InterruptRoutines.o
 .debug_line    0x00000f15      0x19c .\CortexM3\ARM_GCC_541\Debug\DMARoutines.o
 .debug_line    0x000010b1      0x258 .\CortexM3\ARM_GCC_541\Debug\cyfitter_cfg.o
 .debug_line    0x00001309      0x141 .\CortexM3\ARM_GCC_541\Debug\cymetadata.o
 .debug_line    0x0000144a      0x241 .\CortexM3\ARM_GCC_541\Debug\Cm3Start.o
 .debug_line    0x0000168b      0x157 .\CortexM3\ARM_GCC_541\Debug\AY1920_II_FINAL_PROJECT.a(Timer_ADC.o)
 .debug_line    0x000017e2       0x98 .\CortexM3\ARM_GCC_541\Debug\AY1920_II_FINAL_PROJECT.a(Pin_LED_ext.o)
 .debug_line    0x0000187a      0x137 .\CortexM3\ARM_GCC_541\Debug\AY1920_II_FINAL_PROJECT.a(isr_STREAM.o)
 .debug_line    0x000019b1      0x15a .\CortexM3\ARM_GCC_541\Debug\AY1920_II_FINAL_PROJECT.a(Timer_STREAM.o)
 .debug_line    0x00001b0b      0x134 .\CortexM3\ARM_GCC_541\Debug\AY1920_II_FINAL_PROJECT.a(isr_INT.o)
 .debug_line    0x00001c3f      0x18c .\CortexM3\ARM_GCC_541\Debug\AY1920_II_FINAL_PROJECT.a(PWM_BLINK.o)
 .debug_line    0x00001dcb      0x17a .\CortexM3\ARM_GCC_541\Debug\AY1920_II_FINAL_PROJECT.a(blink_clock.o)
 .debug_line    0x00001f45       0x91 .\CortexM3\ARM_GCC_541\Debug\AY1920_II_FINAL_PROJECT.a(CS_2.o)
 .debug_line    0x00001fd6       0x91 .\CortexM3\ARM_GCC_541\Debug\AY1920_II_FINAL_PROJECT.a(CS_1.o)
 .debug_line    0x00002067      0x133 .\CortexM3\ARM_GCC_541\Debug\AY1920_II_FINAL_PROJECT.a(isr_RX.o)
 .debug_line    0x0000219a      0x37f .\CortexM3\ARM_GCC_541\Debug\AY1920_II_FINAL_PROJECT.a(ADC_DelSig.o)
 .debug_line    0x00002519       0x87 .\CortexM3\ARM_GCC_541\Debug\AY1920_II_FINAL_PROJECT.a(ADC_DelSig_INT.o)
 .debug_line    0x000025a0       0xa8 .\CortexM3\ARM_GCC_541\Debug\AY1920_II_FINAL_PROJECT.a(AMux.o)
 .debug_line    0x00002648      0x2bc .\CortexM3\ARM_GCC_541\Debug\AY1920_II_FINAL_PROJECT.a(UART.o)
 .debug_line    0x00002904      0x2a8 .\CortexM3\ARM_GCC_541\Debug\AY1920_II_FINAL_PROJECT.a(SPIM_EEPROM.o)
 .debug_line    0x00002bac       0xb4 .\CortexM3\ARM_GCC_541\Debug\AY1920_II_FINAL_PROJECT.a(SPIM_EEPROM_INT.o)
 .debug_line    0x00002c60      0x2a8 .\CortexM3\ARM_GCC_541\Debug\AY1920_II_FINAL_PROJECT.a(SPIM_LIS3DH.o)
 .debug_line    0x00002f08       0xb4 .\CortexM3\ARM_GCC_541\Debug\AY1920_II_FINAL_PROJECT.a(SPIM_LIS3DH_INT.o)
 .debug_line    0x00002fbc       0xb3 .\CortexM3\ARM_GCC_541\Debug\AY1920_II_FINAL_PROJECT.a(ADC_DelSig_AMux.o)
 .debug_line    0x0000306f      0x184 .\CortexM3\ARM_GCC_541\Debug\AY1920_II_FINAL_PROJECT.a(ADC_DelSig_Ext_CP_Clk.o)
 .debug_line    0x000031f3      0x13b .\CortexM3\ARM_GCC_541\Debug\AY1920_II_FINAL_PROJECT.a(ADC_DelSig_IRQ.o)
 .debug_line    0x0000332e      0x1a4 .\CortexM3\ARM_GCC_541\Debug\AY1920_II_FINAL_PROJECT.a(ADC_DelSig_theACLK.o)
 .debug_line    0x000034d2      0x17c .\CortexM3\ARM_GCC_541\Debug\AY1920_II_FINAL_PROJECT.a(UART_IntClock.o)
 .debug_line    0x0000364e      0x183 .\CortexM3\ARM_GCC_541\Debug\AY1920_II_FINAL_PROJECT.a(SPIM_EEPROM_IntClock.o)
 .debug_line    0x000037d1      0x183 .\CortexM3\ARM_GCC_541\Debug\AY1920_II_FINAL_PROJECT.a(SPIM_LIS3DH_IntClock.o)
 .debug_line    0x00003954      0x2e4 .\CortexM3\ARM_GCC_541\Debug\AY1920_II_FINAL_PROJECT.a(CyDmac.o)
 .debug_line    0x00003c38      0x816 .\CortexM3\ARM_GCC_541\Debug\AY1920_II_FINAL_PROJECT.a(CyLib.o)
 .debug_line    0x0000444e      0x367 .\CortexM3\ARM_GCC_541\Debug\AY1920_II_FINAL_PROJECT.a(cyPm.o)
 .debug_line    0x000047b5      0x13a .\CortexM3\ARM_GCC_541\Debug\AY1920_II_FINAL_PROJECT.a(isr_TIMER_ADC.o)
 .debug_line    0x000048ef       0x80 .\CortexM3\ARM_GCC_541\Debug\AY1920_II_FINAL_PROJECT.a(DMA_dma.o)
 .debug_line    0x0000496f      0x134 .\CortexM3\ARM_GCC_541\Debug\AY1920_II_FINAL_PROJECT.a(isr_DMA.o)
 .debug_line    0x00004aa3      0x136 .\CortexM3\ARM_GCC_541\Debug\AY1920_II_FINAL_PROJECT.a(isr_INDEX.o)
 .debug_line    0x00004bd9      0x160 .\CortexM3\ARM_GCC_541\Debug\AY1920_II_FINAL_PROJECT.a(Counter_INDEX.o)
 .debug_line    0x00004d39      0x136 .\CortexM3\ARM_GCC_541\Debug\AY1920_II_FINAL_PROJECT.a(isr_RESET.o)
 .debug_line    0x00004e6f      0x160 .\CortexM3\ARM_GCC_541\Debug\AY1920_II_FINAL_PROJECT.a(Counter_RESET.o)
 .debug_line    0x00004fcf       0x66 .\CortexM3\ARM_GCC_541\Debug\AY1920_II_FINAL_PROJECT.a(CyBootAsmGnu.o)
 .debug_line    0x00005035      0x21a .\CortexM3\ARM_GCC_541\Debug\AY1920_II_FINAL_PROJECT.a(CyFlash.o)
 .debug_line    0x0000524f      0x260 .\CortexM3\ARM_GCC_541\Debug\AY1920_II_FINAL_PROJECT.a(CySpc.o)

.debug_frame    0x00000000     0x3858
 *(.debug_frame)
 .debug_frame   0x00000000       0xec .\CortexM3\ARM_GCC_541\Debug\main.o
 .debug_frame   0x000000ec      0x134 .\CortexM3\ARM_GCC_541\Debug\25LC256.o
 .debug_frame   0x00000220       0xfc .\CortexM3\ARM_GCC_541\Debug\SPI_Interface.o
 .debug_frame   0x0000031c      0x11c .\CortexM3\ARM_GCC_541\Debug\LIS3DH.o
 .debug_frame   0x00000438       0xb4 .\CortexM3\ARM_GCC_541\Debug\InterruptRoutines.o
 .debug_frame   0x000004ec       0x30 .\CortexM3\ARM_GCC_541\Debug\DMARoutines.o
 .debug_frame   0x0000051c      0x13c .\CortexM3\ARM_GCC_541\Debug\cyfitter_cfg.o
 .debug_frame   0x00000658       0xb8 .\CortexM3\ARM_GCC_541\Debug\Cm3Start.o
 .debug_frame   0x00000710      0x108 .\CortexM3\ARM_GCC_541\Debug\AY1920_II_FINAL_PROJECT.a(Timer_ADC.o)
 .debug_frame   0x00000818       0x50 .\CortexM3\ARM_GCC_541\Debug\AY1920_II_FINAL_PROJECT.a(Pin_LED_ext.o)
 .debug_frame   0x00000868      0x104 .\CortexM3\ARM_GCC_541\Debug\AY1920_II_FINAL_PROJECT.a(isr_STREAM.o)
 .debug_frame   0x0000096c      0x108 .\CortexM3\ARM_GCC_541\Debug\AY1920_II_FINAL_PROJECT.a(Timer_STREAM.o)
 .debug_frame   0x00000a74      0x104 .\CortexM3\ARM_GCC_541\Debug\AY1920_II_FINAL_PROJECT.a(isr_INT.o)