Archive member included to satisfy reference by file (symbol)

.\CortexM3\ARM_GCC_541\Debug\AY1920_II_FINAL_PROJECT.a(Timer_ADC.o)
                              .\CortexM3\ARM_GCC_541\Debug\main.o (Timer_ADC_Stop)
.\CortexM3\ARM_GCC_541\Debug\AY1920_II_FINAL_PROJECT.a(Pin_LED_ext.o)
                              .\CortexM3\ARM_GCC_541\Debug\InterruptRoutines.o (Pin_LED_ext_Write)
.\CortexM3\ARM_GCC_541\Debug\AY1920_II_FINAL_PROJECT.a(isr_STREAM.o)
                              .\CortexM3\ARM_GCC_541\Debug\main.o (isr_STREAM_StartEx)
.\CortexM3\ARM_GCC_541\Debug\AY1920_II_FINAL_PROJECT.a(Timer_STREAM.o)
                              .\CortexM3\ARM_GCC_541\Debug\InterruptRoutines.o (Timer_STREAM_Stop)
.\CortexM3\ARM_GCC_541\Debug\AY1920_II_FINAL_PROJECT.a(isr_INT.o)
                              .\CortexM3\ARM_GCC_541\Debug\main.o (isr_INT_StartEx)
.\CortexM3\ARM_GCC_541\Debug\AY1920_II_FINAL_PROJECT.a(PWM_BLINK.o)
                              .\CortexM3\ARM_GCC_541\Debug\main.o (PWM_BLINK_WritePeriod)
.\CortexM3\ARM_GCC_541\Debug\AY1920_II_FINAL_PROJECT.a(blink_clock.o)
                              .\CortexM3\ARM_GCC_541\Debug\main.o (blink_clock_Start)
.\CortexM3\ARM_GCC_541\Debug\AY1920_II_FINAL_PROJECT.a(CS_2.o)
                              .\CortexM3\ARM_GCC_541\Debug\SPI_Interface.o (CS_2_Write)
.\CortexM3\ARM_GCC_541\Debug\AY1920_II_FINAL_PROJECT.a(CS_1.o)
                              .\CortexM3\ARM_GCC_541\Debug\SPI_Interface.o (CS_1_Write)
.\CortexM3\ARM_GCC_541\Debug\AY1920_II_FINAL_PROJECT.a(isr_RX.o)
                              .\CortexM3\ARM_GCC_541\Debug\main.o (isr_RX_StartEx)
.\CortexM3\ARM_GCC_541\Debug\AY1920_II_FINAL_PROJECT.a(ADC_DelSig.o)
                              .\CortexM3\ARM_GCC_541\Debug\main.o (ADC_DelSig_Start)
.\CortexM3\ARM_GCC_541\Debug\AY1920_II_FINAL_PROJECT.a(ADC_DelSig_INT.o)
                              .\CortexM3\ARM_GCC_541\Debug\AY1920_II_FINAL_PROJECT.a(ADC_DelSig.o) (ADC_DelSig_ISR1)
.\CortexM3\ARM_GCC_541\Debug\AY1920_II_FINAL_PROJECT.a(AMux.o)
                              .\CortexM3\ARM_GCC_541\Debug\main.o (AMux_Start)
.\CortexM3\ARM_GCC_541\Debug\AY1920_II_FINAL_PROJECT.a(UART.o)
                              .\CortexM3\ARM_GCC_541\Debug\main.o (UART_Start)
.\CortexM3\ARM_GCC_541\Debug\AY1920_II_FINAL_PROJECT.a(SPIM_EEPROM.o)
                              .\CortexM3\ARM_GCC_541\Debug\SPI_Interface.o (SPIM_EEPROM_ReadTxStatus)
.\CortexM3\ARM_GCC_541\Debug\AY1920_II_FINAL_PROJECT.a(SPIM_EEPROM_INT.o)
                              .\CortexM3\ARM_GCC_541\Debug\AY1920_II_FINAL_PROJECT.a(SPIM_EEPROM.o) (SPIM_EEPROM_TX_ISR)
.\CortexM3\ARM_GCC_541\Debug\AY1920_II_FINAL_PROJECT.a(SPIM_LIS3DH.o)
                              .\CortexM3\ARM_GCC_541\Debug\SPI_Interface.o (SPIM_LIS3DH_ReadTxStatus)
.\CortexM3\ARM_GCC_541\Debug\AY1920_II_FINAL_PROJECT.a(SPIM_LIS3DH_INT.o)
                              .\CortexM3\ARM_GCC_541\Debug\AY1920_II_FINAL_PROJECT.a(SPIM_LIS3DH.o) (SPIM_LIS3DH_TX_ISR)
.\CortexM3\ARM_GCC_541\Debug\AY1920_II_FINAL_PROJECT.a(ADC_DelSig_AMux.o)
                              .\CortexM3\ARM_GCC_541\Debug\AY1920_II_FINAL_PROJECT.a(ADC_DelSig.o) (ADC_DelSig_AMux_Select)
.\CortexM3\ARM_GCC_541\Debug\AY1920_II_FINAL_PROJECT.a(ADC_DelSig_Ext_CP_Clk.o)
                              .\CortexM3\ARM_GCC_541\Debug\AY1920_II_FINAL_PROJECT.a(ADC_DelSig.o) (ADC_DelSig_Ext_CP_Clk_SetModeRegister)
.\CortexM3\ARM_GCC_541\Debug\AY1920_II_FINAL_PROJECT.a(ADC_DelSig_IRQ.o)
                              .\CortexM3\ARM_GCC_541\Debug\main.o (ADC_DelSig_IRQ_Start)
.\CortexM3\ARM_GCC_541\Debug\AY1920_II_FINAL_PROJECT.a(ADC_DelSig_theACLK.o)
                              .\CortexM3\ARM_GCC_541\Debug\AY1920_II_FINAL_PROJECT.a(ADC_DelSig.o) (ADC_DelSig_theACLK_SetModeRegister)
.\CortexM3\ARM_GCC_541\Debug\AY1920_II_FINAL_PROJECT.a(UART_IntClock.o)
                              .\CortexM3\ARM_GCC_541\Debug\AY1920_II_FINAL_PROJECT.a(UART.o) (UART_IntClock_Start)
.\CortexM3\ARM_GCC_541\Debug\AY1920_II_FINAL_PROJECT.a(SPIM_EEPROM_IntClock.o)
                              .\CortexM3\ARM_GCC_541\Debug\AY1920_II_FINAL_PROJECT.a(SPIM_EEPROM.o) (SPIM_EEPROM_IntClock_Start)
.\CortexM3\ARM_GCC_541\Debug\AY1920_II_FINAL_PROJECT.a(SPIM_LIS3DH_IntClock.o)
                              .\CortexM3\ARM_GCC_541\Debug\AY1920_II_FINAL_PROJECT.a(SPIM_LIS3DH.o) (SPIM_LIS3DH_IntClock_Start)
.\CortexM3\ARM_GCC_541\Debug\AY1920_II_FINAL_PROJECT.a(CyDmac.o)
                              .\CortexM3\ARM_GCC_541\Debug\Cm3Start.o (CyDmacConfigure)
.\CortexM3\ARM_GCC_541\Debug\AY1920_II_FINAL_PROJECT.a(CyLib.o)
                              .\CortexM3\ARM_GCC_541\Debug\Cm3Start.o (CyHalt)
.\CortexM3\ARM_GCC_541\Debug\AY1920_II_FINAL_PROJECT.a(cyPm.o)
                              .\CortexM3\ARM_GCC_541\Debug\AY1920_II_FINAL_PROJECT.a(CyLib.o) (CyPmReadStatus)
.\CortexM3\ARM_GCC_541\Debug\AY1920_II_FINAL_PROJECT.a(isr_TIMER_ADC.o)
[...]
Memory Configuration

Name             Origin             Length             Attributes
rom              0x00000000         0x00040000         xr
ram              0x1fff8000         0x00010000         xrw
*default*        0x00000000         0xffffffff

Linker script and memory map

LOAD c:/program files (x86)/cypress/psoc creator/4.3/psoc creator/import/gnu/arm/5.4.1/bin/../lib/gcc/arm-none-eabi/5.4.1/armv7-m/crti.o
LOAD c:/program files (x86)/cypress/psoc creator/4.3/psoc creator/import/gnu/arm/5.4.1/bin/../lib/gcc/arm-none-eabi/5.4.1/armv7-m/crtbegin.o
LOAD c:/program files (x86)/cypress/psoc creator/4.3/psoc creator/import/gnu/arm/5.4.1/bin/../lib/gcc/arm-none-eabi/5.4.1/../../../../arm-none-eabi/lib/armv7-m/crt0.o
START GROUP
LOAD .\CortexM3\ARM_GCC_541\Debug\main.o
LOAD .\CortexM3\ARM_GCC_541\Debug\25LC256.o
LOAD .\CortexM3\ARM_GCC_541\Debug\SPI_Interface.o
LOAD .\CortexM3\ARM_GCC_541\Debug\LIS3DH.o
LOAD .\CortexM3\ARM_GCC_541\Debug\InterruptRoutines.o
LOAD .\CortexM3\ARM_GCC_541\Debug\DMARoutines.o
LOAD .\CortexM3\ARM_GCC_541\Debug\cyfitter_cfg.o
LOAD .\CortexM3\ARM_GCC_541\Debug\cymetadata.o
LOAD .\CortexM3\ARM_GCC_541\Debug\Cm3Start.o
LOAD .\CortexM3\ARM_GCC_541\Debug\AY1920_II_FINAL_PROJECT.a
LOAD C:\Program Files (x86)\Cypress\PSoC Creator\4.3\PSoC Creator\psoc\content\cycomponentlibrary\CyComponentLibrary.cylib\CortexM3\ARM_GCC_541\Debug\CyComponentLibrary.a
END GROUP
START GROUP
LOAD c:/program files (x86)/cypress/psoc creator/4.3/psoc creator/import/gnu/arm/5.4.1/bin/../lib/gcc/arm-none-eabi/5.4.1/armv7-m\libgcc.a
LOAD c:/program files (x86)/cypress/psoc creator/4.3/psoc creator/import/gnu/arm/5.4.1/bin/../lib/gcc/arm-none-eabi/5.4.1/../../../../arm-none-eabi/lib/armv7-m\libg_nano.a
LOAD c:/program files (x86)/cypress/psoc creator/4.3/psoc creator/import/gnu/arm/5.4.1/bin/../lib/gcc/arm-none-eabi/5.4.1/../../../../arm-none-eabi/lib/armv7-m\libc_nano.a
END GROUP
START GROUP
LOAD c:/program files (x86)/cypress/psoc creator/4.3/psoc creator/import/gnu/arm/5.4.1/bin/../lib/gcc/arm-none-eabi/5.4.1/armv7-m\libgcc.a
LOAD c:/program files (x86)/cypress/psoc creator/4.3/psoc creator/import/gnu/arm/5.4.1/bin/../lib/gcc/arm-none-eabi/5.4.1/../../../../arm-none-eabi/lib/armv7-m\libc_nano.a
END GROUP
LOAD c:/program files (x86)/cypress/psoc creator/4.3/psoc creator/import/gnu/arm/5.4.1/bin/../lib/gcc/arm-none-eabi/5.4.1/armv7-m/crtend.o
LOAD c:/program files (x86)/cypress/psoc creator/4.3/psoc creator/import/gnu/arm/5.4.1/bin/../lib/gcc/arm-none-eabi/5.4.1/armv7-m/crtn.o
START GROUP
LOAD c:/program files (x86)/cypress/psoc creator/4.3/psoc creator/import/gnu/arm/5.4.1/bin/../lib/gcc/arm-none-eabi/5.4.1/armv7-m\libgcc.a
LOAD c:/program files (x86)/cypress/psoc creator/4.3/psoc creator/import/gnu/arm/5.4.1/bin/../lib/gcc/arm-none-eabi/5.4.1/../../../../arm-none-eabi/lib/armv7-m\libc.a
LOAD c:/program files (x86)/cypress/psoc creator/4.3/psoc creator/import/gnu/arm/5.4.1/bin/../lib/gcc/arm-none-eabi/5.4.1/../../../../arm-none-eabi/lib/armv7-m\libnosys.a
END GROUP
                0x00000000                CY_APPL_ORIGIN = 0x0
                0x00000100                CY_FLASH_ROW_SIZE = 0x100
                0x00000020                CY_ECC_ROW_SIZE = 0x20
                0x00000000                CY_EE_IN_BTLDR = 0x0
                0x00000000                CY_APPL_LOADABLE = 0x0
                0x00000800                CY_EE_SIZE = 0x800
                0x00000001                CY_APPL_NUM = 0x1
                0x00000001                CY_APPL_MAX = 0x1
                0x00000040                CY_METADATA_SIZE = 0x40
                0x00000000                CY_APPL_LOADABLE = 0x0
                0x00000000                CY_CHECKSUM_EXCLUDE_SIZE = ALIGN (0x0, CY_FLASH_ROW_SIZE)
                [!provide]                PROVIDE (__cy_heap_start, _end)
                0x00000001                PROVIDE (__cy_region_num, ((__cy_regions_end - __cy_regions) / 0x10))
                0x20008000                PROVIDE (__cy_stack, (ORIGIN (ram) + LENGTH (ram)))
                [!provide]                PROVIDE (__cy_heap_end, (__cy_stack - 0x800))

.cybootloader   0x00000000        0x0
 *(.cybootloader)
                0x00000000                appl1_start = CY_APPL_ORIGIN?CY_APPL_ORIGIN:ALIGN (CY_FLASH_ROW_SIZE)
                0x0001ff00                appl2_start = (appl1_start + ALIGN ((((LENGTH (rom) - appl1_start) - (0x2 * CY_FLASH_ROW_SIZE)) / 0x2), CY_FLASH_ROW_SIZE))
                0x00000000                appl_start = (CY_APPL_NUM == 0x1)?appl1_start:appl2_start
                0x00000000                ecc_offset = ((appl_start / CY_FLASH_ROW_SIZE) * CY_ECC_ROW_SIZE)
                0x00000000                ee_offset = (CY_APPL_LOADABLE && ! (CY_EE_IN_BTLDR))?((CY_EE_SIZE / CY_APPL_MAX) * (CY_APPL_NUM - 0x1)):0x0
                0x00000800                ee_size = (CY_APPL_LOADABLE && ! (CY_EE_IN_BTLDR))?(CY_EE_SIZE / CY_APPL_MAX):CY_EE_SIZE
                [!provide]                PROVIDE (CY_ECC_OFFSET, ecc_offset)

.text           0x00000000     0x4500
 CREATE_OBJECT_SYMBOLS
                0x00000000                PROVIDE (__cy_interrupt_vector, RomVectors)
 *(.romvectors)
 .romvectors    0x00000000       0x10 .\CortexM3\ARM_GCC_541\Debug\Cm3Start.o
                0x00000000                RomVectors
                0x00000001                ASSERT ((. != __cy_interrupt_vector), No interrupt vector)
                0x00000001                ASSERT (CY_APPL_ORIGIN?(SIZEOF (.cybootloader) <= CY_APPL_ORIGIN):0x1, Wrong image location)
                0x00000010                PROVIDE (__cy_reset, Reset)
 *(.text.Reset)
 .text.Reset    0x00000010       0x18 .\CortexM3\ARM_GCC_541\Debug\Cm3Start.o
                0x00000010                Reset
                0x00000001                ASSERT ((. != __cy_reset), No reset code)
 *(.dma_init)
                0x00000001                ASSERT ((((appl_start + .) <= 0x10000) || 0x1), DMA Init must be within the first 64k of flash)
 *(.text .text.* .gnu.linkonce.t.*)
 .text          0x00000028       0x5c c:/program files (x86)/cypress/psoc creator/4.3/psoc creator/import/gnu/arm/5.4.1/bin/../lib/gcc/arm-none-eabi/5.4.1/armv7-m/crtbegin.o
 .text.CompressData
                0x00000084       0x80 .\CortexM3\ARM_GCC_541\Debug\main.o
                0x00000084                CompressData
 .text.DeCompressData
                0x00000104       0x48 .\CortexM3\ARM_GCC_541\Debug\main.o
                0x00000104                DeCompressData
 *fill*         0x0000014c        0x4 
 .text.SampledToBridge
                0x00000150      0x114 .\CortexM3\ARM_GCC_541\Debug\main.o
                0x00000150                SampledToBridge
 .text.UART_Debug_BCP
                0x00000264       0x34 .\CortexM3\ARM_GCC_541\Debug\main.o
                0x00000264                UART_Debug_BCP
 .text.main     0x00000298      0x524 .\CortexM3\ARM_GCC_541\Debug\main.o
                0x00000298                main
 .text.EEPROM_readStatus
                0x000007bc        0xc .\CortexM3\ARM_GCC_541\Debug\25LC256.o
                0x000007bc                EEPROM_readStatus
 .text.EEPROM_writeEnable
                0x000007c8        0xc .\CortexM3\ARM_GCC_541\Debug\25LC256.o
                0x000007c8                EEPROM_writeEnable
 .text.EEPROM_readByte
                0x000007d4       0x30 .\CortexM3\ARM_GCC_541\Debug\25LC256.o
                0x000007d4                EEPROM_readByte
 .text.EEPROM_writeByte
                0x00000804       0x38 .\CortexM3\ARM_GCC_541\Debug\25LC256.o
                0x00000804                EEPROM_writeByte
 .text.EEPROM_readPage
                0x0000083c       0x24 .\CortexM3\ARM_GCC_541\Debug\25LC256.o
                0x0000083c                EEPROM_readPage
 .text.EEPROM_loadSettings
                0x00000860       0x1c .\CortexM3\ARM_GCC_541\Debug\25LC256.o
                0x00000860                EEPROM_loadSettings
 .text.EEPROM_writePage
                0x0000087c       0x6c .\CortexM3\ARM_GCC_541\Debug\25LC256.o
                0x0000087c                EEPROM_writePage
 .text.EEPROM_waitForWriteComplete
                0x000008e8       0x10 .\CortexM3\ARM_GCC_541\Debug\25LC256.o
                0x000008e8                EEPROM_waitForWriteComplete
 .text.SPI_Interface_tradeByte_EEPROM
                0x000008f8       0x2c .\CortexM3\ARM_GCC_541\Debug\SPI_Interface.o
                0x000008f8                SPI_Interface_tradeByte_EEPROM
 .text.SPI_Interface_ReadByte_LIS3DH
                0x00000924       0x34 .\CortexM3\ARM_GCC_541\Debug\SPI_Interface.o
                0x00000924                SPI_Interface_ReadByte_LIS3DH
 .text.SPI_Interface_ReadByte_EEPROM
                0x00000958       0x34 .\CortexM3\ARM_GCC_541\Debug\SPI_Interface.o
                0x00000958                SPI_Interface_ReadByte_EEPROM
 .text.SPI_Interface_WriteByte_LIS3DH
                0x0000098c       0x34 .\CortexM3\ARM_GCC_541\Debug\SPI_Interface.o
                0x0000098c                SPI_Interface_WriteByte_LIS3DH
 .text.SPI_Interface_Multi_RW_LIS3DH
                0x000009c0       0xb8 .\CortexM3\ARM_GCC_541\Debug\SPI_Interface.o
                0x000009c0                SPI_Interface_Multi_RW_LIS3DH
 .text.SPI_Interface_Multi_RW_EEPROM
                0x00000a78       0xb8 .\CortexM3\ARM_GCC_541\Debug\SPI_Interface.o
                0x00000a78                SPI_Interface_Multi_RW_EEPROM
 .text.LIS3DH_unzipConfig
                0x00000b30       0x78 .\CortexM3\ARM_GCC_541\Debug\LIS3DH.o
                0x00000b30                LIS3DH_unzipConfig
 .text.LIS3DH_zipConfig
                0x00000ba8       0x5c .\CortexM3\ARM_GCC_541\Debug\LIS3DH.o
                0x00000ba8                LIS3DH_zipConfig
 .text.LIS3DH_readStatus
                0x00000c04        0xc .\CortexM3\ARM_GCC_541\Debug\LIS3DH.o
                0x00000c04                LIS3DH_readStatus
 .text.LIS3DH_readByte
                0x00000c10        0xc .\CortexM3\ARM_GCC_541\Debug\LIS3DH.o
                0x00000c10                LIS3DH_readByte
 .text.LIS3DH_writeByte
                0x00000c1c       0x18 .\CortexM3\ARM_GCC_541\Debug\LIS3DH.o
                0x00000c1c                LIS3DH_writeByte
 .text.LIS3DH_Init
                0x00000c34       0x30 .\CortexM3\ARM_GCC_541\Debug\LIS3DH.o
                0x00000c34                LIS3DH_Init
 .text.LIS3DH_setConfig
                0x00000c64       0x28 .\CortexM3\ARM_GCC_541\Debug\LIS3DH.o
                0x00000c64                LIS3DH_setConfig
 .text.LIS3DH_readPage
                0x00000c8c       0x20 .\CortexM3\ARM_GCC_541\Debug\LIS3DH.o
                0x00000c8c                LIS3DH_readPage
 .text.Custom_ISR_OVRN
                0x00000cac        0xc .\CortexM3\ARM_GCC_541\Debug\InterruptRoutines.o
                0x00000cac                Custom_ISR_OVRN
 .text.Custom_ISR_STREAM
                0x00000cb8        0xc .\CortexM3\ARM_GCC_541\Debug\InterruptRoutines.o
                0x00000cb8                Custom_ISR_STREAM
 .text.ShowMenu
                0x00000cc4       0x30 .\CortexM3\ARM_GCC_541\Debug\InterruptRoutines.o
                0x00000cc4                ShowMenu
 .text.Custom_ISR_RX
                0x00000cf4      0x384 .\CortexM3\ARM_GCC_541\Debug\InterruptRoutines.o
                0x00000cf4                Custom_ISR_RX
 .text.Custom_ISR_DMA
                0x00001078       0x1c .\CortexM3\ARM_GCC_541\Debug\InterruptRoutines.o
                0x00001078                Custom_ISR_DMA
 .text.Custom_ISR_TIMER
                0x00001094        0x8 .\CortexM3\ARM_GCC_541\Debug\InterruptRoutines.o
                0x00001094                Custom_ISR_TIMER
 .text.Custom_ISR_INDEX
                0x0000109c       0x4c .\CortexM3\ARM_GCC_541\Debug\InterruptRoutines.o
                0x0000109c                Custom_ISR_INDEX
 .text.Custom_ISR_RESET
                0x000010e8       0x2c .\CortexM3\ARM_GCC_541\Debug\InterruptRoutines.o
                0x000010e8                Custom_ISR_RESET
 .text.DMA_Config
                0x00001114       0x48 .\CortexM3\ARM_GCC_541\Debug\DMARoutines.o
                0x00001114                DMA_Config
 .text.CyClockStartupError
                0x0000115c        0x4 .\CortexM3\ARM_GCC_541\Debug\cyfitter_cfg.o
 .text.cfg_write_bytes32
                0x00001160       0x34 .\CortexM3\ARM_GCC_541\Debug\cyfitter_cfg.o
 .text.AnalogSetDefault
                0x00001194       0x30 .\CortexM3\ARM_GCC_541\Debug\cyfitter_cfg.o
 .text.CYMEMZERO
                0x000011c4        0xc .\CortexM3\ARM_GCC_541\Debug\cyfitter_cfg.o
 .text.CYCONFIGCPY
                0x000011d0        0x8 .\CortexM3\ARM_GCC_541\Debug\cyfitter_cfg.o
 .text.ClockSetup
                0x000011d8      0x138 .\CortexM3\ARM_GCC_541\Debug\cyfitter_cfg.o
 .text.AMux_Set
                0x00001310       0x34 .\CortexM3\ARM_GCC_541\Debug\cyfitter_cfg.o
                0x00001310                AMux_Set
 .text.AMux_Unset
                0x00001344       0x38 .\CortexM3\ARM_GCC_541\Debug\cyfitter_cfg.o
                0x00001344                AMux_Unset
 .text.ADC_DelSig_AMux_Set
                0x0000137c       0x1c .\CortexM3\ARM_GCC_541\Debug\cyfitter_cfg.o
                0x0000137c                ADC_DelSig_AMux_Set
 .text.ADC_DelSig_AMux_Unset
                0x00001398       0x20 .\CortexM3\ARM_GCC_541\Debug\cyfitter_cfg.o
                0x00001398                ADC_DelSig_AMux_Unset
 .text.cyfitter_cfg
                0x000013b8      0x14c .\CortexM3\ARM_GCC_541\Debug\cyfitter_cfg.o
                0x000013b8                cyfitter_cfg
 .text.IntDefaultHandler
                0x00001504       0x10 .\CortexM3\ARM_GCC_541\Debug\Cm3Start.o
                0x00001504                IntDefaultHandler
 .text._sbrk    0x00001514       0x30 .\CortexM3\ARM_GCC_541\Debug\Cm3Start.o
                0x00001514                _sbrk
 .text.Start_c  0x00001544       0x4c .\CortexM3\ARM_GCC_541\Debug\Cm3Start.o
                0x00001544                Start_c
 .text.initialize_psoc
                0x00001590       0x6c .\CortexM3\ARM_GCC_541\Debug\Cm3Start.o
                0x00001590                initialize_psoc
 .text.Timer_ADC_Enable
                0x000015fc       0x28 .\CortexM3\ARM_GCC_541\Debug\AY1920_II_FINAL_PROJECT.a(Timer_ADC.o)
                0x000015fc                Timer_ADC_Enable
 .text.Timer_ADC_Stop
                0x00001624       0x28 .\CortexM3\ARM_GCC_541\Debug\AY1920_II_FINAL_PROJECT.a(Timer_ADC.o)
                0x00001624                Timer_ADC_Stop
 .text.Timer_ADC_SetInterruptMode
                0x0000164c        0xc .\CortexM3\ARM_GCC_541\Debug\AY1920_II_FINAL_PROJECT.a(Timer_ADC.o)
                0x0000164c                Timer_ADC_SetInterruptMode
 .text.Timer_ADC_ReadStatusRegister
                0x00001658        0xc .\CortexM3\ARM_GCC_541\Debug\AY1920_II_FINAL_PROJECT.a(Timer_ADC.o)
                0x00001658                Timer_ADC_ReadStatusRegister
 .text.Timer_ADC_WritePeriod
                0x00001664        0xc .\CortexM3\ARM_GCC_541\Debug\AY1920_II_FINAL_PROJECT.a(Timer_ADC.o)
                0x00001664                Timer_ADC_WritePeriod
 .text.Timer_ADC_WriteCounter
                0x00001670        0xc .\CortexM3\ARM_GCC_541\Debug\AY1920_II_FINAL_PROJECT.a(Timer_ADC.o)
                0x00001670                Timer_ADC_WriteCounter
 .text.Timer_ADC_Init
                0x0000167c       0x68 .\CortexM3\ARM_GCC_541\Debug\AY1920_II_FINAL_PROJECT.a(Timer_ADC.o)
                0x0000167c                Timer_ADC_Init
 .text.Timer_ADC_Start
                0x000016e4       0x1c .\CortexM3\ARM_GCC_541\Debug\AY1920_II_FINAL_PROJECT.a(Timer_ADC.o)
                0x000016e4                Timer_ADC_Start
 .text.Pin_LED_ext_Write
                0x00001700       0x18 .\CortexM3\ARM_GCC_541\Debug\AY1920_II_FINAL_PROJECT.a(Pin_LED_ext.o)
                0x00001700                Pin_LED_ext_Write
 .text.isr_STREAM_SetVector
                0x00001718        0xc .\CortexM3\ARM_GCC_541\Debug\AY1920_II_FINAL_PROJECT.a(isr_STREAM.o)
                0x00001718                isr_STREAM_SetVector
 .text.isr_STREAM_SetPriority
                0x00001724       0x10 .\CortexM3\ARM_GCC_541\Debug\AY1920_II_FINAL_PROJECT.a(isr_STREAM.o)
                0x00001724                isr_STREAM_SetPriority
 .text.isr_STREAM_Enable
                0x00001734       0x10 .\CortexM3\ARM_GCC_541\Debug\AY1920_II_FINAL_PROJECT.a(isr_STREAM.o)
                0x00001734                isr_STREAM_Enable
 .text.isr_STREAM_Disable
                0x00001744       0x10 .\CortexM3\ARM_GCC_541\Debug\AY1920_II_FINAL_PROJECT.a(isr_STREAM.o)
                0x00001744                isr_STREAM_Disable
 .text.isr_STREAM_StartEx
                0x00001754       0x1c .\CortexM3\ARM_GCC_541\Debug\AY1920_II_FINAL_PROJECT.a(isr_STREAM.o)
                0x00001754                isr_STREAM_StartEx
 .text.Timer_STREAM_Enable
                0x00001770       0x28 .\CortexM3\ARM_GCC_541\Debug\AY1920_II_FINAL_PROJECT.a(Timer_STREAM.o)
                0x00001770                Timer_STREAM_Enable
 .text.Timer_STREAM_Stop
                0x00001798       0x28 .\CortexM3\ARM_GCC_541\Debug\AY1920_II_FINAL_PROJECT.a(Timer_STREAM.o)
                0x00001798                Timer_STREAM_Stop
 .text.Timer_STREAM_SetInterruptMode
                0x000017c0        0xc .\CortexM3\ARM_GCC_541\Debug\AY1920_II_FINAL_PROJECT.a(Timer_STREAM.o)
                0x000017c0                Timer_STREAM_SetInterruptMode
 .text.Timer_STREAM_WritePeriod
                0x000017cc        0xc .\CortexM3\ARM_GCC_541\Debug\AY1920_II_FINAL_PROJECT.a(Timer_STREAM.o)
                0x000017cc                Timer_STREAM_WritePeriod
 .text.Timer_STREAM_WriteCounter
                0x000017d8        0xc .\CortexM3\ARM_GCC_541\Debug\AY1920_II_FINAL_PROJECT.a(Timer_STREAM.o)
                0x000017d8                Timer_STREAM_WriteCounter
 .text.Timer_STREAM_Init
                0x000017e4       0x68 .\CortexM3\ARM_GCC_541\Debug\AY1920_II_FINAL_PROJECT.a(Timer_STREAM.o)
                0x000017e4                Timer_STREAM_Init
 .text.Timer_STREAM_Start
                0x0000184c       0x1c .\CortexM3\ARM_GCC_541\Debug\AY1920_II_FINAL_PROJECT.a(Timer_STREAM.o)
                0x0000184c                Timer_STREAM_Start
 .text.isr_INT_SetVector
                0x00001868        0xc .\CortexM3\ARM_GCC_541\Debug\AY1920_II_FINAL_PROJECT.a(isr_INT.o)
                0x00001868                isr_INT_SetVector
 .text.isr_INT_SetPriority
                0x00001874       0x10 .\CortexM3\ARM_GCC_541\Debug\AY1920_II_FINAL_PROJECT.a(isr_INT.o)
                0x00001874                isr_INT_SetPriority
 .text.isr_INT_Enable
                0x00001884        0xc .\CortexM3\ARM_GCC_541\Debug\AY1920_II_FINAL_PROJECT.a(isr_INT.o)
                0x00001884                isr_INT_Enable
 .text.isr_INT_Disable
                0x00001890        0xc .\CortexM3\ARM_GCC_541\Debug\AY1920_II_FINAL_PROJECT.a(isr_INT.o)
                0x00001890                isr_INT_Disable
 .text.isr_INT_StartEx
                0x0000189c       0x1c .\CortexM3\ARM_GCC_541\Debug\AY1920_II_FINAL_PROJECT.a(isr_INT.o)
                0x0000189c                isr_INT_StartEx
 .text.isr_INT_SetPending
                0x000018b8        0xc .\CortexM3\ARM_GCC_541\Debug\AY1920_II_FINAL_PROJECT.a(isr_INT.o)
                0x000018b8                isr_INT_SetPending
 .text.PWM_BLINK_Enable
                0x000018c4       0x10 .\CortexM3\ARM_GCC_541\Debug\AY1920_II_FINAL_PROJECT.a(PWM_BLINK.o)
                0x000018c4                PWM_BLINK_Enable
 .text.PWM_BLINK_WriteCounter
                0x000018d4        0xc .\CortexM3\ARM_GCC_541\Debug\AY1920_II_FINAL_PROJECT.a(PWM_BLINK.o)
                0x000018d4                PWM_BLINK_WriteCounter
 .text.PWM_BLINK_WritePeriod
                0x000018e0        0xc .\CortexM3\ARM_GCC_541\Debug\AY1920_II_FINAL_PROJECT.a(PWM_BLINK.o)
                0x000018e0                PWM_BLINK_WritePeriod
 .text.PWM_BLINK_WriteCompare
                0x000018ec        0xc .\CortexM3\ARM_GCC_541\Debug\AY1920_II_FINAL_PROJECT.a(PWM_BLINK.o)
                0x000018ec                PWM_BLINK_WriteCompare
 .text.PWM_BLINK_SetInterruptMode
                0x000018f8        0xc .\CortexM3\ARM_GCC_541\Debug\AY1920_II_FINAL_PROJECT.a(PWM_BLINK.o)
                0x000018f8                PWM_BLINK_SetInterruptMode
 .text.PWM_BLINK_ReadStatusRegister
                0x00001904        0xc .\CortexM3\ARM_GCC_541\Debug\AY1920_II_FINAL_PROJECT.a(PWM_BLINK.o)
                0x00001904                PWM_BLINK_ReadStatusRegister
 .text.PWM_BLINK_ReadCapture
                0x00001910        0xc .\CortexM3\ARM_GCC_541\Debug\AY1920_II_FINAL_PROJECT.a(PWM_BLINK.o)
                0x00001910                PWM_BLINK_ReadCapture
 .text.PWM_BLINK_ClearFIFO
                0x0000191c       0x14 .\CortexM3\ARM_GCC_541\Debug\AY1920_II_FINAL_PROJECT.a(PWM_BLINK.o)
                0x0000191c                PWM_BLINK_ClearFIFO
 .text.PWM_BLINK_Init
                0x00001930       0x5c .\CortexM3\ARM_GCC_541\Debug\AY1920_II_FINAL_PROJECT.a(PWM_BLINK.o)
                0x00001930                PWM_BLINK_Init
 .text.PWM_BLINK_Start
                0x0000198c       0x1c .\CortexM3\ARM_GCC_541\Debug\AY1920_II_FINAL_PROJECT.a(PWM_BLINK.o)
                0x0000198c                PWM_BLINK_Start
 .text.blink_clock_Start
                0x000019a8       0x1c .\CortexM3\ARM_GCC_541\Debug\AY1920_II_FINAL_PROJECT.a(blink_clock.o)
                0x000019a8                blink_clock_Start
 .text.CS_2_Write
                0x000019c4       0x18 .\CortexM3\ARM_GCC_541\Debug\AY1920_II_FINAL_PROJECT.a(CS_2.o)
                0x000019c4                CS_2_Write
 .text.CS_1_Write
                0x000019dc       0x18 .\CortexM3\ARM_GCC_541\Debug\AY1920_II_FINAL_PROJECT.a(CS_1.o)
                0x000019dc                CS_1_Write
 .text.isr_RX_SetVector
                0x000019f4        0xc .\CortexM3\ARM_GCC_541\Debug\AY1920_II_FINAL_PROJECT.a(isr_RX.o)
                0x000019f4                isr_RX_SetVector
 .text.isr_RX_SetPriority
                0x00001a00       0x10 .\CortexM3\ARM_GCC_541\Debug\AY1920_II_FINAL_PROJECT.a(isr_RX.o)
                0x00001a00                isr_RX_SetPriority
 .text.isr_RX_Enable
                0x00001a10       0x10 .\CortexM3\ARM_GCC_541\Debug\AY1920_II_FINAL_PROJECT.a(isr_RX.o)
                0x00001a10                isr_RX_Enable
 .text.isr_RX_Disable
                0x00001a20       0x10 .\CortexM3\ARM_GCC_541\Debug\AY1920_II_FINAL_PROJECT.a(isr_RX.o)
                0x00001a20                isr_RX_Disable
 .text.isr_RX_StartEx
                0x00001a30       0x1c .\CortexM3\ARM_GCC_541\Debug\AY1920_II_FINAL_PROJECT.a(isr_RX.o)
                0x00001a30                isr_RX_StartEx
 .text.ADC_DelSig_GainCompensation
                0x00001a4c       0xdc .\CortexM3\ARM_GCC_541\Debug\AY1920_II_FINAL_PROJECT.a(ADC_DelSig.o)
 .text.ADC_DelSig_SetDSMRef0Reg
                0x00001b28       0x4c .\CortexM3\ARM_GCC_541\Debug\AY1920_II_FINAL_PROJECT.a(ADC_DelSig.o)
 .text.ADC_DelSig_InitConfig
                0x00001b74       0xec .\CortexM3\ARM_GCC_541\Debug\AY1920_II_FINAL_PROJECT.a(ADC_DelSig.o)
 .text.ADC_DelSig_Init
                0x00001c60       0xc4 .\CortexM3\ARM_GCC_541\Debug\AY1920_II_FINAL_PROJECT.a(ADC_DelSig.o)
                0x00001c60                ADC_DelSig_Init
 .text.ADC_DelSig_Enable
                0x00001d24       0xd8 .\CortexM3\ARM_GCC_541\Debug\AY1920_II_FINAL_PROJECT.a(ADC_DelSig.o)
                0x00001d24                ADC_DelSig_Enable
 .text.ADC_DelSig_Start
                0x00001dfc       0x28 .\CortexM3\ARM_GCC_541\Debug\AY1920_II_FINAL_PROJECT.a(ADC_DelSig.o)
                0x00001dfc                ADC_DelSig_Start
 .text.ADC_DelSig_CountsTo_mVolts
                0x00001e24       0x24 .\CortexM3\ARM_GCC_541\Debug\AY1920_II_FINAL_PROJECT.a(ADC_DelSig.o)
                0x00001e24                ADC_DelSig_CountsTo_mVolts
 .text.ADC_DelSig_ISR1
                0x00001e48        0x4 .\CortexM3\ARM_GCC_541\Debug\AY1920_II_FINAL_PROJECT.a(ADC_DelSig_INT.o)
                0x00001e48                ADC_DelSig_ISR1
 .text.AMux_Start
                0x00001e4c       0x20 .\CortexM3\ARM_GCC_541\Debug\AY1920_II_FINAL_PROJECT.a(AMux.o)
                0x00001e4c                AMux_Start
 .text.AMux_Select
                0x00001e6c       0x18 .\CortexM3\ARM_GCC_541\Debug\AY1920_II_FINAL_PROJECT.a(AMux.o)
                0x00001e6c                AMux_Select
 .text.UART_Init
                0x00001e84       0x28 .\CortexM3\ARM_GCC_541\Debug\AY1920_II_FINAL_PROJECT.a(UART.o)
                0x00001e84                UART_Init
 .text.UART_Enable
                0x00001eac       0x38 .\CortexM3\ARM_GCC_541\Debug\AY1920_II_FINAL_PROJECT.a(UART.o)
                0x00001eac                UART_Enable
 .text.UART_Start
                0x00001ee4       0x1c .\CortexM3\ARM_GCC_541\Debug\AY1920_II_FINAL_PROJECT.a(UART.o)
                0x00001ee4                UART_Start
 .text.UART_GetChar
                0x00001f00       0x2c .\CortexM3\ARM_GCC_541\Debug\AY1920_II_FINAL_PROJECT.a(UART.o)
                0x00001f00                UART_GetChar
 .text.UART_PutChar
                0x00001f2c       0x18 .\CortexM3\ARM_GCC_541\Debug\AY1920_II_FINAL_PROJECT.a(UART.o)
                0x00001f2c                UART_PutChar
 .text.UART_PutString
                0x00001f44       0x24 .\CortexM3\ARM_GCC_541\Debug\AY1920_II_FINAL_PROJECT.a(UART.o)
                0x00001f44                UART_PutString
 .text.SPIM_EEPROM_EnableTxInt
                0x00001f68        0xc .\CortexM3\ARM_GCC_541\Debug\AY1920_II_FINAL_PROJECT.a(SPIM_EEPROM.o)
                0x00001f68                SPIM_EEPROM_EnableTxInt
 .text.SPIM_EEPROM_EnableRxInt
                0x00001f74        0xc .\CortexM3\ARM_GCC_541\Debug\AY1920_II_FINAL_PROJECT.a(SPIM_EEPROM.o)
                0x00001f74                SPIM_EEPROM_EnableRxInt
 .text.SPIM_EEPROM_Enable
                0x00001f80       0x3c .\CortexM3\ARM_GCC_541\Debug\AY1920_II_FINAL_PROJECT.a(SPIM_EEPROM.o)
                0x00001f80                SPIM_EEPROM_Enable
 .text.SPIM_EEPROM_DisableTxInt
                0x00001fbc        0xc .\CortexM3\ARM_GCC_541\Debug\AY1920_II_FINAL_PROJECT.a(SPIM_EEPROM.o)
                0x00001fbc                SPIM_EEPROM_DisableTxInt
 .text.SPIM_EEPROM_DisableRxInt
                0x00001fc8        0xc .\CortexM3\ARM_GCC_541\Debug\AY1920_II_FINAL_PROJECT.a(SPIM_EEPROM.o)
                0x00001fc8                SPIM_EEPROM_DisableRxInt
 .text.SPIM_EEPROM_ReadTxStatus
                0x00001fd4       0x28 .\CortexM3\ARM_GCC_541\Debug\AY1920_II_FINAL_PROJECT.a(SPIM_EEPROM.o)
                0x00001fd4                SPIM_EEPROM_ReadTxStatus
 .text.SPIM_EEPROM_ReadRxStatus
                0x00001ffc       0x28 .\CortexM3\ARM_GCC_541\Debug\AY1920_II_FINAL_PROJECT.a(SPIM_EEPROM.o)
                0x00001ffc                SPIM_EEPROM_ReadRxStatus
 .text.SPIM_EEPROM_WriteTxData
                0x00002024       0xd4 .\CortexM3\ARM_GCC_541\Debug\AY1920_II_FINAL_PROJECT.a(SPIM_EEPROM.o)
                0x00002024                SPIM_EEPROM_WriteTxData
 .text.SPIM_EEPROM_ReadRxData
                0x000020f8       0x64 .\CortexM3\ARM_GCC_541\Debug\AY1920_II_FINAL_PROJECT.a(SPIM_EEPROM.o)
                0x000020f8                SPIM_EEPROM_ReadRxData
 .text.SPIM_EEPROM_ClearRxBuffer
                0x0000215c       0x40 .\CortexM3\ARM_GCC_541\Debug\AY1920_II_FINAL_PROJECT.a(SPIM_EEPROM.o)
                0x0000215c                SPIM_EEPROM_ClearRxBuffer
 .text.SPIM_EEPROM_ClearTxBuffer
                0x0000219c       0x54 .\CortexM3\ARM_GCC_541\Debug\AY1920_II_FINAL_PROJECT.a(SPIM_EEPROM.o)
                0x0000219c                SPIM_EEPROM_ClearTxBuffer
 .text.SPIM_EEPROM_PutArray
                0x000021f0       0x20 .\CortexM3\ARM_GCC_541\Debug\AY1920_II_FINAL_PROJECT.a(SPIM_EEPROM.o)
                0x000021f0                SPIM_EEPROM_PutArray
 .text.SPIM_EEPROM_ClearFIFO
                0x00002210       0x3c .\CortexM3\ARM_GCC_541\Debug\AY1920_II_FINAL_PROJECT.a(SPIM_EEPROM.o)
                0x00002210                SPIM_EEPROM_ClearFIFO
 .text.SPIM_EEPROM_Init
                0x0000224c       0x90 .\CortexM3\ARM_GCC_541\Debug\AY1920_II_FINAL_PROJECT.a(SPIM_EEPROM.o)
                0x0000224c                SPIM_EEPROM_Init
 .text.SPIM_EEPROM_Start
                0x000022dc       0x1c .\CortexM3\ARM_GCC_541\Debug\AY1920_II_FINAL_PROJECT.a(SPIM_EEPROM.o)
                0x000022dc                SPIM_EEPROM_Start
 .text.SPIM_EEPROM_TX_ISR
                0x000022f8       0xa0 .\CortexM3\ARM_GCC_541\Debug\AY1920_II_FINAL_PROJECT.a(SPIM_EEPROM_INT.o)
                0x000022f8                SPIM_EEPROM_TX_ISR
 .text.SPIM_EEPROM_RX_ISR
                0x00002398       0xa0 .\CortexM3\ARM_GCC_541\Debug\AY1920_II_FINAL_PROJECT.a(SPIM_EEPROM_INT.o)
                0x00002398                SPIM_EEPROM_RX_ISR
 .text.SPIM_LIS3DH_EnableTxInt
                0x00002438        0xc .\CortexM3\ARM_GCC_541\Debug\AY1920_II_FINAL_PROJECT.a(SPIM_LIS3DH.o)
                0x00002438                SPIM_LIS3DH_EnableTxInt
 .text.SPIM_LIS3DH_EnableRxInt
                0x00002444        0xc .\CortexM3\ARM_GCC_541\Debug\AY1920_II_FINAL_PROJECT.a(SPIM_LIS3DH.o)
                0x00002444                SPIM_LIS3DH_EnableRxInt
 .text.SPIM_LIS3DH_Enable
                0x00002450       0x3c .\CortexM3\ARM_GCC_541\Debug\AY1920_II_FINAL_PROJECT.a(SPIM_LIS3DH.o)
                0x00002450                SPIM_LIS3DH_Enable
 .text.SPIM_LIS3DH_DisableTxInt
                0x0000248c        0xc .\CortexM3\ARM_GCC_541\Debug\AY1920_II_FINAL_PROJECT.a(SPIM_LIS3DH.o)
                0x0000248c                SPIM_LIS3DH_DisableTxInt
 .text.SPIM_LIS3DH_DisableRxInt
                0x00002498        0xc .\CortexM3\ARM_GCC_541\Debug\AY1920_II_FINAL_PROJECT.a(SPIM_LIS3DH.o)
                0x00002498                SPIM_LIS3DH_DisableRxInt
 .text.SPIM_LIS3DH_ReadTxStatus
                0x000024a4       0x28 .\CortexM3\ARM_GCC_541\Debug\AY1920_II_FINAL_PROJECT.a(SPIM_LIS3DH.o)
                0x000024a4                SPIM_LIS3DH_ReadTxStatus
 .text.SPIM_LIS3DH_ReadRxStatus
                0x000024cc       0x28 .\CortexM3\ARM_GCC_541\Debug\AY1920_II_FINAL_PROJECT.a(SPIM_LIS3DH.o)
                0x000024cc                SPIM_LIS3DH_ReadRxStatus
 .text.SPIM_LIS3DH_WriteTxData
                0x000024f4       0xd4 .\CortexM3\ARM_GCC_541\Debug\AY1920_II_FINAL_PROJECT.a(SPIM_LIS3DH.o)
                0x000024f4                SPIM_LIS3DH_WriteTxData
 .text.SPIM_LIS3DH_ReadRxData
                0x000025c8       0x64 .\CortexM3\ARM_GCC_541\Debug\AY1920_II_FINAL_PROJECT.a(SPIM_LIS3DH.o)
                0x000025c8                SPIM_LIS3DH_ReadRxData
 .text.SPIM_LIS3DH_ClearRxBuffer
                0x0000262c       0x40 .\CortexM3\ARM_GCC_541\Debug\AY1920_II_FINAL_PROJECT.a(SPIM_LIS3DH.o)
                0x0000262c                SPIM_LIS3DH_ClearRxBuffer
 .text.SPIM_LIS3DH_ClearTxBuffer
                0x0000266c       0x54 .\CortexM3\ARM_GCC_541\Debug\AY1920_II_FINAL_PROJECT.a(SPIM_LIS3DH.o)
                0x0000266c                SPIM_LIS3DH_ClearTxBuffer
 .text.SPIM_LIS3DH_PutArray
                0x000026c0       0x20 .\CortexM3\ARM_GCC_541\Debug\AY1920_II_FINAL_PROJECT.a(SPIM_LIS3DH.o)
                0x000026c0                SPIM_LIS3DH_PutArray
 .text.SPIM_LIS3DH_ClearFIFO
                0x000026e0       0x3c .\CortexM3\ARM_GCC_541\Debug\AY1920_II_FINAL_PROJECT.a(SPIM_LIS3DH.o)
                0x000026e0                SPIM_LIS3DH_ClearFIFO
 .text.SPIM_LIS3DH_Init
                0x0000271c       0x90 .\CortexM3\ARM_GCC_541\Debug\AY1920_II_FINAL_PROJECT.a(SPIM_LIS3DH.o)
                0x0000271c                SPIM_LIS3DH_Init
 .text.SPIM_LIS3DH_Start
                0x000027ac       0x1c .\CortexM3\ARM_GCC_541\Debug\AY1920_II_FINAL_PROJECT.a(SPIM_LIS3DH.o)
                0x000027ac                SPIM_LIS3DH_Start
 .text.SPIM_LIS3DH_TX_ISR
                0x000027c8       0xa0 .\CortexM3\ARM_GCC_541\Debug\AY1920_II_FINAL_PROJECT.a(SPIM_LIS3DH_INT.o)
                0x000027c8                SPIM_LIS3DH_TX_ISR
 .text.SPIM_LIS3DH_RX_ISR
                0x00002868       0xa0 .\CortexM3\ARM_GCC_541\Debug\AY1920_II_FINAL_PROJECT.a(SPIM_LIS3DH_INT.o)
                0x00002868                SPIM_LIS3DH_RX_ISR
 .text.ADC_DelSig_AMux_Start
                0x00002908       0x20 .\CortexM3\ARM_GCC_541\Debug\AY1920_II_FINAL_PROJECT.a(ADC_DelSig_AMux.o)
                0x00002908                ADC_DelSig_AMux_Start
 .text.ADC_DelSig_AMux_Select
                0x00002928       0x18 .\CortexM3\ARM_GCC_541\Debug\AY1920_II_FINAL_PROJECT.a(ADC_DelSig_AMux.o)
                0x00002928                ADC_DelSig_AMux_Select
 .text.ADC_DelSig_Ext_CP_Clk_GetDividerRegister
                0x00002940        0xc .\CortexM3\ARM_GCC_541\Debug\AY1920_II_FINAL_PROJECT.a(ADC_DelSig_Ext_CP_Clk.o)
                0x00002940                ADC_DelSig_Ext_CP_Clk_GetDividerRegister
 .text.ADC_DelSig_Ext_CP_Clk_SetModeRegister
                0x0000294c       0x14 .\CortexM3\ARM_GCC_541\Debug\AY1920_II_FINAL_PROJECT.a(ADC_DelSig_Ext_CP_Clk.o)
                0x0000294c                ADC_DelSig_Ext_CP_Clk_SetModeRegister
 .text.ADC_DelSig_Ext_CP_Clk_GetSourceRegister
                0x00002960       0x10 .\CortexM3\ARM_GCC_541\Debug\AY1920_II_FINAL_PROJECT.a(ADC_DelSig_Ext_CP_Clk.o)
                0x00002960                ADC_DelSig_Ext_CP_Clk_GetSourceRegister
 .text.ADC_DelSig_Ext_CP_Clk_SetDividerRegister
                0x00002970       0xd8 .\CortexM3\ARM_GCC_541\Debug\AY1920_II_FINAL_PROJECT.a(ADC_DelSig_Ext_CP_Clk.o)
                0x00002970                ADC_DelSig_Ext_CP_Clk_SetDividerRegister
 .text.ADC_DelSig_IRQ_Interrupt
                0x00002a48        0x4 .\CortexM3\ARM_GCC_541\Debug\AY1920_II_FINAL_PROJECT.a(ADC_DelSig_IRQ.o)
                0x00002a48                ADC_DelSig_IRQ_Interrupt
 .text.ADC_DelSig_IRQ_SetVector
                0x00002a4c       0x10 .\CortexM3\ARM_GCC_541\Debug\AY1920_II_FINAL_PROJECT.a(ADC_DelSig_IRQ.o)
                0x00002a4c                ADC_DelSig_IRQ_SetVector
 .text.ADC_DelSig_IRQ_SetPriority
                0x00002a5c       0x10 .\CortexM3\ARM_GCC_541\Debug\AY1920_II_FINAL_PROJECT.a(ADC_DelSig_IRQ.o)
                0x00002a5c                ADC_DelSig_IRQ_SetPriority
 .text.ADC_DelSig_IRQ_Enable
                0x00002a6c       0x10 .\CortexM3\ARM_GCC_541\Debug\AY1920_II_FINAL_PROJECT.a(ADC_DelSig_IRQ.o)
                0x00002a6c                ADC_DelSig_IRQ_Enable
 .text.ADC_DelSig_IRQ_Disable
                0x00002a7c       0x10 .\CortexM3\ARM_GCC_541\Debug\AY1920_II_FINAL_PROJECT.a(ADC_DelSig_IRQ.o)
                0x00002a7c                ADC_DelSig_IRQ_Disable
 .text.ADC_DelSig_IRQ_Start
                0x00002a8c       0x1c .\CortexM3\ARM_GCC_541\Debug\AY1920_II_FINAL_PROJECT.a(ADC_DelSig_IRQ.o)
                0x00002a8c                ADC_DelSig_IRQ_Start
 .text.ADC_DelSig_theACLK_GetDividerRegister
                0x00002aa8        0xc .\CortexM3\ARM_GCC_541\Debug\AY1920_II_FINAL_PROJECT.a(ADC_DelSig_theACLK.o)
                0x00002aa8                ADC_DelSig_theACLK_GetDividerRegister
 .text.ADC_DelSig_theACLK_SetModeRegister
                0x00002ab4       0x14 .\CortexM3\ARM_GCC_541\Debug\AY1920_II_FINAL_PROJECT.a(ADC_DelSig_theACLK.o)
                0x00002ab4                ADC_DelSig_theACLK_SetModeRegister
 .text.ADC_DelSig_theACLK_GetSourceRegister
                0x00002ac8       0x10 .\CortexM3\ARM_GCC_541\Debug\AY1920_II_FINAL_PROJECT.a(ADC_DelSig_theACLK.o)
                0x00002ac8                ADC_DelSig_theACLK_GetSourceRegister
 .text.ADC_DelSig_theACLK_SetDividerRegister
                0x00002ad8       0xd8 .\CortexM3\ARM_GCC_541\Debug\AY1920_II_FINAL_PROJECT.a(ADC_DelSig_theACLK.o)
                0x00002ad8                ADC_DelSig_theACLK_SetDividerRegister
 .text.UART_IntClock_Start
                0x00002bb0       0x1c .\CortexM3\ARM_GCC_541\Debug\AY1920_II_FINAL_PROJECT.a(UART_IntClock.o)
                0x00002bb0                UART_IntClock_Start
 .text.SPIM_EEPROM_IntClock_Start
                0x00002bcc       0x1c .\CortexM3\ARM_GCC_541\Debug\AY1920_II_FINAL_PROJECT.a(SPIM_EEPROM_IntClock.o)
                0x00002bcc                SPIM_EEPROM_IntClock_Start
 .text.SPIM_LIS3DH_IntClock_Start
                0x00002be8       0x1c .\CortexM3\ARM_GCC_541\Debug\AY1920_II_FINAL_PROJECT.a(SPIM_LIS3DH_IntClock.o)
                0x00002be8                SPIM_LIS3DH_IntClock_Start
 .text.CyDmacConfigure
                0x00002c04       0x34 .\CortexM3\ARM_GCC_541\Debug\AY1920_II_FINAL_PROJECT.a(CyDmac.o)
                0x00002c04                CyDmacConfigure
 .text.CyDmaChEnable
                0x00002c38       0x38 .\CortexM3\ARM_GCC_541\Debug\AY1920_II_FINAL_PROJECT.a(CyDmac.o)
                0x00002c38                CyDmaChEnable
 .text.CyDmaChPriority
                0x00002c70       0x24 .\CortexM3\ARM_GCC_541\Debug\AY1920_II_FINAL_PROJECT.a(CyDmac.o)
                0x00002c70                CyDmaChPriority
 .text.CyDmaChSetExtendedAddress
                0x00002c94       0x34 .\CortexM3\ARM_GCC_541\Debug\AY1920_II_FINAL_PROJECT.a(CyDmac.o)
                0x00002c94                CyDmaChSetExtendedAddress
 .text.CyDmaChSetInitialTd
                0x00002cc8       0x18 .\CortexM3\ARM_GCC_541\Debug\AY1920_II_FINAL_PROJECT.a(CyDmac.o)
                0x00002cc8                CyDmaChSetInitialTd
 .text.CyDmaChSetRequest
                0x00002ce0       0x20 .\CortexM3\ARM_GCC_541\Debug\AY1920_II_FINAL_PROJECT.a(CyDmac.o)
                0x00002ce0                CyDmaChSetRequest
 .text.CyDmaChSetConfiguration
                0x00002d00       0x44 .\CortexM3\ARM_GCC_541\Debug\AY1920_II_FINAL_PROJECT.a(CyDmac.o)
                0x00002d00                CyDmaChSetConfiguration
 .text.CyDmaTdAllocate
                0x00002d44       0x34 .\CortexM3\ARM_GCC_541\Debug\AY1920_II_FINAL_PROJECT.a(CyDmac.o)
                0x00002d44                CyDmaTdAllocate
 .text.CyDmaTdSetConfiguration
                0x00002d78       0x28 .\CortexM3\ARM_GCC_541\Debug\AY1920_II_FINAL_PROJECT.a(CyDmac.o)
                0x00002d78                CyDmaTdSetConfiguration
 .text.CyDmaTdSetAddress
                0x00002da0       0x1c .\CortexM3\ARM_GCC_541\Debug\AY1920_II_FINAL_PROJECT.a(CyDmac.o)
                0x00002da0                CyDmaTdSetAddress
 .text.CyHalt   0x00002dbc        0x4 .\CortexM3\ARM_GCC_541\Debug\AY1920_II_FINAL_PROJECT.a(CyLib.o)
                0x00002dbc                CyHalt
 .text.CyDelay  0x00002dc0       0x2c .\CortexM3\ARM_GCC_541\Debug\AY1920_II_FINAL_PROJECT.a(CyLib.o)
                0x00002dc0                CyDelay
 .text.CyDelayUs
                0x00002dec       0x14 .\CortexM3\ARM_GCC_541\Debug\AY1920_II_FINAL_PROJECT.a(CyLib.o)
                0x00002dec                CyDelayUs
 .text.CyIntSetVector
                0x00002e00       0x28 .\CortexM3\ARM_GCC_541\Debug\AY1920_II_FINAL_PROJECT.a(CyLib.o)
                0x00002e00                CyIntSetVector
 .text.CyIntSetPriority
                0x00002e28       0x30 .\CortexM3\ARM_GCC_541\Debug\AY1920_II_FINAL_PROJECT.a(CyLib.o)
                0x00002e28                CyIntSetPriority
 .text.isr_TIMER_ADC_SetVector
                0x00002e58        0xc .\CortexM3\ARM_GCC_541\Debug\AY1920_II_FINAL_PROJECT.a(isr_TIMER_ADC.o)
                0x00002e58                isr_TIMER_ADC_SetVector
 .text.isr_TIMER_ADC_SetPriority
                0x00002e64       0x10 .\CortexM3\ARM_GCC_541\Debug\AY1920_II_FINAL_PROJECT.a(isr_TIMER_ADC.o)
                0x00002e64                isr_TIMER_ADC_SetPriority
 .text.isr_TIMER_ADC_Enable
                0x00002e74       0x10 .\CortexM3\ARM_GCC_541\Debug\AY1920_II_FINAL_PROJECT.a(isr_TIMER_ADC.o)
                0x00002e74                isr_TIMER_ADC_Enable
 .text.isr_TIMER_ADC_Disable
                0x00002e84       0x10 .\CortexM3\ARM_GCC_541\Debug\AY1920_II_FINAL_PROJECT.a(isr_TIMER_ADC.o)
                0x00002e84                isr_TIMER_ADC_Disable
 .text.isr_TIMER_ADC_StartEx
                0x00002e94       0x1c .\CortexM3\ARM_GCC_541\Debug\AY1920_II_FINAL_PROJECT.a(isr_TIMER_ADC.o)
                0x00002e94                isr_TIMER_ADC_StartEx
 .text.DMA_DmaInitialize
                0x00002eb0       0x3c .\CortexM3\ARM_GCC_541\Debug\AY1920_II_FINAL_PROJECT.a(DMA_dma.o)
                0x00002eb0                DMA_DmaInitialize
 .text.isr_DMA_SetVector
                0x00002eec        0xc .\CortexM3\ARM_GCC_541\Debug\AY1920_II_FINAL_PROJECT.a(isr_DMA.o)
                0x00002eec                isr_DMA_SetVector
 .text.isr_DMA_SetPriority
                0x00002ef8       0x10 .\CortexM3\ARM_GCC_541\Debug\AY1920_II_FINAL_PROJECT.a(isr_DMA.o)
                0x00002ef8                isr_DMA_SetPriority
 .text.isr_DMA_Enable
                0x00002f08        0xc .\CortexM3\ARM_GCC_541\Debug\AY1920_II_FINAL_PROJECT.a(isr_DMA.o)
                0x00002f08                isr_DMA_Enable
 .text.isr_DMA_Disable
                0x00002f14        0xc .\CortexM3\ARM_GCC_541\Debug\AY1920_II_FINAL_PROJECT.a(isr_DMA.o)
                0x00002f14                isr_DMA_Disable
 .text.isr_DMA_StartEx
                0x00002f20       0x1c .\CortexM3\ARM_GCC_541\Debug\AY1920_II_FINAL_PROJECT.a(isr_DMA.o)
                0x00002f20                isr_DMA_StartEx
 .text.isr_DMA_SetPending
                0x00002f3c        0xc .\CortexM3\ARM_GCC_541\Debug\AY1920_II_FINAL_PROJECT.a(isr_DMA.o)
                0x00002f3c                isr_DMA_SetPending
 .text.Pin_DEBUG_Write
                0x00002f48       0x18 .\CortexM3\ARM_GCC_541\Debug\AY1920_II_FINAL_PROJECT.a(Pin_DEBUG.o)
                0x00002f48                Pin_DEBUG_Write
 .text.Pin_DEBUG_Read
                0x00002f60       0x10 .\CortexM3\ARM_GCC_541\Debug\AY1920_II_FINAL_PROJECT.a(Pin_DEBUG.o)
                0x00002f60                Pin_DEBUG_Read
 .text.isr_INDEX_SetVector
                0x00002f70        0xc .\CortexM3\ARM_GCC_541\Debug\AY1920_II_FINAL_PROJECT.a(isr_INDEX.o)
                0x00002f70                isr_INDEX_SetVector
 .text.isr_INDEX_SetPriority
                0x00002f7c       0x10 .\CortexM3\ARM_GCC_541\Debug\AY1920_II_FINAL_PROJECT.a(isr_INDEX.o)
                0x00002f7c                isr_INDEX_SetPriority
 .text.isr_INDEX_Enable
                0x00002f8c        0xc .\CortexM3\ARM_GCC_541\Debug\AY1920_II_FINAL_PROJECT.a(isr_INDEX.o)
                0x00002f8c                isr_INDEX_Enable
 .text.isr_INDEX_Disable
                0x00002f98        0xc .\CortexM3\ARM_GCC_541\Debug\AY1920_II_FINAL_PROJECT.a(isr_INDEX.o)
                0x00002f98                isr_INDEX_Disable
 .text.isr_INDEX_StartEx
                0x00002fa4       0x1c .\CortexM3\ARM_GCC_541\Debug\AY1920_II_FINAL_PROJECT.a(isr_INDEX.o)
                0x00002fa4                isr_INDEX_StartEx
 .text.Counter_INDEX_Enable
                0x00002fc0       0x28 .\CortexM3\ARM_GCC_541\Debug\AY1920_II_FINAL_PROJECT.a(Counter_INDEX.o)
                0x00002fc0                Counter_INDEX_Enable
 .text.Counter_INDEX_SetInterruptMode
                0x00002fe8        0xc .\CortexM3\ARM_GCC_541\Debug\AY1920_II_FINAL_PROJECT.a(Counter_INDEX.o)
                0x00002fe8                Counter_INDEX_SetInterruptMode
 .text.Counter_INDEX_WriteCounter
                0x00002ff4       0x34 .\CortexM3\ARM_GCC_541\Debug\AY1920_II_FINAL_PROJECT.a(Counter_INDEX.o)
                0x00002ff4                Counter_INDEX_WriteCounter
 .text.Counter_INDEX_WritePeriod
                0x00003028        0xc .\CortexM3\ARM_GCC_541\Debug\AY1920_II_FINAL_PROJECT.a(Counter_INDEX.o)
                0x00003028                Counter_INDEX_WritePeriod
 .text.Counter_INDEX_Init
                0x00003034       0x74 .\CortexM3\ARM_GCC_541\Debug\AY1920_II_FINAL_PROJECT.a(Counter_INDEX.o)
                0x00003034                Counter_INDEX_Init
 .text.Counter_INDEX_Start
                0x000030a8       0x1c .\CortexM3\ARM_GCC_541\Debug\AY1920_II_FINAL_PROJECT.a(Counter_INDEX.o)
                0x000030a8                Counter_INDEX_Start
 .text.isr_RESET_SetVector
                0x000030c4        0xc .\CortexM3\ARM_GCC_541\Debug\AY1920_II_FINAL_PROJECT.a(isr_RESET.o)
                0x000030c4                isr_RESET_SetVector
 .text.isr_RESET_SetPriority
                0x000030d0       0x10 .\CortexM3\ARM_GCC_541\Debug\AY1920_II_FINAL_PROJECT.a(isr_RESET.o)
                0x000030d0                isr_RESET_SetPriority
 .text.isr_RESET_Enable
                0x000030e0        0xc .\CortexM3\ARM_GCC_541\Debug\AY1920_II_FINAL_PROJECT.a(isr_RESET.o)
                0x000030e0                isr_RESET_Enable
 .text.isr_RESET_Disable
                0x000030ec        0xc .\CortexM3\ARM_GCC_541\Debug\AY1920_II_FINAL_PROJECT.a(isr_RESET.o)
                0x000030ec                isr_RESET_Disable
 .text.isr_RESET_StartEx
                0x000030f8       0x1c .\CortexM3\ARM_GCC_541\Debug\AY1920_II_FINAL_PROJECT.a(isr_RESET.o)
                0x000030f8                isr_RESET_StartEx
 .text.Counter_RESET_Enable
                0x00003114       0x28 .\CortexM3\ARM_GCC_541\Debug\AY1920_II_FINAL_PROJECT.a(Counter_RESET.o)
                0x00003114                Counter_RESET_Enable
 .text.Counter_RESET_SetInterruptMode
                0x0000313c        0xc .\CortexM3\ARM_GCC_541\Debug\AY1920_II_FINAL_PROJECT.a(Counter_RESET.o)
                0x0000313c                Counter_RESET_SetInterruptMode
 .text.Counter_RESET_WriteCounter
                0x00003148       0x34 .\CortexM3\ARM_GCC_541\Debug\AY1920_II_FINAL_PROJECT.a(Counter_RESET.o)
                0x00003148                Counter_RESET_WriteCounter
 .text.Counter_RESET_WritePeriod
                0x0000317c        0xc .\CortexM3\ARM_GCC_541\Debug\AY1920_II_FINAL_PROJECT.a(Counter_RESET.o)
                0x0000317c                Counter_RESET_WritePeriod
 .text.Counter_RESET_Init
                0x00003188       0x70 .\CortexM3\ARM_GCC_541\Debug\AY1920_II_FINAL_PROJECT.a(Counter_RESET.o)
                0x00003188                Counter_RESET_Init
 .text.Counter_RESET_Start
                0x000031f8       0x1c .\CortexM3\ARM_GCC_541\Debug\AY1920_II_FINAL_PROJECT.a(Counter_RESET.o)
                0x000031f8                Counter_RESET_Start
 *fill*         0x00003214        0x4 
 .text          0x00003218       0x20 .\CortexM3\ARM_GCC_541\Debug\AY1920_II_FINAL_PROJECT.a(CyBootAsmGnu.o)
                0x00003218                CyDelayCycles
                0x00003228                CyEnterCriticalSection
                0x00003230                CyExitCriticalSection
 .text          0x00003238      0x370 c:/program files (x86)/cypress/psoc creator/4.3/psoc creator/import/gnu/arm/5.4.1/bin/../lib/gcc/arm-none-eabi/5.4.1/armv7-m\libgcc.a(_arm_addsubdf3.o)
                0x00003238                __aeabi_drsub
                0x00003240                __aeabi_dsub
                0x00003240                __subdf3
                0x00003244                __aeabi_dadd
                0x00003244                __adddf3
                0x000034bc                __floatunsidf
                0x000034bc                __aeabi_ui2d
                0x000034dc                __floatsidf
                0x000034dc                __aeabi_i2d
                0x00003500                __aeabi_f2d
                0x00003500                __extendsfdf2
                0x0000353c                __floatundidf
                0x0000353c                __aeabi_ul2d
                0x0000354c                __floatdidf
                0x0000354c                __aeabi_l2d
 .text          0x000035a8      0x424 c:/program files (x86)/cypress/psoc creator/4.3/psoc creator/import/gnu/arm/5.4.1/bin/../lib/gcc/arm-none-eabi/5.4.1/armv7-m\libgcc.a(_arm_muldivdf3.o)
                0x000035a8                __aeabi_dmul
                0x000035a8                __muldf3
                0x000037fc                __divdf3
                0x000037fc                __aeabi_ddiv
 .text          0x000039cc       0x50 c:/program files (x86)/cypress/psoc creator/4.3/psoc creator/import/gnu/arm/5.4.1/bin/../lib/gcc/arm-none-eabi/5.4.1/armv7-m\libgcc.a(_arm_fixdfsi.o)
                0x000039cc                __aeabi_d2iz
                0x000039cc                __fixdfsi
 .text          0x00003a1c      0x21c c:/program files (x86)/cypress/psoc creator/4.3/psoc creator/import/gnu/arm/5.4.1/bin/../lib/gcc/arm-none-eabi/5.4.1/armv7-m\libgcc.a(_arm_addsubsf3.o)
                0x00003a1c                __aeabi_frsub
                0x00003a24                __subsf3
                0x00003a24                __aeabi_fsub
                0x00003a28                __aeabi_fadd
                0x00003a28                __addsf3
                0x00003b88                __aeabi_ui2f
                0x00003b88                __floatunsisf
                0x00003b90                __aeabi_i2f
                0x00003b90                __floatsisf
                0x00003bac                __aeabi_ul2f
                0x00003bac                __floatundisf
                0x00003bbc                __aeabi_l2f
                0x00003bbc                __floatdisf
 .text.__errno  0x00003c38        0xc c:/program files (x86)/cypress/psoc creator/4.3/psoc creator/import/gnu/arm/5.4.1/bin/../lib/gcc/arm-none-eabi/5.4.1/../../../../arm-none-eabi/lib/armv7-m\libg_nano.a(lib_a-errno.o)
                0x00003c38                __errno
 .text.__libc_init_array
                0x00003c44       0x4c c:/program files (x86)/cypress/psoc creator/4.3/psoc creator/import/gnu/arm/5.4.1/bin/../lib/gcc/arm-none-eabi/5.4.1/../../../../arm-none-eabi/lib/armv7-m\libg_nano.a(lib_a-init.o)
                0x00003c44                __libc_init_array
 .text.memcpy   0x00003c90       0x16 c:/program files (x86)/cypress/psoc creator/4.3/psoc creator/import/gnu/arm/5.4.1/bin/../lib/gcc/arm-none-eabi/5.4.1/../../../../arm-none-eabi/lib/armv7-m\libg_nano.a(lib_a-memcpy-stub.o)
                0x00003c90                memcpy
 .text.memset   0x00003ca6       0x10 c:/program files (x86)/cypress/psoc creator/4.3/psoc creator/import/gnu/arm/5.4.1/bin/../lib/gcc/arm-none-eabi/5.4.1/../../../../arm-none-eabi/lib/armv7-m\libg_nano.a(lib_a-memset.o)
                0x00003ca6                memset
 *fill*         0x00003cb6        0x2 
 .text.sprintf  0x00003cb8       0x48 c:/program files (x86)/cypress/psoc creator/4.3/psoc creator/import/gnu/arm/5.4.1/bin/../lib/gcc/arm-none-eabi/5.4.1/../../../../arm-none-eabi/lib/armv7-m\libg_nano.a(lib_a-sprintf.o)
                0x00003cb8                siprintf
                0x00003cb8                sprintf
 .text.__ssputs_r
                0x00003d00       0xb2 c:/program files (x86)/cypress/psoc creator/4.3/psoc creator/import/gnu/arm/5.4.1/bin/../lib/gcc/arm-none-eabi/5.4.1/../../../../arm-none-eabi/lib/armv7-m\libg_nano.a(lib_a-nano-svfprintf.o)
                0x00003d00                __ssputs_r
 *fill*         0x00003db2        0x2 
 .text._svfprintf_r
                0x00003db4      0x1e8 c:/program files (x86)/cypress/psoc creator/4.3/psoc creator/import/gnu/arm/5.4.1/bin/../lib/gcc/arm-none-eabi/5.4.1/../../../../arm-none-eabi/lib/armv7-m\libg_nano.a(lib_a-nano-svfprintf.o)
                0x00003db4                _svfiprintf_r
                0x00003db4                _svfprintf_r
 .text._printf_common
                0x00003f9c       0xec c:/program files (x86)/cypress/psoc creator/4.3/psoc creator/import/gnu/arm/5.4.1/bin/../lib/gcc/arm-none-eabi/5.4.1/../../../../arm-none-eabi/lib/armv7-m\libg_nano.a(lib_a-nano-vfprintf_i.o)
                0x00003f9c                _printf_common
 .text._printf_i
                0x00004088      0x24c c:/program files (x86)/cypress/psoc creator/4.3/psoc creator/import/gnu/arm/5.4.1/bin/../lib/gcc/arm-none-eabi/5.4.1/../../../../arm-none-eabi/lib/armv7-m\libg_nano.a(lib_a-nano-vfprintf_i.o)
                0x00004088                _printf_i
 .text.memchr   0x000042d4       0x1c c:/program files (x86)/cypress/psoc creator/4.3/psoc creator/import/gnu/arm/5.4.1/bin/../lib/gcc/arm-none-eabi/5.4.1/../../../../arm-none-eabi/lib/armv7-m\libg_nano.a(lib_a-memchr-stub.o)
                0x000042d4                memchr
 .text.memmove  0x000042f0       0x36 c:/program files (x86)/cypress/psoc creator/4.3/psoc creator/import/gnu/arm/5.4.1/bin/../lib/gcc/arm-none-eabi/5.4.1/../../../../arm-none-eabi/lib/armv7-m\libg_nano.a(lib_a-memmove.o)
                0x000042f0                memmove
 *fill*         0x00004326        0x2 
 .text._free_r  0x00004328       0x98 c:/program files (x86)/cypress/psoc creator/4.3/psoc creator/import/gnu/arm/5.4.1/bin/../lib/gcc/arm-none-eabi/5.4.1/../../../../arm-none-eabi/lib/armv7-m\libg_nano.a(lib_a-nano-freer.o)
                0x00004328                _free_r
 .text._malloc_r
                0x000043c0       0xbc c:/program files (x86)/cypress/psoc creator/4.3/psoc creator/import/gnu/arm/5.4.1/bin/../lib/gcc/arm-none-eabi/5.4.1/../../../../arm-none-eabi/lib/armv7-m\libg_nano.a(lib_a-nano-mallocr.o)
                0x000043c0                _malloc_r
 .text._realloc_r
                0x0000447c       0x4c c:/program files (x86)/cypress/psoc creator/4.3/psoc creator/import/gnu/arm/5.4.1/bin/../lib/gcc/arm-none-eabi/5.4.1/../../../../arm-none-eabi/lib/armv7-m\libg_nano.a(lib_a-nano-reallocr.o)
                0x0000447c                _realloc_r
 .text._sbrk_r  0x000044c8       0x20 c:/program files (x86)/cypress/psoc creator/4.3/psoc creator/import/gnu/arm/5.4.1/bin/../lib/gcc/arm-none-eabi/5.4.1/../../../../arm-none-eabi/lib/armv7-m\libg_nano.a(lib_a-sbrkr.o)
                0x000044c8                _sbrk_r
 .text.__malloc_lock
                0x000044e8        0x2 c:/program files (x86)/cypress/psoc creator/4.3/psoc creator/import/gnu/arm/5.4.1/bin/../lib/gcc/arm-none-eabi/5.4.1/../../../../arm-none-eabi/lib/armv7-m\libg_nano.a(lib_a-mlock.o)
                0x000044e8                __malloc_lock
 .text.__malloc_unlock
                0x000044ea        0x2 c:/program files (x86)/cypress/psoc creator/4.3/psoc creator/import/gnu/arm/5.4.1/bin/../lib/gcc/arm-none-eabi/5.4.1/../../../../arm-none-eabi/lib/armv7-m\libg_nano.a(lib_a-mlock.o)
                0x000044ea                __malloc_unlock
 .text._malloc_usable_size_r
                0x000044ec       0x14 c:/program files (x86)/cypress/psoc creator/4.3/psoc creator/import/gnu/arm/5.4.1/bin/../lib/gcc/arm-none-eabi/5.4.1/../../../../arm-none-eabi/lib/armv7-m\libg_nano.a(lib_a-nano-msizer.o)
                0x000044ec                _malloc_usable_size_r
 *(.plt)
 *(.gnu.warning)
 *(.glue_7t)
 .glue_7t       0x00004500        0x0 linker stubs
 *(.glue_7)
 .glue_7        0x00004500        0x0 linker stubs
 *(.vfp11_veneer)
 .vfp11_veneer  0x00004500        0x0 linker stubs
 *(.bootloader)
 *(.ARM.extab* .gnu.linkonce.armextab.*)
 *(.gcc_except_table)

.v4_bx          0x00004500        0x0
 .v4_bx         0x00004500        0x0 linker stubs

.iplt           0x00004500        0x0
 .iplt          0x00004500        0x0 c:/program files (x86)/cypress/psoc creator/4.3/psoc creator/import/gnu/arm/5.4.1/bin/../lib/gcc/arm-none-eabi/5.4.1/armv7-m/crtbegin.o

.eh_frame_hdr
 *(.eh_frame_hdr)

.eh_frame       0x00004500        0x4
 *(.eh_frame)
 .eh_frame      0x00004500        0x0 c:/program files (x86)/cypress/psoc creator/4.3/psoc creator/import/gnu/arm/5.4.1/bin/../lib/gcc/arm-none-eabi/5.4.1/armv7-m/crtbegin.o
 .eh_frame      0x00004500        0x4 c:/program files (x86)/cypress/psoc creator/4.3/psoc creator/import/gnu/arm/5.4.1/bin/../lib/gcc/arm-none-eabi/5.4.1/armv7-m/crtend.o
                [!provide]                PROVIDE (__exidx_start, .)

.ARM.exidx
 *(.ARM.exidx* .gnu.linkonce.armexidx.*)
                0x00004504                __exidx_end = .

.rodata         0x00004504      0x68c
 *(.rodata .rodata.* .gnu.linkonce.r.*)
 .rodata        0x00004504       0x14 .\CortexM3\ARM_GCC_541\Debug\main.o
                0x00004508                Timer_Period
 .rodata.str1.4
                0x00004518      0x1c5 .\CortexM3\ARM_GCC_541\Debug\main.o
 *fill*         0x000046dd        0x3 
 .rodata        0x000046e0        0x8 .\CortexM3\ARM_GCC_541\Debug\LIS3DH.o
                0x000046e0                lis3dh_dataRange_t
                0x000046e4                lis3dh_dataRate_t
 .rodata.str1.4
                0x000046e8       0x15 .\CortexM3\ARM_GCC_541\Debug\LIS3DH.o
 *fill*         0x000046fd        0x3 
 .rodata.str1.4
                0x00004700      0x3cc .\CortexM3\ARM_GCC_541\Debug\InterruptRoutines.o
 .rodata        0x00004acc       0x5a .\CortexM3\ARM_GCC_541\Debug\cyfitter_cfg.o
                0x00004acc                AMux__addrTable
                0x00004adc                AMux__maskTable
                0x00004ae0                ADC_DelSig_AMux__addrTable
                0x00004ae8                ADC_DelSig_AMux__maskTable
 .rodata.str1.1
                0x00004b26        0x2 c:/program files (x86)/cypress/psoc creator/4.3/psoc creator/import/gnu/arm/5.4.1/bin/../lib/gcc/arm-none-eabi/5.4.1/../../../../arm-none-eabi/lib/armv7-m\libg_nano.a(lib_a-impure.o)
 .rodata.str1.1
                0x00004b28       0x11 c:/program files (x86)/cypress/psoc creator/4.3/psoc creator/import/gnu/arm/5.4.1/bin/../lib/gcc/arm-none-eabi/5.4.1/../../../../arm-none-eabi/lib/armv7-m\libg_nano.a(lib_a-nano-svfprintf.o)
 .rodata.str1.1
                0x00004b39       0x22 c:/program files (x86)/cypress/psoc creator/4.3/psoc creator/import/gnu/arm/5.4.1/bin/../lib/gcc/arm-none-eabi/5.4.1/../../../../arm-none-eabi/lib/armv7-m\libg_nano.a(lib_a-nano-vfprintf_i.o)
                0x00004b5c                . = ALIGN (0x4)
 *fill*         0x00004b5b        0x1 
 *(.init)
 .init          0x00004b5c        0x4 c:/program files (x86)/cypress/psoc creator/4.3/psoc creator/import/gnu/arm/5.4.1/bin/../lib/gcc/arm-none-eabi/5.4.1/armv7-m/crti.o
                0x00004b5c                _init
 .init          0x00004b60        0x8 c:/program files (x86)/cypress/psoc creator/4.3/psoc creator/import/gnu/arm/5.4.1/bin/../lib/gcc/arm-none-eabi/5.4.1/armv7-m/crtn.o
                0x00004b68                . = ALIGN (0x4)
                0x00004b68                __preinit_array_start = .
 *(.preinit_array)
                0x00004b68                __preinit_array_end = .
                0x00004b68                . = ALIGN (0x4)
                0x00004b68                __init_array_start = .
 *(SORT(.init_array.*))
 *(.init_array)
 .init_array    0x00004b68        0x4 c:/program files (x86)/cypress/psoc creator/4.3/psoc creator/import/gnu/arm/5.4.1/bin/../lib/gcc/arm-none-eabi/5.4.1/armv7-m/crtbegin.o
 .init_array    0x00004b6c        0x4 .\CortexM3\ARM_GCC_541\Debug\Cm3Start.o
                0x00004b70                __init_array_end = .
                0x00004b70                . = ALIGN (0x4)
 *(.fini)
 .fini          0x00004b70        0x4 c:/program files (x86)/cypress/psoc creator/4.3/psoc creator/import/gnu/arm/5.4.1/bin/../lib/gcc/arm-none-eabi/5.4.1/armv7-m/crti.o
                0x00004b70                _fini
 .fini          0x00004b74        0x8 c:/program files (x86)/cypress/psoc creator/4.3/psoc creator/import/gnu/arm/5.4.1/bin/../lib/gcc/arm-none-eabi/5.4.1/armv7-m/crtn.o
                0x00004b7c                . = ALIGN (0x4)
                0x00004b7c                __fini_array_start = .
 *(.fini_array)
 .fini_array    0x00004b7c        0x4 c:/program files (x86)/cypress/psoc creator/4.3/psoc creator/import/gnu/arm/5.4.1/bin/../lib/gcc/arm-none-eabi/5.4.1/armv7-m/crtbegin.o
 *(SORT(.fini_array.*))
                0x00004b80                __fini_array_end = .
                0x00004b80                . = ALIGN (0x4)
 *crtbegin.o(.ctors)
 *(EXCLUDE_FILE(*crtend.o) .ctors)
 *(SORT(.ctors.*))
 *crtend.o(.ctors)
                0x00004b80                . = ALIGN (0x4)
 *crtbegin.o(.dtors)
 *(EXCLUDE_FILE(*crtend.o) .dtors)
 *(SORT(.dtors.*))
 *crtend.o(.dtors)
                0x00004b80                . = ALIGN (0x4)
                0x00004b80                __cy_regions = .
                0x00004b80        0x4 LONG 0x4b90 __cy_region_init_ram
                0x00004b84        0x4 LONG 0x1fff80c8 __cy_region_start_data
                0x00004b88        0x4 LONG 0x90 __cy_region_init_size_ram
                0x00004b8c        0x4 LONG 0x278 __cy_region_zero_size_ram
                0x00004b90                __cy_regions_end = .
                0x00004b90                . = ALIGN (0x8)
                0x00004b90                _etext = .

.cy_checksum_exclude
                0x00004b90        0x0
 *(.cy_checksum_exclude)

.ramvectors     0x1fff8000       0xc0
                0x1fff8000                __cy_region_start_ram = .
 *(.ramvectors)
 .ramvectors    0x1fff8000       0xc0 .\CortexM3\ARM_GCC_541\Debug\Cm3Start.o
                0x1fff8000                CyRamVectors

.noinit         0x1fff80c0        0x1
 *(.noinit)
 .noinit        0x1fff80c0        0x1 .\CortexM3\ARM_GCC_541\Debug\AY1920_II_FINAL_PROJECT.a(CyLib.o)
                0x1fff80c0                CyResetStatus

.data           0x1fff80c8       0x90 load address 0x00004b90
                0x1fff80c8                __cy_region_start_data = .
 *(.jcr)
 .jcr           0x1fff80c8        0x0 c:/program files (x86)/cypress/psoc creator/4.3/psoc creator/import/gnu/arm/5.4.1/bin/../lib/gcc/arm-none-eabi/5.4.1/armv7-m/crtbegin.o
 .jcr           0x1fff80c8        0x4 c:/program files (x86)/cypress/psoc creator/4.3/psoc creator/import/gnu/arm/5.4.1/bin/../lib/gcc/arm-none-eabi/5.4.1/armv7-m/crtend.o
 *(.got.plt)
 *(.got)
 *(.shdata)
 *(.data .data.* .gnu.linkonce.d.*)
 .data          0x1fff80cc        0x2 .\CortexM3\ARM_GCC_541\Debug\main.o
                0x1fff80cc                indexSTREAM
 *fill*         0x1fff80ce        0x2 
 .data          0x1fff80d0        0x4 .\CortexM3\ARM_GCC_541\Debug\Cm3Start.o
 .data          0x1fff80d4        0x1 .\CortexM3\ARM_GCC_541\Debug\AY1920_II_FINAL_PROJECT.a(ADC_DelSig.o)
                0x1fff80d4                ADC_DelSig_Config
 .data          0x1fff80d5        0x1 .\CortexM3\ARM_GCC_541\Debug\AY1920_II_FINAL_PROJECT.a(AMux.o)
 .data          0x1fff80d6        0x1 .\CortexM3\ARM_GCC_541\Debug\AY1920_II_FINAL_PROJECT.a(ADC_DelSig_AMux.o)
 *fill*         0x1fff80d7        0x1 
 .data          0x1fff80d8        0x8 .\CortexM3\ARM_GCC_541\Debug\AY1920_II_FINAL_PROJECT.a(CyDmac.o)
 .data          0x1fff80e0       0x10 .\CortexM3\ARM_GCC_541\Debug\AY1920_II_FINAL_PROJECT.a(CyLib.o)
                0x1fff80e0                cydelay_32k_ms
                0x1fff80e4                cydelay_freq_khz
                0x1fff80e8                cydelay_freq_mhz
                0x1fff80ec                cydelay_freq_hz
 .data          0x1fff80f0        0x1 .\CortexM3\ARM_GCC_541\Debug\AY1920_II_FINAL_PROJECT.a(DMA_dma.o)
                0x1fff80f0                DMA_DmaHandle
 *fill*         0x1fff80f1        0x3 
 .data.impure_data
                0x1fff80f4       0x60 c:/program files (x86)/cypress/psoc creator/4.3/psoc creator/import/gnu/arm/5.4.1/bin/../lib/gcc/arm-none-eabi/5.4.1/../../../../arm-none-eabi/lib/armv7-m\libg_nano.a(lib_a-impure.o)
 .data._impure_ptr
                0x1fff8154        0x4 c:/program files (x86)/cypress/psoc creator/4.3/psoc creator/import/gnu/arm/5.4.1/bin/../lib/gcc/arm-none-eabi/5.4.1/../../../../arm-none-eabi/lib/armv7-m\libg_nano.a(lib_a-impure.o)
                0x1fff8154                _impure_ptr
                0x1fff8158                . = ALIGN (0x8)
 *(.ram)
                0x1fff8158                _edata = .

.igot.plt       0x1fff8158        0x0 load address 0x00004c20
 .igot.plt      0x1fff8158        0x0 c:/program files (x86)/cypress/psoc creator/4.3/psoc creator/import/gnu/arm/5.4.1/bin/../lib/gcc/arm-none-eabi/5.4.1/armv7-m/crtbegin.o

.bss            0x1fff8158      0x278 load address 0x00004c20
                0x1fff8158                PROVIDE (__bss_start__, .)
 *(.shbss)
 *(.bss .bss.* .gnu.linkonce.b.*)
 .bss           0x1fff8158       0x1c c:/program files (x86)/cypress/psoc creator/4.3/psoc creator/import/gnu/arm/5.4.1/bin/../lib/gcc/arm-none-eabi/5.4.1/armv7-m/crtbegin.o
 .bss           0x1fff8174        0x2 .\CortexM3\ARM_GCC_541\Debug\main.o
                0x1fff8174                dataReady_DMA
                0x1fff8175                memoryFull
 *fill*         0x1fff8176        0x2 
 .bss           0x1fff8178        0x6 .\CortexM3\ARM_GCC_541\Debug\InterruptRoutines.o
                0x1fff8178                dataReady_FIFO
                0x1fff8179                dataReady_STREAM
                0x1fff817c                configSets
 .bss           0x1fff817e        0x1 .\CortexM3\ARM_GCC_541\Debug\AY1920_II_FINAL_PROJECT.a(Timer_ADC.o)
                0x1fff817e                Timer_ADC_initVar
 .bss           0x1fff817f        0x1 .\CortexM3\ARM_GCC_541\Debug\AY1920_II_FINAL_PROJECT.a(Timer_STREAM.o)
                0x1fff817f                Timer_STREAM_initVar
 .bss           0x1fff8180        0x1 .\CortexM3\ARM_GCC_541\Debug\AY1920_II_FINAL_PROJECT.a(PWM_BLINK.o)
                0x1fff8180                PWM_BLINK_initVar
 *fill*         0x1fff8181        0x3 
 .bss           0x1fff8184        0xc .\CortexM3\ARM_GCC_541\Debug\AY1920_II_FINAL_PROJECT.a(ADC_DelSig.o)
                0x1fff8188                ADC_DelSig_stopConversion
                0x1fff8189                ADC_DelSig_convDone
                0x1fff818a                ADC_DelSig_initVar
                0x1fff818b                ADC_DelSig_started
                0x1fff818c                ADC_DelSig_Offset
 .bss           0x1fff8190        0x2 .\CortexM3\ARM_GCC_541\Debug\AY1920_II_FINAL_PROJECT.a(UART.o)
                0x1fff8190                UART_initVar
 .bss           0x1fff8192        0x1 .\CortexM3\ARM_GCC_541\Debug\AY1920_II_FINAL_PROJECT.a(SPIM_EEPROM.o)
                0x1fff8192                SPIM_EEPROM_initVar
 .bss           0x1fff8193        0x1 .\CortexM3\ARM_GCC_541\Debug\AY1920_II_FINAL_PROJECT.a(SPIM_LIS3DH.o)
                0x1fff8193                SPIM_LIS3DH_initVar
 .bss           0x1fff8194        0x1 .\CortexM3\ARM_GCC_541\Debug\AY1920_II_FINAL_PROJECT.a(Counter_INDEX.o)
                0x1fff8194                Counter_INDEX_initVar
 .bss           0x1fff8195        0x1 .\CortexM3\ARM_GCC_541\Debug\AY1920_II_FINAL_PROJECT.a(Counter_RESET.o)
                0x1fff8195                Counter_RESET_initVar
 *fill*         0x1fff8196        0x2 
 .bss.__malloc_sbrk_start
                0x1fff8198        0x4 c:/program files (x86)/cypress/psoc creator/4.3/psoc creator/import/gnu/arm/5.4.1/bin/../lib/gcc/arm-none-eabi/5.4.1/../../../../arm-none-eabi/lib/armv7-m\libg_nano.a(lib_a-nano-mallocr.o)
                0x1fff8198                __malloc_sbrk_start
 .bss.__malloc_free_list
                0x1fff819c        0x4 c:/program files (x86)/cypress/psoc creator/4.3/psoc creator/import/gnu/arm/5.4.1/bin/../lib/gcc/arm-none-eabi/5.4.1/../../../../arm-none-eabi/lib/armv7-m\libg_nano.a(lib_a-nano-mallocr.o)
                0x1fff819c                __malloc_free_list
 *(COMMON)
 COMMON         0x1fff81a0      0x1d2 .\CortexM3\ARM_GCC_541\Debug\main.o
                0x1fff81a0                indexEEPROM_BCP
                0x1fff81a2                frequency
                0x1fff81a4                indexEEPROM
                0x1fff81a8                dataFIFO
                0x1fff8268                ADCBuffer
                0x1fff82a8                bufferUART
                0x1fff8370                reg_value
                0x1fff8371                ResetButton
 *fill*         0x1fff8372        0x2 
 COMMON         0x1fff8374        0xc .\CortexM3\ARM_GCC_541\Debug\InterruptRoutines.o
                0x1fff8374                cfg_reg_old
                0x1fff8378                data_config
                0x1fff837c                cfg_reg
                0x1fff837d                ch_receveid
                0x1fff837e                ControlFlag
                0x1fff837f                update_cfg_reg
 COMMON         0x1fff8380        0x1 .\CortexM3\ARM_GCC_541\Debug\DMARoutines.o
                0x1fff8380                DMA_Chan
 *fill*         0x1fff8381        0x3 
 COMMON         0x1fff8384        0x4 .\CortexM3\ARM_GCC_541\Debug\AY1920_II_FINAL_PROJECT.a(ADC_DelSig.o)
                0x1fff8384                ADC_DelSig_CountsPerVolt
 COMMON         0x1fff8388       0x1d .\CortexM3\ARM_GCC_541\Debug\AY1920_II_FINAL_PROJECT.a(SPIM_EEPROM.o)
                0x1fff8388                SPIM_EEPROM_swStatusTx
                0x1fff8389                SPIM_EEPROM_rxBufferRead
                0x1fff838c                SPIM_EEPROM_txBuffer
                0x1fff8394                SPIM_EEPROM_txBufferFull
                0x1fff8398                SPIM_EEPROM_rxBuffer
                0x1fff83a0                SPIM_EEPROM_rxBufferFull
                0x1fff83a1                SPIM_EEPROM_txBufferRead
                0x1fff83a2                SPIM_EEPROM_txBufferWrite
                0x1fff83a3                SPIM_EEPROM_rxBufferWrite
                0x1fff83a4                SPIM_EEPROM_swStatusRx
 *fill*         0x1fff83a5        0x3 
 COMMON         0x1fff83a8       0x1e .\CortexM3\ARM_GCC_541\Debug\AY1920_II_FINAL_PROJECT.a(SPIM_LIS3DH.o)
                0x1fff83a8                SPIM_LIS3DH_rxBufferWrite
                0x1fff83a9                SPIM_LIS3DH_rxBufferFull
                0x1fff83aa                SPIM_LIS3DH_rxBufferRead
                0x1fff83ab                SPIM_LIS3DH_swStatusRx
                0x1fff83ac                SPIM_LIS3DH_txBufferWrite
                0x1fff83b0                SPIM_LIS3DH_txBuffer
                0x1fff83b8                SPIM_LIS3DH_txBufferFull
                0x1fff83bc                SPIM_LIS3DH_rxBuffer
                0x1fff83c4                SPIM_LIS3DH_swStatusTx
                0x1fff83c5                SPIM_LIS3DH_txBufferRead
 *fill*         0x1fff83c6        0x2 
 COMMON         0x1fff83c8        0x4 c:/program files (x86)/cypress/psoc creator/4.3/psoc creator/import/gnu/arm/5.4.1/bin/../lib/gcc/arm-none-eabi/5.4.1/../../../../arm-none-eabi/lib/armv7-m\libg_nano.a(lib_a-reent.o)
                0x1fff83c8                errno
                0x1fff83d0                . = ALIGN (0x8)
 *fill*         0x1fff83cc        0x4 
 *(.ram.b)
                0x1fff83d0                _end = .
                0x1fff83d0                __end = .
                0x1fff83d0                PROVIDE (end, .)
                0x1fff83d0                PROVIDE (__bss_end__, .)
                0x00004b90                __cy_region_init_ram = LOADADDR (.data)
                0x00000090                __cy_region_init_size_ram = (_edata - ADDR (.data))
                0x00000278                __cy_region_zero_size_ram = (_end - _edata)

.heap           0x1fff83d0       0x80 load address 0x00004c20
                0x1fff83d0                . = _end
                0x1fff8450                . = (. + 0x80)
 *fill*         0x1fff83d0       0x80 
                0x1fff8450                __cy_heap_limit = .

.stack          0x20007800      0x800
                0x20007800                __cy_stack_limit = .
                0x20008000                . = (. + 0x800)
 *fill*         0x20007800      0x800 
                0x00000001                ASSERT ((__cy_stack_limit >= __cy_heap_limit), region RAM overflowed with stack)
                0x00000000                cy_checksum_exclude_size = (CY_APPL_LOADABLE == 0x1)?SIZEOF (.cy_checksum_exclude):0x0
                0x00000001                ASSERT ((cy_checksum_exclude_size <= CY_CHECKSUM_EXCLUDE_SIZE), CY_BOOT: Section .cy_checksum_exclude size exceedes specified limit.)

.cyloadermeta
 *(.cyloadermeta)

.cyloadablemeta
 *(.cyloadablemeta)

.cyconfigecc    0x80000000      0xa84
 *(.cyconfigecc)
 .cyconfigecc   0x80000000      0xa84 .\CortexM3\ARM_GCC_541\Debug\cymetadata.o
                0x80000000                cy_meta_configecc

.cycustnvl      0x90000000        0x4
 *(.cycustnvl)
 .cycustnvl     0x90000000        0x4 .\CortexM3\ARM_GCC_541\Debug\cymetadata.o
                0x90000000                cy_meta_custnvl

.cywolatch      0x90100000        0x4
 *(.cywolatch)
 .cywolatch     0x90100000        0x4 .\CortexM3\ARM_GCC_541\Debug\cymetadata.o
                0x90100000                cy_meta_wonvl

.cyeeprom       0x90200000        0x0
 *(.cyeeprom)
                0x00000001                ASSERT ((. <= ((0x90200000 + ee_offset) + ee_size)), .cyeeprom data will not fit in EEPROM)

.cyflashprotect
                0x90400000      0x100
 *(.cyflashprotect)
 .cyflashprotect
                0x90400000      0x100 .\CortexM3\ARM_GCC_541\Debug\cymetadata.o
                0x90400000                cy_meta_flashprotect

.cymeta         0x90500000        0xc
 *(.cymeta)
 .cymeta        0x90500000        0xc .\CortexM3\ARM_GCC_541\Debug\cymetadata.o
                0x90500000                cy_metadata

.rel.dyn        0x00004c20        0x0 load address 0x9050000c
 .rel.iplt      0x00004c20        0x0 c:/program files (x86)/cypress/psoc creator/4.3/psoc creator/import/gnu/arm/5.4.1/bin/../lib/gcc/arm-none-eabi/5.4.1/armv7-m/crtbegin.o

.stab
 *(.stab)

.stabstr
 *(.stabstr)

.debug
 *(.debug)

.line
 *(.line)

.debug_srcinfo
 *(.debug_srcinfo)

.debug_sfnames
 *(.debug_sfnames)

.debug_aranges  0x00000000     0x16b0
 *(.debug_aranges)
 .debug_aranges
                0x00000000       0x40 .\CortexM3\ARM_GCC_541\Debug\main.o
 .debug_aranges
                0x00000040       0x60 .\CortexM3\ARM_GCC_541\Debug\25LC256.o
 .debug_aranges
                0x000000a0       0x50 .\CortexM3\ARM_GCC_541\Debug\SPI_Interface.o
 .debug_aranges
                0x000000f0       0x68 .\CortexM3\ARM_GCC_541\Debug\LIS3DH.o
 .debug_aranges
                0x00000158       0x58 .\CortexM3\ARM_GCC_541\Debug\InterruptRoutines.o
 .debug_aranges
                0x000001b0       0x20 .\CortexM3\ARM_GCC_541\Debug\DMARoutines.o
 .debug_aranges
                0x000001d0       0x78 .\CortexM3\ARM_GCC_541\Debug\cyfitter_cfg.o
 .debug_aranges
                0x00000248       0x18 .\CortexM3\ARM_GCC_541\Debug\cymetadata.o
 .debug_aranges
                0x00000260       0x48 .\CortexM3\ARM_GCC_541\Debug\Cm3Start.o
 .debug_aranges
                0x000002a8       0x88 .\CortexM3\ARM_GCC_541\Debug\AY1920_II_FINAL_PROJECT.a(Timer_ADC.o)
 .debug_aranges
                0x00000330       0x38 .\CortexM3\ARM_GCC_541\Debug\AY1920_II_FINAL_PROJECT.a(Pin_LED_ext.o)
 .debug_aranges
                0x00000368       0x80 .\CortexM3\ARM_GCC_541\Debug\AY1920_II_FINAL_PROJECT.a(isr_STREAM.o)
 .debug_aranges
                0x000003e8       0x88 .\CortexM3\ARM_GCC_541\Debug\AY1920_II_FINAL_PROJECT.a(Timer_STREAM.o)
 .debug_aranges
                0x00000470       0x80 .\CortexM3\ARM_GCC_541\Debug\AY1920_II_FINAL_PROJECT.a(isr_INT.o)
 .debug_aranges
                0x000004f0       0x98 .\CortexM3\ARM_GCC_541\Debug\AY1920_II_FINAL_PROJECT.a(PWM_BLINK.o)
 .debug_aranges
                0x00000588       0x70 .\CortexM3\ARM_GCC_541\Debug\AY1920_II_FINAL_PROJECT.a(blink_clock.o)
 .debug_aranges
                0x000005f8       0x38 .\CortexM3\ARM_GCC_541\Debug\AY1920_II_FINAL_PROJECT.a(CS_2.o)
 .debug_aranges
                0x00000630       0x38 .\CortexM3\ARM_GCC_541\Debug\AY1920_II_FINAL_PROJECT.a(CS_1.o)
 .debug_aranges
                0x00000668       0x80 .\CortexM3\ARM_GCC_541\Debug\AY1920_II_FINAL_PROJECT.a(isr_RX.o)
 .debug_aranges
                0x000006e8       0xe8 .\CortexM3\ARM_GCC_541\Debug\AY1920_II_FINAL_PROJECT.a(ADC_DelSig.o)
 .debug_aranges
                0x000007d0       0x38 .\CortexM3\ARM_GCC_541\Debug\AY1920_II_FINAL_PROJECT.a(ADC_DelSig_INT.o)
 .debug_aranges
                0x00000808       0x30 .\CortexM3\ARM_GCC_541\Debug\AY1920_II_FINAL_PROJECT.a(AMux.o)
 .debug_aranges
                0x00000838       0xf0 .\CortexM3\ARM_GCC_541\Debug\AY1920_II_FINAL_PROJECT.a(UART.o)
 .debug_aranges
                0x00000928       0xd8 .\CortexM3\ARM_GCC_541\Debug\AY1920_II_FINAL_PROJECT.a(SPIM_EEPROM.o)
 .debug_aranges
                0x00000a00       0x28 .\CortexM3\ARM_GCC_541\Debug\AY1920_II_FINAL_PROJECT.a(SPIM_EEPROM_INT.o)
 .debug_aranges
                0x00000a28       0xd8 .\CortexM3\ARM_GCC_541\Debug\AY1920_II_FINAL_PROJECT.a(SPIM_LIS3DH.o)
 .debug_aranges
                0x00000b00       0x28 .\CortexM3\ARM_GCC_541\Debug\AY1920_II_FINAL_PROJECT.a(SPIM_LIS3DH_INT.o)
 .debug_aranges
                0x00000b28       0x30 .\CortexM3\ARM_GCC_541\Debug\AY1920_II_FINAL_PROJECT.a(ADC_DelSig_AMux.o)
 .debug_aranges
                0x00000b58       0x70 .\CortexM3\ARM_GCC_541\Debug\AY1920_II_FINAL_PROJECT.a(ADC_DelSig_Ext_CP_Clk.o)
 .debug_aranges
                0x00000bc8       0x80 .\CortexM3\ARM_GCC_541\Debug\AY1920_II_FINAL_PROJECT.a(ADC_DelSig_IRQ.o)
 .debug_aranges
                0x00000c48       0x80 .\CortexM3\ARM_GCC_541\Debug\AY1920_II_FINAL_PROJECT.a(ADC_DelSig_theACLK.o)
 .debug_aranges
                0x00000cc8       0x70 .\CortexM3\ARM_GCC_541\Debug\AY1920_II_FINAL_PROJECT.a(UART_IntClock.o)
 .debug_aranges
                0x00000d38       0x70 .\CortexM3\ARM_GCC_541\Debug\AY1920_II_FINAL_PROJECT.a(SPIM_EEPROM_IntClock.o)
 .debug_aranges
                0x00000da8       0x70 .\CortexM3\ARM_GCC_541\Debug\AY1920_II_FINAL_PROJECT.a(SPIM_LIS3DH_IntClock.o)
 .debug_aranges
                0x00000e18       0xd8 .\CortexM3\ARM_GCC_541\Debug\AY1920_II_FINAL_PROJECT.a(CyDmac.o)
 .debug_aranges
                0x00000ef0      0x2a0 .\CortexM3\ARM_GCC_541\Debug\AY1920_II_FINAL_PROJECT.a(CyLib.o)
 .debug_aranges
                0x00001190       0x98 .\CortexM3\ARM_GCC_541\Debug\AY1920_II_FINAL_PROJECT.a(cyPm.o)
 .debug_aranges
                0x00001228       0x80 .\CortexM3\ARM_GCC_541\Debug\AY1920_II_FINAL_PROJECT.a(isr_TIMER_ADC.o)
 .debug_aranges
                0x000012a8       0x28 .\CortexM3\ARM_GCC_541\Debug\AY1920_II_FINAL_PROJECT.a(DMA_dma.o)
 .debug_aranges
                0x000012d0       0x80 .\CortexM3\ARM_GCC_541\Debug\AY1920_II_FINAL_PROJECT.a(isr_DMA.o)
 .debug_aranges
                0x00001350       0x38 .\CortexM3\ARM_GCC_541\Debug\AY1920_II_FINAL_PROJECT.a(Pin_DEBUG.o)
 .debug_aranges
                0x00001388       0x80 .\CortexM3\ARM_GCC_541\Debug\AY1920_II_FINAL_PROJECT.a(isr_INDEX.o)
 .debug_aranges
                0x00001408       0x80 .\CortexM3\ARM_GCC_541\Debug\AY1920_II_FINAL_PROJECT.a(Counter_INDEX.o)
 .debug_aranges
                0x00001488       0x80 .\CortexM3\ARM_GCC_541\Debug\AY1920_II_FINAL_PROJECT.a(isr_RESET.o)
 .debug_aranges
                0x00001508       0x80 .\CortexM3\ARM_GCC_541\Debug\AY1920_II_FINAL_PROJECT.a(Counter_RESET.o)
 .debug_aranges
                0x00001588       0x20 .\CortexM3\ARM_GCC_541\Debug\AY1920_II_FINAL_PROJECT.a(CyBootAsmGnu.o)
 .debug_aranges
                0x000015a8       0x88 .\CortexM3\ARM_GCC_541\Debug\AY1920_II_FINAL_PROJECT.a(CyFlash.o)
 .debug_aranges
                0x00001630       0x80 .\CortexM3\ARM_GCC_541\Debug\AY1920_II_FINAL_PROJECT.a(CySpc.o)

.debug_pubnames
 *(.debug_pubnames)

.debug_info     0x00000000     0xc57d
 *(.debug_info .gnu.linkonce.wi.*)
 .debug_info    0x00000000      0xdfc .\CortexM3\ARM_GCC_541\Debug\main.o
 .debug_info    0x00000dfc      0x48c .\CortexM3\ARM_GCC_541\Debug\25LC256.o
 .debug_info    0x00001288      0x6d4 .\CortexM3\ARM_GCC_541\Debug\SPI_Interface.o
 .debug_info    0x0000195c      0x501 .\CortexM3\ARM_GCC_541\Debug\LIS3DH.o
 .debug_info    0x00001e5d      0x67e .\CortexM3\ARM_GCC_541\Debug\InterruptRoutines.o
 .debug_info    0x000024db      0x25c .\CortexM3\ARM_GCC_541\Debug\DMARoutines.o
 .debug_info    0x00002737      0x774 .\CortexM3\ARM_GCC_541\Debug\cyfitter_cfg.o
 .debug_info    0x00002eab      0x139 .\CortexM3\ARM_GCC_541\Debug\cymetadata.o
 .debug_info    0x00002fe4      0x3cf .\CortexM3\ARM_GCC_541\Debug\Cm3Start.o
 .debug_info    0x000033b3      0x295 .\CortexM3\ARM_GCC_541\Debug\AY1920_II_FINAL_PROJECT.a(Timer_ADC.o)
 .debug_info    0x00003648      0x11f .\CortexM3\ARM_GCC_541\Debug\AY1920_II_FINAL_PROJECT.a(Pin_LED_ext.o)
 .debug_info    0x00003767      0x2d2 .\CortexM3\ARM_GCC_541\Debug\AY1920_II_FINAL_PROJECT.a(isr_STREAM.o)
 .debug_info    0x00003a39      0x295 .\CortexM3\ARM_GCC_541\Debug\AY1920_II_FINAL_PROJECT.a(Timer_STREAM.o)
 .debug_info    0x00003cce      0x2d2 .\CortexM3\ARM_GCC_541\Debug\AY1920_II_FINAL_PROJECT.a(isr_INT.o)
 .debug_info    0x00003fa0      0x34e .\CortexM3\ARM_GCC_541\Debug\AY1920_II_FINAL_PROJECT.a(PWM_BLINK.o)
 .debug_info    0x000042ee      0x283 .\CortexM3\ARM_GCC_541\Debug\AY1920_II_FINAL_PROJECT.a(blink_clock.o)
 .debug_info    0x00004571      0x11f .\CortexM3\ARM_GCC_541\Debug\AY1920_II_FINAL_PROJECT.a(CS_2.o)
 .debug_info    0x00004690      0x11f .\CortexM3\ARM_GCC_541\Debug\AY1920_II_FINAL_PROJECT.a(CS_1.o)
 .debug_info    0x000047af      0x2d2 .\CortexM3\ARM_GCC_541\Debug\AY1920_II_FINAL_PROJECT.a(isr_RX.o)
 .debug_info    0x00004a81      0xa1b .\CortexM3\ARM_GCC_541\Debug\AY1920_II_FINAL_PROJECT.a(ADC_DelSig.o)
 .debug_info    0x0000549c       0xd3 .\CortexM3\ARM_GCC_541\Debug\AY1920_II_FINAL_PROJECT.a(ADC_DelSig_INT.o)
 .debug_info    0x0000556f      0x165 .\CortexM3\ARM_GCC_541\Debug\AY1920_II_FINAL_PROJECT.a(AMux.o)
 .debug_info    0x000056d4      0x60c .\CortexM3\ARM_GCC_541\Debug\AY1920_II_FINAL_PROJECT.a(UART.o)
 .debug_info    0x00005ce0      0x709 .\CortexM3\ARM_GCC_541\Debug\AY1920_II_FINAL_PROJECT.a(SPIM_EEPROM.o)
 .debug_info    0x000063e9      0x18d .\CortexM3\ARM_GCC_541\Debug\AY1920_II_FINAL_PROJECT.a(SPIM_EEPROM_INT.o)
 .debug_info    0x00006576      0x709 .\CortexM3\ARM_GCC_541\Debug\AY1920_II_FINAL_PROJECT.a(SPIM_LIS3DH.o)
 .debug_info    0x00006c7f      0x18d .\CortexM3\ARM_GCC_541\Debug\AY1920_II_FINAL_PROJECT.a(SPIM_LIS3DH_INT.o)
 .debug_info    0x00006e0c      0x165 .\CortexM3\ARM_GCC_541\Debug\AY1920_II_FINAL_PROJECT.a(ADC_DelSig_AMux.o)
 .debug_info    0x00006f71      0x283 .\CortexM3\ARM_GCC_541\Debug\AY1920_II_FINAL_PROJECT.a(ADC_DelSig_Ext_CP_Clk.o)
 .debug_info    0x000071f4      0x2d2 .\CortexM3\ARM_GCC_541\Debug\AY1920_II_FINAL_PROJECT.a(ADC_DelSig_IRQ.o)
 .debug_info    0x000074c6      0x2c4 .\CortexM3\ARM_GCC_541\Debug\AY1920_II_FINAL_PROJECT.a(ADC_DelSig_theACLK.o)
 .debug_info    0x0000778a      0x283 .\CortexM3\ARM_GCC_541\Debug\AY1920_II_FINAL_PROJECT.a(UART_IntClock.o)
 .debug_info    0x00007a0d      0x283 .\CortexM3\ARM_GCC_541\Debug\AY1920_II_FINAL_PROJECT.a(SPIM_EEPROM_IntClock.o)
 .debug_info    0x00007c90      0x283 .\CortexM3\ARM_GCC_541\Debug\AY1920_II_FINAL_PROJECT.a(SPIM_LIS3DH_IntClock.o)
 .debug_info    0x00007f13      0x94e .\CortexM3\ARM_GCC_541\Debug\AY1920_II_FINAL_PROJECT.a(CyDmac.o)
 .debug_info    0x00008861     0x1374 .\CortexM3\ARM_GCC_541\Debug\AY1920_II_FINAL_PROJECT.a(CyLib.o)
 .debug_info    0x00009bd5      0xa2a .\CortexM3\ARM_GCC_541\Debug\AY1920_II_FINAL_PROJECT.a(cyPm.o)
 .debug_info    0x0000a5ff      0x2d2 .\CortexM3\ARM_GCC_541\Debug\AY1920_II_FINAL_PROJECT.a(isr_TIMER_ADC.o)
 .debug_info    0x0000a8d1      0x1a8 .\CortexM3\ARM_GCC_541\Debug\AY1920_II_FINAL_PROJECT.a(DMA_dma.o)
 .debug_info    0x0000aa79      0x2d2 .\CortexM3\ARM_GCC_541\Debug\AY1920_II_FINAL_PROJECT.a(isr_DMA.o)
 .debug_info    0x0000ad4b      0x11f .\CortexM3\ARM_GCC_541\Debug\AY1920_II_FINAL_PROJECT.a(Pin_DEBUG.o)
 .debug_info    0x0000ae6a      0x2d2 .\CortexM3\ARM_GCC_541\Debug\AY1920_II_FINAL_PROJECT.a(isr_INDEX.o)
 .debug_info    0x0000b13c      0x28f .\CortexM3\ARM_GCC_541\Debug\AY1920_II_FINAL_PROJECT.a(Counter_INDEX.o)
 .debug_info    0x0000b3cb      0x2d2 .\CortexM3\ARM_GCC_541\Debug\AY1920_II_FINAL_PROJECT.a(isr_RESET.o)
 .debug_info    0x0000b69d      0x28d .\CortexM3\ARM_GCC_541\Debug\AY1920_II_FINAL_PROJECT.a(Counter_RESET.o)
 .debug_info    0x0000b92a       0xb6 .\CortexM3\ARM_GCC_541\Debug\AY1920_II_FINAL_PROJECT.a(CyBootAsmGnu.o)
 .debug_info    0x0000b9e0      0x64d .\CortexM3\ARM_GCC_541\Debug\AY1920_II_FINAL_PROJECT.a(CyFlash.o)
 .debug_info    0x0000c02d      0x550 .\CortexM3\ARM_GCC_541\Debug\AY1920_II_FINAL_PROJECT.a(CySpc.o)

.debug_abbrev   0x00000000     0x39b3
 *(.debug_abbrev)
 .debug_abbrev  0x00000000      0x1cc .\CortexM3\ARM_GCC_541\Debug\main.o
 .debug_abbrev  0x000001cc      0x129 .\CortexM3\ARM_GCC_541\Debug\25LC256.o
 .debug_abbrev  0x000002f5      0x13a .\CortexM3\ARM_GCC_541\Debug\SPI_Interface.o
 .debug_abbrev  0x0000042f      0x17c .\CortexM3\ARM_GCC_541\Debug\LIS3DH.o
 .debug_abbrev  0x000005ab      0x13b .\CortexM3\ARM_GCC_541\Debug\InterruptRoutines.o
 .debug_abbrev  0x000006e6       0xf5 .\CortexM3\ARM_GCC_541\Debug\DMARoutines.o
 .debug_abbrev  0x000007db      0x22d .\CortexM3\ARM_GCC_541\Debug\cyfitter_cfg.o
 .debug_abbrev  0x00000a08       0x77 .\CortexM3\ARM_GCC_541\Debug\cymetadata.o
 .debug_abbrev  0x00000a7f      0x1e8 .\CortexM3\ARM_GCC_541\Debug\Cm3Start.o
 .debug_abbrev  0x00000c67      0x11a .\CortexM3\ARM_GCC_541\Debug\AY1920_II_FINAL_PROJECT.a(Timer_ADC.o)
 .debug_abbrev  0x00000d81       0x90 .\CortexM3\ARM_GCC_541\Debug\AY1920_II_FINAL_PROJECT.a(Pin_LED_ext.o)
 .debug_abbrev  0x00000e11      0x173 .\CortexM3\ARM_GCC_541\Debug\AY1920_II_FINAL_PROJECT.a(isr_STREAM.o)
 .debug_abbrev  0x00000f84      0x11a .\CortexM3\ARM_GCC_541\Debug\AY1920_II_FINAL_PROJECT.a(Timer_STREAM.o)
 .debug_abbrev  0x0000109e      0x173 .\CortexM3\ARM_GCC_541\Debug\AY1920_II_FINAL_PROJECT.a(isr_INT.o)
 .debug_abbrev  0x00001211      0x133 .\CortexM3\ARM_GCC_541\Debug\AY1920_II_FINAL_PROJECT.a(PWM_BLINK.o)
 .debug_abbrev  0x00001344      0x139 .\CortexM3\ARM_GCC_541\Debug\AY1920_II_FINAL_PROJECT.a(blink_clock.o)
 .debug_abbrev  0x0000147d       0x90 .\CortexM3\ARM_GCC_541\Debug\AY1920_II_FINAL_PROJECT.a(CS_2.o)
 .debug_abbrev  0x0000150d       0x90 .\CortexM3\ARM_GCC_541\Debug\AY1920_II_FINAL_PROJECT.a(CS_1.o)
 .debug_abbrev  0x0000159d      0x173 .\CortexM3\ARM_GCC_541\Debug\AY1920_II_FINAL_PROJECT.a(isr_RX.o)
 .debug_abbrev  0x00001710      0x1cd .\CortexM3\ARM_GCC_541\Debug\AY1920_II_FINAL_PROJECT.a(ADC_DelSig.o)
 .debug_abbrev  0x000018dd       0x42 .\CortexM3\ARM_GCC_541\Debug\AY1920_II_FINAL_PROJECT.a(ADC_DelSig_INT.o)
 .debug_abbrev  0x0000191f       0xb1 .\CortexM3\ARM_GCC_541\Debug\AY1920_II_FINAL_PROJECT.a(AMux.o)
 .debug_abbrev  0x000019d0      0x175 .\CortexM3\ARM_GCC_541\Debug\AY1920_II_FINAL_PROJECT.a(UART.o)
 .debug_abbrev  0x00001b45      0x162 .\CortexM3\ARM_GCC_541\Debug\AY1920_II_FINAL_PROJECT.a(SPIM_EEPROM.o)
 .debug_abbrev  0x00001ca7       0x8a .\CortexM3\ARM_GCC_541\Debug\AY1920_II_FINAL_PROJECT.a(SPIM_EEPROM_INT.o)
 .debug_abbrev  0x00001d31      0x162 .\CortexM3\ARM_GCC_541\Debug\AY1920_II_FINAL_PROJECT.a(SPIM_LIS3DH.o)
 .debug_abbrev  0x00001e93       0x8a .\CortexM3\ARM_GCC_541\Debug\AY1920_II_FINAL_PROJECT.a(SPIM_LIS3DH_INT.o)
 .debug_abbrev  0x00001f1d       0xb1 .\CortexM3\ARM_GCC_541\Debug\AY1920_II_FINAL_PROJECT.a(ADC_DelSig_AMux.o)
 .debug_abbrev  0x00001fce      0x139 .\CortexM3\ARM_GCC_541\Debug\AY1920_II_FINAL_PROJECT.a(ADC_DelSig_Ext_CP_Clk.o)
 .debug_abbrev  0x00002107      0x173 .\CortexM3\ARM_GCC_541\Debug\AY1920_II_FINAL_PROJECT.a(ADC_DelSig_IRQ.o)
 .debug_abbrev  0x0000227a      0x121 .\CortexM3\ARM_GCC_541\Debug\AY1920_II_FINAL_PROJECT.a(ADC_DelSig_theACLK.o)
 .debug_abbrev  0x0000239b      0x139 .\CortexM3\ARM_GCC_541\Debug\AY1920_II_FINAL_PROJECT.a(UART_IntClock.o)
 .debug_abbrev  0x000024d4      0x139 .\CortexM3\ARM_GCC_541\Debug\AY1920_II_FINAL_PROJECT.a(SPIM_EEPROM_IntClock.o)
 .debug_abbrev  0x0000260d      0x139 .\CortexM3\ARM_GCC_541\Debug\AY1920_II_FINAL_PROJECT.a(SPIM_LIS3DH_IntClock.o)
 .debug_abbrev  0x00002746      0x1b2 .\CortexM3\ARM_GCC_541\Debug\AY1920_II_FINAL_PROJECT.a(CyDmac.o)
 .debug_abbrev  0x000028f8      0x254 .\CortexM3\ARM_GCC_541\Debug\AY1920_II_FINAL_PROJECT.a(CyLib.o)
 .debug_abbrev  0x00002b4c      0x1ab .\CortexM3\ARM_GCC_541\Debug\AY1920_II_FINAL_PROJECT.a(cyPm.o)
 .debug_abbrev  0x00002cf7      0x173 .\CortexM3\ARM_GCC_541\Debug\AY1920_II_FINAL_PROJECT.a(isr_TIMER_ADC.o)
 .debug_abbrev  0x00002e6a       0xcd .\CortexM3\ARM_GCC_541\Debug\AY1920_II_FINAL_PROJECT.a(DMA_dma.o)
 .debug_abbrev  0x00002f37      0x173 .\CortexM3\ARM_GCC_541\Debug\AY1920_II_FINAL_PROJECT.a(isr_DMA.o)
 .debug_abbrev  0x000030aa       0x90 .\CortexM3\ARM_GCC_541\Debug\AY1920_II_FINAL_PROJECT.a(Pin_DEBUG.o)
 .debug_abbrev  0x0000313a      0x173 .\CortexM3\ARM_GCC_541\Debug\AY1920_II_FINAL_PROJECT.a(isr_INDEX.o)
 .debug_abbrev  0x000032ad      0x122 .\CortexM3\ARM_GCC_541\Debug\AY1920_II_FINAL_PROJECT.a(Counter_INDEX.o)
 .debug_abbrev  0x000033cf      0x173 .\CortexM3\ARM_GCC_541\Debug\AY1920_II_FINAL_PROJECT.a(isr_RESET.o)
 .debug_abbrev  0x00003542      0x122 .\CortexM3\ARM_GCC_541\Debug\AY1920_II_FINAL_PROJECT.a(Counter_RESET.o)
 .debug_abbrev  0x00003664       0x14 .\CortexM3\ARM_GCC_541\Debug\AY1920_II_FINAL_PROJECT.a(CyBootAsmGnu.o)
 .debug_abbrev  0x00003678      0x1a7 .\CortexM3\ARM_GCC_541\Debug\AY1920_II_FINAL_PROJECT.a(CyFlash.o)
 .debug_abbrev  0x0000381f      0x194 .\CortexM3\ARM_GCC_541\Debug\AY1920_II_FINAL_PROJECT.a(CySpc.o)

.debug_line     0x00000000     0x5561
 *(.debug_line)
 .debug_line    0x00000000      0x493 .\CortexM3\ARM_GCC_541\Debug\main.o
 .debug_line    0x00000493      0x217 .\CortexM3\ARM_GCC_541\Debug\25LC256.o
 .debug_line    0x000006aa      0x29d .\CortexM3\ARM_GCC_541\Debug\SPI_Interface.o
 .debug_line    0x00000947      0x260 .\CortexM3\ARM_GCC_541\Debug\LIS3DH.o
 .debug_line    0x00000ba7      0x386 .\CortexM3\ARM_GCC_541\Debug\InterruptRoutines.o
 .debug_line    0x00000f2d      0x19c .\CortexM3\ARM_GCC_541\Debug\DMARoutines.o
 .debug_line    0x000010c9      0x25c .\CortexM3\ARM_GCC_541\Debug\cyfitter_cfg.o
 .debug_line    0x00001325      0x141 .\CortexM3\ARM_GCC_541\Debug\cymetadata.o
 .debug_line    0x00001466      0x241 .\CortexM3\ARM_GCC_541\Debug\Cm3Start.o
 .debug_line    0x000016a7      0x157 .\CortexM3\ARM_GCC_541\Debug\AY1920_II_FINAL_PROJECT.a(Timer_ADC.o)
 .debug_line    0x000017fe       0x98 .\CortexM3\ARM_GCC_541\Debug\AY1920_II_FINAL_PROJECT.a(Pin_LED_ext.o)
 .debug_line    0x00001896      0x137 .\CortexM3\ARM_GCC_541\Debug\AY1920_II_FINAL_PROJECT.a(isr_STREAM.o)
 .debug_line    0x000019cd      0x15a .\CortexM3\ARM_GCC_541\Debug\AY1920_II_FINAL_PROJECT.a(Timer_STREAM.o)
 .debug_line    0x00001b27      0x134 .\CortexM3\ARM_GCC_541\Debug\AY1920_II_FINAL_PROJECT.a(isr_INT.o)
 .debug_line    0x00001c5b      0x18c .\CortexM3\ARM_GCC_541\Debug\AY1920_II_FINAL_PROJECT.a(PWM_BLINK.o)
 .debug_line    0x00001de7      0x17a .\CortexM3\ARM_GCC_541\Debug\AY1920_II_FINAL_PROJECT.a(blink_clock.o)
 .debug_line    0x00001f61       0x91 .\CortexM3\ARM_GCC_541\Debug\AY1920_II_FINAL_PROJECT.a(CS_2.o)
 .debug_line    0x00001ff2       0x91 .\CortexM3\ARM_GCC_541\Debug\AY1920_II_FINAL_PROJECT.a(CS_1.o)
 .debug_line    0x00002083      0x133 .\CortexM3\ARM_GCC_541\Debug\AY1920_II_FINAL_PROJECT.a(isr_RX.o)
 .debug_line    0x000021b6      0x37f .\CortexM3\ARM_GCC_541\Debug\AY1920_II_FINAL_PROJECT.a(ADC_DelSig.o)
 .debug_line    0x00002535       0x87 .\CortexM3\ARM_GCC_541\Debug\AY1920_II_FINAL_PROJECT.a(ADC_DelSig_INT.o)
 .debug_line    0x000025bc       0xa8 .\CortexM3\ARM_GCC_541\Debug\AY1920_II_FINAL_PROJECT.a(AMux.o)
 .debug_line    0x00002664      0x2bc .\CortexM3\ARM_GCC_541\Debug\AY1920_II_FINAL_PROJECT.a(UART.o)
 .debug_line    0x00002920      0x2a8 .\CortexM3\ARM_GCC_541\Debug\AY1920_II_FINAL_PROJECT.a(SPIM_EEPROM.o)
 .debug_line    0x00002bc8       0xb4 .\CortexM3\ARM_GCC_541\Debug\AY1920_II_FINAL_PROJECT.a(SPIM_EEPROM_INT.o)
 .debug_line    0x00002c7c      0x2a8 .\CortexM3\ARM_GCC_541\Debug\AY1920_II_FINAL_PROJECT.a(SPIM_LIS3DH.o)
 .debug_line    0x00002f24       0xb4 .\CortexM3\ARM_GCC_541\Debug\AY1920_II_FINAL_PROJECT.a(SPIM_LIS3DH_INT.o)
 .debug_line    0x00002fd8       0xb3 .\CortexM3\ARM_GCC_541\Debug\AY1920_II_FINAL_PROJECT.a(ADC_DelSig_AMux.o)
 .debug_line    0x0000308b      0x184 .\CortexM3\ARM_GCC_541\Debug\AY1920_II_FINAL_PROJECT.a(ADC_DelSig_Ext_CP_Clk.o)
 .debug_line    0x0000320f      0x13b .\CortexM3\ARM_GCC_541\Debug\AY1920_II_FINAL_PROJECT.a(ADC_DelSig_IRQ.o)
 .debug_line    0x0000334a      0x1a4 .\CortexM3\ARM_GCC_541\Debug\AY1920_II_FINAL_PROJECT.a(ADC_DelSig_theACLK.o)
 .debug_line    0x000034ee      0x17c .\CortexM3\ARM_GCC_541\Debug\AY1920_II_FINAL_PROJECT.a(UART_IntClock.o)
 .debug_line    0x0000366a      0x183 .\CortexM3\ARM_GCC_541\Debug\AY1920_II_FINAL_PROJECT.a(SPIM_EEPROM_IntClock.o)
 .debug_line    0x000037ed      0x183 .\CortexM3\ARM_GCC_541\Debug\AY1920_II_FINAL_PROJECT.a(SPIM_LIS3DH_IntClock.o)
 .debug_line    0x00003970      0x2e4 .\CortexM3\ARM_GCC_541\Debug\AY1920_II_FINAL_PROJECT.a(CyDmac.o)
 .debug_line    0x00003c54      0x816 .\CortexM3\ARM_GCC_541\Debug\AY1920_II_FINAL_PROJECT.a(CyLib.o)
 .debug_line    0x0000446a      0x367 .\CortexM3\ARM_GCC_541\Debug\AY1920_II_FINAL_PROJECT.a(cyPm.o)
 .debug_line    0x000047d1      0x13a .\CortexM3\ARM_GCC_541\Debug\AY1920_II_FINAL_PROJECT.a(isr_TIMER_ADC.o)
 .debug_line    0x0000490b       0x80 .\CortexM3\ARM_GCC_541\Debug\AY1920_II_FINAL_PROJECT.a(DMA_dma.o)
 .debug_line    0x0000498b      0x134 .\CortexM3\ARM_GCC_541\Debug\AY1920_II_FINAL_PROJECT.a(isr_DMA.o)
 .debug_line    0x00004abf       0x96 .\CortexM3\ARM_GCC_541\Debug\AY1920_II_FINAL_PROJECT.a(Pin_DEBUG.o)
 .debug_line    0x00004b55      0x136 .\CortexM3\ARM_GCC_541\Debug\AY1920_II_FINAL_PROJECT.a(isr_INDEX.o)
 .debug_line    0x00004c8b      0x160 .\CortexM3\ARM_GCC_541\Debug\AY1920_II_FINAL_PROJECT.a(Counter_INDEX.o)
 .debug_line    0x00004deb      0x136 .\CortexM3\ARM_GCC_541\Debug\AY1920_II_FINAL_PROJECT.a(isr_RESET.o)
 .debug_line    0x00004f21      0x160 .\CortexM3\ARM_GCC_541\Debug\AY1920_II_FINAL_PROJECT.a(Counter_RESET.o)
 .debug_line    0x00005081       0x66 .\CortexM3\ARM_GCC_541\Debug\AY1920_II_FINAL_PROJECT.a(CyBootAsmGnu.o)
 .debug_line    0x000050e7      0x21a .\CortexM3\ARM_GCC_541\Debug\AY1920_II_FINAL_PROJECT.a(CyFlash.o)
 .debug_line    0x00005301      0x260 .\CortexM3\ARM_GCC_541\Debug\AY1920_II_FINAL_PROJECT.a(CySpc.o)

.debug_frame    0x00000000     0x38ac
 *(.debug_frame)
 .debug_frame   0x00000000       0xc8 .\CortexM3\ARM_GCC_541\Debug\main.o
 .debug_frame   0x000000c8      0x134 .\CortexM3\ARM_GCC_541\Debug\25LC256.o
 .debug_frame   0x000001fc       0xfc .\CortexM3\ARM_GCC_541\Debug\SPI_Interface.o